🎯 황금 키워드 품질 벤치마크 시작 (5회 반복)
목표: SSS 키워드 80%+ 달성


============================================================
📊 테스트 1/5 실행 중...
============================================================
[PRO-TRAFFIC] 🏆 PRO 황금키워드 헌팅 시작 - 🔥 실시간 이슈
[PRO-TRAFFIC] 🗑️ 캐시 초기화 완료 - 새로운 키워드 발굴 시작!
[PRO-TRAFFIC] 🔥 실시간 이슈 모드 활성화
[PRO-TRAFFIC] 🌐 다중 소스 키워드 수집 시작...
[PRO-TRAFFIC] 📅 시즌 키워드 30개
[PRO-TRAFFIC] 📰 뉴스 RSS 20개
[PRO-TRAFFIC] 📜 정책 기본키워드 9개
[PRO-TRAFFIC] 🌐 다중 소스 53개 수집!
[PRO-TRAFFIC] 📊 시드 키워드 32개: 2026년공휴일, 2026년달력, 부동산, 경제, 2025 청년지원금...
[ENV] 일반 환경 경로 사용: C:\Users\박성현\AppData\Roaming
[ENV] Config 파일 경로: C:\Users\박성현\AppData\Roaming\config.json
[ENV] 사용자 데이터 디렉토리 .env 파일에서 설정 로드: C:\Users\박성현\AppData\Roaming\blogger-gpt-cli\.env
[ENV] ✅ config.json 파일 내용 로드 성공: {
  filePath: 'C:\\Users\\박성현\\AppData\\Roaming\\config.json',
  fileSize: 1117,
  hasSearchAdLicense: true,
  hasSearchAdSecret: true,
  hasSearchAdCustomerId: true,
  licenseLength: 74,
  secretLength: 52,
  customerIdLength: 7,
  customerIdValue: '3992868',
  allKeys: [
    'openaiApiKey',
    'geminiApiKey',
    'pexelsApiKey',
    'dalleApiKey',
    'naverClientId',
    'naverClientSecret',
    'naverSearchAdAccessLicense',
    'naverSearchAdSecretKey',
    'naverSearchAdCustomerId',
    'googleApiKey',
    'googleCseId',
    'youtubeApiKey',
    'massCrawlingEnabled',
    'maxConcurrentRequests',
    'maxResultsPerSource',
    'enableFullContentCrawling'
  ]
}
[ENV] ✅ config.json에서 설정 로드 완료: C:\Users\박성현\AppData\Roaming\config.json
[ENV] ✅ 최종 설정 상태: {
  naverClientId: '✅ (20자)',
  naverClientSecret: '✅ (10자)',
  youtubeApiKey: '✅ (39자)',
  naverSearchAdAccessLicense: '✅ (74자)',
  naverSearchAdSecretKey: '✅ (52자)',
  naverSearchAdCustomerId: '✅ (7자) [3992868]',
  source: 'config.json'
}
[PRO-TRAFFIC] 🔥 네이버 검색광고 API로 연관키워드 수집...
[PRO-TRAFFIC] ✅ 검색광고 API에서 721개 연관 키워드 수집
[PRO-TRAFFIC][METRICS] stage=pre_filter category=business mode=realtime seeds=32 allKeywords=748 profitable=69
[PRO-TRAFFIC] 🎯 수익화 의도 키워드 69개 필터링
[PRO-TRAFFIC] 🔍 52개 키워드 API 조회 (캐시 미스)
[API-PARALLEL] 🚀 52개 키워드 병렬 처리 시작
[API-PARALLEL] ⚙️ 설정: 배치=5, 재시도=2회
[API-PARALLEL] 📦 총 11개 배치로 분할
[API-PARALLEL] 📊 배치 1/11 (9%) - 5개 키워드
node.exe : [MDP-SERP] "매일경제신문" 신호 분석 실패: Error: SERP 접근 실패
At line:1 char:1
+ & "C:\Program Files\nodejs/node.exe" "C:\Program Files\nodejs/node_mo .
..
+ ~~~~~~~~~~~~~~~~~~~~~~~~~~~~~~~~~~~~~~~~~~~~~~~~~~~~~~~~~~~~~~~~~~~~~
    + CategoryInfo          : NotSpecified: ([MDP-SERP] "매일경...ror: SERP 
    접근 실패:String) [], RemoteException
    + FullyQualifiedErrorId : NativeCommandError
 
    at getNaverSerpSignal (C:\Users\park\leword-app\src\utils\naver-serp-
signal-api.ts:18:33)
    at processTicksAndRejections (node:internal/process/task_queues:105:5
)
    at async Promise.all (index 1)
    at async C:\Users\park\leword-app\src\utils\pro-traffic-keyword-hunte
r.ts:1368:57
    at async Promise.all (index 0)
    at async fetchKeywordDataParallel (C:\Users\park\leword-app\src\utils
\pro-traffic-keyword-hunter.ts:1419:26)
    at async fetchKeywordDataBatch (C:\Users\park\leword-app\src\utils\pr
o-traffic-keyword-hunter.ts:1500:3)
    at async withStepTimeout (C:\Users\park\leword-app\src\utils\pro-traf
fic-keyword-hunter.ts:1882:14)
    at async huntProTrafficKeywords (C:\Users\park\leword-app\src\utils\p
ro-traffic-keyword-hunter.ts:2851:3)
    at async runQualityBenchmark (C:\Users\park\leword-app\test-quality-b
enchmark.ts:44:35)
[MDP-SERP] "경제신문" 신호 분석 실패: Error: SERP 접근 실패
    at getNaverSerpSignal (C:\Users\park\leword-app\src\utils\naver-serp-
signal-api.ts:18:33)
    at processTicksAndRejections (node:internal/process/task_queues:105:5
)
    at async Promise.all (index 1)
    at async C:\Users\park\leword-app\src\utils\pro-traffic-keyword-hunte
r.ts:1368:57
    at async Promise.all (index 3)
    at async fetchKeywordDataParallel (C:\Users\park\leword-app\src\utils
\pro-traffic-keyword-hunter.ts:1419:26)
    at async fetchKeywordDataBatch (C:\Users\park\leword-app\src\utils\pr
o-traffic-keyword-hunter.ts:1500:3)
    at async withStepTimeout (C:\Users\park\leword-app\src\utils\pro-traf
fic-keyword-hunter.ts:1882:14)
    at async huntProTrafficKeywords (C:\Users\park\leword-app\src\utils\p
ro-traffic-keyword-hunter.ts:2851:3)
    at async runQualityBenchmark (C:\Users\park\leword-app\test-quality-b
enchmark.ts:44:35)
[MDP-SERP] "매일경제신문구독" 신호 분석 실패: Error: SERP 접근 실패
    at getNaverSerpSignal (C:\Users\park\leword-app\src\utils\naver-serp-
signal-api.ts:18:33)
    at processTicksAndRejections (node:internal/process/task_queues:105:5
)
    at async Promise.all (index 1)
    at async C:\Users\park\leword-app\src\utils\pro-traffic-keyword-hunte
r.ts:1368:57
    at async Promise.all (index 2)
    at async fetchKeywordDataParallel (C:\Users\park\leword-app\src\utils
\pro-traffic-keyword-hunter.ts:1419:26)
    at async fetchKeywordDataBatch (C:\Users\park\leword-app\src\utils\pr
o-traffic-keyword-hunter.ts:1500:3)
    at async withStepTimeout (C:\Users\park\leword-app\src\utils\pro-traf
fic-keyword-hunter.ts:1882:14)
    at async huntProTrafficKeywords (C:\Users\park\leword-app\src\utils\p
ro-traffic-keyword-hunter.ts:2851:3)
    at async runQualityBenchmark (C:\Users\park\leword-app\test-quality-b
enchmark.ts:44:35)
[MDP-SERP] "주식분석" 신호 분석 실패: Error: SERP 접근 실패
    at getNaverSerpSignal (C:\Users\park\leword-app\src\utils\naver-serp-
signal-api.ts:18:33)
    at processTicksAndRejections (node:internal/process/task_queues:105:5
)
    at async Promise.all (index 1)
    at async C:\Users\park\leword-app\src\utils\pro-traffic-keyword-hunte
r.ts:1368:57
    at async Promise.all (index 1)
    at async fetchKeywordDataParallel (C:\Users\park\leword-app\src\utils
\pro-traffic-keyword-hunter.ts:1419:26)
    at async fetchKeywordDataBatch (C:\Users\park\leword-app\src\utils\pr
o-traffic-keyword-hunter.ts:1500:3)
    at async withStepTimeout (C:\Users\park\leword-app\src\utils\pro-traf
fic-keyword-hunter.ts:1882:14)
    at async huntProTrafficKeywords (C:\Users\park\leword-app\src\utils\p
ro-traffic-keyword-hunter.ts:2851:3)
    at async runQualityBenchmark (C:\Users\park\leword-app\test-quality-b
enchmark.ts:44:35)
[MDP-SERP] "매일경제구독" 신호 분석 실패: Error: SERP 접근 실패
    at getNaverSerpSignal (C:\Users\park\leword-app\src\utils\naver-serp-
signal-api.ts:18:33)
    at processTicksAndRejections (node:internal/process/task_queues:105:5
)
    at async Promise.all (index 1)
    at async C:\Users\park\leword-app\src\utils\pro-traffic-keyword-hunte
r.ts:1368:57
    at async Promise.all (index 4)
    at async fetchKeywordDataParallel (C:\Users\park\leword-app\src\utils
\pro-traffic-keyword-hunter.ts:1419:26)
    at async fetchKeywordDataBatch (C:\Users\park\leword-app\src\utils\pr
o-traffic-keyword-hunter.ts:1500:3)
    at async withStepTimeout (C:\Users\park\leword-app\src\utils\pro-traf
fic-keyword-hunter.ts:1882:14)
    at async huntProTrafficKeywords (C:\Users\park\leword-app\src\utils\p
ro-traffic-keyword-hunter.ts:2851:3)
    at async runQualityBenchmark (C:\Users\park\leword-app\test-quality-b
enchmark.ts:44:35)
[API-PARALLEL] 📊 배치 2/11 (18%) - 5개 키워드
[MDP-SERP] "주식사는법" 신호 분석 실패: Error: SERP 접근 실패
    at getNaverSerpSignal (C:\Users\park\leword-app\src\utils\naver-serp-
signal-api.ts:18:33)
    at processTicksAndRejections (node:internal/process/task_queues:105:5
)
    at async Promise.all (index 1)
    at async C:\Users\park\leword-app\src\utils\pro-traffic-keyword-hunte
r.ts:1368:57
    at async Promise.all (index 0)
    at async fetchKeywordDataParallel (C:\Users\park\leword-app\src\utils
\pro-traffic-keyword-hunter.ts:1419:26)
    at async fetchKeywordDataBatch (C:\Users\park\leword-app\src\utils\pr
o-traffic-keyword-hunter.ts:1500:3)
    at async withStepTimeout (C:\Users\park\leword-app\src\utils\pro-traf
fic-keyword-hunter.ts:1882:14)
    at async huntProTrafficKeywords (C:\Users\park\leword-app\src\utils\p
ro-traffic-keyword-hunter.ts:2851:3)
    at async runQualityBenchmark (C:\Users\park\leword-app\test-quality-b
enchmark.ts:44:35)
[MDP-SERP] "무인창업" 신호 분석 실패: Error: SERP 접근 실패
    at getNaverSerpSignal (C:\Users\park\leword-app\src\utils\naver-serp-
signal-api.ts:18:33)
    at processTicksAndRejections (node:internal/process/task_queues:105:5
)
    at async Promise.all (index 1)
    at async C:\Users\park\leword-app\src\utils\pro-traffic-keyword-hunte
r.ts:1368:57
    at async Promise.all (index 3)
    at async fetchKeywordDataParallel (C:\Users\park\leword-app\src\utils
\pro-traffic-keyword-hunter.ts:1419:26)
    at async fetchKeywordDataBatch (C:\Users\park\leword-app\src\utils\pr
o-traffic-keyword-hunter.ts:1500:3)
    at async withStepTimeout (C:\Users\park\leword-app\src\utils\pro-traf
fic-keyword-hunter.ts:1882:14)
    at async huntProTrafficKeywords (C:\Users\park\leword-app\src\utils\p
ro-traffic-keyword-hunter.ts:2851:3)
    at async runQualityBenchmark (C:\Users\park\leword-app\test-quality-b
enchmark.ts:44:35)
[MDP-SERP] "재테크" 신호 분석 실패: Error: SERP 접근 실패
    at getNaverSerpSignal (C:\Users\park\leword-app\src\utils\naver-serp-
signal-api.ts:18:33)
    at processTicksAndRejections (node:internal/process/task_queues:105:5
)
    at async Promise.all (index 1)
    at async C:\Users\park\leword-app\src\utils\pro-traffic-keyword-hunte
r.ts:1368:57
    at async Promise.all (index 2)
    at async fetchKeywordDataParallel (C:\Users\park\leword-app\src\utils
\pro-traffic-keyword-hunter.ts:1419:26)
    at async fetchKeywordDataBatch (C:\Users\park\leword-app\src\utils\pr
o-traffic-keyword-hunter.ts:1500:3)
    at async withStepTimeout (C:\Users\park\leword-app\src\utils\pro-traf
fic-keyword-hunter.ts:1882:14)
    at async huntProTrafficKeywords (C:\Users\park\leword-app\src\utils\p
ro-traffic-keyword-hunter.ts:2851:3)
    at async runQualityBenchmark (C:\Users\park\leword-app\test-quality-b
enchmark.ts:44:35)
[MDP-SERP] "소상공인" 신호 분석 실패: Error: SERP 접근 실패
    at getNaverSerpSignal (C:\Users\park\leword-app\src\utils\naver-serp-
signal-api.ts:18:33)
    at processTicksAndRejections (node:internal/process/task_queues:105:5
)
    at async Promise.all (index 1)
    at async C:\Users\park\leword-app\src\utils\pro-traffic-keyword-hunte
r.ts:1368:57
    at async Promise.all (index 1)
    at async fetchKeywordDataParallel (C:\Users\park\leword-app\src\utils
\pro-traffic-keyword-hunter.ts:1419:26)
    at async fetchKeywordDataBatch (C:\Users\park\leword-app\src\utils\pr
o-traffic-keyword-hunter.ts:1500:3)
    at async withStepTimeout (C:\Users\park\leword-app\src\utils\pro-traf
fic-keyword-hunter.ts:1882:14)
    at async huntProTrafficKeywords (C:\Users\park\leword-app\src\utils\p
ro-traffic-keyword-hunter.ts:2851:3)
    at async runQualityBenchmark (C:\Users\park\leword-app\test-quality-b
enchmark.ts:44:35)
[MDP-SERP] "소자본창업" 신호 분석 실패: Error: SERP 접근 실패
    at getNaverSerpSignal (C:\Users\park\leword-app\src\utils\naver-serp-
signal-api.ts:18:33)
    at processTicksAndRejections (node:internal/process/task_queues:105:5
)
    at async Promise.all (index 1)
    at async C:\Users\park\leword-app\src\utils\pro-traffic-keyword-hunte
r.ts:1368:57
    at async Promise.all (index 4)
    at async fetchKeywordDataParallel (C:\Users\park\leword-app\src\utils
\pro-traffic-keyword-hunter.ts:1419:26)
    at async fetchKeywordDataBatch (C:\Users\park\leword-app\src\utils\pr
o-traffic-keyword-hunter.ts:1500:3)
    at async withStepTimeout (C:\Users\park\leword-app\src\utils\pro-traf
fic-keyword-hunter.ts:1882:14)
    at async huntProTrafficKeywords (C:\Users\park\leword-app\src\utils\p
ro-traffic-keyword-hunter.ts:2851:3)
    at async runQualityBenchmark (C:\Users\park\leword-app\test-quality-b
enchmark.ts:44:35)
[API-PARALLEL] 📊 배치 3/11 (27%) - 5개 키워드
[MDP-SERP] "창업지원금" 신호 분석 실패: Error: SERP 접근 실패
    at getNaverSerpSignal (C:\Users\park\leword-app\src\utils\naver-serp-
signal-api.ts:18:33)
    at processTicksAndRejections (node:internal/process/task_queues:105:5
)
    at async Promise.all (index 1)
    at async C:\Users\park\leword-app\src\utils\pro-traffic-keyword-hunte
r.ts:1368:57
    at async Promise.all (index 0)
    at async fetchKeywordDataParallel (C:\Users\park\leword-app\src\utils
\pro-traffic-keyword-hunter.ts:1419:26)
    at async fetchKeywordDataBatch (C:\Users\park\leword-app\src\utils\pr
o-traffic-keyword-hunter.ts:1500:3)
    at async withStepTimeout (C:\Users\park\leword-app\src\utils\pro-traf
fic-keyword-hunter.ts:1882:14)
    at async huntProTrafficKeywords (C:\Users\park\leword-app\src\utils\p
ro-traffic-keyword-hunter.ts:2851:3)
    at async runQualityBenchmark (C:\Users\park\leword-app\test-quality-b
enchmark.ts:44:35)
[MDP-SERP] "청년창업" 신호 분석 실패: Error: SERP 접근 실패
    at getNaverSerpSignal (C:\Users\park\leword-app\src\utils\naver-serp-
signal-api.ts:18:33)
    at processTicksAndRejections (node:internal/process/task_queues:105:5
)
    at async Promise.all (index 1)
    at async C:\Users\park\leword-app\src\utils\pro-traffic-keyword-hunte
r.ts:1368:57
    at async Promise.all (index 4)
    at async fetchKeywordDataParallel (C:\Users\park\leword-app\src\utils
\pro-traffic-keyword-hunter.ts:1419:26)
    at async fetchKeywordDataBatch (C:\Users\park\leword-app\src\utils\pr
o-traffic-keyword-hunter.ts:1500:3)
    at async withStepTimeout (C:\Users\park\leword-app\src\utils\pro-traf
fic-keyword-hunter.ts:1882:14)
    at async huntProTrafficKeywords (C:\Users\park\leword-app\src\utils\p
ro-traffic-keyword-hunter.ts:2851:3)
    at async runQualityBenchmark (C:\Users\park\leword-app\test-quality-b
enchmark.ts:44:35)
[MDP-SERP] "프랜차이즈창업" 신호 분석 실패: Error: SERP 접근 실패
    at getNaverSerpSignal (C:\Users\park\leword-app\src\utils\naver-serp-
signal-api.ts:18:33)
    at processTicksAndRejections (node:internal/process/task_queues:105:5
)
    at async Promise.all (index 1)
    at async C:\Users\park\leword-app\src\utils\pro-traffic-keyword-hunte
r.ts:1368:57
    at async Promise.all (index 2)
    at async fetchKeywordDataParallel (C:\Users\park\leword-app\src\utils
\pro-traffic-keyword-hunter.ts:1419:26)
    at async fetchKeywordDataBatch (C:\Users\park\leword-app\src\utils\pr
o-traffic-keyword-hunter.ts:1500:3)
    at async withStepTimeout (C:\Users\park\leword-app\src\utils\pro-traf
fic-keyword-hunter.ts:1882:14)
    at async huntProTrafficKeywords (C:\Users\park\leword-app\src\utils\p
ro-traffic-keyword-hunter.ts:2851:3)
    at async runQualityBenchmark (C:\Users\park\leword-app\test-quality-b
enchmark.ts:44:35)
[MDP-SERP] "창업박람회" 신호 분석 실패: Error: SERP 접근 실패
    at getNaverSerpSignal (C:\Users\park\leword-app\src\utils\naver-serp-
signal-api.ts:18:33)
    at processTicksAndRejections (node:internal/process/task_queues:105:5
)
    at async Promise.all (index 1)
    at async C:\Users\park\leword-app\src\utils\pro-traffic-keyword-hunte
r.ts:1368:57
    at async Promise.all (index 3)
    at async fetchKeywordDataParallel (C:\Users\park\leword-app\src\utils
\pro-traffic-keyword-hunter.ts:1419:26)
    at async fetchKeywordDataBatch (C:\Users\park\leword-app\src\utils\pr
o-traffic-keyword-hunter.ts:1500:3)
    at async withStepTimeout (C:\Users\park\leword-app\src\utils\pro-traf
fic-keyword-hunter.ts:1882:14)
    at async huntProTrafficKeywords (C:\Users\park\leword-app\src\utils\p
ro-traffic-keyword-hunter.ts:2851:3)
    at async runQualityBenchmark (C:\Users\park\leword-app\test-quality-b
enchmark.ts:44:35)
[MDP-SERP] "창업대출" 신호 분석 실패: Error: SERP 접근 실패
    at getNaverSerpSignal (C:\Users\park\leword-app\src\utils\naver-serp-
signal-api.ts:18:33)
    at processTicksAndRejections (node:internal/process/task_queues:105:5
)
    at async Promise.all (index 1)
    at async C:\Users\park\leword-app\src\utils\pro-traffic-keyword-hunte
r.ts:1368:57
    at async Promise.all (index 1)
    at async fetchKeywordDataParallel (C:\Users\park\leword-app\src\utils
\pro-traffic-keyword-hunter.ts:1419:26)
    at async fetchKeywordDataBatch (C:\Users\park\leword-app\src\utils\pr
o-traffic-keyword-hunter.ts:1500:3)
    at async withStepTimeout (C:\Users\park\leword-app\src\utils\pro-traf
fic-keyword-hunter.ts:1882:14)
    at async huntProTrafficKeywords (C:\Users\park\leword-app\src\utils\p
ro-traffic-keyword-hunter.ts:2851:3)
    at async runQualityBenchmark (C:\Users\park\leword-app\test-quality-b
enchmark.ts:44:35)
[API-PARALLEL] 📊 배치 4/11 (36%) - 5개 키워드
[MDP-SERP] "연말정산모의계산" 신호 분석 실패: Error: SERP 접근 실패
    at getNaverSerpSignal (C:\Users\park\leword-app\src\utils\naver-serp-
signal-api.ts:18:33)
    at processTicksAndRejections (node:internal/process/task_queues:105:5
)
    at async Promise.all (index 1)
    at async C:\Users\park\leword-app\src\utils\pro-traffic-keyword-hunte
r.ts:1368:57
    at async Promise.all (index 2)
    at async fetchKeywordDataParallel (C:\Users\park\leword-app\src\utils
\pro-traffic-keyword-hunter.ts:1419:26)
    at async fetchKeywordDataBatch (C:\Users\park\leword-app\src\utils\pr
o-traffic-keyword-hunter.ts:1500:3)
    at async withStepTimeout (C:\Users\park\leword-app\src\utils\pro-traf
fic-keyword-hunter.ts:1882:14)
    at async huntProTrafficKeywords (C:\Users\park\leword-app\src\utils\p
ro-traffic-keyword-hunter.ts:2851:3)
    at async runQualityBenchmark (C:\Users\park\leword-app\test-quality-b
enchmark.ts:44:35)
[MDP-SERP] "연말정산하는법" 신호 분석 실패: Error: SERP 접근 실패
    at getNaverSerpSignal (C:\Users\park\leword-app\src\utils\naver-serp-
signal-api.ts:18:33)
    at processTicksAndRejections (node:internal/process/task_queues:105:5
)
    at async Promise.all (index 1)
    at async C:\Users\park\leword-app\src\utils\pro-traffic-keyword-hunte
r.ts:1368:57
    at async Promise.all (index 4)
    at async fetchKeywordDataParallel (C:\Users\park\leword-app\src\utils
\pro-traffic-keyword-hunter.ts:1419:26)
    at async fetchKeywordDataBatch (C:\Users\park\leword-app\src\utils\pr
o-traffic-keyword-hunter.ts:1500:3)
    at async withStepTimeout (C:\Users\park\leword-app\src\utils\pro-traf
fic-keyword-hunter.ts:1882:14)
    at async huntProTrafficKeywords (C:\Users\park\leword-app\src\utils\p
ro-traffic-keyword-hunter.ts:2851:3)
    at async runQualityBenchmark (C:\Users\park\leword-app\test-quality-b
enchmark.ts:44:35)
[MDP-SERP] "초기창업패키지" 신호 분석 실패: Error: SERP 접근 실패
    at getNaverSerpSignal (C:\Users\park\leword-app\src\utils\naver-serp-
signal-api.ts:18:33)
    at processTicksAndRejections (node:internal/process/task_queues:105:5
)
    at async Promise.all (index 1)
    at async C:\Users\park\leword-app\src\utils\pro-traffic-keyword-hunte
r.ts:1368:57
    at async Promise.all (index 0)
    at async fetchKeywordDataParallel (C:\Users\park\leword-app\src\utils
\pro-traffic-keyword-hunter.ts:1419:26)
    at async fetchKeywordDataBatch (C:\Users\park\leword-app\src\utils\pr
o-traffic-keyword-hunter.ts:1500:3)
    at async withStepTimeout (C:\Users\park\leword-app\src\utils\pro-traf
fic-keyword-hunter.ts:1882:14)
    at async huntProTrafficKeywords (C:\Users\park\leword-app\src\utils\p
ro-traffic-keyword-hunter.ts:2851:3)
    at async runQualityBenchmark (C:\Users\park\leword-app\test-quality-b
enchmark.ts:44:35)
[MDP-SERP] "연말정산환급금조회" 신호 분석 실패: Error: SERP 접근 실패
    at getNaverSerpSignal (C:\Users\park\leword-app\src\utils\naver-serp-
signal-api.ts:18:33)
    at processTicksAndRejections (node:internal/process/task_queues:105:5
)
    at async Promise.all (index 1)
    at async C:\Users\park\leword-app\src\utils\pro-traffic-keyword-hunte
r.ts:1368:57
    at async Promise.all (index 3)
    at async fetchKeywordDataParallel (C:\Users\park\leword-app\src\utils
\pro-traffic-keyword-hunter.ts:1419:26)
    at async fetchKeywordDataBatch (C:\Users\park\leword-app\src\utils\pr
o-traffic-keyword-hunter.ts:1500:3)
    at async withStepTimeout (C:\Users\park\leword-app\src\utils\pro-traf
fic-keyword-hunter.ts:1882:14)
    at async huntProTrafficKeywords (C:\Users\park\leword-app\src\utils\p
ro-traffic-keyword-hunter.ts:2851:3)
    at async runQualityBenchmark (C:\Users\park\leword-app\test-quality-b
enchmark.ts:44:35)
[MDP-SERP] "경제" 신호 분석 실패: Error: SERP 접근 실패
    at getNaverSerpSignal (C:\Users\park\leword-app\src\utils\naver-serp-
signal-api.ts:18:33)
    at processTicksAndRejections (node:internal/process/task_queues:105:5
)
    at async Promise.all (index 1)
    at async C:\Users\park\leword-app\src\utils\pro-traffic-keyword-hunte
r.ts:1368:57
    at async Promise.all (index 1)
    at async fetchKeywordDataParallel (C:\Users\park\leword-app\src\utils
\pro-traffic-keyword-hunter.ts:1419:26)
    at async fetchKeywordDataBatch (C:\Users\park\leword-app\src\utils\pr
o-traffic-keyword-hunter.ts:1500:3)
    at async withStepTimeout (C:\Users\park\leword-app\src\utils\pro-traf
fic-keyword-hunter.ts:1882:14)
    at async huntProTrafficKeywords (C:\Users\park\leword-app\src\utils\p
ro-traffic-keyword-hunter.ts:2851:3)
    at async runQualityBenchmark (C:\Users\park\leword-app\test-quality-b
enchmark.ts:44:35)
[API-PARALLEL] 📊 배치 5/11 (45%) - 5개 키워드
[MDP-SERP] "연말정산간소화서비스" 신호 분석 실패: Error: SERP 접근 실패
    at getNaverSerpSignal (C:\Users\park\leword-app\src\utils\naver-serp-
signal-api.ts:18:33)
    at processTicksAndRejections (node:internal/process/task_queues:105:5
)
    at async Promise.all (index 1)
    at async C:\Users\park\leword-app\src\utils\pro-traffic-keyword-hunte
r.ts:1368:57
    at async Promise.all (index 0)
    at async fetchKeywordDataParallel (C:\Users\park\leword-app\src\utils
\pro-traffic-keyword-hunter.ts:1419:26)
    at async fetchKeywordDataBatch (C:\Users\park\leword-app\src\utils\pr
o-traffic-keyword-hunter.ts:1500:3)
    at async withStepTimeout (C:\Users\park\leword-app\src\utils\pro-traf
fic-keyword-hunter.ts:1882:14)
    at async huntProTrafficKeywords (C:\Users\park\leword-app\src\utils\p
ro-traffic-keyword-hunter.ts:2851:3)
    at async runQualityBenchmark (C:\Users\park\leword-app\test-quality-b
enchmark.ts:44:35)
[MDP-SERP] "퇴직금중간정산" 신호 분석 실패: Error: SERP 접근 실패
    at getNaverSerpSignal (C:\Users\park\leword-app\src\utils\naver-serp-
signal-api.ts:18:33)
    at processTicksAndRejections (node:internal/process/task_queues:105:5
)
    at async Promise.all (index 1)
    at async C:\Users\park\leword-app\src\utils\pro-traffic-keyword-hunte
r.ts:1368:57
    at async Promise.all (index 2)
    at async fetchKeywordDataParallel (C:\Users\park\leword-app\src\utils
\pro-traffic-keyword-hunter.ts:1419:26)
    at async fetchKeywordDataBatch (C:\Users\park\leword-app\src\utils\pr
o-traffic-keyword-hunter.ts:1500:3)
    at async withStepTimeout (C:\Users\park\leword-app\src\utils\pro-traf
fic-keyword-hunter.ts:1882:14)
    at async huntProTrafficKeywords (C:\Users\park\leword-app\src\utils\p
ro-traffic-keyword-hunter.ts:2851:3)
    at async runQualityBenchmark (C:\Users\park\leword-app\test-quality-b
enchmark.ts:44:35)
[MDP-SERP] "종합소득세율" 신호 분석 실패: Error: SERP 접근 실패
    at getNaverSerpSignal (C:\Users\park\leword-app\src\utils\naver-serp-
signal-api.ts:18:33)
    at processTicksAndRejections (node:internal/process/task_queues:105:5
)
    at async Promise.all (index 1)
    at async C:\Users\park\leword-app\src\utils\pro-traffic-keyword-hunte
r.ts:1368:57
    at async Promise.all (index 3)
    at async fetchKeywordDataParallel (C:\Users\park\leword-app\src\utils
\pro-traffic-keyword-hunter.ts:1419:26)
    at async fetchKeywordDataBatch (C:\Users\park\leword-app\src\utils\pr
o-traffic-keyword-hunter.ts:1500:3)
    at async withStepTimeout (C:\Users\park\leword-app\src\utils\pro-traf
fic-keyword-hunter.ts:1882:14)
    at async huntProTrafficKeywords (C:\Users\park\leword-app\src\utils\p
ro-traffic-keyword-hunter.ts:2851:3)
    at async runQualityBenchmark (C:\Users\park\leword-app\test-quality-b
enchmark.ts:44:35)
[MDP-SERP] "종합소득세세율" 신호 분석 실패: Error: SERP 접근 실패
    at getNaverSerpSignal (C:\Users\park\leword-app\src\utils\naver-serp-
signal-api.ts:18:33)
    at processTicksAndRejections (node:internal/process/task_queues:105:5
)
    at async Promise.all (index 1)
    at async C:\Users\park\leword-app\src\utils\pro-traffic-keyword-hunte
r.ts:1368:57
    at async Promise.all (index 4)
    at async fetchKeywordDataParallel (C:\Users\park\leword-app\src\utils
\pro-traffic-keyword-hunter.ts:1419:26)
    at async fetchKeywordDataBatch (C:\Users\park\leword-app\src\utils\pr
o-traffic-keyword-hunter.ts:1500:3)
    at async withStepTimeout (C:\Users\park\leword-app\src\utils\pro-traf
fic-keyword-hunter.ts:1882:14)
    at async huntProTrafficKeywords (C:\Users\park\leword-app\src\utils\p
ro-traffic-keyword-hunter.ts:2851:3)
    at async runQualityBenchmark (C:\Users\park\leword-app\test-quality-b
enchmark.ts:44:35)
[MDP-SERP] "근로소득원천징수영수증" 신호 분석 실패: Error: SERP 접근 실패
    at getNaverSerpSignal (C:\Users\park\leword-app\src\utils\naver-serp-
signal-api.ts:18:33)
    at processTicksAndRejections (node:internal/process/task_queues:105:5
)
    at async Promise.all (index 1)
    at async C:\Users\park\leword-app\src\utils\pro-traffic-keyword-hunte
r.ts:1368:57
    at async Promise.all (index 1)
    at async fetchKeywordDataParallel (C:\Users\park\leword-app\src\utils
\pro-traffic-keyword-hunter.ts:1419:26)
    at async fetchKeywordDataBatch (C:\Users\park\leword-app\src\utils\pr
o-traffic-keyword-hunter.ts:1500:3)
    at async withStepTimeout (C:\Users\park\leword-app\src\utils\pro-traf
fic-keyword-hunter.ts:1882:14)
    at async huntProTrafficKeywords (C:\Users\park\leword-app\src\utils\p
ro-traffic-keyword-hunter.ts:2851:3)
    at async runQualityBenchmark (C:\Users\park\leword-app\test-quality-b
enchmark.ts:44:35)
[API-PARALLEL] 📊 배치 6/11 (55%) - 5개 키워드
[MDP-SERP] "미국주식세금" 신호 분석 실패: Error: SERP 접근 실패
    at getNaverSerpSignal (C:\Users\park\leword-app\src\utils\naver-serp-
signal-api.ts:18:33)
    at processTicksAndRejections (node:internal/process/task_queues:105:5
)
    at async Promise.all (index 1)
    at async C:\Users\park\leword-app\src\utils\pro-traffic-keyword-hunte
r.ts:1368:57
    at async Promise.all (index 1)
    at async fetchKeywordDataParallel (C:\Users\park\leword-app\src\utils
\pro-traffic-keyword-hunter.ts:1419:26)
    at async fetchKeywordDataBatch (C:\Users\park\leword-app\src\utils\pr
o-traffic-keyword-hunter.ts:1500:3)
    at async withStepTimeout (C:\Users\park\leword-app\src\utils\pro-traf
fic-keyword-hunter.ts:1882:14)
    at async huntProTrafficKeywords (C:\Users\park\leword-app\src\utils\p
ro-traffic-keyword-hunter.ts:2851:3)
    at async runQualityBenchmark (C:\Users\park\leword-app\test-quality-b
enchmark.ts:44:35)
[MDP-SERP] "연말정산소득공제" 신호 분석 실패: Error: SERP 접근 실패
    at getNaverSerpSignal (C:\Users\park\leword-app\src\utils\naver-serp-
signal-api.ts:18:33)
    at processTicksAndRejections (node:internal/process/task_queues:105:5
)
    at async Promise.all (index 1)
    at async C:\Users\park\leword-app\src\utils\pro-traffic-keyword-hunte
r.ts:1368:57
    at async Promise.all (index 0)
    at async fetchKeywordDataParallel (C:\Users\park\leword-app\src\utils
\pro-traffic-keyword-hunter.ts:1419:26)
    at async fetchKeywordDataBatch (C:\Users\park\leword-app\src\utils\pr
o-traffic-keyword-hunter.ts:1500:3)
    at async withStepTimeout (C:\Users\park\leword-app\src\utils\pro-traf
fic-keyword-hunter.ts:1882:14)
    at async huntProTrafficKeywords (C:\Users\park\leword-app\src\utils\p
ro-traffic-keyword-hunter.ts:2851:3)
    at async runQualityBenchmark (C:\Users\park\leword-app\test-quality-b
enchmark.ts:44:35)
[MDP-SERP] "로또세금" 신호 분석 실패: Error: SERP 접근 실패
    at getNaverSerpSignal (C:\Users\park\leword-app\src\utils\naver-serp-
signal-api.ts:18:33)
    at processTicksAndRejections (node:internal/process/task_queues:105:5
)
    at async Promise.all (index 1)
    at async C:\Users\park\leword-app\src\utils\pro-traffic-keyword-hunte
r.ts:1368:57
    at async Promise.all (index 3)
    at async fetchKeywordDataParallel (C:\Users\park\leword-app\src\utils
\pro-traffic-keyword-hunter.ts:1419:26)
    at async fetchKeywordDataBatch (C:\Users\park\leword-app\src\utils\pr
o-traffic-keyword-hunter.ts:1500:3)
    at async withStepTimeout (C:\Users\park\leword-app\src\utils\pro-traf
fic-keyword-hunter.ts:1882:14)
    at async huntProTrafficKeywords (C:\Users\park\leword-app\src\utils\p
ro-traffic-keyword-hunter.ts:2851:3)
    at async runQualityBenchmark (C:\Users\park\leword-app\test-quality-b
enchmark.ts:44:35)
[MDP-SERP] "연말정산간소화" 신호 분석 실패: Error: SERP 접근 실패
    at getNaverSerpSignal (C:\Users\park\leword-app\src\utils\naver-serp-
signal-api.ts:18:33)
    at processTicksAndRejections (node:internal/process/task_queues:105:5
)
    at async Promise.all (index 1)
    at async C:\Users\park\leword-app\src\utils\pro-traffic-keyword-hunte
r.ts:1368:57
    at async Promise.all (index 2)
    at async fetchKeywordDataParallel (C:\Users\park\leword-app\src\utils
\pro-traffic-keyword-hunter.ts:1419:26)
    at async fetchKeywordDataBatch (C:\Users\park\leword-app\src\utils\pr
o-traffic-keyword-hunter.ts:1500:3)
    at async withStepTimeout (C:\Users\park\leword-app\src\utils\pro-traf
fic-keyword-hunter.ts:1882:14)
    at async huntProTrafficKeywords (C:\Users\park\leword-app\src\utils\p
ro-traffic-keyword-hunter.ts:2851:3)
    at async runQualityBenchmark (C:\Users\park\leword-app\test-quality-b
enchmark.ts:44:35)
[MDP-SERP] "종합소득세신고" 신호 분석 실패: Error: SERP 접근 실패
    at getNaverSerpSignal (C:\Users\park\leword-app\src\utils\naver-serp-
signal-api.ts:18:33)
    at processTicksAndRejections (node:internal/process/task_queues:105:5
)
    at async Promise.all (index 1)
    at async C:\Users\park\leword-app\src\utils\pro-traffic-keyword-hunte
r.ts:1368:57
    at async Promise.all (index 4)
    at async fetchKeywordDataParallel (C:\Users\park\leword-app\src\utils
\pro-traffic-keyword-hunter.ts:1419:26)
    at async fetchKeywordDataBatch (C:\Users\park\leword-app\src\utils\pr
o-traffic-keyword-hunter.ts:1500:3)
    at async withStepTimeout (C:\Users\park\leword-app\src\utils\pro-traf
fic-keyword-hunter.ts:1882:14)
    at async huntProTrafficKeywords (C:\Users\park\leword-app\src\utils\p
ro-traffic-keyword-hunter.ts:2851:3)
    at async runQualityBenchmark (C:\Users\park\leword-app\test-quality-b
enchmark.ts:44:35)
[API-PARALLEL] 📊 배치 7/11 (64%) - 5개 키워드
[MDP-SERP] "정산서" 신호 분석 실패: Error: SERP 접근 실패
    at getNaverSerpSignal (C:\Users\park\leword-app\src\utils\naver-serp-
signal-api.ts:18:33)
    at processTicksAndRejections (node:internal/process/task_queues:105:5
)
    at async Promise.all (index 1)
    at async C:\Users\park\leword-app\src\utils\pro-traffic-keyword-hunte
r.ts:1368:57
    at async Promise.all (index 0)
    at async fetchKeywordDataParallel (C:\Users\park\leword-app\src\utils
\pro-traffic-keyword-hunter.ts:1419:26)
    at async fetchKeywordDataBatch (C:\Users\park\leword-app\src\utils\pr
o-traffic-keyword-hunter.ts:1500:3)
    at async withStepTimeout (C:\Users\park\leword-app\src\utils\pro-traf
fic-keyword-hunter.ts:1882:14)
    at async huntProTrafficKeywords (C:\Users\park\leword-app\src\utils\p
ro-traffic-keyword-hunter.ts:2851:3)
    at async runQualityBenchmark (C:\Users\park\leword-app\test-quality-b
enchmark.ts:44:35)
[MDP-SERP] "공사정산서" 신호 분석 실패: Error: SERP 접근 실패
    at getNaverSerpSignal (C:\Users\park\leword-app\src\utils\naver-serp-
signal-api.ts:18:33)
    at processTicksAndRejections (node:internal/process/task_queues:105:5
)
    at async Promise.all (index 1)
    at async C:\Users\park\leword-app\src\utils\pro-traffic-keyword-hunte
r.ts:1368:57
    at async Promise.all (index 3)
    at async fetchKeywordDataParallel (C:\Users\park\leword-app\src\utils
\pro-traffic-keyword-hunter.ts:1419:26)
    at async fetchKeywordDataBatch (C:\Users\park\leword-app\src\utils\pr
o-traffic-keyword-hunter.ts:1500:3)
    at async withStepTimeout (C:\Users\park\leword-app\src\utils\pro-traf
fic-keyword-hunter.ts:1882:14)
    at async huntProTrafficKeywords (C:\Users\park\leword-app\src\utils\p
ro-traffic-keyword-hunter.ts:2851:3)
    at async runQualityBenchmark (C:\Users\park\leword-app\test-quality-b
enchmark.ts:44:35)
[MDP-SERP] "연말정산서식" 신호 분석 실패: Error: SERP 접근 실패
    at getNaverSerpSignal (C:\Users\park\leword-app\src\utils\naver-serp-
signal-api.ts:18:33)
    at processTicksAndRejections (node:internal/process/task_queues:105:5
)
    at async Promise.all (index 1)
    at async C:\Users\park\leword-app\src\utils\pro-traffic-keyword-hunte
r.ts:1368:57
    at async Promise.all (index 2)
    at async fetchKeywordDataParallel (C:\Users\park\leword-app\src\utils
\pro-traffic-keyword-hunter.ts:1419:26)
    at async fetchKeywordDataBatch (C:\Users\park\leword-app\src\utils\pr
o-traffic-keyword-hunter.ts:1500:3)
    at async withStepTimeout (C:\Users\park\leword-app\src\utils\pro-traf
fic-keyword-hunter.ts:1882:14)
    at async huntProTrafficKeywords (C:\Users\park\leword-app\src\utils\p
ro-traffic-keyword-hunter.ts:2851:3)
    at async runQualityBenchmark (C:\Users\park\leword-app\test-quality-b
enchmark.ts:44:35)
[MDP-SERP] "선급금정산서" 신호 분석 실패: Error: SERP 접근 실패
    at getNaverSerpSignal (C:\Users\park\leword-app\src\utils\naver-serp-
signal-api.ts:18:33)
    at processTicksAndRejections (node:internal/process/task_queues:105:5
)
    at async Promise.all (index 1)
    at async C:\Users\park\leword-app\src\utils\pro-traffic-keyword-hunte
r.ts:1368:57
    at async Promise.all (index 4)
    at async fetchKeywordDataParallel (C:\Users\park\leword-app\src\utils
\pro-traffic-keyword-hunter.ts:1419:26)
    at async fetchKeywordDataBatch (C:\Users\park\leword-app\src\utils\pr
o-traffic-keyword-hunter.ts:1500:3)
    at async withStepTimeout (C:\Users\park\leword-app\src\utils\pro-traf
fic-keyword-hunter.ts:1882:14)
    at async huntProTrafficKeywords (C:\Users\park\leword-app\src\utils\p
ro-traffic-keyword-hunter.ts:2851:3)
    at async runQualityBenchmark (C:\Users\park\leword-app\test-quality-b
enchmark.ts:44:35)
[MDP-SERP] "정산서양식" 신호 분석 실패: Error: SERP 접근 실패
    at getNaverSerpSignal (C:\Users\park\leword-app\src\utils\naver-serp-
signal-api.ts:18:33)
    at processTicksAndRejections (node:internal/process/task_queues:105:5
)
    at async Promise.all (index 1)
    at async C:\Users\park\leword-app\src\utils\pro-traffic-keyword-hunte
r.ts:1368:57
    at async Promise.all (index 1)
    at async fetchKeywordDataParallel (C:\Users\park\leword-app\src\utils
\pro-traffic-keyword-hunter.ts:1419:26)
    at async fetchKeywordDataBatch (C:\Users\park\leword-app\src\utils\pr
o-traffic-keyword-hunter.ts:1500:3)
    at async withStepTimeout (C:\Users\park\leword-app\src\utils\pro-traf
fic-keyword-hunter.ts:1882:14)
    at async huntProTrafficKeywords (C:\Users\park\leword-app\src\utils\p
ro-traffic-keyword-hunter.ts:2851:3)
    at async runQualityBenchmark (C:\Users\park\leword-app\test-quality-b
enchmark.ts:44:35)
[API-PARALLEL] 📊 배치 8/11 (73%) - 5개 키워드
[MDP-SERP] "공사비정산서" 신호 분석 실패: Error: SERP 접근 실패
    at getNaverSerpSignal (C:\Users\park\leword-app\src\utils\naver-serp-
signal-api.ts:18:33)
    at processTicksAndRejections (node:internal/process/task_queues:105:5
)
    at async Promise.all (index 1)
    at async C:\Users\park\leword-app\src\utils\pro-traffic-keyword-hunte
r.ts:1368:57
    at async Promise.all (index 0)
    at async fetchKeywordDataParallel (C:\Users\park\leword-app\src\utils
\pro-traffic-keyword-hunter.ts:1419:26)
    at async fetchKeywordDataBatch (C:\Users\park\leword-app\src\utils\pr
o-traffic-keyword-hunter.ts:1500:3)
    at async withStepTimeout (C:\Users\park\leword-app\src\utils\pro-traf
fic-keyword-hunter.ts:1882:14)
    at async huntProTrafficKeywords (C:\Users\park\leword-app\src\utils\p
ro-traffic-keyword-hunter.ts:2851:3)
    at async runQualityBenchmark (C:\Users\park\leword-app\test-quality-b
enchmark.ts:44:35)
[MDP-SERP] "2026 지원금" 신호 분석 실패: Error: SERP 접근 실패
    at getNaverSerpSignal (C:\Users\park\leword-app\src\utils\naver-serp-
signal-api.ts:18:33)
    at processTicksAndRejections (node:internal/process/task_queues:105:5
)
    at async Promise.all (index 1)
    at async C:\Users\park\leword-app\src\utils\pro-traffic-keyword-hunte
r.ts:1368:57
    at async Promise.all (index 4)
    at async fetchKeywordDataParallel (C:\Users\park\leword-app\src\utils
\pro-traffic-keyword-hunter.ts:1419:26)
    at async fetchKeywordDataBatch (C:\Users\park\leword-app\src\utils\pr
o-traffic-keyword-hunter.ts:1500:3)
    at async withStepTimeout (C:\Users\park\leword-app\src\utils\pro-traf
fic-keyword-hunter.ts:1882:14)
    at async huntProTrafficKeywords (C:\Users\park\leword-app\src\utils\p
ro-traffic-keyword-hunter.ts:2851:3)
    at async runQualityBenchmark (C:\Users\park\leword-app\test-quality-b
enchmark.ts:44:35)
[MDP-SERP] "퇴직금정산서식" 신호 분석 실패: Error: SERP 접근 실패
    at getNaverSerpSignal (C:\Users\park\leword-app\src\utils\naver-serp-
signal-api.ts:18:33)
    at processTicksAndRejections (node:internal/process/task_queues:105:5
)
    at async Promise.all (index 1)
    at async C:\Users\park\leword-app\src\utils\pro-traffic-keyword-hunte
r.ts:1368:57
    at async Promise.all (index 1)
    at async fetchKeywordDataParallel (C:\Users\park\leword-app\src\utils
\pro-traffic-keyword-hunter.ts:1419:26)
    at async fetchKeywordDataBatch (C:\Users\park\leword-app\src\utils\pr
o-traffic-keyword-hunter.ts:1500:3)
    at async withStepTimeout (C:\Users\park\leword-app\src\utils\pro-traf
fic-keyword-hunter.ts:1882:14)
    at async huntProTrafficKeywords (C:\Users\park\leword-app\src\utils\p
ro-traffic-keyword-hunter.ts:2851:3)
    at async runQualityBenchmark (C:\Users\park\leword-app\test-quality-b
enchmark.ts:44:35)
[MDP-SERP] "연말정산서류양식" 신호 분석 실패: Error: SERP 접근 실패
    at getNaverSerpSignal (C:\Users\park\leword-app\src\utils\naver-serp-
signal-api.ts:18:33)
    at processTicksAndRejections (node:internal/process/task_queues:105:5
)
    at async Promise.all (index 1)
    at async C:\Users\park\leword-app\src\utils\pro-traffic-keyword-hunte
r.ts:1368:57
    at async Promise.all (index 2)
    at async fetchKeywordDataParallel (C:\Users\park\leword-app\src\utils
\pro-traffic-keyword-hunter.ts:1419:26)
    at async fetchKeywordDataBatch (C:\Users\park\leword-app\src\utils\pr
o-traffic-keyword-hunter.ts:1500:3)
    at async withStepTimeout (C:\Users\park\leword-app\src\utils\pro-traf
fic-keyword-hunter.ts:1882:14)
    at async huntProTrafficKeywords (C:\Users\park\leword-app\src\utils\p
ro-traffic-keyword-hunter.ts:2851:3)
    at async runQualityBenchmark (C:\Users\park\leword-app\test-quality-b
enchmark.ts:44:35)
[MDP-SERP] "회식비정산서" 신호 분석 실패: Error: SERP 접근 실패
    at getNaverSerpSignal (C:\Users\park\leword-app\src\utils\naver-serp-
signal-api.ts:18:33)
    at processTicksAndRejections (node:internal/process/task_queues:105:5
)
    at async Promise.all (index 1)
    at async C:\Users\park\leword-app\src\utils\pro-traffic-keyword-hunte
r.ts:1368:57
    at async Promise.all (index 3)
    at async fetchKeywordDataParallel (C:\Users\park\leword-app\src\utils
\pro-traffic-keyword-hunter.ts:1419:26)
    at async fetchKeywordDataBatch (C:\Users\park\leword-app\src\utils\pr
o-traffic-keyword-hunter.ts:1500:3)
    at async withStepTimeout (C:\Users\park\leword-app\src\utils\pro-traf
fic-keyword-hunter.ts:1882:14)
    at async huntProTrafficKeywords (C:\Users\park\leword-app\src\utils\p
ro-traffic-keyword-hunter.ts:2851:3)
    at async runQualityBenchmark (C:\Users\park\leword-app\test-quality-b
enchmark.ts:44:35)
[API-PARALLEL] 📊 배치 9/11 (82%) - 5개 키워드
[MDP-SERP] "2025 청년지원금" 신호 분석 실패: Error: SERP 접근 실패
    at getNaverSerpSignal (C:\Users\park\leword-app\src\utils\naver-serp-
signal-api.ts:18:33)
    at processTicksAndRejections (node:internal/process/task_queues:105:5
)
    at async Promise.all (index 1)
    at async C:\Users\park\leword-app\src\utils\pro-traffic-keyword-hunte
r.ts:1368:57
    at async Promise.all (index 1)
    at async fetchKeywordDataParallel (C:\Users\park\leword-app\src\utils
\pro-traffic-keyword-hunter.ts:1419:26)
    at async fetchKeywordDataBatch (C:\Users\park\leword-app\src\utils\pr
o-traffic-keyword-hunter.ts:1500:3)
    at async withStepTimeout (C:\Users\park\leword-app\src\utils\pro-traf
fic-keyword-hunter.ts:1882:14)
    at async huntProTrafficKeywords (C:\Users\park\leword-app\src\utils\p
ro-traffic-keyword-hunter.ts:2851:3)
    at async runQualityBenchmark (C:\Users\park\leword-app\test-quality-b
enchmark.ts:44:35)
[MDP-SERP] "2025 연말정산" 신호 분석 실패: Error: SERP 접근 실패
    at getNaverSerpSignal (C:\Users\park\leword-app\src\utils\naver-serp-
signal-api.ts:18:33)
    at processTicksAndRejections (node:internal/process/task_queues:105:5
)
    at async Promise.all (index 1)
    at async C:\Users\park\leword-app\src\utils\pro-traffic-keyword-hunte
r.ts:1368:57
    at async Promise.all (index 0)
    at async fetchKeywordDataParallel (C:\Users\park\leword-app\src\utils
\pro-traffic-keyword-hunter.ts:1419:26)
    at async fetchKeywordDataBatch (C:\Users\park\leword-app\src\utils\pr
o-traffic-keyword-hunter.ts:1500:3)
    at async withStepTimeout (C:\Users\park\leword-app\src\utils\pro-traf
fic-keyword-hunter.ts:1882:14)
    at async huntProTrafficKeywords (C:\Users\park\leword-app\src\utils\p
ro-traffic-keyword-hunter.ts:2851:3)
    at async runQualityBenchmark (C:\Users\park\leword-app\test-quality-b
enchmark.ts:44:35)
[MDP-SERP] "연말정산 2025년" 신호 분석 실패: Error: SERP 접근 실패
    at getNaverSerpSignal (C:\Users\park\leword-app\src\utils\naver-serp-
signal-api.ts:18:33)
    at processTicksAndRejections (node:internal/process/task_queues:105:5
)
    at async Promise.all (index 1)
    at async C:\Users\park\leword-app\src\utils\pro-traffic-keyword-hunte
r.ts:1368:57
    at async Promise.all (index 4)
    at async fetchKeywordDataParallel (C:\Users\park\leword-app\src\utils
\pro-traffic-keyword-hunter.ts:1419:26)
    at async fetchKeywordDataBatch (C:\Users\park\leword-app\src\utils\pr
o-traffic-keyword-hunter.ts:1500:3)
    at async withStepTimeout (C:\Users\park\leword-app\src\utils\pro-traf
fic-keyword-hunter.ts:1882:14)
    at async huntProTrafficKeywords (C:\Users\park\leword-app\src\utils\p
ro-traffic-keyword-hunter.ts:2851:3)
    at async runQualityBenchmark (C:\Users\park\leword-app\test-quality-b
enchmark.ts:44:35)
[MDP-SERP] "12월 지원금 신청" 신호 분석 실패: Error: SERP 접근 실패
    at getNaverSerpSignal (C:\Users\park\leword-app\src\utils\naver-serp-
signal-api.ts:18:33)
    at processTicksAndRejections (node:internal/process/task_queues:105:5
)
    at async Promise.all (index 1)
    at async C:\Users\park\leword-app\src\utils\pro-traffic-keyword-hunte
r.ts:1368:57
    at async Promise.all (index 3)
    at async fetchKeywordDataParallel (C:\Users\park\leword-app\src\utils
\pro-traffic-keyword-hunter.ts:1419:26)
    at async fetchKeywordDataBatch (C:\Users\park\leword-app\src\utils\pr
o-traffic-keyword-hunter.ts:1500:3)
    at async withStepTimeout (C:\Users\park\leword-app\src\utils\pro-traf
fic-keyword-hunter.ts:1882:14)
    at async huntProTrafficKeywords (C:\Users\park\leword-app\src\utils\p
ro-traffic-keyword-hunter.ts:2851:3)
    at async runQualityBenchmark (C:\Users\park\leword-app\test-quality-b
enchmark.ts:44:35)
[MDP-SERP] "2025년 연말정산" 신호 분석 실패: Error: SERP 접근 실패
    at getNaverSerpSignal (C:\Users\park\leword-app\src\utils\naver-serp-
signal-api.ts:18:33)
    at processTicksAndRejections (node:internal/process/task_queues:105:5
)
    at async Promise.all (index 1)
    at async C:\Users\park\leword-app\src\utils\pro-traffic-keyword-hunte
r.ts:1368:57
    at async Promise.all (index 2)
    at async fetchKeywordDataParallel (C:\Users\park\leword-app\src\utils
\pro-traffic-keyword-hunter.ts:1419:26)
    at async fetchKeywordDataBatch (C:\Users\park\leword-app\src\utils\pr
o-traffic-keyword-hunter.ts:1500:3)
    at async withStepTimeout (C:\Users\park\leword-app\src\utils\pro-traf
fic-keyword-hunter.ts:1882:14)
    at async huntProTrafficKeywords (C:\Users\park\leword-app\src\utils\p
ro-traffic-keyword-hunter.ts:2851:3)
    at async runQualityBenchmark (C:\Users\park\leword-app\test-quality-b
enchmark.ts:44:35)
[API-PARALLEL] 📊 배치 10/11 (91%) - 5개 키워드
[MDP-SERP] "트럼프 정부, ‘복지 스캔들’ 미네소타에 최대 2680억원 보육 지원금 지급 중단 - 조선일보" 신호 분석 실
패: Error: SERP 접근 실패
    at getNaverSerpSignal (C:\Users\park\leword-app\src\utils\naver-serp-
signal-api.ts:18:33)
    at processTicksAndRejections (node:internal/process/task_queues:105:5
)
    at async Promise.all (index 1)
    at async C:\Users\park\leword-app\src\utils\pro-traffic-keyword-hunte
r.ts:1368:57
    at async Promise.all (index 3)
    at async fetchKeywordDataParallel (C:\Users\park\leword-app\src\utils
\pro-traffic-keyword-hunter.ts:1419:26)
    at async fetchKeywordDataBatch (C:\Users\park\leword-app\src\utils\pr
o-traffic-keyword-hunter.ts:1500:3)
    at async withStepTimeout (C:\Users\park\leword-app\src\utils\pro-traf
fic-keyword-hunter.ts:1882:14)
    at async huntProTrafficKeywords (C:\Users\park\leword-app\src\utils\p
ro-traffic-keyword-hunter.ts:2851:3)
    at async runQualityBenchmark (C:\Users\park\leword-app\test-quality-b
enchmark.ts:44:35)
[MDP-SERP] "창업" 신호 분석 실패: Error: SERP 접근 실패
    at getNaverSerpSignal (C:\Users\park\leword-app\src\utils\naver-serp-
signal-api.ts:18:33)
    at processTicksAndRejections (node:internal/process/task_queues:105:5
)
    at async Promise.all (index 1)
    at async C:\Users\park\leword-app\src\utils\pro-traffic-keyword-hunte
r.ts:1368:57
    at async Promise.all (index 2)
    at async fetchKeywordDataParallel (C:\Users\park\leword-app\src\utils
\pro-traffic-keyword-hunter.ts:1419:26)
    at async fetchKeywordDataBatch (C:\Users\park\leword-app\src\utils\pr
o-traffic-keyword-hunter.ts:1500:3)
    at async withStepTimeout (C:\Users\park\leword-app\src\utils\pro-traf
fic-keyword-hunter.ts:1882:14)
    at async huntProTrafficKeywords (C:\Users\park\leword-app\src\utils\p
ro-traffic-keyword-hunter.ts:2851:3)
    at async runQualityBenchmark (C:\Users\park\leword-app\test-quality-b
enchmark.ts:44:35)
[MDP-SERP] "연말정산서류" 신호 분석 실패: Error: SERP 접근 실패
    at getNaverSerpSignal (C:\Users\park\leword-app\src\utils\naver-serp-
signal-api.ts:18:33)
    at processTicksAndRejections (node:internal/process/task_queues:105:5
)
    at async Promise.all (index 1)
    at async C:\Users\park\leword-app\src\utils\pro-traffic-keyword-hunte
r.ts:1368:57
    at async Promise.all (index 4)
    at async fetchKeywordDataParallel (C:\Users\park\leword-app\src\utils
\pro-traffic-keyword-hunter.ts:1419:26)
    at async fetchKeywordDataBatch (C:\Users\park\leword-app\src\utils\pr
o-traffic-keyword-hunter.ts:1500:3)
    at async withStepTimeout (C:\Users\park\leword-app\src\utils\pro-traf
fic-keyword-hunter.ts:1882:14)
    at async huntProTrafficKeywords (C:\Users\park\leword-app\src\utils\p
ro-traffic-keyword-hunter.ts:2851:3)
    at async runQualityBenchmark (C:\Users\park\leword-app\test-quality-b
enchmark.ts:44:35)
[MDP-SERP] "투자" 신호 분석 실패: Error: SERP 접근 실패
    at getNaverSerpSignal (C:\Users\park\leword-app\src\utils\naver-serp-
signal-api.ts:18:33)
    at processTicksAndRejections (node:internal/process/task_queues:105:5
)
    at async Promise.all (index 1)
    at async C:\Users\park\leword-app\src\utils\pro-traffic-keyword-hunte
r.ts:1368:57
    at async Promise.all (index 1)
    at async fetchKeywordDataParallel (C:\Users\park\leword-app\src\utils
\pro-traffic-keyword-hunter.ts:1419:26)
    at async fetchKeywordDataBatch (C:\Users\park\leword-app\src\utils\pr
o-traffic-keyword-hunter.ts:1500:3)
    at async withStepTimeout (C:\Users\park\leword-app\src\utils\pro-traf
fic-keyword-hunter.ts:1882:14)
    at async huntProTrafficKeywords (C:\Users\park\leword-app\src\utils\p
ro-traffic-keyword-hunter.ts:2851:3)
    at async runQualityBenchmark (C:\Users\park\leword-app\test-quality-b
enchmark.ts:44:35)
[MDP-SERP] "경남농협, 경상국립대학교에 대학발전지원금 1000만원 전달 - 농민신문" 신호 분석 실패: Error: SER
P 접근 실패
    at getNaverSerpSignal (C:\Users\park\leword-app\src\utils\naver-serp-
signal-api.ts:18:33)
    at processTicksAndRejections (node:internal/process/task_queues:105:5
)
    at async Promise.all (index 1)
    at async C:\Users\park\leword-app\src\utils\pro-traffic-keyword-hunte
r.ts:1368:57
    at async Promise.all (index 0)
    at async fetchKeywordDataParallel (C:\Users\park\leword-app\src\utils
\pro-traffic-keyword-hunter.ts:1419:26)
    at async fetchKeywordDataBatch (C:\Users\park\leword-app\src\utils\pr
o-traffic-keyword-hunter.ts:1500:3)
    at async withStepTimeout (C:\Users\park\leword-app\src\utils\pro-traf
fic-keyword-hunter.ts:1882:14)
    at async huntProTrafficKeywords (C:\Users\park\leword-app\src\utils\p
ro-traffic-keyword-hunter.ts:2851:3)
    at async runQualityBenchmark (C:\Users\park\leword-app\test-quality-b
enchmark.ts:44:35)
[API-PARALLEL] 📊 배치 11/11 (100%) - 2개 키워드
[MDP-SERP] "주식" 신호 분석 실패: Error: SERP 접근 실패
    at getNaverSerpSignal (C:\Users\park\leword-app\src\utils\naver-serp-
signal-api.ts:18:33)
    at processTicksAndRejections (node:internal/process/task_queues:105:5
)
    at async Promise.all (index 1)
    at async C:\Users\park\leword-app\src\utils\pro-traffic-keyword-hunte
r.ts:1368:57
    at async Promise.all (index 1)
    at async fetchKeywordDataParallel (C:\Users\park\leword-app\src\utils
\pro-traffic-keyword-hunter.ts:1419:26)
    at async fetchKeywordDataBatch (C:\Users\park\leword-app\src\utils\pr
o-traffic-keyword-hunter.ts:1500:3)
    at async withStepTimeout (C:\Users\park\leword-app\src\utils\pro-traf
fic-keyword-hunter.ts:1882:14)
    at async huntProTrafficKeywords (C:\Users\park\leword-app\src\utils\p
ro-traffic-keyword-hunter.ts:2851:3)
    at async runQualityBenchmark (C:\Users\park\leword-app\test-quality-b
enchmark.ts:44:35)
[MDP-SERP] "‘인구 역전 위기감’ 해운대구, 새해부터 ‘모든 출생아’에게 출산지원금 - v.daum.net" 신호 분석 실
패: Error: SERP 접근 실패
    at getNaverSerpSignal (C:\Users\park\leword-app\src\utils\naver-serp-
signal-api.ts:18:33)
    at processTicksAndRejections (node:internal/process/task_queues:105:5
)
    at async Promise.all (index 1)
    at async C:\Users\park\leword-app\src\utils\pro-traffic-keyword-hunte
r.ts:1368:57
    at async Promise.all (index 0)
    at async fetchKeywordDataParallel (C:\Users\park\leword-app\src\utils
\pro-traffic-keyword-hunter.ts:1419:26)
    at async fetchKeywordDataBatch (C:\Users\park\leword-app\src\utils\pr
o-traffic-keyword-hunter.ts:1500:3)
    at async withStepTimeout (C:\Users\park\leword-app\src\utils\pro-traf
fic-keyword-hunter.ts:1882:14)
    at async huntProTrafficKeywords (C:\Users\park\leword-app\src\utils\p
ro-traffic-keyword-hunter.ts:2851:3)
    at async runQualityBenchmark (C:\Users\park\leword-app\test-quality-b
enchmark.ts:44:35)
[API-PARALLEL] ✅ 완료! 13.9초 소요
[API-PARALLEL] 📊 결과: 성공 52개, 실패 0개
[API-PARALLEL] 📊 블로그 API: 52/69 성공
[API-PARALLEL] 📊 검색광고 API: 0/0 성공
[API-PARALLEL] 🔄 총 재시도: 17회
[PRO-TRAFFIC][METRICS] stage=api_ready category=business uniqueKeywords=52 maxCandidates=300
[PRO-TRAFFIC] ✅ 52개 키워드 데이터 준비 완료
[PRO-TRAFFIC][METRICS] stage=analyzed category=business results=49
[PRO-TRAFFIC] 🔍🔍🔍 최종 49개 키워드 병렬 검증 시작...
[PRO-TRAFFIC] 📋 API 키 상태:
  - 블로그 API: ✅
  - 검색광고 API: ✅
[API-PARALLEL] 🚀 49개 키워드 병렬 처리 시작
[API-PARALLEL] ⚙️ 설정: 배치=5, 재시도=2회
[API-PARALLEL] 📦 총 10개 배치로 분할
[API-PARALLEL] 📊 배치 1/10 (10%) - 5개 키워드
[MDP-SERP] "주식" 신호 분석 실패: Error: SERP 접근 실패
    at getNaverSerpSignal (C:\Users\park\leword-app\src\utils\naver-serp-
signal-api.ts:18:33)
    at processTicksAndRejections (node:internal/process/task_queues:105:5
)
    at async Promise.all (index 1)
    at async C:\Users\park\leword-app\src\utils\pro-traffic-keyword-hunte
r.ts:1368:57
    at async Promise.all (index 0)
    at async fetchKeywordDataParallel (C:\Users\park\leword-app\src\utils
\pro-traffic-keyword-hunter.ts:1419:26)
    at async withStepTimeout (C:\Users\park\leword-app\src\utils\pro-traf
fic-keyword-hunter.ts:1882:14)
    at async huntProTrafficKeywords (C:\Users\park\leword-app\src\utils\p
ro-traffic-keyword-hunter.ts:3141:24)
    at async runQualityBenchmark (C:\Users\park\leword-app\test-quality-b
enchmark.ts:44:35)
[MDP-SERP] "연말정산하는법" 신호 분석 실패: Error: SERP 접근 실패
    at getNaverSerpSignal (C:\Users\park\leword-app\src\utils\naver-serp-
signal-api.ts:18:33)
    at processTicksAndRejections (node:internal/process/task_queues:105:5
)
    at async Promise.all (index 1)
    at async C:\Users\park\leword-app\src\utils\pro-traffic-keyword-hunte
r.ts:1368:57
    at async Promise.all (index 2)
    at async fetchKeywordDataParallel (C:\Users\park\leword-app\src\utils
\pro-traffic-keyword-hunter.ts:1419:26)
    at async withStepTimeout (C:\Users\park\leword-app\src\utils\pro-traf
fic-keyword-hunter.ts:1882:14)
    at async huntProTrafficKeywords (C:\Users\park\leword-app\src\utils\p
ro-traffic-keyword-hunter.ts:3141:24)
    at async runQualityBenchmark (C:\Users\park\leword-app\test-quality-b
enchmark.ts:44:35)
[MDP-SERP] "매일경제신문" 신호 분석 실패: Error: SERP 접근 실패
    at getNaverSerpSignal (C:\Users\park\leword-app\src\utils\naver-serp-
signal-api.ts:18:33)
    at processTicksAndRejections (node:internal/process/task_queues:105:5
)
    at async Promise.all (index 1)
    at async C:\Users\park\leword-app\src\utils\pro-traffic-keyword-hunte
r.ts:1368:57
    at async Promise.all (index 3)
    at async fetchKeywordDataParallel (C:\Users\park\leword-app\src\utils
\pro-traffic-keyword-hunter.ts:1419:26)
    at async withStepTimeout (C:\Users\park\leword-app\src\utils\pro-traf
fic-keyword-hunter.ts:1882:14)
    at async huntProTrafficKeywords (C:\Users\park\leword-app\src\utils\p
ro-traffic-keyword-hunter.ts:3141:24)
    at async runQualityBenchmark (C:\Users\park\leword-app\test-quality-b
enchmark.ts:44:35)
[MDP-SERP] "연말정산간소화서비스" 신호 분석 실패: Error: SERP 접근 실패
    at getNaverSerpSignal (C:\Users\park\leword-app\src\utils\naver-serp-
signal-api.ts:18:33)
    at processTicksAndRejections (node:internal/process/task_queues:105:5
)
    at async Promise.all (index 1)
    at async C:\Users\park\leword-app\src\utils\pro-traffic-keyword-hunte
r.ts:1368:57
    at async Promise.all (index 4)
    at async fetchKeywordDataParallel (C:\Users\park\leword-app\src\utils
\pro-traffic-keyword-hunter.ts:1419:26)
    at async withStepTimeout (C:\Users\park\leword-app\src\utils\pro-traf
fic-keyword-hunter.ts:1882:14)
    at async huntProTrafficKeywords (C:\Users\park\leword-app\src\utils\p
ro-traffic-keyword-hunter.ts:3141:24)
    at async runQualityBenchmark (C:\Users\park\leword-app\test-quality-b
enchmark.ts:44:35)
[MDP-SERP] "연말정산모의계산" 신호 분석 실패: Error: SERP 접근 실패
    at getNaverSerpSignal (C:\Users\park\leword-app\src\utils\naver-serp-
signal-api.ts:18:33)
    at processTicksAndRejections (node:internal/process/task_queues:105:5
)
    at async Promise.all (index 1)
    at async C:\Users\park\leword-app\src\utils\pro-traffic-keyword-hunte
r.ts:1368:57
    at async Promise.all (index 1)
    at async fetchKeywordDataParallel (C:\Users\park\leword-app\src\utils
\pro-traffic-keyword-hunter.ts:1419:26)
    at async withStepTimeout (C:\Users\park\leword-app\src\utils\pro-traf
fic-keyword-hunter.ts:1882:14)
    at async huntProTrafficKeywords (C:\Users\park\leword-app\src\utils\p
ro-traffic-keyword-hunter.ts:3141:24)
    at async runQualityBenchmark (C:\Users\park\leword-app\test-quality-b
enchmark.ts:44:35)
[API-PARALLEL] 📊 배치 2/10 (20%) - 5개 키워드
[MDP-SERP] "연말정산소득공제" 신호 분석 실패: Error: SERP 접근 실패
    at getNaverSerpSignal (C:\Users\park\leword-app\src\utils\naver-serp-
signal-api.ts:18:33)
    at processTicksAndRejections (node:internal/process/task_queues:105:5
)
    at async Promise.all (index 1)
    at async C:\Users\park\leword-app\src\utils\pro-traffic-keyword-hunte
r.ts:1368:57
    at async Promise.all (index 0)
    at async fetchKeywordDataParallel (C:\Users\park\leword-app\src\utils
\pro-traffic-keyword-hunter.ts:1419:26)
    at async withStepTimeout (C:\Users\park\leword-app\src\utils\pro-traf
fic-keyword-hunter.ts:1882:14)
    at async huntProTrafficKeywords (C:\Users\park\leword-app\src\utils\p
ro-traffic-keyword-hunter.ts:3141:24)
    at async runQualityBenchmark (C:\Users\park\leword-app\test-quality-b
enchmark.ts:44:35)
[MDP-SERP] "연말정산간소화" 신호 분석 실패: Error: SERP 접근 실패
    at getNaverSerpSignal (C:\Users\park\leword-app\src\utils\naver-serp-
signal-api.ts:18:33)
    at processTicksAndRejections (node:internal/process/task_queues:105:5
)
    at async Promise.all (index 1)
    at async C:\Users\park\leword-app\src\utils\pro-traffic-keyword-hunte
r.ts:1368:57
    at async Promise.all (index 4)
    at async fetchKeywordDataParallel (C:\Users\park\leword-app\src\utils
\pro-traffic-keyword-hunter.ts:1419:26)
    at async withStepTimeout (C:\Users\park\leword-app\src\utils\pro-traf
fic-keyword-hunter.ts:1882:14)
    at async huntProTrafficKeywords (C:\Users\park\leword-app\src\utils\p
ro-traffic-keyword-hunter.ts:3141:24)
    at async runQualityBenchmark (C:\Users\park\leword-app\test-quality-b
enchmark.ts:44:35)
[MDP-SERP] "창업" 신호 분석 실패: Error: SERP 접근 실패
    at getNaverSerpSignal (C:\Users\park\leword-app\src\utils\naver-serp-
signal-api.ts:18:33)
    at processTicksAndRejections (node:internal/process/task_queues:105:5
)
    at async Promise.all (index 1)
    at async C:\Users\park\leword-app\src\utils\pro-traffic-keyword-hunte
r.ts:1368:57
    at async Promise.all (index 1)
    at async fetchKeywordDataParallel (C:\Users\park\leword-app\src\utils
\pro-traffic-keyword-hunter.ts:1419:26)
    at async withStepTimeout (C:\Users\park\leword-app\src\utils\pro-traf
fic-keyword-hunter.ts:1882:14)
    at async huntProTrafficKeywords (C:\Users\park\leword-app\src\utils\p
ro-traffic-keyword-hunter.ts:3141:24)
    at async runQualityBenchmark (C:\Users\park\leword-app\test-quality-b
enchmark.ts:44:35)
[MDP-SERP] "경제" 신호 분석 실패: Error: SERP 접근 실패
    at getNaverSerpSignal (C:\Users\park\leword-app\src\utils\naver-serp-
signal-api.ts:18:33)
    at processTicksAndRejections (node:internal/process/task_queues:105:5
)
    at async Promise.all (index 1)
    at async C:\Users\park\leword-app\src\utils\pro-traffic-keyword-hunte
r.ts:1368:57
    at async Promise.all (index 3)
    at async fetchKeywordDataParallel (C:\Users\park\leword-app\src\utils
\pro-traffic-keyword-hunter.ts:1419:26)
    at async withStepTimeout (C:\Users\park\leword-app\src\utils\pro-traf
fic-keyword-hunter.ts:1882:14)
    at async huntProTrafficKeywords (C:\Users\park\leword-app\src\utils\p
ro-traffic-keyword-hunter.ts:3141:24)
    at async runQualityBenchmark (C:\Users\park\leword-app\test-quality-b
enchmark.ts:44:35)
[MDP-SERP] "재테크" 신호 분석 실패: Error: SERP 접근 실패
    at getNaverSerpSignal (C:\Users\park\leword-app\src\utils\naver-serp-
signal-api.ts:18:33)
    at processTicksAndRejections (node:internal/process/task_queues:105:5
)
    at async Promise.all (index 1)
    at async C:\Users\park\leword-app\src\utils\pro-traffic-keyword-hunte
r.ts:1368:57
    at async Promise.all (index 2)
    at async fetchKeywordDataParallel (C:\Users\park\leword-app\src\utils
\pro-traffic-keyword-hunter.ts:1419:26)
    at async withStepTimeout (C:\Users\park\leword-app\src\utils\pro-traf
fic-keyword-hunter.ts:1882:14)
    at async huntProTrafficKeywords (C:\Users\park\leword-app\src\utils\p
ro-traffic-keyword-hunter.ts:3141:24)
    at async runQualityBenchmark (C:\Users\park\leword-app\test-quality-b
enchmark.ts:44:35)
[API-PARALLEL] 📊 배치 3/10 (30%) - 5개 키워드
[MDP-SERP] "소자본창업" 신호 분석 실패: Error: SERP 접근 실패
    at getNaverSerpSignal (C:\Users\park\leword-app\src\utils\naver-serp-
signal-api.ts:18:33)
    at processTicksAndRejections (node:internal/process/task_queues:105:5
)
    at async Promise.all (index 1)
    at async C:\Users\park\leword-app\src\utils\pro-traffic-keyword-hunte
r.ts:1368:57
    at async Promise.all (index 2)
    at async fetchKeywordDataParallel (C:\Users\park\leword-app\src\utils
\pro-traffic-keyword-hunter.ts:1419:26)
    at async withStepTimeout (C:\Users\park\leword-app\src\utils\pro-traf
fic-keyword-hunter.ts:1882:14)
    at async huntProTrafficKeywords (C:\Users\park\leword-app\src\utils\p
ro-traffic-keyword-hunter.ts:3141:24)
    at async runQualityBenchmark (C:\Users\park\leword-app\test-quality-b
enchmark.ts:44:35)
[MDP-SERP] "투자" 신호 분석 실패: Error: SERP 접근 실패
    at getNaverSerpSignal (C:\Users\park\leword-app\src\utils\naver-serp-
signal-api.ts:18:33)
    at processTicksAndRejections (node:internal/process/task_queues:105:5
)
    at async Promise.all (index 1)
    at async C:\Users\park\leword-app\src\utils\pro-traffic-keyword-hunte
r.ts:1368:57
    at async Promise.all (index 4)
    at async fetchKeywordDataParallel (C:\Users\park\leword-app\src\utils
\pro-traffic-keyword-hunter.ts:1419:26)
    at async withStepTimeout (C:\Users\park\leword-app\src\utils\pro-traf
fic-keyword-hunter.ts:1882:14)
    at async huntProTrafficKeywords (C:\Users\park\leword-app\src\utils\p
ro-traffic-keyword-hunter.ts:3141:24)
    at async runQualityBenchmark (C:\Users\park\leword-app\test-quality-b
enchmark.ts:44:35)
[MDP-SERP] "주식분석" 신호 분석 실패: Error: SERP 접근 실패
    at getNaverSerpSignal (C:\Users\park\leword-app\src\utils\naver-serp-
signal-api.ts:18:33)
    at processTicksAndRejections (node:internal/process/task_queues:105:5
)
    at async Promise.all (index 1)
    at async C:\Users\park\leword-app\src\utils\pro-traffic-keyword-hunte
r.ts:1368:57
    at async Promise.all (index 1)
    at async fetchKeywordDataParallel (C:\Users\park\leword-app\src\utils
\pro-traffic-keyword-hunter.ts:1419:26)
    at async withStepTimeout (C:\Users\park\leword-app\src\utils\pro-traf
fic-keyword-hunter.ts:1882:14)
    at async huntProTrafficKeywords (C:\Users\park\leword-app\src\utils\p
ro-traffic-keyword-hunter.ts:3141:24)
    at async runQualityBenchmark (C:\Users\park\leword-app\test-quality-b
enchmark.ts:44:35)
[MDP-SERP] "무인창업" 신호 분석 실패: Error: SERP 접근 실패
    at getNaverSerpSignal (C:\Users\park\leword-app\src\utils\naver-serp-
signal-api.ts:18:33)
    at processTicksAndRejections (node:internal/process/task_queues:105:5
)
    at async Promise.all (index 1)
    at async C:\Users\park\leword-app\src\utils\pro-traffic-keyword-hunte
r.ts:1368:57
    at async Promise.all (index 0)
    at async fetchKeywordDataParallel (C:\Users\park\leword-app\src\utils
\pro-traffic-keyword-hunter.ts:1419:26)
    at async withStepTimeout (C:\Users\park\leword-app\src\utils\pro-traf
fic-keyword-hunter.ts:1882:14)
    at async huntProTrafficKeywords (C:\Users\park\leword-app\src\utils\p
ro-traffic-keyword-hunter.ts:3141:24)
    at async runQualityBenchmark (C:\Users\park\leword-app\test-quality-b
enchmark.ts:44:35)
[MDP-SERP] "소상공인" 신호 분석 실패: Error: SERP 접근 실패
    at getNaverSerpSignal (C:\Users\park\leword-app\src\utils\naver-serp-
signal-api.ts:18:33)
    at processTicksAndRejections (node:internal/process/task_queues:105:5
)
    at async Promise.all (index 1)
    at async C:\Users\park\leword-app\src\utils\pro-traffic-keyword-hunte
r.ts:1368:57
    at async Promise.all (index 3)
    at async fetchKeywordDataParallel (C:\Users\park\leword-app\src\utils
\pro-traffic-keyword-hunter.ts:1419:26)
    at async withStepTimeout (C:\Users\park\leword-app\src\utils\pro-traf
fic-keyword-hunter.ts:1882:14)
    at async huntProTrafficKeywords (C:\Users\park\leword-app\src\utils\p
ro-traffic-keyword-hunter.ts:3141:24)
    at async runQualityBenchmark (C:\Users\park\leword-app\test-quality-b
enchmark.ts:44:35)
[API-PARALLEL] 📊 배치 4/10 (40%) - 5개 키워드
[MDP-SERP] "창업대출" 신호 분석 실패: Error: SERP 접근 실패
    at getNaverSerpSignal (C:\Users\park\leword-app\src\utils\naver-serp-
signal-api.ts:18:33)
    at processTicksAndRejections (node:internal/process/task_queues:105:5
)
    at async Promise.all (index 1)
    at async C:\Users\park\leword-app\src\utils\pro-traffic-keyword-hunte
r.ts:1368:57
    at async Promise.all (index 3)
    at async fetchKeywordDataParallel (C:\Users\park\leword-app\src\utils
\pro-traffic-keyword-hunter.ts:1419:26)
    at async withStepTimeout (C:\Users\park\leword-app\src\utils\pro-traf
fic-keyword-hunter.ts:1882:14)
    at async huntProTrafficKeywords (C:\Users\park\leword-app\src\utils\p
ro-traffic-keyword-hunter.ts:3141:24)
    at async runQualityBenchmark (C:\Users\park\leword-app\test-quality-b
enchmark.ts:44:35)
[MDP-SERP] "종합소득세율" 신호 분석 실패: Error: SERP 접근 실패
    at getNaverSerpSignal (C:\Users\park\leword-app\src\utils\naver-serp-
signal-api.ts:18:33)
    at processTicksAndRejections (node:internal/process/task_queues:105:5
)
    at async Promise.all (index 1)
    at async C:\Users\park\leword-app\src\utils\pro-traffic-keyword-hunte
r.ts:1368:57
    at async Promise.all (index 4)
    at async fetchKeywordDataParallel (C:\Users\park\leword-app\src\utils
\pro-traffic-keyword-hunter.ts:1419:26)
    at async withStepTimeout (C:\Users\park\leword-app\src\utils\pro-traf
fic-keyword-hunter.ts:1882:14)
    at async huntProTrafficKeywords (C:\Users\park\leword-app\src\utils\p
ro-traffic-keyword-hunter.ts:3141:24)
    at async runQualityBenchmark (C:\Users\park\leword-app\test-quality-b
enchmark.ts:44:35)
[MDP-SERP] "프랜차이즈창업" 신호 분석 실패: Error: SERP 접근 실패
    at getNaverSerpSignal (C:\Users\park\leword-app\src\utils\naver-serp-
signal-api.ts:18:33)
    at processTicksAndRejections (node:internal/process/task_queues:105:5
)
    at async Promise.all (index 1)
    at async C:\Users\park\leword-app\src\utils\pro-traffic-keyword-hunte
r.ts:1368:57
    at async Promise.all (index 0)
    at async fetchKeywordDataParallel (C:\Users\park\leword-app\src\utils
\pro-traffic-keyword-hunter.ts:1419:26)
    at async withStepTimeout (C:\Users\park\leword-app\src\utils\pro-traf
fic-keyword-hunter.ts:1882:14)
    at async huntProTrafficKeywords (C:\Users\park\leword-app\src\utils\p
ro-traffic-keyword-hunter.ts:3141:24)
    at async runQualityBenchmark (C:\Users\park\leword-app\test-quality-b
enchmark.ts:44:35)
[MDP-SERP] "창업지원금" 신호 분석 실패: Error: SERP 접근 실패
    at getNaverSerpSignal (C:\Users\park\leword-app\src\utils\naver-serp-
signal-api.ts:18:33)
    at processTicksAndRejections (node:internal/process/task_queues:105:5
)
    at async Promise.all (index 1)
    at async C:\Users\park\leword-app\src\utils\pro-traffic-keyword-hunte
r.ts:1368:57
    at async Promise.all (index 2)
    at async fetchKeywordDataParallel (C:\Users\park\leword-app\src\utils
\pro-traffic-keyword-hunter.ts:1419:26)
    at async withStepTimeout (C:\Users\park\leword-app\src\utils\pro-traf
fic-keyword-hunter.ts:1882:14)
    at async huntProTrafficKeywords (C:\Users\park\leword-app\src\utils\p
ro-traffic-keyword-hunter.ts:3141:24)
    at async runQualityBenchmark (C:\Users\park\leword-app\test-quality-b
enchmark.ts:44:35)
[MDP-SERP] "매일경제신문구독" 신호 분석 실패: Error: SERP 접근 실패
    at getNaverSerpSignal (C:\Users\park\leword-app\src\utils\naver-serp-
signal-api.ts:18:33)
    at processTicksAndRejections (node:internal/process/task_queues:105:5
)
    at async Promise.all (index 1)
    at async C:\Users\park\leword-app\src\utils\pro-traffic-keyword-hunte
r.ts:1368:57
    at async Promise.all (index 1)
    at async fetchKeywordDataParallel (C:\Users\park\leword-app\src\utils
\pro-traffic-keyword-hunter.ts:1419:26)
    at async withStepTimeout (C:\Users\park\leword-app\src\utils\pro-traf
fic-keyword-hunter.ts:1882:14)
    at async huntProTrafficKeywords (C:\Users\park\leword-app\src\utils\p
ro-traffic-keyword-hunter.ts:3141:24)
    at async runQualityBenchmark (C:\Users\park\leword-app\test-quality-b
enchmark.ts:44:35)
[API-PARALLEL] 📊 배치 5/10 (50%) - 5개 키워드
[MDP-SERP] "창업박람회" 신호 분석 실패: Error: SERP 접근 실패
    at getNaverSerpSignal (C:\Users\park\leword-app\src\utils\naver-serp-
signal-api.ts:18:33)
    at processTicksAndRejections (node:internal/process/task_queues:105:5
)
    at async Promise.all (index 1)
    at async C:\Users\park\leword-app\src\utils\pro-traffic-keyword-hunte
r.ts:1368:57
    at async Promise.all (index 1)
    at async fetchKeywordDataParallel (C:\Users\park\leword-app\src\utils
\pro-traffic-keyword-hunter.ts:1419:26)
    at async withStepTimeout (C:\Users\park\leword-app\src\utils\pro-traf
fic-keyword-hunter.ts:1882:14)
    at async huntProTrafficKeywords (C:\Users\park\leword-app\src\utils\p
ro-traffic-keyword-hunter.ts:3141:24)
    at async runQualityBenchmark (C:\Users\park\leword-app\test-quality-b
enchmark.ts:44:35)
[MDP-SERP] "경제신문" 신호 분석 실패: Error: SERP 접근 실패
    at getNaverSerpSignal (C:\Users\park\leword-app\src\utils\naver-serp-
signal-api.ts:18:33)
    at processTicksAndRejections (node:internal/process/task_queues:105:5
)
    at async Promise.all (index 1)
    at async C:\Users\park\leword-app\src\utils\pro-traffic-keyword-hunte
r.ts:1368:57
    at async Promise.all (index 2)
    at async fetchKeywordDataParallel (C:\Users\park\leword-app\src\utils
\pro-traffic-keyword-hunter.ts:1419:26)
    at async withStepTimeout (C:\Users\park\leword-app\src\utils\pro-traf
fic-keyword-hunter.ts:1882:14)
    at async huntProTrafficKeywords (C:\Users\park\leword-app\src\utils\p
ro-traffic-keyword-hunter.ts:3141:24)
    at async runQualityBenchmark (C:\Users\park\leword-app\test-quality-b
enchmark.ts:44:35)
[MDP-SERP] "초기창업패키지" 신호 분석 실패: Error: SERP 접근 실패
    at getNaverSerpSignal (C:\Users\park\leword-app\src\utils\naver-serp-
signal-api.ts:18:33)
    at processTicksAndRejections (node:internal/process/task_queues:105:5
)
    at async Promise.all (index 1)
    at async C:\Users\park\leword-app\src\utils\pro-traffic-keyword-hunte
r.ts:1368:57
    at async Promise.all (index 4)
    at async fetchKeywordDataParallel (C:\Users\park\leword-app\src\utils
\pro-traffic-keyword-hunter.ts:1419:26)
    at async withStepTimeout (C:\Users\park\leword-app\src\utils\pro-traf
fic-keyword-hunter.ts:1882:14)
    at async huntProTrafficKeywords (C:\Users\park\leword-app\src\utils\p
ro-traffic-keyword-hunter.ts:3141:24)
    at async runQualityBenchmark (C:\Users\park\leword-app\test-quality-b
enchmark.ts:44:35)
[MDP-SERP] "청년창업" 신호 분석 실패: Error: SERP 접근 실패
    at getNaverSerpSignal (C:\Users\park\leword-app\src\utils\naver-serp-
signal-api.ts:18:33)
    at processTicksAndRejections (node:internal/process/task_queues:105:5
)
    at async Promise.all (index 1)
    at async C:\Users\park\leword-app\src\utils\pro-traffic-keyword-hunte
r.ts:1368:57
    at async Promise.all (index 3)
    at async fetchKeywordDataParallel (C:\Users\park\leword-app\src\utils
\pro-traffic-keyword-hunter.ts:1419:26)
    at async withStepTimeout (C:\Users\park\leword-app\src\utils\pro-traf
fic-keyword-hunter.ts:1882:14)
    at async huntProTrafficKeywords (C:\Users\park\leword-app\src\utils\p
ro-traffic-keyword-hunter.ts:3141:24)
    at async runQualityBenchmark (C:\Users\park\leword-app\test-quality-b
enchmark.ts:44:35)
[MDP-SERP] "종합소득세세율" 신호 분석 실패: Error: SERP 접근 실패
    at getNaverSerpSignal (C:\Users\park\leword-app\src\utils\naver-serp-
signal-api.ts:18:33)
    at processTicksAndRejections (node:internal/process/task_queues:105:5
)
    at async Promise.all (index 1)
    at async C:\Users\park\leword-app\src\utils\pro-traffic-keyword-hunte
r.ts:1368:57
    at async Promise.all (index 0)
    at async fetchKeywordDataParallel (C:\Users\park\leword-app\src\utils
\pro-traffic-keyword-hunter.ts:1419:26)
    at async withStepTimeout (C:\Users\park\leword-app\src\utils\pro-traf
fic-keyword-hunter.ts:1882:14)
    at async huntProTrafficKeywords (C:\Users\park\leword-app\src\utils\p
ro-traffic-keyword-hunter.ts:3141:24)
    at async runQualityBenchmark (C:\Users\park\leword-app\test-quality-b
enchmark.ts:44:35)
[API-PARALLEL] 📊 배치 6/10 (60%) - 5개 키워드
[MDP-SERP] "미국주식세금" 신호 분석 실패: Error: SERP 접근 실패
    at getNaverSerpSignal (C:\Users\park\leword-app\src\utils\naver-serp-
signal-api.ts:18:33)
    at processTicksAndRejections (node:internal/process/task_queues:105:5
)
    at async Promise.all (index 1)
    at async C:\Users\park\leword-app\src\utils\pro-traffic-keyword-hunte
r.ts:1368:57
    at async Promise.all (index 3)
    at async fetchKeywordDataParallel (C:\Users\park\leword-app\src\utils
\pro-traffic-keyword-hunter.ts:1419:26)
    at async withStepTimeout (C:\Users\park\leword-app\src\utils\pro-traf
fic-keyword-hunter.ts:1882:14)
    at async huntProTrafficKeywords (C:\Users\park\leword-app\src\utils\p
ro-traffic-keyword-hunter.ts:3141:24)
    at async runQualityBenchmark (C:\Users\park\leword-app\test-quality-b
enchmark.ts:44:35)
[MDP-SERP] "로또세금" 신호 분석 실패: Error: SERP 접근 실패
    at getNaverSerpSignal (C:\Users\park\leword-app\src\utils\naver-serp-
signal-api.ts:18:33)
    at processTicksAndRejections (node:internal/process/task_queues:105:5
)
    at async Promise.all (index 1)
    at async C:\Users\park\leword-app\src\utils\pro-traffic-keyword-hunte
r.ts:1368:57
    at async Promise.all (index 1)
    at async fetchKeywordDataParallel (C:\Users\park\leword-app\src\utils
\pro-traffic-keyword-hunter.ts:1419:26)
    at async withStepTimeout (C:\Users\park\leword-app\src\utils\pro-traf
fic-keyword-hunter.ts:1882:14)
    at async huntProTrafficKeywords (C:\Users\park\leword-app\src\utils\p
ro-traffic-keyword-hunter.ts:3141:24)
    at async runQualityBenchmark (C:\Users\park\leword-app\test-quality-b
enchmark.ts:44:35)
[MDP-SERP] "근로소득원천징수영수증" 신호 분석 실패: Error: SERP 접근 실패
    at getNaverSerpSignal (C:\Users\park\leword-app\src\utils\naver-serp-
signal-api.ts:18:33)
    at processTicksAndRejections (node:internal/process/task_queues:105:5
)
    at async Promise.all (index 1)
    at async C:\Users\park\leword-app\src\utils\pro-traffic-keyword-hunte
r.ts:1368:57
    at async Promise.all (index 0)
    at async fetchKeywordDataParallel (C:\Users\park\leword-app\src\utils
\pro-traffic-keyword-hunter.ts:1419:26)
    at async withStepTimeout (C:\Users\park\leword-app\src\utils\pro-traf
fic-keyword-hunter.ts:1882:14)
    at async huntProTrafficKeywords (C:\Users\park\leword-app\src\utils\p
ro-traffic-keyword-hunter.ts:3141:24)
    at async runQualityBenchmark (C:\Users\park\leword-app\test-quality-b
enchmark.ts:44:35)
[MDP-SERP] "종합소득세신고" 신호 분석 실패: Error: SERP 접근 실패
    at getNaverSerpSignal (C:\Users\park\leword-app\src\utils\naver-serp-
signal-api.ts:18:33)
    at processTicksAndRejections (node:internal/process/task_queues:105:5
)
    at async Promise.all (index 1)
    at async C:\Users\park\leword-app\src\utils\pro-traffic-keyword-hunte
r.ts:1368:57
    at async Promise.all (index 2)
    at async fetchKeywordDataParallel (C:\Users\park\leword-app\src\utils
\pro-traffic-keyword-hunter.ts:1419:26)
    at async withStepTimeout (C:\Users\park\leword-app\src\utils\pro-traf
fic-keyword-hunter.ts:1882:14)
    at async huntProTrafficKeywords (C:\Users\park\leword-app\src\utils\p
ro-traffic-keyword-hunter.ts:3141:24)
    at async runQualityBenchmark (C:\Users\park\leword-app\test-quality-b
enchmark.ts:44:35)
[MDP-SERP] "연말정산서류" 신호 분석 실패: Error: SERP 접근 실패
    at getNaverSerpSignal (C:\Users\park\leword-app\src\utils\naver-serp-
signal-api.ts:18:33)
    at processTicksAndRejections (node:internal/process/task_queues:105:5
)
    at async Promise.all (index 1)
    at async C:\Users\park\leword-app\src\utils\pro-traffic-keyword-hunte
r.ts:1368:57
    at async Promise.all (index 4)
    at async fetchKeywordDataParallel (C:\Users\park\leword-app\src\utils
\pro-traffic-keyword-hunter.ts:1419:26)
    at async withStepTimeout (C:\Users\park\leword-app\src\utils\pro-traf
fic-keyword-hunter.ts:1882:14)
    at async huntProTrafficKeywords (C:\Users\park\leword-app\src\utils\p
ro-traffic-keyword-hunter.ts:3141:24)
    at async runQualityBenchmark (C:\Users\park\leword-app\test-quality-b
enchmark.ts:44:35)
[API-PARALLEL] 📊 배치 7/10 (70%) - 5개 키워드
[MDP-SERP] "매일경제구독" 신호 분석 실패: Error: SERP 접근 실패
    at getNaverSerpSignal (C:\Users\park\leword-app\src\utils\naver-serp-
signal-api.ts:18:33)
    at processTicksAndRejections (node:internal/process/task_queues:105:5
)
    at async Promise.all (index 1)
    at async C:\Users\park\leword-app\src\utils\pro-traffic-keyword-hunte
r.ts:1368:57
    at async Promise.all (index 0)
    at async fetchKeywordDataParallel (C:\Users\park\leword-app\src\utils
\pro-traffic-keyword-hunter.ts:1419:26)
    at async withStepTimeout (C:\Users\park\leword-app\src\utils\pro-traf
fic-keyword-hunter.ts:1882:14)
    at async huntProTrafficKeywords (C:\Users\park\leword-app\src\utils\p
ro-traffic-keyword-hunter.ts:3141:24)
    at async runQualityBenchmark (C:\Users\park\leword-app\test-quality-b
enchmark.ts:44:35)
[MDP-SERP] "경남농협, 경상국립대학교에 대학발전지원금 1000만원 전달 - 농민신문" 신호 분석 실패: Error: SER
P 접근 실패
    at getNaverSerpSignal (C:\Users\park\leword-app\src\utils\naver-serp-
signal-api.ts:18:33)
    at processTicksAndRejections (node:internal/process/task_queues:105:5
)
    at async Promise.all (index 1)
    at async C:\Users\park\leword-app\src\utils\pro-traffic-keyword-hunte
r.ts:1368:57
    at async Promise.all (index 4)
    at async fetchKeywordDataParallel (C:\Users\park\leword-app\src\utils
\pro-traffic-keyword-hunter.ts:1419:26)
    at async withStepTimeout (C:\Users\park\leword-app\src\utils\pro-traf
fic-keyword-hunter.ts:1882:14)
    at async huntProTrafficKeywords (C:\Users\park\leword-app\src\utils\p
ro-traffic-keyword-hunter.ts:3141:24)
    at async runQualityBenchmark (C:\Users\park\leword-app\test-quality-b
enchmark.ts:44:35)
[MDP-SERP] "‘인구 역전 위기감’ 해운대구, 새해부터 ‘모든 출생아’에게 출산지원금 - v.daum.net" 신호 분석 실
패: Error: SERP 접근 실패
    at getNaverSerpSignal (C:\Users\park\leword-app\src\utils\naver-serp-
signal-api.ts:18:33)
    at processTicksAndRejections (node:internal/process/task_queues:105:5
)
    at async Promise.all (index 1)
    at async C:\Users\park\leword-app\src\utils\pro-traffic-keyword-hunte
r.ts:1368:57
    at async Promise.all (index 3)
    at async fetchKeywordDataParallel (C:\Users\park\leword-app\src\utils
\pro-traffic-keyword-hunter.ts:1419:26)
    at async withStepTimeout (C:\Users\park\leword-app\src\utils\pro-traf
fic-keyword-hunter.ts:1882:14)
    at async huntProTrafficKeywords (C:\Users\park\leword-app\src\utils\p
ro-traffic-keyword-hunter.ts:3141:24)
    at async runQualityBenchmark (C:\Users\park\leword-app\test-quality-b
enchmark.ts:44:35)
[MDP-SERP] "트럼프 정부, ‘복지 스캔들’ 미네소타에 최대 2680억원 보육 지원금 지급 중단 - 조선일보" 신호 분석 실
패: Error: SERP 접근 실패
    at getNaverSerpSignal (C:\Users\park\leword-app\src\utils\naver-serp-
signal-api.ts:18:33)
    at processTicksAndRejections (node:internal/process/task_queues:105:5
)
    at async Promise.all (index 1)
    at async C:\Users\park\leword-app\src\utils\pro-traffic-keyword-hunte
r.ts:1368:57
    at async Promise.all (index 2)
    at async fetchKeywordDataParallel (C:\Users\park\leword-app\src\utils
\pro-traffic-keyword-hunter.ts:1419:26)
    at async withStepTimeout (C:\Users\park\leword-app\src\utils\pro-traf
fic-keyword-hunter.ts:1882:14)
    at async huntProTrafficKeywords (C:\Users\park\leword-app\src\utils\p
ro-traffic-keyword-hunter.ts:3141:24)
    at async runQualityBenchmark (C:\Users\park\leword-app\test-quality-b
enchmark.ts:44:35)
[MDP-SERP] "연말정산서류양식" 신호 분석 실패: Error: SERP 접근 실패
    at getNaverSerpSignal (C:\Users\park\leword-app\src\utils\naver-serp-
signal-api.ts:18:33)
    at processTicksAndRejections (node:internal/process/task_queues:105:5
)
    at async Promise.all (index 1)
    at async C:\Users\park\leword-app\src\utils\pro-traffic-keyword-hunte
r.ts:1368:57
    at async Promise.all (index 1)
    at async fetchKeywordDataParallel (C:\Users\park\leword-app\src\utils
\pro-traffic-keyword-hunter.ts:1419:26)
    at async withStepTimeout (C:\Users\park\leword-app\src\utils\pro-traf
fic-keyword-hunter.ts:1882:14)
    at async huntProTrafficKeywords (C:\Users\park\leword-app\src\utils\p
ro-traffic-keyword-hunter.ts:3141:24)
    at async runQualityBenchmark (C:\Users\park\leword-app\test-quality-b
enchmark.ts:44:35)
[API-PARALLEL] 📊 배치 8/10 (80%) - 5개 키워드
[MDP-SERP] "정산서양식" 신호 분석 실패: Error: SERP 접근 실패
    at getNaverSerpSignal (C:\Users\park\leword-app\src\utils\naver-serp-
signal-api.ts:18:33)
    at processTicksAndRejections (node:internal/process/task_queues:105:5
)
    at async Promise.all (index 1)
    at async C:\Users\park\leword-app\src\utils\pro-traffic-keyword-hunte
r.ts:1368:57
    at async Promise.all (index 0)
    at async fetchKeywordDataParallel (C:\Users\park\leword-app\src\utils
\pro-traffic-keyword-hunter.ts:1419:26)
    at async withStepTimeout (C:\Users\park\leword-app\src\utils\pro-traf
fic-keyword-hunter.ts:1882:14)
    at async huntProTrafficKeywords (C:\Users\park\leword-app\src\utils\p
ro-traffic-keyword-hunter.ts:3141:24)
    at async runQualityBenchmark (C:\Users\park\leword-app\test-quality-b
enchmark.ts:44:35)
[MDP-SERP] "회식비정산서" 신호 분석 실패: Error: SERP 접근 실패
    at getNaverSerpSignal (C:\Users\park\leword-app\src\utils\naver-serp-
signal-api.ts:18:33)
    at processTicksAndRejections (node:internal/process/task_queues:105:5
)
    at async Promise.all (index 1)
    at async C:\Users\park\leword-app\src\utils\pro-traffic-keyword-hunte
r.ts:1368:57
    at async Promise.all (index 1)
    at async fetchKeywordDataParallel (C:\Users\park\leword-app\src\utils
\pro-traffic-keyword-hunter.ts:1419:26)
    at async withStepTimeout (C:\Users\park\leword-app\src\utils\pro-traf
fic-keyword-hunter.ts:1882:14)
    at async huntProTrafficKeywords (C:\Users\park\leword-app\src\utils\p
ro-traffic-keyword-hunter.ts:3141:24)
    at async runQualityBenchmark (C:\Users\park\leword-app\test-quality-b
enchmark.ts:44:35)
[MDP-SERP] "선급금정산서" 신호 분석 실패: Error: SERP 접근 실패
    at getNaverSerpSignal (C:\Users\park\leword-app\src\utils\naver-serp-
signal-api.ts:18:33)
    at processTicksAndRejections (node:internal/process/task_queues:105:5
)
    at async Promise.all (index 1)
    at async C:\Users\park\leword-app\src\utils\pro-traffic-keyword-hunte
r.ts:1368:57
    at async Promise.all (index 2)
    at async fetchKeywordDataParallel (C:\Users\park\leword-app\src\utils
\pro-traffic-keyword-hunter.ts:1419:26)
    at async withStepTimeout (C:\Users\park\leword-app\src\utils\pro-traf
fic-keyword-hunter.ts:1882:14)
    at async huntProTrafficKeywords (C:\Users\park\leword-app\src\utils\p
ro-traffic-keyword-hunter.ts:3141:24)
    at async runQualityBenchmark (C:\Users\park\leword-app\test-quality-b
enchmark.ts:44:35)
[MDP-SERP] "공사비정산서" 신호 분석 실패: Error: SERP 접근 실패
    at getNaverSerpSignal (C:\Users\park\leword-app\src\utils\naver-serp-
signal-api.ts:18:33)
    at processTicksAndRejections (node:internal/process/task_queues:105:5
)
    at async Promise.all (index 1)
    at async C:\Users\park\leword-app\src\utils\pro-traffic-keyword-hunte
r.ts:1368:57
    at async Promise.all (index 4)
    at async fetchKeywordDataParallel (C:\Users\park\leword-app\src\utils
\pro-traffic-keyword-hunter.ts:1419:26)
    at async withStepTimeout (C:\Users\park\leword-app\src\utils\pro-traf
fic-keyword-hunter.ts:1882:14)
    at async huntProTrafficKeywords (C:\Users\park\leword-app\src\utils\p
ro-traffic-keyword-hunter.ts:3141:24)
    at async runQualityBenchmark (C:\Users\park\leword-app\test-quality-b
enchmark.ts:44:35)
[MDP-SERP] "2026 지원금" 신호 분석 실패: Error: SERP 접근 실패
    at getNaverSerpSignal (C:\Users\park\leword-app\src\utils\naver-serp-
signal-api.ts:18:33)
    at processTicksAndRejections (node:internal/process/task_queues:105:5
)
    at async Promise.all (index 1)
    at async C:\Users\park\leword-app\src\utils\pro-traffic-keyword-hunte
r.ts:1368:57
    at async Promise.all (index 3)
    at async fetchKeywordDataParallel (C:\Users\park\leword-app\src\utils
\pro-traffic-keyword-hunter.ts:1419:26)
    at async withStepTimeout (C:\Users\park\leword-app\src\utils\pro-traf
fic-keyword-hunter.ts:1882:14)
    at async huntProTrafficKeywords (C:\Users\park\leword-app\src\utils\p
ro-traffic-keyword-hunter.ts:3141:24)
    at async runQualityBenchmark (C:\Users\park\leword-app\test-quality-b
enchmark.ts:44:35)
[API-PARALLEL] 📊 배치 9/10 (90%) - 5개 키워드
[MDP-SERP] "2025 연말정산" 신호 분석 실패: Error: SERP 접근 실패
    at getNaverSerpSignal (C:\Users\park\leword-app\src\utils\naver-serp-
signal-api.ts:18:33)
    at processTicksAndRejections (node:internal/process/task_queues:105:5
)
    at async Promise.all (index 1)
    at async C:\Users\park\leword-app\src\utils\pro-traffic-keyword-hunte
r.ts:1368:57
    at async Promise.all (index 0)
    at async fetchKeywordDataParallel (C:\Users\park\leword-app\src\utils
\pro-traffic-keyword-hunter.ts:1419:26)
    at async withStepTimeout (C:\Users\park\leword-app\src\utils\pro-traf
fic-keyword-hunter.ts:1882:14)
    at async huntProTrafficKeywords (C:\Users\park\leword-app\src\utils\p
ro-traffic-keyword-hunter.ts:3141:24)
    at async runQualityBenchmark (C:\Users\park\leword-app\test-quality-b
enchmark.ts:44:35)
[MDP-SERP] "연말정산 2025년" 신호 분석 실패: Error: SERP 접근 실패
    at getNaverSerpSignal (C:\Users\park\leword-app\src\utils\naver-serp-
signal-api.ts:18:33)
    at processTicksAndRejections (node:internal/process/task_queues:105:5
)
    at async Promise.all (index 1)
    at async C:\Users\park\leword-app\src\utils\pro-traffic-keyword-hunte
r.ts:1368:57
    at async Promise.all (index 2)
    at async fetchKeywordDataParallel (C:\Users\park\leword-app\src\utils
\pro-traffic-keyword-hunter.ts:1419:26)
    at async withStepTimeout (C:\Users\park\leword-app\src\utils\pro-traf
fic-keyword-hunter.ts:1882:14)
    at async huntProTrafficKeywords (C:\Users\park\leword-app\src\utils\p
ro-traffic-keyword-hunter.ts:3141:24)
    at async runQualityBenchmark (C:\Users\park\leword-app\test-quality-b
enchmark.ts:44:35)
[MDP-SERP] "공사정산서" 신호 분석 실패: Error: SERP 접근 실패
    at getNaverSerpSignal (C:\Users\park\leword-app\src\utils\naver-serp-
signal-api.ts:18:33)
    at processTicksAndRejections (node:internal/process/task_queues:105:5
)
    at async Promise.all (index 1)
    at async C:\Users\park\leword-app\src\utils\pro-traffic-keyword-hunte
r.ts:1368:57
    at async Promise.all (index 3)
    at async fetchKeywordDataParallel (C:\Users\park\leword-app\src\utils
\pro-traffic-keyword-hunter.ts:1419:26)
    at async withStepTimeout (C:\Users\park\leword-app\src\utils\pro-traf
fic-keyword-hunter.ts:1882:14)
    at async huntProTrafficKeywords (C:\Users\park\leword-app\src\utils\p
ro-traffic-keyword-hunter.ts:3141:24)
    at async runQualityBenchmark (C:\Users\park\leword-app\test-quality-b
enchmark.ts:44:35)
[MDP-SERP] "연말정산서식" 신호 분석 실패: Error: SERP 접근 실패
    at getNaverSerpSignal (C:\Users\park\leword-app\src\utils\naver-serp-
signal-api.ts:18:33)
    at processTicksAndRejections (node:internal/process/task_queues:105:5
)
    at async Promise.all (index 1)
    at async C:\Users\park\leword-app\src\utils\pro-traffic-keyword-hunte
r.ts:1368:57
    at async Promise.all (index 4)
    at async fetchKeywordDataParallel (C:\Users\park\leword-app\src\utils
\pro-traffic-keyword-hunter.ts:1419:26)
    at async withStepTimeout (C:\Users\park\leword-app\src\utils\pro-traf
fic-keyword-hunter.ts:1882:14)
    at async huntProTrafficKeywords (C:\Users\park\leword-app\src\utils\p
ro-traffic-keyword-hunter.ts:3141:24)
    at async runQualityBenchmark (C:\Users\park\leword-app\test-quality-b
enchmark.ts:44:35)
[MDP-SERP] "2025년 연말정산" 신호 분석 실패: Error: SERP 접근 실패
    at getNaverSerpSignal (C:\Users\park\leword-app\src\utils\naver-serp-
signal-api.ts:18:33)
    at processTicksAndRejections (node:internal/process/task_queues:105:5
)
    at async Promise.all (index 1)
    at async C:\Users\park\leword-app\src\utils\pro-traffic-keyword-hunte
r.ts:1368:57
    at async Promise.all (index 1)
    at async fetchKeywordDataParallel (C:\Users\park\leword-app\src\utils
\pro-traffic-keyword-hunter.ts:1419:26)
    at async withStepTimeout (C:\Users\park\leword-app\src\utils\pro-traf
fic-keyword-hunter.ts:1882:14)
    at async huntProTrafficKeywords (C:\Users\park\leword-app\src\utils\p
ro-traffic-keyword-hunter.ts:3141:24)
    at async runQualityBenchmark (C:\Users\park\leword-app\test-quality-b
enchmark.ts:44:35)
[API-PARALLEL] 📊 배치 10/10 (100%) - 4개 키워드
[MDP-SERP] "2025 청년지원금" 신호 분석 실패: Error: SERP 접근 실패
    at getNaverSerpSignal (C:\Users\park\leword-app\src\utils\naver-serp-
signal-api.ts:18:33)
    at processTicksAndRejections (node:internal/process/task_queues:105:5
)
    at async Promise.all (index 1)
    at async C:\Users\park\leword-app\src\utils\pro-traffic-keyword-hunte
r.ts:1368:57
    at async Promise.all (index 0)
    at async fetchKeywordDataParallel (C:\Users\park\leword-app\src\utils
\pro-traffic-keyword-hunter.ts:1419:26)
    at async withStepTimeout (C:\Users\park\leword-app\src\utils\pro-traf
fic-keyword-hunter.ts:1882:14)
    at async huntProTrafficKeywords (C:\Users\park\leword-app\src\utils\p
ro-traffic-keyword-hunter.ts:3141:24)
    at async runQualityBenchmark (C:\Users\park\leword-app\test-quality-b
enchmark.ts:44:35)
[MDP-SERP] "정산서" 신호 분석 실패: Error: SERP 접근 실패
    at getNaverSerpSignal (C:\Users\park\leword-app\src\utils\naver-serp-
signal-api.ts:18:33)
    at processTicksAndRejections (node:internal/process/task_queues:105:5
)
    at async Promise.all (index 1)
    at async C:\Users\park\leword-app\src\utils\pro-traffic-keyword-hunte
r.ts:1368:57
    at async Promise.all (index 3)
    at async fetchKeywordDataParallel (C:\Users\park\leword-app\src\utils
\pro-traffic-keyword-hunter.ts:1419:26)
    at async withStepTimeout (C:\Users\park\leword-app\src\utils\pro-traf
fic-keyword-hunter.ts:1882:14)
    at async huntProTrafficKeywords (C:\Users\park\leword-app\src\utils\p
ro-traffic-keyword-hunter.ts:3141:24)
    at async runQualityBenchmark (C:\Users\park\leword-app\test-quality-b
enchmark.ts:44:35)
[MDP-SERP] "12월 지원금 신청" 신호 분석 실패: Error: SERP 접근 실패
    at getNaverSerpSignal (C:\Users\park\leword-app\src\utils\naver-serp-
signal-api.ts:18:33)
    at processTicksAndRejections (node:internal/process/task_queues:105:5
)
    at async Promise.all (index 1)
    at async C:\Users\park\leword-app\src\utils\pro-traffic-keyword-hunte
r.ts:1368:57
    at async Promise.all (index 2)
    at async fetchKeywordDataParallel (C:\Users\park\leword-app\src\utils
\pro-traffic-keyword-hunter.ts:1419:26)
    at async withStepTimeout (C:\Users\park\leword-app\src\utils\pro-traf
fic-keyword-hunter.ts:1882:14)
    at async huntProTrafficKeywords (C:\Users\park\leword-app\src\utils\p
ro-traffic-keyword-hunter.ts:3141:24)
    at async runQualityBenchmark (C:\Users\park\leword-app\test-quality-b
enchmark.ts:44:35)
[MDP-SERP] "퇴직금정산서식" 신호 분석 실패: Error: SERP 접근 실패
    at getNaverSerpSignal (C:\Users\park\leword-app\src\utils\naver-serp-
signal-api.ts:18:33)
    at processTicksAndRejections (node:internal/process/task_queues:105:5
)
    at async Promise.all (index 1)
    at async C:\Users\park\leword-app\src\utils\pro-traffic-keyword-hunte
r.ts:1368:57
    at async Promise.all (index 1)
    at async fetchKeywordDataParallel (C:\Users\park\leword-app\src\utils
\pro-traffic-keyword-hunter.ts:1419:26)
    at async withStepTimeout (C:\Users\park\leword-app\src\utils\pro-traf
fic-keyword-hunter.ts:1882:14)
    at async huntProTrafficKeywords (C:\Users\park\leword-app\src\utils\p
ro-traffic-keyword-hunter.ts:3141:24)
    at async runQualityBenchmark (C:\Users\park\leword-app\test-quality-b
enchmark.ts:44:35)
[API-PARALLEL] ✅ 완료! 9.2초 소요
[API-PARALLEL] 📊 결과: 성공 49개, 실패 0개
[API-PARALLEL] 📊 블로그 API: 49/53 성공
[API-PARALLEL] 📊 검색광고 API: 0/0 성공
[API-PARALLEL] 🔄 총 재시도: 4회
[PRO-TRAFFIC] ❌ 레드오션 제외: "주식" (문서수=13019771)
[PRO-TRAFFIC] ✅ "연말정산모의계산": 검색량=44700, 문서수=7302, 비율=6.12, 등급=SSS
[CHROME] ✅ Puppeteer Chromium 발견: C:\Users\박성현\.cache\puppeteer\chrome\win64-121.0.6167.85\chrome-win64\chrome.exe
[PRO-TRAFFIC] ❌ 레드오션 제외: "연말정산하는법" (문서수=151281)
[PRO-TRAFFIC] ❌ 레드오션 제외: "매일경제신문" (문서수=304265)
[PRO-TRAFFIC] ✅ "연말정산간소화서비스": 검색량=21910, 문서수=79804, 비율=0.27, 등급=B
[PRO-TRAFFIC] ❌ 레드오션 제외: "연말정산소득공제" (문서수=358367)
[PRO-TRAFFIC] ❌ 레드오션 제외: "창업" (문서수=8332160)
[PRO-TRAFFIC] ❌ 레드오션 제외: "재테크" (문서수=3117806)
[PRO-TRAFFIC] ❌ 레드오션 제외: "경제" (문서수=22095079)
[PRO-TRAFFIC] ✅ "연말정산간소화": 검색량=16480, 문서수=100285, 비율=0.16, 등급=B
[PRO-TRAFFIC] ❌ 레드오션 제외: "무인창업" (문서수=278369)
[PRO-TRAFFIC] ❌ 레드오션 제외: "주식분석" (문서수=2812715)
[PRO-TRAFFIC] ❌ 레드오션 제외: "소자본창업" (문서수=504617)
[PRO-TRAFFIC] ❌ 레드오션 제외: "소상공인" (문서수=2106736)
[PRO-TRAFFIC] ❌ 레드오션 제외: "투자" (문서수=31290689)
[PRO-TRAFFIC] ❌ 레드오션 제외: "프랜차이즈창업" (문서수=907991)
[PRO-TRAFFIC] ✅ "매일경제신문구독": 검색량=6160, 문서수=24269, 비율=0.25, 등급=B
[PRO-TRAFFIC] ❌ 레드오션 제외: "창업지원금" (문서수=289262)
[PRO-TRAFFIC] ❌ 레드오션 제외: "창업대출" (문서수=463996)
[PRO-TRAFFIC] ❌ 레드오션 제외: "종합소득세율" (문서수=219163)
[PRO-TRAFFIC] ❌ 레드오션 제외: "종합소득세세율" (문서수=239660)
[PRO-TRAFFIC] ❌ 레드오션 제외: "창업박람회" (문서수=205722)
[PRO-TRAFFIC] ❌ 레드오션 제외: "경제신문" (문서수=2076275)
[PRO-TRAFFIC] ❌ 레드오션 제외: "청년창업" (문서수=380671)
[PRO-TRAFFIC] ✅ "초기창업패키지": 검색량=3480, 문서수=59869, 비율=0.06, 등급=B
[PRO-TRAFFIC] ❌ 레드오션 제외: "근로소득원천징수영수증" (문서수=168277)
[PRO-TRAFFIC] ✅ "로또세금": 검색량=13640, 문서수=81326, 비율=0.17, 등급=B
[PRO-TRAFFIC] ❌ 레드오션 제외: "종합소득세신고" (문서수=528828)
[PRO-TRAFFIC] ❌ 레드오션 제외: "미국주식세금" (문서수=331775)
[PRO-TRAFFIC] ❌ 레드오션 제외: "연말정산서류" (문서수=185605)
[PRO-TRAFFIC] ✅ "매일경제구독": 검색량=1800, 문서수=37968, 비율=0.05, 등급=B
[PRO-TRAFFIC] ⚠️ 검색량 미확정(폴백 후보 유지): "연말정산서류양식" (검색량=0, 문서수=7989)
[PRO-TRAFFIC] ⚠️ 검색량 미확정(폴백 후보 유지): "트럼프 정부, ‘복지 스캔들’ 미네소타에 최대 2680억원 보육 지원금 지급 중단 - 조선일보" (검색량=0, 문서수=712)
[PRO-TRAFFIC] ⚠️ 검색량 미확정(폴백 후보 유지): "‘인구 역전 위기감’ 해운대구, 새해부터 ‘모든 출생아’에게 출산지원금 - v.daum.net" (검색량=0, 문서수=111)
[PRO-TRAFFIC] ⚠️ 검색량 미확정(폴백 후보 유지): "경남농협, 경상국립대학교에 대학발전지원금 1000만원 전달 - 농민신문" (검색량=0, 문서수=3736)
[PRO-TRAFFIC] ✅ "정산서양식": 검색량=480, 문서수=2085, 비율=0.23, 등급=B
[PRO-TRAFFIC] ⚠️ 검색량 미확정(폴백 후보 유지): "회식비정산서" (검색량=0, 문서수=40)
[PRO-TRAFFIC] ❌ 황금비율 부족: "선급금정산서" (비율=0.17, 검색량=50)
[PRO-TRAFFIC] ⚠️ 검색량 미확정(폴백 후보 유지): "2026 지원금" (검색량=0, 문서수=55420)
[PRO-TRAFFIC] ❌ 황금비율 부족: "공사비정산서" (비율=0.05, 검색량=30)
[PRO-TRAFFIC] ⚠️ 검색량 미확정(폴백 후보 유지): "2025 연말정산" (검색량=0, 문서수=80867)
[PRO-TRAFFIC] ⚠️ 검색량 미확정(폴백 후보 유지): "2025년 연말정산" (검색량=0, 문서수=69189)
[PRO-TRAFFIC] ⚠️ 검색량 미확정(폴백 후보 유지): "연말정산 2025년" (검색량=0, 문서수=69042)
[PRO-TRAFFIC] ❌ 황금비율 부족: "공사정산서" (비율=0.02, 검색량=50)
[PRO-TRAFFIC] ✅ "연말정산서식": 검색량=80, 문서수=13691, 비율=0.01, 등급=B
[PRO-TRAFFIC] ⚠️ 검색량 미확정(폴백 후보 유지): "2025 청년지원금" (검색량=0, 문서수=69619)
[PRO-TRAFFIC] ❌ 황금비율 부족: "퇴직금정산서식" (비율=0.00, 검색량=10)
[PRO-TRAFFIC] ⚠️ 검색량 미확정(폴백 후보 유지): "12월 지원금 신청" (검색량=0, 문서수=159700)
[PRO-TRAFFIC] ✅ "정산서": 검색량=660, 문서수=24041, 비율=0.03, 등급=B
[PRO-TRAFFIC] 📁 카테고리 검증 풀(혼입 금지): business → 10개
[PRO-TRAFFIC] 📁 카테고리 최종 후보(혼입 금지): business → 5개
[PRO-TRAFFIC] ✅ 5개 키워드 분석 완료 (끝판왕 v2.0 포함)
[PRO-TRAFFIC] 🏁 최종 선정: 5개
[PRO-TRAFFIC] 🏆 끝판왕 분석 포함: 5개
[PRO-TRAFFIC] 🏆🏆🏆 5개 황금 키워드 발굴 완료 (실제 API 검증 완료!)
[PRO-TRAFFIC] 💎 블루오션: 3개, 신생적합: 3개
[PRO-TRAFFIC] 📊 TOP 키워드: 연말정산모의계산(44700/7302), 연말정산간소화서비스(21910/79804), 매일경제신문구독(6160/24269)
[NAVER-SMART-BLOCK] API 호출 실패: 429
[NAVER-SMART-BLOCK] 연관 키워드 없음
[NAVER-SMART-BLOCK] API 호출 실패: 429
[NAVER-SMART-BLOCK] 연관 키워드 없음
[NAVER-SMART-BLOCK] API 호출 실패: 429
[NAVER-SMART-BLOCK] 연관 키워드 없음

✅ 테스트 1 완료 (52.4초)
   SSS: 1개 | SS: 0개 | S: 0개
   평균 황금비율: 1.41% | 최대: 6.12%
   🏆 SSS 키워드:
      - 연말정산모의계산 (6.121610517666393%)

⏳ 다음 테스트까지 3초 대기...

============================================================
📊 테스트 2/5 실행 중...
============================================================
[PRO-TRAFFIC] 🏆 PRO 황금키워드 헌팅 시작 - 🔥 실시간 이슈
[PRO-TRAFFIC] 🗑️ 캐시 초기화 완료 - 새로운 키워드 발굴 시작!
[PRO-TRAFFIC] 🔥 실시간 이슈 모드 활성화
[PRO-TRAFFIC] 🌐 다중 소스 키워드 수집 시작...
[PRO-TRAFFIC] 📅 시즌 키워드 30개
[PRO-TRAFFIC] 📰 뉴스 RSS 20개
[PRO-TRAFFIC] 📜 정책 기본키워드 9개
[PRO-TRAFFIC] 🌐 다중 소스 53개 수집!
[PRO-TRAFFIC] 📊 시드 키워드 32개: 2026년 연말정산, 2026년공휴일, 2026년달력, 2026 연말정산, 경남농협, 경상국립대학교에 대학발전지원금 1000만원 전달 - 농민신문...
[PRO-TRAFFIC] 🔥 네이버 검색광고 API로 연관키워드 수집...
[PRO-TRAFFIC] ✅ 검색광고 API에서 721개 연관 키워드 수집
[PRO-TRAFFIC][METRICS] stage=pre_filter category=business mode=realtime seeds=32 allKeywords=748 profitable=69
[PRO-TRAFFIC] 🎯 수익화 의도 키워드 69개 필터링
[PRO-TRAFFIC] 🔍 52개 키워드 API 조회 (캐시 미스)
[API-PARALLEL] 🚀 52개 키워드 병렬 처리 시작
[API-PARALLEL] ⚙️ 설정: 배치=5, 재시도=2회
[API-PARALLEL] 📦 총 11개 배치로 분할
[API-PARALLEL] 📊 배치 1/11 (9%) - 5개 키워드
[MDP-SERP] "경제신문" 신호 분석 실패: Error: SERP 접근 실패
    at getNaverSerpSignal (C:\Users\park\leword-app\src\utils\naver-serp-
signal-api.ts:18:33)
    at processTicksAndRejections (node:internal/process/task_queues:105:5
)
    at async Promise.all (index 1)
    at async C:\Users\park\leword-app\src\utils\pro-traffic-keyword-hunte
r.ts:1368:57
    at async Promise.all (index 3)
    at async fetchKeywordDataParallel (C:\Users\park\leword-app\src\utils
\pro-traffic-keyword-hunter.ts:1419:26)
    at async fetchKeywordDataBatch (C:\Users\park\leword-app\src\utils\pr
o-traffic-keyword-hunter.ts:1500:3)
    at async withStepTimeout (C:\Users\park\leword-app\src\utils\pro-traf
fic-keyword-hunter.ts:1882:14)
    at async huntProTrafficKeywords (C:\Users\park\leword-app\src\utils\p
ro-traffic-keyword-hunter.ts:2851:3)
    at async runQualityBenchmark (C:\Users\park\leword-app\test-quality-b
enchmark.ts:44:35)
[MDP-SERP] "매일경제구독" 신호 분석 실패: Error: SERP 접근 실패
    at getNaverSerpSignal (C:\Users\park\leword-app\src\utils\naver-serp-
signal-api.ts:18:33)
    at processTicksAndRejections (node:internal/process/task_queues:105:5
)
    at async Promise.all (index 1)
    at async C:\Users\park\leword-app\src\utils\pro-traffic-keyword-hunte
r.ts:1368:57
    at async Promise.all (index 4)
    at async fetchKeywordDataParallel (C:\Users\park\leword-app\src\utils
\pro-traffic-keyword-hunter.ts:1419:26)
    at async fetchKeywordDataBatch (C:\Users\park\leword-app\src\utils\pr
o-traffic-keyword-hunter.ts:1500:3)
    at async withStepTimeout (C:\Users\park\leword-app\src\utils\pro-traf
fic-keyword-hunter.ts:1882:14)
    at async huntProTrafficKeywords (C:\Users\park\leword-app\src\utils\p
ro-traffic-keyword-hunter.ts:2851:3)
    at async runQualityBenchmark (C:\Users\park\leword-app\test-quality-b
enchmark.ts:44:35)
[MDP-SERP] "주식분석" 신호 분석 실패: Error: SERP 접근 실패
    at getNaverSerpSignal (C:\Users\park\leword-app\src\utils\naver-serp-
signal-api.ts:18:33)
    at processTicksAndRejections (node:internal/process/task_queues:105:5
)
    at async Promise.all (index 1)
    at async C:\Users\park\leword-app\src\utils\pro-traffic-keyword-hunte
r.ts:1368:57
    at async Promise.all (index 1)
    at async fetchKeywordDataParallel (C:\Users\park\leword-app\src\utils
\pro-traffic-keyword-hunter.ts:1419:26)
    at async fetchKeywordDataBatch (C:\Users\park\leword-app\src\utils\pr
o-traffic-keyword-hunter.ts:1500:3)
    at async withStepTimeout (C:\Users\park\leword-app\src\utils\pro-traf
fic-keyword-hunter.ts:1882:14)
    at async huntProTrafficKeywords (C:\Users\park\leword-app\src\utils\p
ro-traffic-keyword-hunter.ts:2851:3)
    at async runQualityBenchmark (C:\Users\park\leword-app\test-quality-b
enchmark.ts:44:35)
[MDP-SERP] "매일경제신문" 신호 분석 실패: Error: SERP 접근 실패
    at getNaverSerpSignal (C:\Users\park\leword-app\src\utils\naver-serp-
signal-api.ts:18:33)
    at processTicksAndRejections (node:internal/process/task_queues:105:5
)
    at async Promise.all (index 1)
    at async C:\Users\park\leword-app\src\utils\pro-traffic-keyword-hunte
r.ts:1368:57
    at async Promise.all (index 0)
    at async fetchKeywordDataParallel (C:\Users\park\leword-app\src\utils
\pro-traffic-keyword-hunter.ts:1419:26)
    at async fetchKeywordDataBatch (C:\Users\park\leword-app\src\utils\pr
o-traffic-keyword-hunter.ts:1500:3)
    at async withStepTimeout (C:\Users\park\leword-app\src\utils\pro-traf
fic-keyword-hunter.ts:1882:14)
    at async huntProTrafficKeywords (C:\Users\park\leword-app\src\utils\p
ro-traffic-keyword-hunter.ts:2851:3)
    at async runQualityBenchmark (C:\Users\park\leword-app\test-quality-b
enchmark.ts:44:35)
[API-PARALLEL] 📊 배치 2/11 (18%) - 5개 키워드
[MDP-SERP] "무인창업" 신호 분석 실패: Error: SERP 접근 실패
    at getNaverSerpSignal (C:\Users\park\leword-app\src\utils\naver-serp-
signal-api.ts:18:33)
    at processTicksAndRejections (node:internal/process/task_queues:105:5
)
    at async Promise.all (index 1)
    at async C:\Users\park\leword-app\src\utils\pro-traffic-keyword-hunte
r.ts:1368:57
    at async Promise.all (index 3)
    at async fetchKeywordDataParallel (C:\Users\park\leword-app\src\utils
\pro-traffic-keyword-hunter.ts:1419:26)
    at async fetchKeywordDataBatch (C:\Users\park\leword-app\src\utils\pr
o-traffic-keyword-hunter.ts:1500:3)
    at async withStepTimeout (C:\Users\park\leword-app\src\utils\pro-traf
fic-keyword-hunter.ts:1882:14)
    at async huntProTrafficKeywords (C:\Users\park\leword-app\src\utils\p
ro-traffic-keyword-hunter.ts:2851:3)
    at async runQualityBenchmark (C:\Users\park\leword-app\test-quality-b
enchmark.ts:44:35)
[MDP-SERP] "재테크" 신호 분석 실패: Error: SERP 접근 실패
    at getNaverSerpSignal (C:\Users\park\leword-app\src\utils\naver-serp-
signal-api.ts:18:33)
    at processTicksAndRejections (node:internal/process/task_queues:105:5
)
    at async Promise.all (index 1)
    at async C:\Users\park\leword-app\src\utils\pro-traffic-keyword-hunte
r.ts:1368:57
    at async Promise.all (index 2)
    at async fetchKeywordDataParallel (C:\Users\park\leword-app\src\utils
\pro-traffic-keyword-hunter.ts:1419:26)
    at async fetchKeywordDataBatch (C:\Users\park\leword-app\src\utils\pr
o-traffic-keyword-hunter.ts:1500:3)
    at async withStepTimeout (C:\Users\park\leword-app\src\utils\pro-traf
fic-keyword-hunter.ts:1882:14)
    at async huntProTrafficKeywords (C:\Users\park\leword-app\src\utils\p
ro-traffic-keyword-hunter.ts:2851:3)
    at async runQualityBenchmark (C:\Users\park\leword-app\test-quality-b
enchmark.ts:44:35)
[MDP-SERP] "소상공인" 신호 분석 실패: Error: SERP 접근 실패
    at getNaverSerpSignal (C:\Users\park\leword-app\src\utils\naver-serp-
signal-api.ts:18:33)
    at processTicksAndRejections (node:internal/process/task_queues:105:5
)
    at async Promise.all (index 1)
    at async C:\Users\park\leword-app\src\utils\pro-traffic-keyword-hunte
r.ts:1368:57
    at async Promise.all (index 1)
    at async fetchKeywordDataParallel (C:\Users\park\leword-app\src\utils
\pro-traffic-keyword-hunter.ts:1419:26)
    at async fetchKeywordDataBatch (C:\Users\park\leword-app\src\utils\pr
o-traffic-keyword-hunter.ts:1500:3)
    at async withStepTimeout (C:\Users\park\leword-app\src\utils\pro-traf
fic-keyword-hunter.ts:1882:14)
    at async huntProTrafficKeywords (C:\Users\park\leword-app\src\utils\p
ro-traffic-keyword-hunter.ts:2851:3)
    at async runQualityBenchmark (C:\Users\park\leword-app\test-quality-b
enchmark.ts:44:35)
[MDP-SERP] "소자본창업" 신호 분석 실패: Error: SERP 접근 실패
    at getNaverSerpSignal (C:\Users\park\leword-app\src\utils\naver-serp-
signal-api.ts:18:33)
    at processTicksAndRejections (node:internal/process/task_queues:105:5
)
    at async Promise.all (index 1)
    at async C:\Users\park\leword-app\src\utils\pro-traffic-keyword-hunte
r.ts:1368:57
    at async Promise.all (index 4)
    at async fetchKeywordDataParallel (C:\Users\park\leword-app\src\utils
\pro-traffic-keyword-hunter.ts:1419:26)
    at async fetchKeywordDataBatch (C:\Users\park\leword-app\src\utils\pr
o-traffic-keyword-hunter.ts:1500:3)
    at async withStepTimeout (C:\Users\park\leword-app\src\utils\pro-traf
fic-keyword-hunter.ts:1882:14)
    at async huntProTrafficKeywords (C:\Users\park\leword-app\src\utils\p
ro-traffic-keyword-hunter.ts:2851:3)
    at async runQualityBenchmark (C:\Users\park\leword-app\test-quality-b
enchmark.ts:44:35)
[API-PARALLEL] 📊 배치 3/11 (27%) - 5개 키워드
[MDP-SERP] "창업지원금" 신호 분석 실패: Error: SERP 접근 실패
    at getNaverSerpSignal (C:\Users\park\leword-app\src\utils\naver-serp-
signal-api.ts:18:33)
    at processTicksAndRejections (node:internal/process/task_queues:105:5
)
    at async Promise.all (index 1)
    at async C:\Users\park\leword-app\src\utils\pro-traffic-keyword-hunte
r.ts:1368:57
    at async Promise.all (index 0)
    at async fetchKeywordDataParallel (C:\Users\park\leword-app\src\utils
\pro-traffic-keyword-hunter.ts:1419:26)
    at async fetchKeywordDataBatch (C:\Users\park\leword-app\src\utils\pr
o-traffic-keyword-hunter.ts:1500:3)
    at async withStepTimeout (C:\Users\park\leword-app\src\utils\pro-traf
fic-keyword-hunter.ts:1882:14)
    at async huntProTrafficKeywords (C:\Users\park\leword-app\src\utils\p
ro-traffic-keyword-hunter.ts:2851:3)
    at async runQualityBenchmark (C:\Users\park\leword-app\test-quality-b
enchmark.ts:44:35)
[MDP-SERP] "창업박람회" 신호 분석 실패: Error: SERP 접근 실패
    at getNaverSerpSignal (C:\Users\park\leword-app\src\utils\naver-serp-
signal-api.ts:18:33)
    at processTicksAndRejections (node:internal/process/task_queues:105:5
)
    at async Promise.all (index 1)
    at async C:\Users\park\leword-app\src\utils\pro-traffic-keyword-hunte
r.ts:1368:57
    at async Promise.all (index 3)
    at async fetchKeywordDataParallel (C:\Users\park\leword-app\src\utils
\pro-traffic-keyword-hunter.ts:1419:26)
    at async fetchKeywordDataBatch (C:\Users\park\leword-app\src\utils\pr
o-traffic-keyword-hunter.ts:1500:3)
    at async withStepTimeout (C:\Users\park\leword-app\src\utils\pro-traf
fic-keyword-hunter.ts:1882:14)
    at async huntProTrafficKeywords (C:\Users\park\leword-app\src\utils\p
ro-traffic-keyword-hunter.ts:2851:3)
    at async runQualityBenchmark (C:\Users\park\leword-app\test-quality-b
enchmark.ts:44:35)
[MDP-SERP] "창업대출" 신호 분석 실패: Error: SERP 접근 실패
    at getNaverSerpSignal (C:\Users\park\leword-app\src\utils\naver-serp-
signal-api.ts:18:33)
    at processTicksAndRejections (node:internal/process/task_queues:105:5
)
    at async Promise.all (index 1)
    at async C:\Users\park\leword-app\src\utils\pro-traffic-keyword-hunte
r.ts:1368:57
    at async Promise.all (index 1)
    at async fetchKeywordDataParallel (C:\Users\park\leword-app\src\utils
\pro-traffic-keyword-hunter.ts:1419:26)
    at async fetchKeywordDataBatch (C:\Users\park\leword-app\src\utils\pr
o-traffic-keyword-hunter.ts:1500:3)
    at async withStepTimeout (C:\Users\park\leword-app\src\utils\pro-traf
fic-keyword-hunter.ts:1882:14)
    at async huntProTrafficKeywords (C:\Users\park\leword-app\src\utils\p
ro-traffic-keyword-hunter.ts:2851:3)
    at async runQualityBenchmark (C:\Users\park\leword-app\test-quality-b
enchmark.ts:44:35)
[MDP-SERP] "프랜차이즈창업" 신호 분석 실패: Error: SERP 접근 실패
    at getNaverSerpSignal (C:\Users\park\leword-app\src\utils\naver-serp-
signal-api.ts:18:33)
    at processTicksAndRejections (node:internal/process/task_queues:105:5
)
    at async Promise.all (index 1)
    at async C:\Users\park\leword-app\src\utils\pro-traffic-keyword-hunte
r.ts:1368:57
    at async Promise.all (index 2)
    at async fetchKeywordDataParallel (C:\Users\park\leword-app\src\utils
\pro-traffic-keyword-hunter.ts:1419:26)
    at async fetchKeywordDataBatch (C:\Users\park\leword-app\src\utils\pr
o-traffic-keyword-hunter.ts:1500:3)
    at async withStepTimeout (C:\Users\park\leword-app\src\utils\pro-traf
fic-keyword-hunter.ts:1882:14)
    at async huntProTrafficKeywords (C:\Users\park\leword-app\src\utils\p
ro-traffic-keyword-hunter.ts:2851:3)
    at async runQualityBenchmark (C:\Users\park\leword-app\test-quality-b
enchmark.ts:44:35)
[MDP-SERP] "청년창업" 신호 분석 실패: Error: SERP 접근 실패
    at getNaverSerpSignal (C:\Users\park\leword-app\src\utils\naver-serp-
signal-api.ts:18:33)
    at processTicksAndRejections (node:internal/process/task_queues:105:5
)
    at async Promise.all (index 1)
    at async C:\Users\park\leword-app\src\utils\pro-traffic-keyword-hunte
r.ts:1368:57
    at async Promise.all (index 4)
    at async fetchKeywordDataParallel (C:\Users\park\leword-app\src\utils
\pro-traffic-keyword-hunter.ts:1419:26)
    at async fetchKeywordDataBatch (C:\Users\park\leword-app\src\utils\pr
o-traffic-keyword-hunter.ts:1500:3)
    at async withStepTimeout (C:\Users\park\leword-app\src\utils\pro-traf
fic-keyword-hunter.ts:1882:14)
    at async huntProTrafficKeywords (C:\Users\park\leword-app\src\utils\p
ro-traffic-keyword-hunter.ts:2851:3)
    at async runQualityBenchmark (C:\Users\park\leword-app\test-quality-b
enchmark.ts:44:35)
[API-PARALLEL] 📊 배치 4/11 (36%) - 5개 키워드
[MDP-SERP] "초기창업패키지" 신호 분석 실패: Error: SERP 접근 실패
    at getNaverSerpSignal (C:\Users\park\leword-app\src\utils\naver-serp-
signal-api.ts:18:33)
    at processTicksAndRejections (node:internal/process/task_queues:105:5
)
    at async Promise.all (index 1)
    at async C:\Users\park\leword-app\src\utils\pro-traffic-keyword-hunte
r.ts:1368:57
    at async Promise.all (index 0)
    at async fetchKeywordDataParallel (C:\Users\park\leword-app\src\utils
\pro-traffic-keyword-hunter.ts:1419:26)
    at async fetchKeywordDataBatch (C:\Users\park\leword-app\src\utils\pr
o-traffic-keyword-hunter.ts:1500:3)
    at async withStepTimeout (C:\Users\park\leword-app\src\utils\pro-traf
fic-keyword-hunter.ts:1882:14)
    at async huntProTrafficKeywords (C:\Users\park\leword-app\src\utils\p
ro-traffic-keyword-hunter.ts:2851:3)
    at async runQualityBenchmark (C:\Users\park\leword-app\test-quality-b
enchmark.ts:44:35)
[MDP-SERP] "경제" 신호 분석 실패: Error: SERP 접근 실패
    at getNaverSerpSignal (C:\Users\park\leword-app\src\utils\naver-serp-
signal-api.ts:18:33)
    at processTicksAndRejections (node:internal/process/task_queues:105:5
)
    at async Promise.all (index 1)
    at async C:\Users\park\leword-app\src\utils\pro-traffic-keyword-hunte
r.ts:1368:57
    at async Promise.all (index 1)
    at async fetchKeywordDataParallel (C:\Users\park\leword-app\src\utils
\pro-traffic-keyword-hunter.ts:1419:26)
    at async fetchKeywordDataBatch (C:\Users\park\leword-app\src\utils\pr
o-traffic-keyword-hunter.ts:1500:3)
    at async withStepTimeout (C:\Users\park\leword-app\src\utils\pro-traf
fic-keyword-hunter.ts:1882:14)
    at async huntProTrafficKeywords (C:\Users\park\leword-app\src\utils\p
ro-traffic-keyword-hunter.ts:2851:3)
    at async runQualityBenchmark (C:\Users\park\leword-app\test-quality-b
enchmark.ts:44:35)
[MDP-SERP] "연말정산모의계산" 신호 분석 실패: Error: SERP 접근 실패
    at getNaverSerpSignal (C:\Users\park\leword-app\src\utils\naver-serp-
signal-api.ts:18:33)
    at processTicksAndRejections (node:internal/process/task_queues:105:5
)
    at async Promise.all (index 1)
    at async C:\Users\park\leword-app\src\utils\pro-traffic-keyword-hunte
r.ts:1368:57
    at async Promise.all (index 2)
    at async fetchKeywordDataParallel (C:\Users\park\leword-app\src\utils
\pro-traffic-keyword-hunter.ts:1419:26)
    at async fetchKeywordDataBatch (C:\Users\park\leword-app\src\utils\pr
o-traffic-keyword-hunter.ts:1500:3)
    at async withStepTimeout (C:\Users\park\leword-app\src\utils\pro-traf
fic-keyword-hunter.ts:1882:14)
    at async huntProTrafficKeywords (C:\Users\park\leword-app\src\utils\p
ro-traffic-keyword-hunter.ts:2851:3)
    at async runQualityBenchmark (C:\Users\park\leword-app\test-quality-b
enchmark.ts:44:35)
[MDP-SERP] "연말정산하는법" 신호 분석 실패: Error: SERP 접근 실패
    at getNaverSerpSignal (C:\Users\park\leword-app\src\utils\naver-serp-
signal-api.ts:18:33)
    at processTicksAndRejections (node:internal/process/task_queues:105:5
)
    at async Promise.all (index 1)
    at async C:\Users\park\leword-app\src\utils\pro-traffic-keyword-hunte
r.ts:1368:57
    at async Promise.all (index 4)
    at async fetchKeywordDataParallel (C:\Users\park\leword-app\src\utils
\pro-traffic-keyword-hunter.ts:1419:26)
    at async fetchKeywordDataBatch (C:\Users\park\leword-app\src\utils\pr
o-traffic-keyword-hunter.ts:1500:3)
    at async withStepTimeout (C:\Users\park\leword-app\src\utils\pro-traf
fic-keyword-hunter.ts:1882:14)
    at async huntProTrafficKeywords (C:\Users\park\leword-app\src\utils\p
ro-traffic-keyword-hunter.ts:2851:3)
    at async runQualityBenchmark (C:\Users\park\leword-app\test-quality-b
enchmark.ts:44:35)
[MDP-SERP] "연말정산환급금조회" 신호 분석 실패: Error: SERP 접근 실패
    at getNaverSerpSignal (C:\Users\park\leword-app\src\utils\naver-serp-
signal-api.ts:18:33)
    at processTicksAndRejections (node:internal/process/task_queues:105:5
)
    at async Promise.all (index 1)
    at async C:\Users\park\leword-app\src\utils\pro-traffic-keyword-hunte
r.ts:1368:57
    at async Promise.all (index 3)
    at async fetchKeywordDataParallel (C:\Users\park\leword-app\src\utils
\pro-traffic-keyword-hunter.ts:1419:26)
    at async fetchKeywordDataBatch (C:\Users\park\leword-app\src\utils\pr
o-traffic-keyword-hunter.ts:1500:3)
    at async withStepTimeout (C:\Users\park\leword-app\src\utils\pro-traf
fic-keyword-hunter.ts:1882:14)
    at async huntProTrafficKeywords (C:\Users\park\leword-app\src\utils\p
ro-traffic-keyword-hunter.ts:2851:3)
    at async runQualityBenchmark (C:\Users\park\leword-app\test-quality-b
enchmark.ts:44:35)
[API-PARALLEL] 📊 배치 5/11 (45%) - 5개 키워드
[MDP-SERP] "종합소득세세율" 신호 분석 실패: Error: SERP 접근 실패
    at getNaverSerpSignal (C:\Users\park\leword-app\src\utils\naver-serp-
signal-api.ts:18:33)
    at processTicksAndRejections (node:internal/process/task_queues:105:5
)
    at async Promise.all (index 1)
    at async C:\Users\park\leword-app\src\utils\pro-traffic-keyword-hunte
r.ts:1368:57
    at async Promise.all (index 4)
    at async fetchKeywordDataParallel (C:\Users\park\leword-app\src\utils
\pro-traffic-keyword-hunter.ts:1419:26)
    at async fetchKeywordDataBatch (C:\Users\park\leword-app\src\utils\pr
o-traffic-keyword-hunter.ts:1500:3)
    at async withStepTimeout (C:\Users\park\leword-app\src\utils\pro-traf
fic-keyword-hunter.ts:1882:14)
    at async huntProTrafficKeywords (C:\Users\park\leword-app\src\utils\p
ro-traffic-keyword-hunter.ts:2851:3)
    at async runQualityBenchmark (C:\Users\park\leword-app\test-quality-b
enchmark.ts:44:35)
[MDP-SERP] "근로소득원천징수영수증" 신호 분석 실패: Error: SERP 접근 실패
    at getNaverSerpSignal (C:\Users\park\leword-app\src\utils\naver-serp-
signal-api.ts:18:33)
    at processTicksAndRejections (node:internal/process/task_queues:105:5
)
    at async Promise.all (index 1)
    at async C:\Users\park\leword-app\src\utils\pro-traffic-keyword-hunte
r.ts:1368:57
    at async Promise.all (index 1)
    at async fetchKeywordDataParallel (C:\Users\park\leword-app\src\utils
\pro-traffic-keyword-hunter.ts:1419:26)
    at async fetchKeywordDataBatch (C:\Users\park\leword-app\src\utils\pr
o-traffic-keyword-hunter.ts:1500:3)
    at async withStepTimeout (C:\Users\park\leword-app\src\utils\pro-traf
fic-keyword-hunter.ts:1882:14)
    at async huntProTrafficKeywords (C:\Users\park\leword-app\src\utils\p
ro-traffic-keyword-hunter.ts:2851:3)
    at async runQualityBenchmark (C:\Users\park\leword-app\test-quality-b
enchmark.ts:44:35)
[MDP-SERP] "종합소득세율" 신호 분석 실패: Error: SERP 접근 실패
    at getNaverSerpSignal (C:\Users\park\leword-app\src\utils\naver-serp-
signal-api.ts:18:33)
    at processTicksAndRejections (node:internal/process/task_queues:105:5
)
    at async Promise.all (index 1)
    at async C:\Users\park\leword-app\src\utils\pro-traffic-keyword-hunte
r.ts:1368:57
    at async Promise.all (index 3)
    at async fetchKeywordDataParallel (C:\Users\park\leword-app\src\utils
\pro-traffic-keyword-hunter.ts:1419:26)
    at async fetchKeywordDataBatch (C:\Users\park\leword-app\src\utils\pr
o-traffic-keyword-hunter.ts:1500:3)
    at async withStepTimeout (C:\Users\park\leword-app\src\utils\pro-traf
fic-keyword-hunter.ts:1882:14)
    at async huntProTrafficKeywords (C:\Users\park\leword-app\src\utils\p
ro-traffic-keyword-hunter.ts:2851:3)
    at async runQualityBenchmark (C:\Users\park\leword-app\test-quality-b
enchmark.ts:44:35)
[MDP-SERP] "연말정산간소화서비스" 신호 분석 실패: Error: SERP 접근 실패
    at getNaverSerpSignal (C:\Users\park\leword-app\src\utils\naver-serp-
signal-api.ts:18:33)
    at processTicksAndRejections (node:internal/process/task_queues:105:5
)
    at async Promise.all (index 1)
    at async C:\Users\park\leword-app\src\utils\pro-traffic-keyword-hunte
r.ts:1368:57
    at async Promise.all (index 0)
    at async fetchKeywordDataParallel (C:\Users\park\leword-app\src\utils
\pro-traffic-keyword-hunter.ts:1419:26)
    at async fetchKeywordDataBatch (C:\Users\park\leword-app\src\utils\pr
o-traffic-keyword-hunter.ts:1500:3)
    at async withStepTimeout (C:\Users\park\leword-app\src\utils\pro-traf
fic-keyword-hunter.ts:1882:14)
    at async huntProTrafficKeywords (C:\Users\park\leword-app\src\utils\p
ro-traffic-keyword-hunter.ts:2851:3)
    at async runQualityBenchmark (C:\Users\park\leword-app\test-quality-b
enchmark.ts:44:35)
[MDP-SERP] "퇴직금중간정산" 신호 분석 실패: Error: SERP 접근 실패
    at getNaverSerpSignal (C:\Users\park\leword-app\src\utils\naver-serp-
signal-api.ts:18:33)
    at processTicksAndRejections (node:internal/process/task_queues:105:5
)
    at async Promise.all (index 1)
    at async C:\Users\park\leword-app\src\utils\pro-traffic-keyword-hunte
r.ts:1368:57
    at async Promise.all (index 2)
    at async fetchKeywordDataParallel (C:\Users\park\leword-app\src\utils
\pro-traffic-keyword-hunter.ts:1419:26)
    at async fetchKeywordDataBatch (C:\Users\park\leword-app\src\utils\pr
o-traffic-keyword-hunter.ts:1500:3)
    at async withStepTimeout (C:\Users\park\leword-app\src\utils\pro-traf
fic-keyword-hunter.ts:1882:14)
    at async huntProTrafficKeywords (C:\Users\park\leword-app\src\utils\p
ro-traffic-keyword-hunter.ts:2851:3)
    at async runQualityBenchmark (C:\Users\park\leword-app\test-quality-b
enchmark.ts:44:35)
[API-PARALLEL] 📊 배치 6/11 (55%) - 5개 키워드
[MDP-SERP] "로또세금" 신호 분석 실패: Error: SERP 접근 실패
    at getNaverSerpSignal (C:\Users\park\leword-app\src\utils\naver-serp-
signal-api.ts:18:33)
    at processTicksAndRejections (node:internal/process/task_queues:105:5
)
    at async Promise.all (index 1)
    at async C:\Users\park\leword-app\src\utils\pro-traffic-keyword-hunte
r.ts:1368:57
    at async Promise.all (index 3)
    at async fetchKeywordDataParallel (C:\Users\park\leword-app\src\utils
\pro-traffic-keyword-hunter.ts:1419:26)
    at async fetchKeywordDataBatch (C:\Users\park\leword-app\src\utils\pr
o-traffic-keyword-hunter.ts:1500:3)
    at async withStepTimeout (C:\Users\park\leword-app\src\utils\pro-traf
fic-keyword-hunter.ts:1882:14)
    at async huntProTrafficKeywords (C:\Users\park\leword-app\src\utils\p
ro-traffic-keyword-hunter.ts:2851:3)
    at async runQualityBenchmark (C:\Users\park\leword-app\test-quality-b
enchmark.ts:44:35)
[MDP-SERP] "종합소득세신고" 신호 분석 실패: Error: SERP 접근 실패
    at getNaverSerpSignal (C:\Users\park\leword-app\src\utils\naver-serp-
signal-api.ts:18:33)
    at processTicksAndRejections (node:internal/process/task_queues:105:5
)
    at async Promise.all (index 1)
    at async C:\Users\park\leword-app\src\utils\pro-traffic-keyword-hunte
r.ts:1368:57
    at async Promise.all (index 4)
    at async fetchKeywordDataParallel (C:\Users\park\leword-app\src\utils
\pro-traffic-keyword-hunter.ts:1419:26)
    at async fetchKeywordDataBatch (C:\Users\park\leword-app\src\utils\pr
o-traffic-keyword-hunter.ts:1500:3)
    at async withStepTimeout (C:\Users\park\leword-app\src\utils\pro-traf
fic-keyword-hunter.ts:1882:14)
    at async huntProTrafficKeywords (C:\Users\park\leword-app\src\utils\p
ro-traffic-keyword-hunter.ts:2851:3)
    at async runQualityBenchmark (C:\Users\park\leword-app\test-quality-b
enchmark.ts:44:35)
[MDP-SERP] "연말정산소득공제" 신호 분석 실패: Error: SERP 접근 실패
    at getNaverSerpSignal (C:\Users\park\leword-app\src\utils\naver-serp-
signal-api.ts:18:33)
    at processTicksAndRejections (node:internal/process/task_queues:105:5
)
    at async Promise.all (index 1)
    at async C:\Users\park\leword-app\src\utils\pro-traffic-keyword-hunte
r.ts:1368:57
    at async Promise.all (index 0)
    at async fetchKeywordDataParallel (C:\Users\park\leword-app\src\utils
\pro-traffic-keyword-hunter.ts:1419:26)
    at async fetchKeywordDataBatch (C:\Users\park\leword-app\src\utils\pr
o-traffic-keyword-hunter.ts:1500:3)
    at async withStepTimeout (C:\Users\park\leword-app\src\utils\pro-traf
fic-keyword-hunter.ts:1882:14)
    at async huntProTrafficKeywords (C:\Users\park\leword-app\src\utils\p
ro-traffic-keyword-hunter.ts:2851:3)
    at async runQualityBenchmark (C:\Users\park\leword-app\test-quality-b
enchmark.ts:44:35)
[MDP-SERP] "연말정산간소화" 신호 분석 실패: Error: SERP 접근 실패
    at getNaverSerpSignal (C:\Users\park\leword-app\src\utils\naver-serp-
signal-api.ts:18:33)
    at processTicksAndRejections (node:internal/process/task_queues:105:5
)
    at async Promise.all (index 1)
    at async C:\Users\park\leword-app\src\utils\pro-traffic-keyword-hunte
r.ts:1368:57
    at async Promise.all (index 2)
    at async fetchKeywordDataParallel (C:\Users\park\leword-app\src\utils
\pro-traffic-keyword-hunter.ts:1419:26)
    at async fetchKeywordDataBatch (C:\Users\park\leword-app\src\utils\pr
o-traffic-keyword-hunter.ts:1500:3)
    at async withStepTimeout (C:\Users\park\leword-app\src\utils\pro-traf
fic-keyword-hunter.ts:1882:14)
    at async huntProTrafficKeywords (C:\Users\park\leword-app\src\utils\p
ro-traffic-keyword-hunter.ts:2851:3)
    at async runQualityBenchmark (C:\Users\park\leword-app\test-quality-b
enchmark.ts:44:35)
[MDP-SERP] "미국주식세금" 신호 분석 실패: Error: SERP 접근 실패
    at getNaverSerpSignal (C:\Users\park\leword-app\src\utils\naver-serp-
signal-api.ts:18:33)
    at processTicksAndRejections (node:internal/process/task_queues:105:5
)
    at async Promise.all (index 1)
    at async C:\Users\park\leword-app\src\utils\pro-traffic-keyword-hunte
r.ts:1368:57
    at async Promise.all (index 1)
    at async fetchKeywordDataParallel (C:\Users\park\leword-app\src\utils
\pro-traffic-keyword-hunter.ts:1419:26)
    at async fetchKeywordDataBatch (C:\Users\park\leword-app\src\utils\pr
o-traffic-keyword-hunter.ts:1500:3)
    at async withStepTimeout (C:\Users\park\leword-app\src\utils\pro-traf
fic-keyword-hunter.ts:1882:14)
    at async huntProTrafficKeywords (C:\Users\park\leword-app\src\utils\p
ro-traffic-keyword-hunter.ts:2851:3)
    at async runQualityBenchmark (C:\Users\park\leword-app\test-quality-b
enchmark.ts:44:35)
[API-PARALLEL] 📊 배치 7/11 (64%) - 5개 키워드
[MDP-SERP] "선급금정산서" 신호 분석 실패: Error: SERP 접근 실패
    at getNaverSerpSignal (C:\Users\park\leword-app\src\utils\naver-serp-
signal-api.ts:18:33)
    at processTicksAndRejections (node:internal/process/task_queues:105:5
)
    at async Promise.all (index 1)
    at async C:\Users\park\leword-app\src\utils\pro-traffic-keyword-hunte
r.ts:1368:57
    at async Promise.all (index 4)
    at async fetchKeywordDataParallel (C:\Users\park\leword-app\src\utils
\pro-traffic-keyword-hunter.ts:1419:26)
    at async fetchKeywordDataBatch (C:\Users\park\leword-app\src\utils\pr
o-traffic-keyword-hunter.ts:1500:3)
    at async withStepTimeout (C:\Users\park\leword-app\src\utils\pro-traf
fic-keyword-hunter.ts:1882:14)
    at async huntProTrafficKeywords (C:\Users\park\leword-app\src\utils\p
ro-traffic-keyword-hunter.ts:2851:3)
    at async runQualityBenchmark (C:\Users\park\leword-app\test-quality-b
enchmark.ts:44:35)
[MDP-SERP] "공사정산서" 신호 분석 실패: Error: SERP 접근 실패
    at getNaverSerpSignal (C:\Users\park\leword-app\src\utils\naver-serp-
signal-api.ts:18:33)
    at processTicksAndRejections (node:internal/process/task_queues:105:5
)
    at async Promise.all (index 1)
    at async C:\Users\park\leword-app\src\utils\pro-traffic-keyword-hunte
r.ts:1368:57
    at async Promise.all (index 3)
    at async fetchKeywordDataParallel (C:\Users\park\leword-app\src\utils
\pro-traffic-keyword-hunter.ts:1419:26)
    at async fetchKeywordDataBatch (C:\Users\park\leword-app\src\utils\pr
o-traffic-keyword-hunter.ts:1500:3)
    at async withStepTimeout (C:\Users\park\leword-app\src\utils\pro-traf
fic-keyword-hunter.ts:1882:14)
    at async huntProTrafficKeywords (C:\Users\park\leword-app\src\utils\p
ro-traffic-keyword-hunter.ts:2851:3)
    at async runQualityBenchmark (C:\Users\park\leword-app\test-quality-b
enchmark.ts:44:35)
[MDP-SERP] "정산서양식" 신호 분석 실패: Error: SERP 접근 실패
    at getNaverSerpSignal (C:\Users\park\leword-app\src\utils\naver-serp-
signal-api.ts:18:33)
    at processTicksAndRejections (node:internal/process/task_queues:105:5
)
    at async Promise.all (index 1)
    at async C:\Users\park\leword-app\src\utils\pro-traffic-keyword-hunte
r.ts:1368:57
    at async Promise.all (index 1)
    at async fetchKeywordDataParallel (C:\Users\park\leword-app\src\utils
\pro-traffic-keyword-hunter.ts:1419:26)
    at async fetchKeywordDataBatch (C:\Users\park\leword-app\src\utils\pr
o-traffic-keyword-hunter.ts:1500:3)
    at async withStepTimeout (C:\Users\park\leword-app\src\utils\pro-traf
fic-keyword-hunter.ts:1882:14)
    at async huntProTrafficKeywords (C:\Users\park\leword-app\src\utils\p
ro-traffic-keyword-hunter.ts:2851:3)
    at async runQualityBenchmark (C:\Users\park\leword-app\test-quality-b
enchmark.ts:44:35)
[MDP-SERP] "연말정산서식" 신호 분석 실패: Error: SERP 접근 실패
    at getNaverSerpSignal (C:\Users\park\leword-app\src\utils\naver-serp-
signal-api.ts:18:33)
    at processTicksAndRejections (node:internal/process/task_queues:105:5
)
    at async Promise.all (index 1)
    at async C:\Users\park\leword-app\src\utils\pro-traffic-keyword-hunte
r.ts:1368:57
    at async Promise.all (index 2)
    at async fetchKeywordDataParallel (C:\Users\park\leword-app\src\utils
\pro-traffic-keyword-hunter.ts:1419:26)
    at async fetchKeywordDataBatch (C:\Users\park\leword-app\src\utils\pr
o-traffic-keyword-hunter.ts:1500:3)
    at async withStepTimeout (C:\Users\park\leword-app\src\utils\pro-traf
fic-keyword-hunter.ts:1882:14)
    at async huntProTrafficKeywords (C:\Users\park\leword-app\src\utils\p
ro-traffic-keyword-hunter.ts:2851:3)
    at async runQualityBenchmark (C:\Users\park\leword-app\test-quality-b
enchmark.ts:44:35)
[MDP-SERP] "정산서" 신호 분석 실패: Error: SERP 접근 실패
    at getNaverSerpSignal (C:\Users\park\leword-app\src\utils\naver-serp-
signal-api.ts:18:33)
    at processTicksAndRejections (node:internal/process/task_queues:105:5
)
    at async Promise.all (index 1)
    at async C:\Users\park\leword-app\src\utils\pro-traffic-keyword-hunte
r.ts:1368:57
    at async Promise.all (index 0)
    at async fetchKeywordDataParallel (C:\Users\park\leword-app\src\utils
\pro-traffic-keyword-hunter.ts:1419:26)
    at async fetchKeywordDataBatch (C:\Users\park\leword-app\src\utils\pr
o-traffic-keyword-hunter.ts:1500:3)
    at async withStepTimeout (C:\Users\park\leword-app\src\utils\pro-traf
fic-keyword-hunter.ts:1882:14)
    at async huntProTrafficKeywords (C:\Users\park\leword-app\src\utils\p
ro-traffic-keyword-hunter.ts:2851:3)
    at async runQualityBenchmark (C:\Users\park\leword-app\test-quality-b
enchmark.ts:44:35)
[API-PARALLEL] 📊 배치 8/11 (73%) - 5개 키워드
[MDP-SERP] "2026 지원금" 신호 분석 실패: Error: SERP 접근 실패
    at getNaverSerpSignal (C:\Users\park\leword-app\src\utils\naver-serp-
signal-api.ts:18:33)
    at processTicksAndRejections (node:internal/process/task_queues:105:5
)
    at async Promise.all (index 1)
    at async C:\Users\park\leword-app\src\utils\pro-traffic-keyword-hunte
r.ts:1368:57
    at async Promise.all (index 4)
    at async fetchKeywordDataParallel (C:\Users\park\leword-app\src\utils
\pro-traffic-keyword-hunter.ts:1419:26)
    at async fetchKeywordDataBatch (C:\Users\park\leword-app\src\utils\pr
o-traffic-keyword-hunter.ts:1500:3)
    at async withStepTimeout (C:\Users\park\leword-app\src\utils\pro-traf
fic-keyword-hunter.ts:1882:14)
    at async huntProTrafficKeywords (C:\Users\park\leword-app\src\utils\p
ro-traffic-keyword-hunter.ts:2851:3)
    at async runQualityBenchmark (C:\Users\park\leword-app\test-quality-b
enchmark.ts:44:35)
[MDP-SERP] "퇴직금정산서식" 신호 분석 실패: Error: SERP 접근 실패
    at getNaverSerpSignal (C:\Users\park\leword-app\src\utils\naver-serp-
signal-api.ts:18:33)
    at processTicksAndRejections (node:internal/process/task_queues:105:5
)
    at async Promise.all (index 1)
    at async C:\Users\park\leword-app\src\utils\pro-traffic-keyword-hunte
r.ts:1368:57
    at async Promise.all (index 1)
    at async fetchKeywordDataParallel (C:\Users\park\leword-app\src\utils
\pro-traffic-keyword-hunter.ts:1419:26)
    at async fetchKeywordDataBatch (C:\Users\park\leword-app\src\utils\pr
o-traffic-keyword-hunter.ts:1500:3)
    at async withStepTimeout (C:\Users\park\leword-app\src\utils\pro-traf
fic-keyword-hunter.ts:1882:14)
    at async huntProTrafficKeywords (C:\Users\park\leword-app\src\utils\p
ro-traffic-keyword-hunter.ts:2851:3)
    at async runQualityBenchmark (C:\Users\park\leword-app\test-quality-b
enchmark.ts:44:35)
[MDP-SERP] "회식비정산서" 신호 분석 실패: Error: SERP 접근 실패
    at getNaverSerpSignal (C:\Users\park\leword-app\src\utils\naver-serp-
signal-api.ts:18:33)
    at processTicksAndRejections (node:internal/process/task_queues:105:5
)
    at async Promise.all (index 1)
    at async C:\Users\park\leword-app\src\utils\pro-traffic-keyword-hunte
r.ts:1368:57
    at async Promise.all (index 3)
    at async fetchKeywordDataParallel (C:\Users\park\leword-app\src\utils
\pro-traffic-keyword-hunter.ts:1419:26)
    at async fetchKeywordDataBatch (C:\Users\park\leword-app\src\utils\pr
o-traffic-keyword-hunter.ts:1500:3)
    at async withStepTimeout (C:\Users\park\leword-app\src\utils\pro-traf
fic-keyword-hunter.ts:1882:14)
    at async huntProTrafficKeywords (C:\Users\park\leword-app\src\utils\p
ro-traffic-keyword-hunter.ts:2851:3)
    at async runQualityBenchmark (C:\Users\park\leword-app\test-quality-b
enchmark.ts:44:35)
[MDP-SERP] "공사비정산서" 신호 분석 실패: Error: SERP 접근 실패
    at getNaverSerpSignal (C:\Users\park\leword-app\src\utils\naver-serp-
signal-api.ts:18:33)
    at processTicksAndRejections (node:internal/process/task_queues:105:5
)
    at async Promise.all (index 1)
    at async C:\Users\park\leword-app\src\utils\pro-traffic-keyword-hunte
r.ts:1368:57
    at async Promise.all (index 0)
    at async fetchKeywordDataParallel (C:\Users\park\leword-app\src\utils
\pro-traffic-keyword-hunter.ts:1419:26)
    at async fetchKeywordDataBatch (C:\Users\park\leword-app\src\utils\pr
o-traffic-keyword-hunter.ts:1500:3)
    at async withStepTimeout (C:\Users\park\leword-app\src\utils\pro-traf
fic-keyword-hunter.ts:1882:14)
    at async huntProTrafficKeywords (C:\Users\park\leword-app\src\utils\p
ro-traffic-keyword-hunter.ts:2851:3)
    at async runQualityBenchmark (C:\Users\park\leword-app\test-quality-b
enchmark.ts:44:35)
[MDP-SERP] "연말정산서류양식" 신호 분석 실패: Error: SERP 접근 실패
    at getNaverSerpSignal (C:\Users\park\leword-app\src\utils\naver-serp-
signal-api.ts:18:33)
    at processTicksAndRejections (node:internal/process/task_queues:105:5
)
    at async Promise.all (index 1)
    at async C:\Users\park\leword-app\src\utils\pro-traffic-keyword-hunte
r.ts:1368:57
    at async Promise.all (index 2)
    at async fetchKeywordDataParallel (C:\Users\park\leword-app\src\utils
\pro-traffic-keyword-hunter.ts:1419:26)
    at async fetchKeywordDataBatch (C:\Users\park\leword-app\src\utils\pr
o-traffic-keyword-hunter.ts:1500:3)
    at async withStepTimeout (C:\Users\park\leword-app\src\utils\pro-traf
fic-keyword-hunter.ts:1882:14)
    at async huntProTrafficKeywords (C:\Users\park\leword-app\src\utils\p
ro-traffic-keyword-hunter.ts:2851:3)
    at async runQualityBenchmark (C:\Users\park\leword-app\test-quality-b
enchmark.ts:44:35)
[API-PARALLEL] 📊 배치 9/11 (82%) - 5개 키워드
[MDP-SERP] "2025 청년지원금" 신호 분석 실패: Error: SERP 접근 실패
    at getNaverSerpSignal (C:\Users\park\leword-app\src\utils\naver-serp-
signal-api.ts:18:33)
    at processTicksAndRejections (node:internal/process/task_queues:105:5
)
    at async Promise.all (index 1)
    at async C:\Users\park\leword-app\src\utils\pro-traffic-keyword-hunte
r.ts:1368:57
    at async Promise.all (index 2)
    at async fetchKeywordDataParallel (C:\Users\park\leword-app\src\utils
\pro-traffic-keyword-hunter.ts:1419:26)
    at async fetchKeywordDataBatch (C:\Users\park\leword-app\src\utils\pr
o-traffic-keyword-hunter.ts:1500:3)
    at async withStepTimeout (C:\Users\park\leword-app\src\utils\pro-traf
fic-keyword-hunter.ts:1882:14)
    at async huntProTrafficKeywords (C:\Users\park\leword-app\src\utils\p
ro-traffic-keyword-hunter.ts:2851:3)
    at async runQualityBenchmark (C:\Users\park\leword-app\test-quality-b
enchmark.ts:44:35)
[MDP-SERP] "2025 연말정산" 신호 분석 실패: Error: SERP 접근 실패
    at getNaverSerpSignal (C:\Users\park\leword-app\src\utils\naver-serp-
signal-api.ts:18:33)
    at processTicksAndRejections (node:internal/process/task_queues:105:5
)
    at async Promise.all (index 1)
    at async C:\Users\park\leword-app\src\utils\pro-traffic-keyword-hunte
r.ts:1368:57
    at async Promise.all (index 0)
    at async fetchKeywordDataParallel (C:\Users\park\leword-app\src\utils
\pro-traffic-keyword-hunter.ts:1419:26)
    at async fetchKeywordDataBatch (C:\Users\park\leword-app\src\utils\pr
o-traffic-keyword-hunter.ts:1500:3)
    at async withStepTimeout (C:\Users\park\leword-app\src\utils\pro-traf
fic-keyword-hunter.ts:1882:14)
    at async huntProTrafficKeywords (C:\Users\park\leword-app\src\utils\p
ro-traffic-keyword-hunter.ts:2851:3)
    at async runQualityBenchmark (C:\Users\park\leword-app\test-quality-b
enchmark.ts:44:35)
[MDP-SERP] "12월 지원금 신청" 신호 분석 실패: Error: SERP 접근 실패
    at getNaverSerpSignal (C:\Users\park\leword-app\src\utils\naver-serp-
signal-api.ts:18:33)
    at processTicksAndRejections (node:internal/process/task_queues:105:5
)
    at async Promise.all (index 1)
    at async C:\Users\park\leword-app\src\utils\pro-traffic-keyword-hunte
r.ts:1368:57
    at async Promise.all (index 4)
    at async fetchKeywordDataParallel (C:\Users\park\leword-app\src\utils
\pro-traffic-keyword-hunter.ts:1419:26)
    at async fetchKeywordDataBatch (C:\Users\park\leword-app\src\utils\pr
o-traffic-keyword-hunter.ts:1500:3)
    at async withStepTimeout (C:\Users\park\leword-app\src\utils\pro-traf
fic-keyword-hunter.ts:1882:14)
    at async huntProTrafficKeywords (C:\Users\park\leword-app\src\utils\p
ro-traffic-keyword-hunter.ts:2851:3)
    at async runQualityBenchmark (C:\Users\park\leword-app\test-quality-b
enchmark.ts:44:35)
[MDP-SERP] "연말정산 2025년" 신호 분석 실패: Error: SERP 접근 실패
    at getNaverSerpSignal (C:\Users\park\leword-app\src\utils\naver-serp-
signal-api.ts:18:33)
    at processTicksAndRejections (node:internal/process/task_queues:105:5
)
    at async Promise.all (index 1)
    at async C:\Users\park\leword-app\src\utils\pro-traffic-keyword-hunte
r.ts:1368:57
    at async Promise.all (index 3)
    at async fetchKeywordDataParallel (C:\Users\park\leword-app\src\utils
\pro-traffic-keyword-hunter.ts:1419:26)
    at async fetchKeywordDataBatch (C:\Users\park\leword-app\src\utils\pr
o-traffic-keyword-hunter.ts:1500:3)
    at async withStepTimeout (C:\Users\park\leword-app\src\utils\pro-traf
fic-keyword-hunter.ts:1882:14)
    at async huntProTrafficKeywords (C:\Users\park\leword-app\src\utils\p
ro-traffic-keyword-hunter.ts:2851:3)
    at async runQualityBenchmark (C:\Users\park\leword-app\test-quality-b
enchmark.ts:44:35)
[API-PARALLEL] 📊 배치 10/11 (91%) - 5개 키워드
[MDP-SERP] "‘인구 역전 위기감’ 해운대구, 새해부터 ‘모든 출생아’에게 출산지원금 - v.daum.net" 신호 분석 실
패: Error: SERP 접근 실패
    at getNaverSerpSignal (C:\Users\park\leword-app\src\utils\naver-serp-
signal-api.ts:18:33)
    at processTicksAndRejections (node:internal/process/task_queues:105:5
)
    at async Promise.all (index 1)
    at async C:\Users\park\leword-app\src\utils\pro-traffic-keyword-hunte
r.ts:1368:57
    at async Promise.all (index 3)
    at async fetchKeywordDataParallel (C:\Users\park\leword-app\src\utils
\pro-traffic-keyword-hunter.ts:1419:26)
    at async fetchKeywordDataBatch (C:\Users\park\leword-app\src\utils\pr
o-traffic-keyword-hunter.ts:1500:3)
    at async withStepTimeout (C:\Users\park\leword-app\src\utils\pro-traf
fic-keyword-hunter.ts:1882:14)
    at async huntProTrafficKeywords (C:\Users\park\leword-app\src\utils\p
ro-traffic-keyword-hunter.ts:2851:3)
    at async runQualityBenchmark (C:\Users\park\leword-app\test-quality-b
enchmark.ts:44:35)
[MDP-SERP] "트럼프 정부, ‘복지 스캔들’ 미네소타에 최대 2680억원 보육 지원금 지급 중단 - 조선일보" 신호 분석 실
패: Error: SERP 접근 실패
    at getNaverSerpSignal (C:\Users\park\leword-app\src\utils\naver-serp-
signal-api.ts:18:33)
    at processTicksAndRejections (node:internal/process/task_queues:105:5
)
    at async Promise.all (index 1)
    at async C:\Users\park\leword-app\src\utils\pro-traffic-keyword-hunte
r.ts:1368:57
    at async Promise.all (index 1)
    at async fetchKeywordDataParallel (C:\Users\park\leword-app\src\utils
\pro-traffic-keyword-hunter.ts:1419:26)
    at async fetchKeywordDataBatch (C:\Users\park\leword-app\src\utils\pr
o-traffic-keyword-hunter.ts:1500:3)
    at async withStepTimeout (C:\Users\park\leword-app\src\utils\pro-traf
fic-keyword-hunter.ts:1882:14)
    at async huntProTrafficKeywords (C:\Users\park\leword-app\src\utils\p
ro-traffic-keyword-hunter.ts:2851:3)
    at async runQualityBenchmark (C:\Users\park\leword-app\test-quality-b
enchmark.ts:44:35)
[MDP-SERP] "투자" 신호 분석 실패: Error: SERP 접근 실패
    at getNaverSerpSignal (C:\Users\park\leword-app\src\utils\naver-serp-
signal-api.ts:18:33)
    at processTicksAndRejections (node:internal/process/task_queues:105:5
)
    at async Promise.all (index 1)
    at async C:\Users\park\leword-app\src\utils\pro-traffic-keyword-hunte
r.ts:1368:57
    at async Promise.all (index 2)
    at async fetchKeywordDataParallel (C:\Users\park\leword-app\src\utils
\pro-traffic-keyword-hunter.ts:1419:26)
    at async fetchKeywordDataBatch (C:\Users\park\leword-app\src\utils\pr
o-traffic-keyword-hunter.ts:1500:3)
    at async withStepTimeout (C:\Users\park\leword-app\src\utils\pro-traf
fic-keyword-hunter.ts:1882:14)
    at async huntProTrafficKeywords (C:\Users\park\leword-app\src\utils\p
ro-traffic-keyword-hunter.ts:2851:3)
    at async runQualityBenchmark (C:\Users\park\leword-app\test-quality-b
enchmark.ts:44:35)
[MDP-SERP] "경남농협, 경상국립대학교에 대학발전지원금 1000만원 전달 - 농민신문" 신호 분석 실패: Error: SER
P 접근 실패
    at getNaverSerpSignal (C:\Users\park\leword-app\src\utils\naver-serp-
signal-api.ts:18:33)
    at processTicksAndRejections (node:internal/process/task_queues:105:5
)
    at async Promise.all (index 1)
    at async C:\Users\park\leword-app\src\utils\pro-traffic-keyword-hunte
r.ts:1368:57
    at async Promise.all (index 0)
    at async fetchKeywordDataParallel (C:\Users\park\leword-app\src\utils
\pro-traffic-keyword-hunter.ts:1419:26)
    at async fetchKeywordDataBatch (C:\Users\park\leword-app\src\utils\pr
o-traffic-keyword-hunter.ts:1500:3)
    at async withStepTimeout (C:\Users\park\leword-app\src\utils\pro-traf
fic-keyword-hunter.ts:1882:14)
    at async huntProTrafficKeywords (C:\Users\park\leword-app\src\utils\p
ro-traffic-keyword-hunter.ts:2851:3)
    at async runQualityBenchmark (C:\Users\park\leword-app\test-quality-b
enchmark.ts:44:35)
[MDP-SERP] "주식" 신호 분석 실패: Error: SERP 접근 실패
    at getNaverSerpSignal (C:\Users\park\leword-app\src\utils\naver-serp-
signal-api.ts:18:33)
    at processTicksAndRejections (node:internal/process/task_queues:105:5
)
    at async Promise.all (index 1)
    at async C:\Users\park\leword-app\src\utils\pro-traffic-keyword-hunte
r.ts:1368:57
    at async Promise.all (index 4)
    at async fetchKeywordDataParallel (C:\Users\park\leword-app\src\utils
\pro-traffic-keyword-hunter.ts:1419:26)
    at async fetchKeywordDataBatch (C:\Users\park\leword-app\src\utils\pr
o-traffic-keyword-hunter.ts:1500:3)
    at async withStepTimeout (C:\Users\park\leword-app\src\utils\pro-traf
fic-keyword-hunter.ts:1882:14)
    at async huntProTrafficKeywords (C:\Users\park\leword-app\src\utils\p
ro-traffic-keyword-hunter.ts:2851:3)
    at async runQualityBenchmark (C:\Users\park\leword-app\test-quality-b
enchmark.ts:44:35)
[API-PARALLEL] 📊 배치 11/11 (100%) - 2개 키워드
[MDP-SERP] "창업" 신호 분석 실패: Error: SERP 접근 실패
    at getNaverSerpSignal (C:\Users\park\leword-app\src\utils\naver-serp-
signal-api.ts:18:33)
    at processTicksAndRejections (node:internal/process/task_queues:105:5
)
    at async Promise.all (index 1)
    at async C:\Users\park\leword-app\src\utils\pro-traffic-keyword-hunte
r.ts:1368:57
    at async Promise.all (index 0)
    at async fetchKeywordDataParallel (C:\Users\park\leword-app\src\utils
\pro-traffic-keyword-hunter.ts:1419:26)
    at async fetchKeywordDataBatch (C:\Users\park\leword-app\src\utils\pr
o-traffic-keyword-hunter.ts:1500:3)
    at async withStepTimeout (C:\Users\park\leword-app\src\utils\pro-traf
fic-keyword-hunter.ts:1882:14)
    at async huntProTrafficKeywords (C:\Users\park\leword-app\src\utils\p
ro-traffic-keyword-hunter.ts:2851:3)
    at async runQualityBenchmark (C:\Users\park\leword-app\test-quality-b
enchmark.ts:44:35)
[MDP-SERP] "연말정산서류" 신호 분석 실패: Error: SERP 접근 실패
    at getNaverSerpSignal (C:\Users\park\leword-app\src\utils\naver-serp-
signal-api.ts:18:33)
    at processTicksAndRejections (node:internal/process/task_queues:105:5
)
    at async Promise.all (index 1)
    at async C:\Users\park\leword-app\src\utils\pro-traffic-keyword-hunte
r.ts:1368:57
    at async Promise.all (index 1)
    at async fetchKeywordDataParallel (C:\Users\park\leword-app\src\utils
\pro-traffic-keyword-hunter.ts:1419:26)
    at async fetchKeywordDataBatch (C:\Users\park\leword-app\src\utils\pr
o-traffic-keyword-hunter.ts:1500:3)
    at async withStepTimeout (C:\Users\park\leword-app\src\utils\pro-traf
fic-keyword-hunter.ts:1882:14)
    at async huntProTrafficKeywords (C:\Users\park\leword-app\src\utils\p
ro-traffic-keyword-hunter.ts:2851:3)
    at async runQualityBenchmark (C:\Users\park\leword-app\test-quality-b
enchmark.ts:44:35)
[API-PARALLEL] ✅ 완료! 9.2초 소요
[API-PARALLEL] 📊 결과: 성공 52개, 실패 0개
[API-PARALLEL] 📊 블로그 API: 52/52 성공
[API-PARALLEL] 📊 검색광고 API: 0/0 성공
[API-PARALLEL] 🔄 총 재시도: 0회
[PRO-TRAFFIC][METRICS] stage=api_ready category=business uniqueKeywords=52 maxCandidates=300
[PRO-TRAFFIC] ✅ 52개 키워드 데이터 준비 완료
[PRO-TRAFFIC][METRICS] stage=analyzed category=business results=49
[PRO-TRAFFIC] 🔍🔍🔍 최종 49개 키워드 병렬 검증 시작...
[PRO-TRAFFIC] 📋 API 키 상태:
  - 블로그 API: ✅
  - 검색광고 API: ✅
[API-PARALLEL] 🚀 49개 키워드 병렬 처리 시작
[API-PARALLEL] ⚙️ 설정: 배치=5, 재시도=2회
[API-PARALLEL] 📦 총 10개 배치로 분할
[API-PARALLEL] 📊 배치 1/10 (10%) - 5개 키워드
[MDP-SERP] "연말정산모의계산" 신호 분석 실패: Error: SERP 접근 실패
    at getNaverSerpSignal (C:\Users\park\leword-app\src\utils\naver-serp-
signal-api.ts:18:33)
    at processTicksAndRejections (node:internal/process/task_queues:105:5
)
    at async Promise.all (index 1)
    at async C:\Users\park\leword-app\src\utils\pro-traffic-keyword-hunte
r.ts:1368:57
    at async Promise.all (index 1)
    at async fetchKeywordDataParallel (C:\Users\park\leword-app\src\utils
\pro-traffic-keyword-hunter.ts:1419:26)
    at async withStepTimeout (C:\Users\park\leword-app\src\utils\pro-traf
fic-keyword-hunter.ts:1882:14)
    at async huntProTrafficKeywords (C:\Users\park\leword-app\src\utils\p
ro-traffic-keyword-hunter.ts:3141:24)
    at async runQualityBenchmark (C:\Users\park\leword-app\test-quality-b
enchmark.ts:44:35)
[MDP-SERP] "연말정산간소화서비스" 신호 분석 실패: Error: SERP 접근 실패
    at getNaverSerpSignal (C:\Users\park\leword-app\src\utils\naver-serp-
signal-api.ts:18:33)
    at processTicksAndRejections (node:internal/process/task_queues:105:5
)
    at async Promise.all (index 1)
    at async C:\Users\park\leword-app\src\utils\pro-traffic-keyword-hunte
r.ts:1368:57
    at async Promise.all (index 4)
    at async fetchKeywordDataParallel (C:\Users\park\leword-app\src\utils
\pro-traffic-keyword-hunter.ts:1419:26)
    at async withStepTimeout (C:\Users\park\leword-app\src\utils\pro-traf
fic-keyword-hunter.ts:1882:14)
    at async huntProTrafficKeywords (C:\Users\park\leword-app\src\utils\p
ro-traffic-keyword-hunter.ts:3141:24)
    at async runQualityBenchmark (C:\Users\park\leword-app\test-quality-b
enchmark.ts:44:35)
[MDP-SERP] "주식" 신호 분석 실패: Error: SERP 접근 실패
    at getNaverSerpSignal (C:\Users\park\leword-app\src\utils\naver-serp-
signal-api.ts:18:33)
    at processTicksAndRejections (node:internal/process/task_queues:105:5
)
    at async Promise.all (index 1)
    at async C:\Users\park\leword-app\src\utils\pro-traffic-keyword-hunte
r.ts:1368:57
    at async Promise.all (index 0)
    at async fetchKeywordDataParallel (C:\Users\park\leword-app\src\utils
\pro-traffic-keyword-hunter.ts:1419:26)
    at async withStepTimeout (C:\Users\park\leword-app\src\utils\pro-traf
fic-keyword-hunter.ts:1882:14)
    at async huntProTrafficKeywords (C:\Users\park\leword-app\src\utils\p
ro-traffic-keyword-hunter.ts:3141:24)
    at async runQualityBenchmark (C:\Users\park\leword-app\test-quality-b
enchmark.ts:44:35)
[MDP-SERP] "매일경제신문" 신호 분석 실패: Error: SERP 접근 실패
    at getNaverSerpSignal (C:\Users\park\leword-app\src\utils\naver-serp-
signal-api.ts:18:33)
    at processTicksAndRejections (node:internal/process/task_queues:105:5
)
    at async Promise.all (index 1)
    at async C:\Users\park\leword-app\src\utils\pro-traffic-keyword-hunte
r.ts:1368:57
    at async Promise.all (index 3)
    at async fetchKeywordDataParallel (C:\Users\park\leword-app\src\utils
\pro-traffic-keyword-hunter.ts:1419:26)
    at async withStepTimeout (C:\Users\park\leword-app\src\utils\pro-traf
fic-keyword-hunter.ts:1882:14)
    at async huntProTrafficKeywords (C:\Users\park\leword-app\src\utils\p
ro-traffic-keyword-hunter.ts:3141:24)
    at async runQualityBenchmark (C:\Users\park\leword-app\test-quality-b
enchmark.ts:44:35)
[MDP-SERP] "연말정산하는법" 신호 분석 실패: Error: SERP 접근 실패
    at getNaverSerpSignal (C:\Users\park\leword-app\src\utils\naver-serp-
signal-api.ts:18:33)
    at processTicksAndRejections (node:internal/process/task_queues:105:5
)
    at async Promise.all (index 1)
    at async C:\Users\park\leword-app\src\utils\pro-traffic-keyword-hunte
r.ts:1368:57
    at async Promise.all (index 2)
    at async fetchKeywordDataParallel (C:\Users\park\leword-app\src\utils
\pro-traffic-keyword-hunter.ts:1419:26)
    at async withStepTimeout (C:\Users\park\leword-app\src\utils\pro-traf
fic-keyword-hunter.ts:1882:14)
    at async huntProTrafficKeywords (C:\Users\park\leword-app\src\utils\p
ro-traffic-keyword-hunter.ts:3141:24)
    at async runQualityBenchmark (C:\Users\park\leword-app\test-quality-b
enchmark.ts:44:35)
[API-PARALLEL] 📊 배치 2/10 (20%) - 5개 키워드
[MDP-SERP] "연말정산간소화" 신호 분석 실패: Error: SERP 접근 실패
    at getNaverSerpSignal (C:\Users\park\leword-app\src\utils\naver-serp-
signal-api.ts:18:33)
    at processTicksAndRejections (node:internal/process/task_queues:105:5
)
    at async Promise.all (index 1)
    at async C:\Users\park\leword-app\src\utils\pro-traffic-keyword-hunte
r.ts:1368:57
    at async Promise.all (index 4)
    at async fetchKeywordDataParallel (C:\Users\park\leword-app\src\utils
\pro-traffic-keyword-hunter.ts:1419:26)
    at async withStepTimeout (C:\Users\park\leword-app\src\utils\pro-traf
fic-keyword-hunter.ts:1882:14)
    at async huntProTrafficKeywords (C:\Users\park\leword-app\src\utils\p
ro-traffic-keyword-hunter.ts:3141:24)
    at async runQualityBenchmark (C:\Users\park\leword-app\test-quality-b
enchmark.ts:44:35)
[MDP-SERP] "창업" 신호 분석 실패: Error: SERP 접근 실패
    at getNaverSerpSignal (C:\Users\park\leword-app\src\utils\naver-serp-
signal-api.ts:18:33)
    at processTicksAndRejections (node:internal/process/task_queues:105:5
)
    at async Promise.all (index 1)
    at async C:\Users\park\leword-app\src\utils\pro-traffic-keyword-hunte
r.ts:1368:57
    at async Promise.all (index 1)
    at async fetchKeywordDataParallel (C:\Users\park\leword-app\src\utils
\pro-traffic-keyword-hunter.ts:1419:26)
    at async withStepTimeout (C:\Users\park\leword-app\src\utils\pro-traf
fic-keyword-hunter.ts:1882:14)
    at async huntProTrafficKeywords (C:\Users\park\leword-app\src\utils\p
ro-traffic-keyword-hunter.ts:3141:24)
    at async runQualityBenchmark (C:\Users\park\leword-app\test-quality-b
enchmark.ts:44:35)
[MDP-SERP] "경제" 신호 분석 실패: Error: SERP 접근 실패
    at getNaverSerpSignal (C:\Users\park\leword-app\src\utils\naver-serp-
signal-api.ts:18:33)
    at processTicksAndRejections (node:internal/process/task_queues:105:5
)
    at async Promise.all (index 1)
    at async C:\Users\park\leword-app\src\utils\pro-traffic-keyword-hunte
r.ts:1368:57
    at async Promise.all (index 3)
    at async fetchKeywordDataParallel (C:\Users\park\leword-app\src\utils
\pro-traffic-keyword-hunter.ts:1419:26)
    at async withStepTimeout (C:\Users\park\leword-app\src\utils\pro-traf
fic-keyword-hunter.ts:1882:14)
    at async huntProTrafficKeywords (C:\Users\park\leword-app\src\utils\p
ro-traffic-keyword-hunter.ts:3141:24)
    at async runQualityBenchmark (C:\Users\park\leword-app\test-quality-b
enchmark.ts:44:35)
[MDP-SERP] "재테크" 신호 분석 실패: Error: SERP 접근 실패
    at getNaverSerpSignal (C:\Users\park\leword-app\src\utils\naver-serp-
signal-api.ts:18:33)
    at processTicksAndRejections (node:internal/process/task_queues:105:5
)
    at async Promise.all (index 1)
    at async C:\Users\park\leword-app\src\utils\pro-traffic-keyword-hunte
r.ts:1368:57
    at async Promise.all (index 2)
    at async fetchKeywordDataParallel (C:\Users\park\leword-app\src\utils
\pro-traffic-keyword-hunter.ts:1419:26)
    at async withStepTimeout (C:\Users\park\leword-app\src\utils\pro-traf
fic-keyword-hunter.ts:1882:14)
    at async huntProTrafficKeywords (C:\Users\park\leword-app\src\utils\p
ro-traffic-keyword-hunter.ts:3141:24)
    at async runQualityBenchmark (C:\Users\park\leword-app\test-quality-b
enchmark.ts:44:35)
[MDP-SERP] "연말정산소득공제" 신호 분석 실패: Error: SERP 접근 실패
    at getNaverSerpSignal (C:\Users\park\leword-app\src\utils\naver-serp-
signal-api.ts:18:33)
    at processTicksAndRejections (node:internal/process/task_queues:105:5
)
    at async Promise.all (index 1)
    at async C:\Users\park\leword-app\src\utils\pro-traffic-keyword-hunte
r.ts:1368:57
    at async Promise.all (index 0)
    at async fetchKeywordDataParallel (C:\Users\park\leword-app\src\utils
\pro-traffic-keyword-hunter.ts:1419:26)
    at async withStepTimeout (C:\Users\park\leword-app\src\utils\pro-traf
fic-keyword-hunter.ts:1882:14)
    at async huntProTrafficKeywords (C:\Users\park\leword-app\src\utils\p
ro-traffic-keyword-hunter.ts:3141:24)
    at async runQualityBenchmark (C:\Users\park\leword-app\test-quality-b
enchmark.ts:44:35)
[API-PARALLEL] 📊 배치 3/10 (30%) - 5개 키워드
[MDP-SERP] "투자" 신호 분석 실패: Error: SERP 접근 실패
    at getNaverSerpSignal (C:\Users\park\leword-app\src\utils\naver-serp-
signal-api.ts:18:33)
    at processTicksAndRejections (node:internal/process/task_queues:105:5
)
    at async Promise.all (index 1)
    at async C:\Users\park\leword-app\src\utils\pro-traffic-keyword-hunte
r.ts:1368:57
    at async Promise.all (index 4)
    at async fetchKeywordDataParallel (C:\Users\park\leword-app\src\utils
\pro-traffic-keyword-hunter.ts:1419:26)
    at async withStepTimeout (C:\Users\park\leword-app\src\utils\pro-traf
fic-keyword-hunter.ts:1882:14)
    at async huntProTrafficKeywords (C:\Users\park\leword-app\src\utils\p
ro-traffic-keyword-hunter.ts:3141:24)
    at async runQualityBenchmark (C:\Users\park\leword-app\test-quality-b
enchmark.ts:44:35)
[MDP-SERP] "주식분석" 신호 분석 실패: Error: SERP 접근 실패
    at getNaverSerpSignal (C:\Users\park\leword-app\src\utils\naver-serp-
signal-api.ts:18:33)
    at processTicksAndRejections (node:internal/process/task_queues:105:5
)
    at async Promise.all (index 1)
    at async C:\Users\park\leword-app\src\utils\pro-traffic-keyword-hunte
r.ts:1368:57
    at async Promise.all (index 1)
    at async fetchKeywordDataParallel (C:\Users\park\leword-app\src\utils
\pro-traffic-keyword-hunter.ts:1419:26)
    at async withStepTimeout (C:\Users\park\leword-app\src\utils\pro-traf
fic-keyword-hunter.ts:1882:14)
    at async huntProTrafficKeywords (C:\Users\park\leword-app\src\utils\p
ro-traffic-keyword-hunter.ts:3141:24)
    at async runQualityBenchmark (C:\Users\park\leword-app\test-quality-b
enchmark.ts:44:35)
[MDP-SERP] "무인창업" 신호 분석 실패: Error: SERP 접근 실패
    at getNaverSerpSignal (C:\Users\park\leword-app\src\utils\naver-serp-
signal-api.ts:18:33)
    at processTicksAndRejections (node:internal/process/task_queues:105:5
)
    at async Promise.all (index 1)
    at async C:\Users\park\leword-app\src\utils\pro-traffic-keyword-hunte
r.ts:1368:57
    at async Promise.all (index 0)
    at async fetchKeywordDataParallel (C:\Users\park\leword-app\src\utils
\pro-traffic-keyword-hunter.ts:1419:26)
    at async withStepTimeout (C:\Users\park\leword-app\src\utils\pro-traf
fic-keyword-hunter.ts:1882:14)
    at async huntProTrafficKeywords (C:\Users\park\leword-app\src\utils\p
ro-traffic-keyword-hunter.ts:3141:24)
    at async runQualityBenchmark (C:\Users\park\leword-app\test-quality-b
enchmark.ts:44:35)
[MDP-SERP] "소상공인" 신호 분석 실패: Error: SERP 접근 실패
    at getNaverSerpSignal (C:\Users\park\leword-app\src\utils\naver-serp-
signal-api.ts:18:33)
    at processTicksAndRejections (node:internal/process/task_queues:105:5
)
    at async Promise.all (index 1)
    at async C:\Users\park\leword-app\src\utils\pro-traffic-keyword-hunte
r.ts:1368:57
    at async Promise.all (index 3)
    at async fetchKeywordDataParallel (C:\Users\park\leword-app\src\utils
\pro-traffic-keyword-hunter.ts:1419:26)
    at async withStepTimeout (C:\Users\park\leword-app\src\utils\pro-traf
fic-keyword-hunter.ts:1882:14)
    at async huntProTrafficKeywords (C:\Users\park\leword-app\src\utils\p
ro-traffic-keyword-hunter.ts:3141:24)
    at async runQualityBenchmark (C:\Users\park\leword-app\test-quality-b
enchmark.ts:44:35)
[MDP-SERP] "소자본창업" 신호 분석 실패: Error: SERP 접근 실패
    at getNaverSerpSignal (C:\Users\park\leword-app\src\utils\naver-serp-
signal-api.ts:18:33)
    at processTicksAndRejections (node:internal/process/task_queues:105:5
)
    at async Promise.all (index 1)
    at async C:\Users\park\leword-app\src\utils\pro-traffic-keyword-hunte
r.ts:1368:57
    at async Promise.all (index 2)
    at async fetchKeywordDataParallel (C:\Users\park\leword-app\src\utils
\pro-traffic-keyword-hunter.ts:1419:26)
    at async withStepTimeout (C:\Users\park\leword-app\src\utils\pro-traf
fic-keyword-hunter.ts:1882:14)
    at async huntProTrafficKeywords (C:\Users\park\leword-app\src\utils\p
ro-traffic-keyword-hunter.ts:3141:24)
    at async runQualityBenchmark (C:\Users\park\leword-app\test-quality-b
enchmark.ts:44:35)
[API-PARALLEL] 📊 배치 4/10 (40%) - 5개 키워드
[MDP-SERP] "창업지원금" 신호 분석 실패: Error: SERP 접근 실패
    at getNaverSerpSignal (C:\Users\park\leword-app\src\utils\naver-serp-
signal-api.ts:18:33)
    at processTicksAndRejections (node:internal/process/task_queues:105:5
)
    at async Promise.all (index 1)
    at async C:\Users\park\leword-app\src\utils\pro-traffic-keyword-hunte
r.ts:1368:57
    at async Promise.all (index 1)
    at async fetchKeywordDataParallel (C:\Users\park\leword-app\src\utils
\pro-traffic-keyword-hunter.ts:1419:26)
    at async withStepTimeout (C:\Users\park\leword-app\src\utils\pro-traf
fic-keyword-hunter.ts:1882:14)
    at async huntProTrafficKeywords (C:\Users\park\leword-app\src\utils\p
ro-traffic-keyword-hunter.ts:3141:24)
    at async runQualityBenchmark (C:\Users\park\leword-app\test-quality-b
enchmark.ts:44:35)
[MDP-SERP] "프랜차이즈창업" 신호 분석 실패: Error: SERP 접근 실패
    at getNaverSerpSignal (C:\Users\park\leword-app\src\utils\naver-serp-
signal-api.ts:18:33)
    at processTicksAndRejections (node:internal/process/task_queues:105:5
)
    at async Promise.all (index 1)
    at async C:\Users\park\leword-app\src\utils\pro-traffic-keyword-hunte
r.ts:1368:57
    at async Promise.all (index 0)
    at async fetchKeywordDataParallel (C:\Users\park\leword-app\src\utils
\pro-traffic-keyword-hunter.ts:1419:26)
    at async withStepTimeout (C:\Users\park\leword-app\src\utils\pro-traf
fic-keyword-hunter.ts:1882:14)
    at async huntProTrafficKeywords (C:\Users\park\leword-app\src\utils\p
ro-traffic-keyword-hunter.ts:3141:24)
    at async runQualityBenchmark (C:\Users\park\leword-app\test-quality-b
enchmark.ts:44:35)
[MDP-SERP] "종합소득세율" 신호 분석 실패: Error: SERP 접근 실패
    at getNaverSerpSignal (C:\Users\park\leword-app\src\utils\naver-serp-
signal-api.ts:18:33)
    at processTicksAndRejections (node:internal/process/task_queues:105:5
)
    at async Promise.all (index 1)
    at async C:\Users\park\leword-app\src\utils\pro-traffic-keyword-hunte
r.ts:1368:57
    at async Promise.all (index 3)
    at async fetchKeywordDataParallel (C:\Users\park\leword-app\src\utils
\pro-traffic-keyword-hunter.ts:1419:26)
    at async withStepTimeout (C:\Users\park\leword-app\src\utils\pro-traf
fic-keyword-hunter.ts:1882:14)
    at async huntProTrafficKeywords (C:\Users\park\leword-app\src\utils\p
ro-traffic-keyword-hunter.ts:3141:24)
    at async runQualityBenchmark (C:\Users\park\leword-app\test-quality-b
enchmark.ts:44:35)
[MDP-SERP] "창업대출" 신호 분석 실패: Error: SERP 접근 실패
    at getNaverSerpSignal (C:\Users\park\leword-app\src\utils\naver-serp-
signal-api.ts:18:33)
    at processTicksAndRejections (node:internal/process/task_queues:105:5
)
    at async Promise.all (index 1)
    at async C:\Users\park\leword-app\src\utils\pro-traffic-keyword-hunte
r.ts:1368:57
    at async Promise.all (index 2)
    at async fetchKeywordDataParallel (C:\Users\park\leword-app\src\utils
\pro-traffic-keyword-hunter.ts:1419:26)
    at async withStepTimeout (C:\Users\park\leword-app\src\utils\pro-traf
fic-keyword-hunter.ts:1882:14)
    at async huntProTrafficKeywords (C:\Users\park\leword-app\src\utils\p
ro-traffic-keyword-hunter.ts:3141:24)
    at async runQualityBenchmark (C:\Users\park\leword-app\test-quality-b
enchmark.ts:44:35)
[MDP-SERP] "종합소득세세율" 신호 분석 실패: Error: SERP 접근 실패
    at getNaverSerpSignal (C:\Users\park\leword-app\src\utils\naver-serp-
signal-api.ts:18:33)
    at processTicksAndRejections (node:internal/process/task_queues:105:5
)
    at async Promise.all (index 1)
    at async C:\Users\park\leword-app\src\utils\pro-traffic-keyword-hunte
r.ts:1368:57
    at async Promise.all (index 4)
    at async fetchKeywordDataParallel (C:\Users\park\leword-app\src\utils
\pro-traffic-keyword-hunter.ts:1419:26)
    at async withStepTimeout (C:\Users\park\leword-app\src\utils\pro-traf
fic-keyword-hunter.ts:1882:14)
    at async huntProTrafficKeywords (C:\Users\park\leword-app\src\utils\p
ro-traffic-keyword-hunter.ts:3141:24)
    at async runQualityBenchmark (C:\Users\park\leword-app\test-quality-b
enchmark.ts:44:35)
[API-PARALLEL] 📊 배치 5/10 (50%) - 5개 키워드
[MDP-SERP] "초기창업패키지" 신호 분석 실패: Error: SERP 접근 실패
    at getNaverSerpSignal (C:\Users\park\leword-app\src\utils\naver-serp-
signal-api.ts:18:33)
    at processTicksAndRejections (node:internal/process/task_queues:105:5
)
    at async Promise.all (index 1)
    at async C:\Users\park\leword-app\src\utils\pro-traffic-keyword-hunte
r.ts:1368:57
    at async Promise.all (index 4)
    at async fetchKeywordDataParallel (C:\Users\park\leword-app\src\utils
\pro-traffic-keyword-hunter.ts:1419:26)
    at async withStepTimeout (C:\Users\park\leword-app\src\utils\pro-traf
fic-keyword-hunter.ts:1882:14)
    at async huntProTrafficKeywords (C:\Users\park\leword-app\src\utils\p
ro-traffic-keyword-hunter.ts:3141:24)
    at async runQualityBenchmark (C:\Users\park\leword-app\test-quality-b
enchmark.ts:44:35)
[MDP-SERP] "경제신문" 신호 분석 실패: Error: SERP 접근 실패
    at getNaverSerpSignal (C:\Users\park\leword-app\src\utils\naver-serp-
signal-api.ts:18:33)
    at processTicksAndRejections (node:internal/process/task_queues:105:5
)
    at async Promise.all (index 1)
    at async C:\Users\park\leword-app\src\utils\pro-traffic-keyword-hunte
r.ts:1368:57
    at async Promise.all (index 1)
    at async fetchKeywordDataParallel (C:\Users\park\leword-app\src\utils
\pro-traffic-keyword-hunter.ts:1419:26)
    at async withStepTimeout (C:\Users\park\leword-app\src\utils\pro-traf
fic-keyword-hunter.ts:1882:14)
    at async huntProTrafficKeywords (C:\Users\park\leword-app\src\utils\p
ro-traffic-keyword-hunter.ts:3141:24)
    at async runQualityBenchmark (C:\Users\park\leword-app\test-quality-b
enchmark.ts:44:35)
[MDP-SERP] "청년창업" 신호 분석 실패: Error: SERP 접근 실패
    at getNaverSerpSignal (C:\Users\park\leword-app\src\utils\naver-serp-
signal-api.ts:18:33)
    at processTicksAndRejections (node:internal/process/task_queues:105:5
)
    at async Promise.all (index 1)
    at async C:\Users\park\leword-app\src\utils\pro-traffic-keyword-hunte
r.ts:1368:57
    at async Promise.all (index 2)
    at async fetchKeywordDataParallel (C:\Users\park\leword-app\src\utils
\pro-traffic-keyword-hunter.ts:1419:26)
    at async withStepTimeout (C:\Users\park\leword-app\src\utils\pro-traf
fic-keyword-hunter.ts:1882:14)
    at async huntProTrafficKeywords (C:\Users\park\leword-app\src\utils\p
ro-traffic-keyword-hunter.ts:3141:24)
    at async runQualityBenchmark (C:\Users\park\leword-app\test-quality-b
enchmark.ts:44:35)
[MDP-SERP] "창업박람회" 신호 분석 실패: Error: SERP 접근 실패
    at getNaverSerpSignal (C:\Users\park\leword-app\src\utils\naver-serp-
signal-api.ts:18:33)
    at processTicksAndRejections (node:internal/process/task_queues:105:5
)
    at async Promise.all (index 1)
    at async C:\Users\park\leword-app\src\utils\pro-traffic-keyword-hunte
r.ts:1368:57
    at async Promise.all (index 0)
    at async fetchKeywordDataParallel (C:\Users\park\leword-app\src\utils
\pro-traffic-keyword-hunter.ts:1419:26)
    at async withStepTimeout (C:\Users\park\leword-app\src\utils\pro-traf
fic-keyword-hunter.ts:1882:14)
    at async huntProTrafficKeywords (C:\Users\park\leword-app\src\utils\p
ro-traffic-keyword-hunter.ts:3141:24)
    at async runQualityBenchmark (C:\Users\park\leword-app\test-quality-b
enchmark.ts:44:35)
[MDP-SERP] "매일경제신문구독" 신호 분석 실패: Error: SERP 접근 실패
    at getNaverSerpSignal (C:\Users\park\leword-app\src\utils\naver-serp-
signal-api.ts:18:33)
    at processTicksAndRejections (node:internal/process/task_queues:105:5
)
    at async Promise.all (index 1)
    at async C:\Users\park\leword-app\src\utils\pro-traffic-keyword-hunte
r.ts:1368:57
    at async Promise.all (index 3)
    at async fetchKeywordDataParallel (C:\Users\park\leword-app\src\utils
\pro-traffic-keyword-hunter.ts:1419:26)
    at async withStepTimeout (C:\Users\park\leword-app\src\utils\pro-traf
fic-keyword-hunter.ts:1882:14)
    at async huntProTrafficKeywords (C:\Users\park\leword-app\src\utils\p
ro-traffic-keyword-hunter.ts:3141:24)
    at async runQualityBenchmark (C:\Users\park\leword-app\test-quality-b
enchmark.ts:44:35)
[API-PARALLEL] 📊 배치 6/10 (60%) - 5개 키워드
[MDP-SERP] "로또세금" 신호 분석 실패: Error: SERP 접근 실패
    at getNaverSerpSignal (C:\Users\park\leword-app\src\utils\naver-serp-
signal-api.ts:18:33)
    at processTicksAndRejections (node:internal/process/task_queues:105:5
)
    at async Promise.all (index 1)
    at async C:\Users\park\leword-app\src\utils\pro-traffic-keyword-hunte
r.ts:1368:57
    at async Promise.all (index 1)
    at async fetchKeywordDataParallel (C:\Users\park\leword-app\src\utils
\pro-traffic-keyword-hunter.ts:1419:26)
    at async withStepTimeout (C:\Users\park\leword-app\src\utils\pro-traf
fic-keyword-hunter.ts:1882:14)
    at async huntProTrafficKeywords (C:\Users\park\leword-app\src\utils\p
ro-traffic-keyword-hunter.ts:3141:24)
    at async runQualityBenchmark (C:\Users\park\leword-app\test-quality-b
enchmark.ts:44:35)
[MDP-SERP] "종합소득세신고" 신호 분석 실패: Error: SERP 접근 실패
    at getNaverSerpSignal (C:\Users\park\leword-app\src\utils\naver-serp-
signal-api.ts:18:33)
    at processTicksAndRejections (node:internal/process/task_queues:105:5
)
    at async Promise.all (index 1)
    at async C:\Users\park\leword-app\src\utils\pro-traffic-keyword-hunte
r.ts:1368:57
    at async Promise.all (index 2)
    at async fetchKeywordDataParallel (C:\Users\park\leword-app\src\utils
\pro-traffic-keyword-hunter.ts:1419:26)
    at async withStepTimeout (C:\Users\park\leword-app\src\utils\pro-traf
fic-keyword-hunter.ts:1882:14)
    at async huntProTrafficKeywords (C:\Users\park\leword-app\src\utils\p
ro-traffic-keyword-hunter.ts:3141:24)
    at async runQualityBenchmark (C:\Users\park\leword-app\test-quality-b
enchmark.ts:44:35)
[MDP-SERP] "연말정산서류" 신호 분석 실패: Error: SERP 접근 실패
    at getNaverSerpSignal (C:\Users\park\leword-app\src\utils\naver-serp-
signal-api.ts:18:33)
    at processTicksAndRejections (node:internal/process/task_queues:105:5
)
    at async Promise.all (index 1)
    at async C:\Users\park\leword-app\src\utils\pro-traffic-keyword-hunte
r.ts:1368:57
    at async Promise.all (index 4)
    at async fetchKeywordDataParallel (C:\Users\park\leword-app\src\utils
\pro-traffic-keyword-hunter.ts:1419:26)
    at async withStepTimeout (C:\Users\park\leword-app\src\utils\pro-traf
fic-keyword-hunter.ts:1882:14)
    at async huntProTrafficKeywords (C:\Users\park\leword-app\src\utils\p
ro-traffic-keyword-hunter.ts:3141:24)
    at async runQualityBenchmark (C:\Users\park\leword-app\test-quality-b
enchmark.ts:44:35)
[MDP-SERP] "근로소득원천징수영수증" 신호 분석 실패: Error: SERP 접근 실패
    at getNaverSerpSignal (C:\Users\park\leword-app\src\utils\naver-serp-
signal-api.ts:18:33)
    at processTicksAndRejections (node:internal/process/task_queues:105:5
)
    at async Promise.all (index 1)
    at async C:\Users\park\leword-app\src\utils\pro-traffic-keyword-hunte
r.ts:1368:57
    at async Promise.all (index 0)
    at async fetchKeywordDataParallel (C:\Users\park\leword-app\src\utils
\pro-traffic-keyword-hunter.ts:1419:26)
    at async withStepTimeout (C:\Users\park\leword-app\src\utils\pro-traf
fic-keyword-hunter.ts:1882:14)
    at async huntProTrafficKeywords (C:\Users\park\leword-app\src\utils\p
ro-traffic-keyword-hunter.ts:3141:24)
    at async runQualityBenchmark (C:\Users\park\leword-app\test-quality-b
enchmark.ts:44:35)
[MDP-SERP] "미국주식세금" 신호 분석 실패: Error: SERP 접근 실패
    at getNaverSerpSignal (C:\Users\park\leword-app\src\utils\naver-serp-
signal-api.ts:18:33)
    at processTicksAndRejections (node:internal/process/task_queues:105:5
)
    at async Promise.all (index 1)
    at async C:\Users\park\leword-app\src\utils\pro-traffic-keyword-hunte
r.ts:1368:57
    at async Promise.all (index 3)
    at async fetchKeywordDataParallel (C:\Users\park\leword-app\src\utils
\pro-traffic-keyword-hunter.ts:1419:26)
    at async withStepTimeout (C:\Users\park\leword-app\src\utils\pro-traf
fic-keyword-hunter.ts:1882:14)
    at async huntProTrafficKeywords (C:\Users\park\leword-app\src\utils\p
ro-traffic-keyword-hunter.ts:3141:24)
    at async runQualityBenchmark (C:\Users\park\leword-app\test-quality-b
enchmark.ts:44:35)
[API-PARALLEL] 📊 배치 7/10 (70%) - 5개 키워드
[MDP-SERP] "연말정산서류양식" 신호 분석 실패: Error: SERP 접근 실패
    at getNaverSerpSignal (C:\Users\park\leword-app\src\utils\naver-serp-
signal-api.ts:18:33)
    at processTicksAndRejections (node:internal/process/task_queues:105:5
)
    at async Promise.all (index 1)
    at async C:\Users\park\leword-app\src\utils\pro-traffic-keyword-hunte
r.ts:1368:57
    at async Promise.all (index 1)
    at async fetchKeywordDataParallel (C:\Users\park\leword-app\src\utils
\pro-traffic-keyword-hunter.ts:1419:26)
    at async withStepTimeout (C:\Users\park\leword-app\src\utils\pro-traf
fic-keyword-hunter.ts:1882:14)
    at async huntProTrafficKeywords (C:\Users\park\leword-app\src\utils\p
ro-traffic-keyword-hunter.ts:3141:24)
    at async runQualityBenchmark (C:\Users\park\leword-app\test-quality-b
enchmark.ts:44:35)
[MDP-SERP] "매일경제구독" 신호 분석 실패: Error: SERP 접근 실패
    at getNaverSerpSignal (C:\Users\park\leword-app\src\utils\naver-serp-
signal-api.ts:18:33)
    at processTicksAndRejections (node:internal/process/task_queues:105:5
)
    at async Promise.all (index 1)
    at async C:\Users\park\leword-app\src\utils\pro-traffic-keyword-hunte
r.ts:1368:57
    at async Promise.all (index 0)
    at async fetchKeywordDataParallel (C:\Users\park\leword-app\src\utils
\pro-traffic-keyword-hunter.ts:1419:26)
    at async withStepTimeout (C:\Users\park\leword-app\src\utils\pro-traf
fic-keyword-hunter.ts:1882:14)
    at async huntProTrafficKeywords (C:\Users\park\leword-app\src\utils\p
ro-traffic-keyword-hunter.ts:3141:24)
    at async runQualityBenchmark (C:\Users\park\leword-app\test-quality-b
enchmark.ts:44:35)
[MDP-SERP] "‘인구 역전 위기감’ 해운대구, 새해부터 ‘모든 출생아’에게 출산지원금 - v.daum.net" 신호 분석 실
패: Error: SERP 접근 실패
    at getNaverSerpSignal (C:\Users\park\leword-app\src\utils\naver-serp-
signal-api.ts:18:33)
    at processTicksAndRejections (node:internal/process/task_queues:105:5
)
    at async Promise.all (index 1)
    at async C:\Users\park\leword-app\src\utils\pro-traffic-keyword-hunte
r.ts:1368:57
    at async Promise.all (index 3)
    at async fetchKeywordDataParallel (C:\Users\park\leword-app\src\utils
\pro-traffic-keyword-hunter.ts:1419:26)
    at async withStepTimeout (C:\Users\park\leword-app\src\utils\pro-traf
fic-keyword-hunter.ts:1882:14)
    at async huntProTrafficKeywords (C:\Users\park\leword-app\src\utils\p
ro-traffic-keyword-hunter.ts:3141:24)
    at async runQualityBenchmark (C:\Users\park\leword-app\test-quality-b
enchmark.ts:44:35)
[MDP-SERP] "경남농협, 경상국립대학교에 대학발전지원금 1000만원 전달 - 농민신문" 신호 분석 실패: Error: SER
P 접근 실패
    at getNaverSerpSignal (C:\Users\park\leword-app\src\utils\naver-serp-
signal-api.ts:18:33)
    at processTicksAndRejections (node:internal/process/task_queues:105:5
)
    at async Promise.all (index 1)
    at async C:\Users\park\leword-app\src\utils\pro-traffic-keyword-hunte
r.ts:1368:57
    at async Promise.all (index 4)
    at async fetchKeywordDataParallel (C:\Users\park\leword-app\src\utils
\pro-traffic-keyword-hunter.ts:1419:26)
    at async withStepTimeout (C:\Users\park\leword-app\src\utils\pro-traf
fic-keyword-hunter.ts:1882:14)
    at async huntProTrafficKeywords (C:\Users\park\leword-app\src\utils\p
ro-traffic-keyword-hunter.ts:3141:24)
    at async runQualityBenchmark (C:\Users\park\leword-app\test-quality-b
enchmark.ts:44:35)
[MDP-SERP] "트럼프 정부, ‘복지 스캔들’ 미네소타에 최대 2680억원 보육 지원금 지급 중단 - 조선일보" 신호 분석 실
패: Error: SERP 접근 실패
    at getNaverSerpSignal (C:\Users\park\leword-app\src\utils\naver-serp-
signal-api.ts:18:33)
    at processTicksAndRejections (node:internal/process/task_queues:105:5
)
    at async Promise.all (index 1)
    at async C:\Users\park\leword-app\src\utils\pro-traffic-keyword-hunte
r.ts:1368:57
    at async Promise.all (index 2)
    at async fetchKeywordDataParallel (C:\Users\park\leword-app\src\utils
\pro-traffic-keyword-hunter.ts:1419:26)
    at async withStepTimeout (C:\Users\park\leword-app\src\utils\pro-traf
fic-keyword-hunter.ts:1882:14)
    at async huntProTrafficKeywords (C:\Users\park\leword-app\src\utils\p
ro-traffic-keyword-hunter.ts:3141:24)
    at async runQualityBenchmark (C:\Users\park\leword-app\test-quality-b
enchmark.ts:44:35)
[API-PARALLEL] 📊 배치 8/10 (80%) - 5개 키워드
[MDP-SERP] "회식비정산서" 신호 분석 실패: Error: SERP 접근 실패
    at getNaverSerpSignal (C:\Users\park\leword-app\src\utils\naver-serp-
signal-api.ts:18:33)
    at processTicksAndRejections (node:internal/process/task_queues:105:5
)
    at async Promise.all (index 1)
    at async C:\Users\park\leword-app\src\utils\pro-traffic-keyword-hunte
r.ts:1368:57
    at async Promise.all (index 1)
    at async fetchKeywordDataParallel (C:\Users\park\leword-app\src\utils
\pro-traffic-keyword-hunter.ts:1419:26)
    at async withStepTimeout (C:\Users\park\leword-app\src\utils\pro-traf
fic-keyword-hunter.ts:1882:14)
    at async huntProTrafficKeywords (C:\Users\park\leword-app\src\utils\p
ro-traffic-keyword-hunter.ts:3141:24)
    at async runQualityBenchmark (C:\Users\park\leword-app\test-quality-b
enchmark.ts:44:35)
[MDP-SERP] "정산서양식" 신호 분석 실패: Error: SERP 접근 실패
    at getNaverSerpSignal (C:\Users\park\leword-app\src\utils\naver-serp-
signal-api.ts:18:33)
    at processTicksAndRejections (node:internal/process/task_queues:105:5
)
    at async Promise.all (index 1)
    at async C:\Users\park\leword-app\src\utils\pro-traffic-keyword-hunte
r.ts:1368:57
    at async Promise.all (index 0)
    at async fetchKeywordDataParallel (C:\Users\park\leword-app\src\utils
\pro-traffic-keyword-hunter.ts:1419:26)
    at async withStepTimeout (C:\Users\park\leword-app\src\utils\pro-traf
fic-keyword-hunter.ts:1882:14)
    at async huntProTrafficKeywords (C:\Users\park\leword-app\src\utils\p
ro-traffic-keyword-hunter.ts:3141:24)
    at async runQualityBenchmark (C:\Users\park\leword-app\test-quality-b
enchmark.ts:44:35)
[MDP-SERP] "공사비정산서" 신호 분석 실패: Error: SERP 접근 실패
    at getNaverSerpSignal (C:\Users\park\leword-app\src\utils\naver-serp-
signal-api.ts:18:33)
    at processTicksAndRejections (node:internal/process/task_queues:105:5
)
    at async Promise.all (index 1)
    at async C:\Users\park\leword-app\src\utils\pro-traffic-keyword-hunte
r.ts:1368:57
    at async Promise.all (index 4)
    at async fetchKeywordDataParallel (C:\Users\park\leword-app\src\utils
\pro-traffic-keyword-hunter.ts:1419:26)
    at async withStepTimeout (C:\Users\park\leword-app\src\utils\pro-traf
fic-keyword-hunter.ts:1882:14)
    at async huntProTrafficKeywords (C:\Users\park\leword-app\src\utils\p
ro-traffic-keyword-hunter.ts:3141:24)
    at async runQualityBenchmark (C:\Users\park\leword-app\test-quality-b
enchmark.ts:44:35)
[MDP-SERP] "2026 지원금" 신호 분석 실패: Error: SERP 접근 실패
    at getNaverSerpSignal (C:\Users\park\leword-app\src\utils\naver-serp-
signal-api.ts:18:33)
    at processTicksAndRejections (node:internal/process/task_queues:105:5
)
    at async Promise.all (index 1)
    at async C:\Users\park\leword-app\src\utils\pro-traffic-keyword-hunte
r.ts:1368:57
    at async Promise.all (index 3)
    at async fetchKeywordDataParallel (C:\Users\park\leword-app\src\utils
\pro-traffic-keyword-hunter.ts:1419:26)
    at async withStepTimeout (C:\Users\park\leword-app\src\utils\pro-traf
fic-keyword-hunter.ts:1882:14)
    at async huntProTrafficKeywords (C:\Users\park\leword-app\src\utils\p
ro-traffic-keyword-hunter.ts:3141:24)
    at async runQualityBenchmark (C:\Users\park\leword-app\test-quality-b
enchmark.ts:44:35)
[MDP-SERP] "선급금정산서" 신호 분석 실패: Error: SERP 접근 실패
    at getNaverSerpSignal (C:\Users\park\leword-app\src\utils\naver-serp-
signal-api.ts:18:33)
    at processTicksAndRejections (node:internal/process/task_queues:105:5
)
    at async Promise.all (index 1)
    at async C:\Users\park\leword-app\src\utils\pro-traffic-keyword-hunte
r.ts:1368:57
    at async Promise.all (index 2)
    at async fetchKeywordDataParallel (C:\Users\park\leword-app\src\utils
\pro-traffic-keyword-hunter.ts:1419:26)
    at async withStepTimeout (C:\Users\park\leword-app\src\utils\pro-traf
fic-keyword-hunter.ts:1882:14)
    at async huntProTrafficKeywords (C:\Users\park\leword-app\src\utils\p
ro-traffic-keyword-hunter.ts:3141:24)
    at async runQualityBenchmark (C:\Users\park\leword-app\test-quality-b
enchmark.ts:44:35)
[API-PARALLEL] 📊 배치 9/10 (90%) - 5개 키워드
[MDP-SERP] "연말정산서식" 신호 분석 실패: Error: SERP 접근 실패
    at getNaverSerpSignal (C:\Users\park\leword-app\src\utils\naver-serp-
signal-api.ts:18:33)
    at processTicksAndRejections (node:internal/process/task_queues:105:5
)
    at async Promise.all (index 1)
    at async C:\Users\park\leword-app\src\utils\pro-traffic-keyword-hunte
r.ts:1368:57
    at async Promise.all (index 3)
    at async fetchKeywordDataParallel (C:\Users\park\leword-app\src\utils
\pro-traffic-keyword-hunter.ts:1419:26)
    at async withStepTimeout (C:\Users\park\leword-app\src\utils\pro-traf
fic-keyword-hunter.ts:1882:14)
    at async huntProTrafficKeywords (C:\Users\park\leword-app\src\utils\p
ro-traffic-keyword-hunter.ts:3141:24)
    at async runQualityBenchmark (C:\Users\park\leword-app\test-quality-b
enchmark.ts:44:35)
[MDP-SERP] "연말정산 2025년" 신호 분석 실패: Error: SERP 접근 실패
    at getNaverSerpSignal (C:\Users\park\leword-app\src\utils\naver-serp-
signal-api.ts:18:33)
    at processTicksAndRejections (node:internal/process/task_queues:105:5
)
    at async Promise.all (index 1)
    at async C:\Users\park\leword-app\src\utils\pro-traffic-keyword-hunte
r.ts:1368:57
    at async Promise.all (index 1)
    at async fetchKeywordDataParallel (C:\Users\park\leword-app\src\utils
\pro-traffic-keyword-hunter.ts:1419:26)
    at async withStepTimeout (C:\Users\park\leword-app\src\utils\pro-traf
fic-keyword-hunter.ts:1882:14)
    at async huntProTrafficKeywords (C:\Users\park\leword-app\src\utils\p
ro-traffic-keyword-hunter.ts:3141:24)
    at async runQualityBenchmark (C:\Users\park\leword-app\test-quality-b
enchmark.ts:44:35)
[MDP-SERP] "2025 연말정산" 신호 분석 실패: Error: SERP 접근 실패
    at getNaverSerpSignal (C:\Users\park\leword-app\src\utils\naver-serp-
signal-api.ts:18:33)
    at processTicksAndRejections (node:internal/process/task_queues:105:5
)
    at async Promise.all (index 1)
    at async C:\Users\park\leword-app\src\utils\pro-traffic-keyword-hunte
r.ts:1368:57
    at async Promise.all (index 0)
    at async fetchKeywordDataParallel (C:\Users\park\leword-app\src\utils
\pro-traffic-keyword-hunter.ts:1419:26)
    at async withStepTimeout (C:\Users\park\leword-app\src\utils\pro-traf
fic-keyword-hunter.ts:1882:14)
    at async huntProTrafficKeywords (C:\Users\park\leword-app\src\utils\p
ro-traffic-keyword-hunter.ts:3141:24)
    at async runQualityBenchmark (C:\Users\park\leword-app\test-quality-b
enchmark.ts:44:35)
[MDP-SERP] "공사정산서" 신호 분석 실패: Error: SERP 접근 실패
    at getNaverSerpSignal (C:\Users\park\leword-app\src\utils\naver-serp-
signal-api.ts:18:33)
    at processTicksAndRejections (node:internal/process/task_queues:105:5
)
    at async Promise.all (index 1)
    at async C:\Users\park\leword-app\src\utils\pro-traffic-keyword-hunte
r.ts:1368:57
    at async Promise.all (index 2)
    at async fetchKeywordDataParallel (C:\Users\park\leword-app\src\utils
\pro-traffic-keyword-hunter.ts:1419:26)
    at async withStepTimeout (C:\Users\park\leword-app\src\utils\pro-traf
fic-keyword-hunter.ts:1882:14)
    at async huntProTrafficKeywords (C:\Users\park\leword-app\src\utils\p
ro-traffic-keyword-hunter.ts:3141:24)
    at async runQualityBenchmark (C:\Users\park\leword-app\test-quality-b
enchmark.ts:44:35)
[MDP-SERP] "2025 청년지원금" 신호 분석 실패: Error: SERP 접근 실패
    at getNaverSerpSignal (C:\Users\park\leword-app\src\utils\naver-serp-
signal-api.ts:18:33)
    at processTicksAndRejections (node:internal/process/task_queues:105:5
)
    at async Promise.all (index 1)
    at async C:\Users\park\leword-app\src\utils\pro-traffic-keyword-hunte
r.ts:1368:57
    at async Promise.all (index 4)
    at async fetchKeywordDataParallel (C:\Users\park\leword-app\src\utils
\pro-traffic-keyword-hunter.ts:1419:26)
    at async withStepTimeout (C:\Users\park\leword-app\src\utils\pro-traf
fic-keyword-hunter.ts:1882:14)
    at async huntProTrafficKeywords (C:\Users\park\leword-app\src\utils\p
ro-traffic-keyword-hunter.ts:3141:24)
    at async runQualityBenchmark (C:\Users\park\leword-app\test-quality-b
enchmark.ts:44:35)
[API-PARALLEL] 📊 배치 10/10 (100%) - 4개 키워드
[MDP-SERP] "12월 지원금 신청" 신호 분석 실패: Error: SERP 접근 실패
    at getNaverSerpSignal (C:\Users\park\leword-app\src\utils\naver-serp-
signal-api.ts:18:33)
    at processTicksAndRejections (node:internal/process/task_queues:105:5
)
    at async Promise.all (index 1)
    at async C:\Users\park\leword-app\src\utils\pro-traffic-keyword-hunte
r.ts:1368:57
    at async Promise.all (index 1)
    at async fetchKeywordDataParallel (C:\Users\park\leword-app\src\utils
\pro-traffic-keyword-hunter.ts:1419:26)
    at async withStepTimeout (C:\Users\park\leword-app\src\utils\pro-traf
fic-keyword-hunter.ts:1882:14)
    at async huntProTrafficKeywords (C:\Users\park\leword-app\src\utils\p
ro-traffic-keyword-hunter.ts:3141:24)
    at async runQualityBenchmark (C:\Users\park\leword-app\test-quality-b
enchmark.ts:44:35)
[MDP-SERP] "2025년 연말정산" 신호 분석 실패: Error: SERP 접근 실패
    at getNaverSerpSignal (C:\Users\park\leword-app\src\utils\naver-serp-
signal-api.ts:18:33)
    at processTicksAndRejections (node:internal/process/task_queues:105:5
)
    at async Promise.all (index 1)
    at async C:\Users\park\leword-app\src\utils\pro-traffic-keyword-hunte
r.ts:1368:57
    at async Promise.all (index 3)
    at async fetchKeywordDataParallel (C:\Users\park\leword-app\src\utils
\pro-traffic-keyword-hunter.ts:1419:26)
    at async withStepTimeout (C:\Users\park\leword-app\src\utils\pro-traf
fic-keyword-hunter.ts:1882:14)
    at async huntProTrafficKeywords (C:\Users\park\leword-app\src\utils\p
ro-traffic-keyword-hunter.ts:3141:24)
    at async runQualityBenchmark (C:\Users\park\leword-app\test-quality-b
enchmark.ts:44:35)
[MDP-SERP] "정산서" 신호 분석 실패: Error: SERP 접근 실패
    at getNaverSerpSignal (C:\Users\park\leword-app\src\utils\naver-serp-
signal-api.ts:18:33)
    at processTicksAndRejections (node:internal/process/task_queues:105:5
)
    at async Promise.all (index 1)
    at async C:\Users\park\leword-app\src\utils\pro-traffic-keyword-hunte
r.ts:1368:57
    at async Promise.all (index 2)
    at async fetchKeywordDataParallel (C:\Users\park\leword-app\src\utils
\pro-traffic-keyword-hunter.ts:1419:26)
    at async withStepTimeout (C:\Users\park\leword-app\src\utils\pro-traf
fic-keyword-hunter.ts:1882:14)
    at async huntProTrafficKeywords (C:\Users\park\leword-app\src\utils\p
ro-traffic-keyword-hunter.ts:3141:24)
    at async runQualityBenchmark (C:\Users\park\leword-app\test-quality-b
enchmark.ts:44:35)
[MDP-SERP] "퇴직금정산서식" 신호 분석 실패: Error: SERP 접근 실패
    at getNaverSerpSignal (C:\Users\park\leword-app\src\utils\naver-serp-
signal-api.ts:18:33)
    at processTicksAndRejections (node:internal/process/task_queues:105:5
)
    at async Promise.all (index 1)
    at async C:\Users\park\leword-app\src\utils\pro-traffic-keyword-hunte
r.ts:1368:57
    at async Promise.all (index 0)
    at async fetchKeywordDataParallel (C:\Users\park\leword-app\src\utils
\pro-traffic-keyword-hunter.ts:1419:26)
    at async withStepTimeout (C:\Users\park\leword-app\src\utils\pro-traf
fic-keyword-hunter.ts:1882:14)
    at async huntProTrafficKeywords (C:\Users\park\leword-app\src\utils\p
ro-traffic-keyword-hunter.ts:3141:24)
    at async runQualityBenchmark (C:\Users\park\leword-app\test-quality-b
enchmark.ts:44:35)
[API-PARALLEL] ✅ 완료! 11.5초 소요
[API-PARALLEL] 📊 결과: 성공 49개, 실패 0개
[API-PARALLEL] 📊 블로그 API: 49/59 성공
[API-PARALLEL] 📊 검색광고 API: 0/0 성공
[API-PARALLEL] 🔄 총 재시도: 10회
[PRO-TRAFFIC] ❌ 레드오션 제외: "주식" (문서수=13019771)
[PRO-TRAFFIC] ✅ "연말정산모의계산": 검색량=44700, 문서수=7302, 비율=6.12, 등급=SSS
[PRO-TRAFFIC] ❌ 레드오션 제외: "연말정산하는법" (문서수=151281)
[PRO-TRAFFIC] ❌ 레드오션 제외: "매일경제신문" (문서수=304265)
[PRO-TRAFFIC] ✅ "연말정산간소화서비스": 검색량=21910, 문서수=79804, 비율=0.27, 등급=B
[PRO-TRAFFIC] ❌ 레드오션 제외: "연말정산소득공제" (문서수=358366)
[PRO-TRAFFIC] ❌ 레드오션 제외: "창업" (문서수=8332160)
[PRO-TRAFFIC] ❌ 레드오션 제외: "재테크" (문서수=3117810)
[PRO-TRAFFIC] ❌ 레드오션 제외: "경제" (문서수=22095099)
[PRO-TRAFFIC] ✅ "연말정산간소화": 검색량=16480, 문서수=100285, 비율=0.16, 등급=B
[PRO-TRAFFIC] ❌ 레드오션 제외: "무인창업" (문서수=278369)
[PRO-TRAFFIC] ❌ 레드오션 제외: "주식분석" (문서수=2812714)
[PRO-TRAFFIC] ❌ 레드오션 제외: "소자본창업" (문서수=504618)
[PRO-TRAFFIC] ❌ 레드오션 제외: "소상공인" (문서수=2106736)
[PRO-TRAFFIC] ❌ 레드오션 제외: "투자" (문서수=31290694)
[PRO-TRAFFIC] ❌ 레드오션 제외: "프랜차이즈창업" (문서수=907992)
[PRO-TRAFFIC] ❌ 레드오션 제외: "창업지원금" (문서수=289262)
[PRO-TRAFFIC] ❌ 레드오션 제외: "창업대출" (문서수=463996)
[PRO-TRAFFIC] ❌ 레드오션 제외: "종합소득세율" (문서수=219163)
[PRO-TRAFFIC] ❌ 레드오션 제외: "종합소득세세율" (문서수=239660)
[PRO-TRAFFIC] ❌ 레드오션 제외: "창업박람회" (문서수=205722)
[PRO-TRAFFIC] ❌ 레드오션 제외: "경제신문" (문서수=2076275)
[PRO-TRAFFIC] ❌ 레드오션 제외: "청년창업" (문서수=380670)
[PRO-TRAFFIC] ✅ "매일경제신문구독": 검색량=6160, 문서수=24269, 비율=0.25, 등급=B
[PRO-TRAFFIC] ✅ "초기창업패키지": 검색량=3480, 문서수=59869, 비율=0.06, 등급=B
[PRO-TRAFFIC] ❌ 레드오션 제외: "근로소득원천징수영수증" (문서수=168277)
[PRO-TRAFFIC] ✅ "로또세금": 검색량=13640, 문서수=81326, 비율=0.17, 등급=B
[PRO-TRAFFIC] ❌ 레드오션 제외: "종합소득세신고" (문서수=528828)
[PRO-TRAFFIC] ❌ 레드오션 제외: "미국주식세금" (문서수=331775)
[PRO-TRAFFIC] ❌ 레드오션 제외: "연말정산서류" (문서수=185606)
[PRO-TRAFFIC] ✅ "매일경제구독": 검색량=1800, 문서수=37968, 비율=0.05, 등급=B
[PRO-TRAFFIC] ⚠️ 검색량 미확정(폴백 후보 유지): "연말정산서류양식" (검색량=0, 문서수=7989)
[PRO-TRAFFIC] ⚠️ 검색량 미확정(폴백 후보 유지): "트럼프 정부, ‘복지 스캔들’ 미네소타에 최대 2680억원 보육 지원금 지급 중단 - 조선일보" (검색량=0, 문서수=712)
[PRO-TRAFFIC] ⚠️ 검색량 미확정(폴백 후보 유지): "‘인구 역전 위기감’ 해운대구, 새해부터 ‘모든 출생아’에게 출산지원금 - v.daum.net" (검색량=0, 문서수=111)
[PRO-TRAFFIC] ⚠️ 검색량 미확정(폴백 후보 유지): "경남농협, 경상국립대학교에 대학발전지원금 1000만원 전달 - 농민신문" (검색량=0, 문서수=3736)
[PRO-TRAFFIC] ✅ "정산서양식": 검색량=480, 문서수=2085, 비율=0.23, 등급=B
[PRO-TRAFFIC] ⚠️ 검색량 미확정(폴백 후보 유지): "회식비정산서" (검색량=0, 문서수=40)
[PRO-TRAFFIC] ❌ 황금비율 부족: "선급금정산서" (비율=0.17, 검색량=50)
[PRO-TRAFFIC] ⚠️ 검색량 미확정(폴백 후보 유지): "2026 지원금" (검색량=0, 문서수=55420)
[PRO-TRAFFIC] ❌ 황금비율 부족: "공사비정산서" (비율=0.05, 검색량=30)
[PRO-TRAFFIC] ⚠️ 검색량 미확정(폴백 후보 유지): "2025 연말정산" (검색량=0, 문서수=80868)
[PRO-TRAFFIC] ⚠️ 검색량 미확정(폴백 후보 유지): "연말정산 2025년" (검색량=0, 문서수=69046)
[PRO-TRAFFIC] ❌ 황금비율 부족: "공사정산서" (비율=0.02, 검색량=50)
[PRO-TRAFFIC] ✅ "연말정산서식": 검색량=80, 문서수=13691, 비율=0.01, 등급=B
[PRO-TRAFFIC] ⚠️ 검색량 미확정(폴백 후보 유지): "2025 청년지원금" (검색량=0, 문서수=69620)
[PRO-TRAFFIC] ❌ 황금비율 부족: "퇴직금정산서식" (비율=0.00, 검색량=10)
[PRO-TRAFFIC] ⚠️ 검색량 미확정(폴백 후보 유지): "12월 지원금 신청" (검색량=0, 문서수=159700)
[PRO-TRAFFIC] ✅ "정산서": 검색량=660, 문서수=24041, 비율=0.03, 등급=B
[PRO-TRAFFIC] ⚠️ 검색량 미확정(폴백 후보 유지): "2025년 연말정산" (검색량=0, 문서수=69189)
[PRO-TRAFFIC] 📁 카테고리 검증 풀(혼입 금지): business → 10개
[PRO-TRAFFIC] 📁 카테고리 최종 후보(혼입 금지): business → 5개
[PRO-TRAFFIC] ✅ 5개 키워드 분석 완료 (끝판왕 v2.0 포함)
[PRO-TRAFFIC] 🏁 최종 선정: 5개
[PRO-TRAFFIC] 🏆 끝판왕 분석 포함: 5개
[PRO-TRAFFIC] 🏆🏆🏆 5개 황금 키워드 발굴 완료 (실제 API 검증 완료!)
[PRO-TRAFFIC] 💎 블루오션: 3개, 신생적합: 3개
[PRO-TRAFFIC] 📊 TOP 키워드: 연말정산모의계산(44700/7302), 연말정산간소화서비스(21910/79804), 매일경제신문구독(6160/24269)
[NAVER-SMART-BLOCK] API 호출 실패: 429
[NAVER-SMART-BLOCK] 연관 키워드 없음
[NAVER-SMART-BLOCK] API 호출 실패: 429
[NAVER-SMART-BLOCK] 연관 키워드 없음
[NAVER-SMART-BLOCK] API 호출 실패: 429
[NAVER-SMART-BLOCK] 연관 키워드 없음

✅ 테스트 2 완료 (35.8초)
   SSS: 1개 | SS: 0개 | S: 0개
   평균 황금비율: 1.41% | 최대: 6.12%
   🏆 SSS 키워드:
      - 연말정산모의계산 (6.121610517666393%)

⏳ 다음 테스트까지 3초 대기...

============================================================
📊 테스트 3/5 실행 중...
============================================================
[PRO-TRAFFIC] 🏆 PRO 황금키워드 헌팅 시작 - 🔥 실시간 이슈
[PRO-TRAFFIC] 🗑️ 캐시 초기화 완료 - 새로운 키워드 발굴 시작!
[PRO-TRAFFIC] 🔥 실시간 이슈 모드 활성화
[PRO-TRAFFIC] 🌐 다중 소스 키워드 수집 시작...
[PRO-TRAFFIC] 📅 시즌 키워드 30개
[PRO-TRAFFIC] 📜 정책 기본키워드 9개
[PRO-TRAFFIC] 📰 뉴스 RSS 20개
[PRO-TRAFFIC] 🌐 다중 소스 53개 수집!
[PRO-TRAFFIC] 📊 시드 키워드 32개: 2025 연말정산, 주식, 경제, 재테크, 창업...
[PRO-TRAFFIC] 🔥 네이버 검색광고 API로 연관키워드 수집...
[PRO-TRAFFIC] ✅ 검색광고 API에서 721개 연관 키워드 수집
[PRO-TRAFFIC][METRICS] stage=pre_filter category=business mode=realtime seeds=32 allKeywords=748 profitable=69
[PRO-TRAFFIC] 🎯 수익화 의도 키워드 69개 필터링
[PRO-TRAFFIC] 🔍 52개 키워드 API 조회 (캐시 미스)
[API-PARALLEL] 🚀 52개 키워드 병렬 처리 시작
[API-PARALLEL] ⚙️ 설정: 배치=5, 재시도=2회
[API-PARALLEL] 📦 총 11개 배치로 분할
[API-PARALLEL] 📊 배치 1/11 (9%) - 5개 키워드
[MDP-SERP] "매일경제구독" 신호 분석 실패: Error: SERP 접근 실패
    at getNaverSerpSignal (C:\Users\park\leword-app\src\utils\naver-serp-
signal-api.ts:18:33)
    at processTicksAndRejections (node:internal/process/task_queues:105:5
)
    at async Promise.all (index 1)
    at async C:\Users\park\leword-app\src\utils\pro-traffic-keyword-hunte
r.ts:1368:57
    at async Promise.all (index 4)
    at async fetchKeywordDataParallel (C:\Users\park\leword-app\src\utils
\pro-traffic-keyword-hunter.ts:1419:26)
    at async fetchKeywordDataBatch (C:\Users\park\leword-app\src\utils\pr
o-traffic-keyword-hunter.ts:1500:3)
    at async withStepTimeout (C:\Users\park\leword-app\src\utils\pro-traf
fic-keyword-hunter.ts:1882:14)
    at async huntProTrafficKeywords (C:\Users\park\leword-app\src\utils\p
ro-traffic-keyword-hunter.ts:2851:3)
    at async runQualityBenchmark (C:\Users\park\leword-app\test-quality-b
enchmark.ts:44:35)
[MDP-SERP] "매일경제신문" 신호 분석 실패: Error: SERP 접근 실패
    at getNaverSerpSignal (C:\Users\park\leword-app\src\utils\naver-serp-
signal-api.ts:18:33)
    at processTicksAndRejections (node:internal/process/task_queues:105:5
)
    at async Promise.all (index 1)
    at async C:\Users\park\leword-app\src\utils\pro-traffic-keyword-hunte
r.ts:1368:57
    at async Promise.all (index 0)
    at async fetchKeywordDataParallel (C:\Users\park\leword-app\src\utils
\pro-traffic-keyword-hunter.ts:1419:26)
    at async fetchKeywordDataBatch (C:\Users\park\leword-app\src\utils\pr
o-traffic-keyword-hunter.ts:1500:3)
    at async withStepTimeout (C:\Users\park\leword-app\src\utils\pro-traf
fic-keyword-hunter.ts:1882:14)
    at async huntProTrafficKeywords (C:\Users\park\leword-app\src\utils\p
ro-traffic-keyword-hunter.ts:2851:3)
    at async runQualityBenchmark (C:\Users\park\leword-app\test-quality-b
enchmark.ts:44:35)
[MDP-SERP] "경제신문" 신호 분석 실패: Error: SERP 접근 실패
    at getNaverSerpSignal (C:\Users\park\leword-app\src\utils\naver-serp-
signal-api.ts:18:33)
    at processTicksAndRejections (node:internal/process/task_queues:105:5
)
    at async Promise.all (index 1)
    at async C:\Users\park\leword-app\src\utils\pro-traffic-keyword-hunte
r.ts:1368:57
    at async Promise.all (index 3)
    at async fetchKeywordDataParallel (C:\Users\park\leword-app\src\utils
\pro-traffic-keyword-hunter.ts:1419:26)
    at async fetchKeywordDataBatch (C:\Users\park\leword-app\src\utils\pr
o-traffic-keyword-hunter.ts:1500:3)
    at async withStepTimeout (C:\Users\park\leword-app\src\utils\pro-traf
fic-keyword-hunter.ts:1882:14)
    at async huntProTrafficKeywords (C:\Users\park\leword-app\src\utils\p
ro-traffic-keyword-hunter.ts:2851:3)
    at async runQualityBenchmark (C:\Users\park\leword-app\test-quality-b
enchmark.ts:44:35)
[MDP-SERP] "매일경제신문구독" 신호 분석 실패: Error: SERP 접근 실패
    at getNaverSerpSignal (C:\Users\park\leword-app\src\utils\naver-serp-
signal-api.ts:18:33)
    at processTicksAndRejections (node:internal/process/task_queues:105:5
)
    at async Promise.all (index 1)
    at async C:\Users\park\leword-app\src\utils\pro-traffic-keyword-hunte
r.ts:1368:57
    at async Promise.all (index 2)
    at async fetchKeywordDataParallel (C:\Users\park\leword-app\src\utils
\pro-traffic-keyword-hunter.ts:1419:26)
    at async fetchKeywordDataBatch (C:\Users\park\leword-app\src\utils\pr
o-traffic-keyword-hunter.ts:1500:3)
    at async withStepTimeout (C:\Users\park\leword-app\src\utils\pro-traf
fic-keyword-hunter.ts:1882:14)
    at async huntProTrafficKeywords (C:\Users\park\leword-app\src\utils\p
ro-traffic-keyword-hunter.ts:2851:3)
    at async runQualityBenchmark (C:\Users\park\leword-app\test-quality-b
enchmark.ts:44:35)
[MDP-SERP] "주식분석" 신호 분석 실패: Error: SERP 접근 실패
    at getNaverSerpSignal (C:\Users\park\leword-app\src\utils\naver-serp-
signal-api.ts:18:33)
    at processTicksAndRejections (node:internal/process/task_queues:105:5
)
    at async Promise.all (index 1)
    at async C:\Users\park\leword-app\src\utils\pro-traffic-keyword-hunte
r.ts:1368:57
    at async Promise.all (index 1)
    at async fetchKeywordDataParallel (C:\Users\park\leword-app\src\utils
\pro-traffic-keyword-hunter.ts:1419:26)
    at async fetchKeywordDataBatch (C:\Users\park\leword-app\src\utils\pr
o-traffic-keyword-hunter.ts:1500:3)
    at async withStepTimeout (C:\Users\park\leword-app\src\utils\pro-traf
fic-keyword-hunter.ts:1882:14)
    at async huntProTrafficKeywords (C:\Users\park\leword-app\src\utils\p
ro-traffic-keyword-hunter.ts:2851:3)
    at async runQualityBenchmark (C:\Users\park\leword-app\test-quality-b
enchmark.ts:44:35)
[API-PARALLEL] 📊 배치 2/11 (18%) - 5개 키워드
[MDP-SERP] "창업대출" 신호 분석 실패: Error: SERP 접근 실패
    at getNaverSerpSignal (C:\Users\park\leword-app\src\utils\naver-serp-
signal-api.ts:18:33)
    at processTicksAndRejections (node:internal/process/task_queues:105:5
)
    at async Promise.all (index 1)
    at async C:\Users\park\leword-app\src\utils\pro-traffic-keyword-hunte
r.ts:1368:57
    at async Promise.all (index 3)
    at async fetchKeywordDataParallel (C:\Users\park\leword-app\src\utils
\pro-traffic-keyword-hunter.ts:1419:26)
    at async fetchKeywordDataBatch (C:\Users\park\leword-app\src\utils\pr
o-traffic-keyword-hunter.ts:1500:3)
    at async withStepTimeout (C:\Users\park\leword-app\src\utils\pro-traf
fic-keyword-hunter.ts:1882:14)
    at async huntProTrafficKeywords (C:\Users\park\leword-app\src\utils\p
ro-traffic-keyword-hunter.ts:2851:3)
    at async runQualityBenchmark (C:\Users\park\leword-app\test-quality-b
enchmark.ts:44:35)
[MDP-SERP] "소자본창업" 신호 분석 실패: Error: SERP 접근 실패
    at getNaverSerpSignal (C:\Users\park\leword-app\src\utils\naver-serp-
signal-api.ts:18:33)
    at processTicksAndRejections (node:internal/process/task_queues:105:5
)
    at async Promise.all (index 1)
    at async C:\Users\park\leword-app\src\utils\pro-traffic-keyword-hunte
r.ts:1368:57
    at async Promise.all (index 1)
    at async fetchKeywordDataParallel (C:\Users\park\leword-app\src\utils
\pro-traffic-keyword-hunter.ts:1419:26)
    at async fetchKeywordDataBatch (C:\Users\park\leword-app\src\utils\pr
o-traffic-keyword-hunter.ts:1500:3)
    at async withStepTimeout (C:\Users\park\leword-app\src\utils\pro-traf
fic-keyword-hunter.ts:1882:14)
    at async huntProTrafficKeywords (C:\Users\park\leword-app\src\utils\p
ro-traffic-keyword-hunter.ts:2851:3)
    at async runQualityBenchmark (C:\Users\park\leword-app\test-quality-b
enchmark.ts:44:35)
[MDP-SERP] "무인창업" 신호 분석 실패: Error: SERP 접근 실패
    at getNaverSerpSignal (C:\Users\park\leword-app\src\utils\naver-serp-
signal-api.ts:18:33)
    at processTicksAndRejections (node:internal/process/task_queues:105:5
)
    at async Promise.all (index 1)
    at async C:\Users\park\leword-app\src\utils\pro-traffic-keyword-hunte
r.ts:1368:57
    at async Promise.all (index 0)
    at async fetchKeywordDataParallel (C:\Users\park\leword-app\src\utils
\pro-traffic-keyword-hunter.ts:1419:26)
    at async fetchKeywordDataBatch (C:\Users\park\leword-app\src\utils\pr
o-traffic-keyword-hunter.ts:1500:3)
    at async withStepTimeout (C:\Users\park\leword-app\src\utils\pro-traf
fic-keyword-hunter.ts:1882:14)
    at async huntProTrafficKeywords (C:\Users\park\leword-app\src\utils\p
ro-traffic-keyword-hunter.ts:2851:3)
    at async runQualityBenchmark (C:\Users\park\leword-app\test-quality-b
enchmark.ts:44:35)
[MDP-SERP] "프랜차이즈창업" 신호 분석 실패: Error: SERP 접근 실패
    at getNaverSerpSignal (C:\Users\park\leword-app\src\utils\naver-serp-
signal-api.ts:18:33)
    at processTicksAndRejections (node:internal/process/task_queues:105:5
)
    at async Promise.all (index 1)
    at async C:\Users\park\leword-app\src\utils\pro-traffic-keyword-hunte
r.ts:1368:57
    at async Promise.all (index 4)
    at async fetchKeywordDataParallel (C:\Users\park\leword-app\src\utils
\pro-traffic-keyword-hunter.ts:1419:26)
    at async fetchKeywordDataBatch (C:\Users\park\leword-app\src\utils\pr
o-traffic-keyword-hunter.ts:1500:3)
    at async withStepTimeout (C:\Users\park\leword-app\src\utils\pro-traf
fic-keyword-hunter.ts:1882:14)
    at async huntProTrafficKeywords (C:\Users\park\leword-app\src\utils\p
ro-traffic-keyword-hunter.ts:2851:3)
    at async runQualityBenchmark (C:\Users\park\leword-app\test-quality-b
enchmark.ts:44:35)
[MDP-SERP] "창업지원금" 신호 분석 실패: Error: SERP 접근 실패
    at getNaverSerpSignal (C:\Users\park\leword-app\src\utils\naver-serp-
signal-api.ts:18:33)
    at processTicksAndRejections (node:internal/process/task_queues:105:5
)
    at async Promise.all (index 1)
    at async C:\Users\park\leword-app\src\utils\pro-traffic-keyword-hunte
r.ts:1368:57
    at async Promise.all (index 2)
    at async fetchKeywordDataParallel (C:\Users\park\leword-app\src\utils
\pro-traffic-keyword-hunter.ts:1419:26)
    at async fetchKeywordDataBatch (C:\Users\park\leword-app\src\utils\pr
o-traffic-keyword-hunter.ts:1500:3)
    at async withStepTimeout (C:\Users\park\leword-app\src\utils\pro-traf
fic-keyword-hunter.ts:1882:14)
    at async huntProTrafficKeywords (C:\Users\park\leword-app\src\utils\p
ro-traffic-keyword-hunter.ts:2851:3)
    at async runQualityBenchmark (C:\Users\park\leword-app\test-quality-b
enchmark.ts:44:35)
[API-PARALLEL] 📊 배치 3/11 (27%) - 5개 키워드
[MDP-SERP] "초기창업패키지" 신호 분석 실패: Error: SERP 접근 실패
    at getNaverSerpSignal (C:\Users\park\leword-app\src\utils\naver-serp-
signal-api.ts:18:33)
    at processTicksAndRejections (node:internal/process/task_queues:105:5
)
    at async Promise.all (index 1)
    at async C:\Users\park\leword-app\src\utils\pro-traffic-keyword-hunte
r.ts:1368:57
    at async Promise.all (index 2)
    at async fetchKeywordDataParallel (C:\Users\park\leword-app\src\utils
\pro-traffic-keyword-hunter.ts:1419:26)
    at async fetchKeywordDataBatch (C:\Users\park\leword-app\src\utils\pr
o-traffic-keyword-hunter.ts:1500:3)
    at async withStepTimeout (C:\Users\park\leword-app\src\utils\pro-traf
fic-keyword-hunter.ts:1882:14)
    at async huntProTrafficKeywords (C:\Users\park\leword-app\src\utils\p
ro-traffic-keyword-hunter.ts:2851:3)
    at async runQualityBenchmark (C:\Users\park\leword-app\test-quality-b
enchmark.ts:44:35)
[MDP-SERP] "소상공인" 신호 분석 실패: Error: SERP 접근 실패
    at getNaverSerpSignal (C:\Users\park\leword-app\src\utils\naver-serp-
signal-api.ts:18:33)
    at processTicksAndRejections (node:internal/process/task_queues:105:5
)
    at async Promise.all (index 1)
    at async C:\Users\park\leword-app\src\utils\pro-traffic-keyword-hunte
r.ts:1368:57
    at async Promise.all (index 4)
    at async fetchKeywordDataParallel (C:\Users\park\leword-app\src\utils
\pro-traffic-keyword-hunter.ts:1419:26)
    at async fetchKeywordDataBatch (C:\Users\park\leword-app\src\utils\pr
o-traffic-keyword-hunter.ts:1500:3)
    at async withStepTimeout (C:\Users\park\leword-app\src\utils\pro-traf
fic-keyword-hunter.ts:1882:14)
    at async huntProTrafficKeywords (C:\Users\park\leword-app\src\utils\p
ro-traffic-keyword-hunter.ts:2851:3)
    at async runQualityBenchmark (C:\Users\park\leword-app\test-quality-b
enchmark.ts:44:35)
[API-PARALLEL] 📊 배치 4/11 (36%) - 5개 키워드
[MDP-SERP] "재테크" 신호 분석 실패: Error: SERP 접근 실패
    at getNaverSerpSignal (C:\Users\park\leword-app\src\utils\naver-serp-
signal-api.ts:18:33)
    at processTicksAndRejections (node:internal/process/task_queues:105:5
)
    at async Promise.all (index 1)
    at async C:\Users\park\leword-app\src\utils\pro-traffic-keyword-hunte
r.ts:1368:57
    at async Promise.all (index 0)
    at async fetchKeywordDataParallel (C:\Users\park\leword-app\src\utils
\pro-traffic-keyword-hunter.ts:1419:26)
    at async fetchKeywordDataBatch (C:\Users\park\leword-app\src\utils\pr
o-traffic-keyword-hunter.ts:1500:3)
    at async withStepTimeout (C:\Users\park\leword-app\src\utils\pro-traf
fic-keyword-hunter.ts:1882:14)
    at async huntProTrafficKeywords (C:\Users\park\leword-app\src\utils\p
ro-traffic-keyword-hunter.ts:2851:3)
    at async runQualityBenchmark (C:\Users\park\leword-app\test-quality-b
enchmark.ts:44:35)
[MDP-SERP] "연말정산환급금조회" 신호 분석 실패: Error: SERP 접근 실패
    at getNaverSerpSignal (C:\Users\park\leword-app\src\utils\naver-serp-
signal-api.ts:18:33)
    at processTicksAndRejections (node:internal/process/task_queues:105:5
)
    at async Promise.all (index 1)
    at async C:\Users\park\leword-app\src\utils\pro-traffic-keyword-hunte
r.ts:1368:57
    at async Promise.all (index 3)
    at async fetchKeywordDataParallel (C:\Users\park\leword-app\src\utils
\pro-traffic-keyword-hunter.ts:1419:26)
    at async fetchKeywordDataBatch (C:\Users\park\leword-app\src\utils\pr
o-traffic-keyword-hunter.ts:1500:3)
    at async withStepTimeout (C:\Users\park\leword-app\src\utils\pro-traf
fic-keyword-hunter.ts:1882:14)
    at async huntProTrafficKeywords (C:\Users\park\leword-app\src\utils\p
ro-traffic-keyword-hunter.ts:2851:3)
    at async runQualityBenchmark (C:\Users\park\leword-app\test-quality-b
enchmark.ts:44:35)
[MDP-SERP] "경제" 신호 분석 실패: Error: SERP 접근 실패
    at getNaverSerpSignal (C:\Users\park\leword-app\src\utils\naver-serp-
signal-api.ts:18:33)
    at processTicksAndRejections (node:internal/process/task_queues:105:5
)
    at async Promise.all (index 1)
    at async C:\Users\park\leword-app\src\utils\pro-traffic-keyword-hunte
r.ts:1368:57
    at async Promise.all (index 1)
    at async fetchKeywordDataParallel (C:\Users\park\leword-app\src\utils
\pro-traffic-keyword-hunter.ts:1419:26)
    at async fetchKeywordDataBatch (C:\Users\park\leword-app\src\utils\pr
o-traffic-keyword-hunter.ts:1500:3)
    at async withStepTimeout (C:\Users\park\leword-app\src\utils\pro-traf
fic-keyword-hunter.ts:1882:14)
    at async huntProTrafficKeywords (C:\Users\park\leword-app\src\utils\p
ro-traffic-keyword-hunter.ts:2851:3)
    at async runQualityBenchmark (C:\Users\park\leword-app\test-quality-b
enchmark.ts:44:35)
[MDP-SERP] "연말정산하는법" 신호 분석 실패: Error: SERP 접근 실패
    at getNaverSerpSignal (C:\Users\park\leword-app\src\utils\naver-serp-
signal-api.ts:18:33)
    at processTicksAndRejections (node:internal/process/task_queues:105:5
)
    at async Promise.all (index 1)
    at async C:\Users\park\leword-app\src\utils\pro-traffic-keyword-hunte
r.ts:1368:57
    at async Promise.all (index 4)
    at async fetchKeywordDataParallel (C:\Users\park\leword-app\src\utils
\pro-traffic-keyword-hunter.ts:1419:26)
    at async fetchKeywordDataBatch (C:\Users\park\leword-app\src\utils\pr
o-traffic-keyword-hunter.ts:1500:3)
    at async withStepTimeout (C:\Users\park\leword-app\src\utils\pro-traf
fic-keyword-hunter.ts:1882:14)
    at async huntProTrafficKeywords (C:\Users\park\leword-app\src\utils\p
ro-traffic-keyword-hunter.ts:2851:3)
    at async runQualityBenchmark (C:\Users\park\leword-app\test-quality-b
enchmark.ts:44:35)
[MDP-SERP] "연말정산모의계산" 신호 분석 실패: Error: SERP 접근 실패
    at getNaverSerpSignal (C:\Users\park\leword-app\src\utils\naver-serp-
signal-api.ts:18:33)
    at processTicksAndRejections (node:internal/process/task_queues:105:5
)
    at async Promise.all (index 1)
    at async C:\Users\park\leword-app\src\utils\pro-traffic-keyword-hunte
r.ts:1368:57
    at async Promise.all (index 2)
    at async fetchKeywordDataParallel (C:\Users\park\leword-app\src\utils
\pro-traffic-keyword-hunter.ts:1419:26)
    at async fetchKeywordDataBatch (C:\Users\park\leword-app\src\utils\pr
o-traffic-keyword-hunter.ts:1500:3)
    at async withStepTimeout (C:\Users\park\leword-app\src\utils\pro-traf
fic-keyword-hunter.ts:1882:14)
    at async huntProTrafficKeywords (C:\Users\park\leword-app\src\utils\p
ro-traffic-keyword-hunter.ts:2851:3)
    at async runQualityBenchmark (C:\Users\park\leword-app\test-quality-b
enchmark.ts:44:35)
[API-PARALLEL] 📊 배치 5/11 (45%) - 5개 키워드
[MDP-SERP] "연말정산간소화서비스" 신호 분석 실패: Error: SERP 접근 실패
    at getNaverSerpSignal (C:\Users\park\leword-app\src\utils\naver-serp-
signal-api.ts:18:33)
    at processTicksAndRejections (node:internal/process/task_queues:105:5
)
    at async Promise.all (index 1)
    at async C:\Users\park\leword-app\src\utils\pro-traffic-keyword-hunte
r.ts:1368:57
    at async Promise.all (index 0)
    at async fetchKeywordDataParallel (C:\Users\park\leword-app\src\utils
\pro-traffic-keyword-hunter.ts:1419:26)
    at async fetchKeywordDataBatch (C:\Users\park\leword-app\src\utils\pr
o-traffic-keyword-hunter.ts:1500:3)
    at async withStepTimeout (C:\Users\park\leword-app\src\utils\pro-traf
fic-keyword-hunter.ts:1882:14)
    at async huntProTrafficKeywords (C:\Users\park\leword-app\src\utils\p
ro-traffic-keyword-hunter.ts:2851:3)
    at async runQualityBenchmark (C:\Users\park\leword-app\test-quality-b
enchmark.ts:44:35)
[MDP-SERP] "종합소득세세율" 신호 분석 실패: Error: SERP 접근 실패
    at getNaverSerpSignal (C:\Users\park\leword-app\src\utils\naver-serp-
signal-api.ts:18:33)
    at processTicksAndRejections (node:internal/process/task_queues:105:5
)
    at async Promise.all (index 1)
    at async C:\Users\park\leword-app\src\utils\pro-traffic-keyword-hunte
r.ts:1368:57
    at async Promise.all (index 4)
    at async fetchKeywordDataParallel (C:\Users\park\leword-app\src\utils
\pro-traffic-keyword-hunter.ts:1419:26)
    at async fetchKeywordDataBatch (C:\Users\park\leword-app\src\utils\pr
o-traffic-keyword-hunter.ts:1500:3)
    at async withStepTimeout (C:\Users\park\leword-app\src\utils\pro-traf
fic-keyword-hunter.ts:1882:14)
    at async huntProTrafficKeywords (C:\Users\park\leword-app\src\utils\p
ro-traffic-keyword-hunter.ts:2851:3)
    at async runQualityBenchmark (C:\Users\park\leword-app\test-quality-b
enchmark.ts:44:35)
[MDP-SERP] "퇴직금중간정산" 신호 분석 실패: Error: SERP 접근 실패
    at getNaverSerpSignal (C:\Users\park\leword-app\src\utils\naver-serp-
signal-api.ts:18:33)
    at processTicksAndRejections (node:internal/process/task_queues:105:5
)
    at async Promise.all (index 1)
    at async C:\Users\park\leword-app\src\utils\pro-traffic-keyword-hunte
r.ts:1368:57
    at async Promise.all (index 2)
    at async fetchKeywordDataParallel (C:\Users\park\leword-app\src\utils
\pro-traffic-keyword-hunter.ts:1419:26)
    at async fetchKeywordDataBatch (C:\Users\park\leword-app\src\utils\pr
o-traffic-keyword-hunter.ts:1500:3)
    at async withStepTimeout (C:\Users\park\leword-app\src\utils\pro-traf
fic-keyword-hunter.ts:1882:14)
    at async huntProTrafficKeywords (C:\Users\park\leword-app\src\utils\p
ro-traffic-keyword-hunter.ts:2851:3)
    at async runQualityBenchmark (C:\Users\park\leword-app\test-quality-b
enchmark.ts:44:35)
[MDP-SERP] "근로소득원천징수영수증" 신호 분석 실패: Error: SERP 접근 실패
    at getNaverSerpSignal (C:\Users\park\leword-app\src\utils\naver-serp-
signal-api.ts:18:33)
    at processTicksAndRejections (node:internal/process/task_queues:105:5
)
    at async Promise.all (index 1)
    at async C:\Users\park\leword-app\src\utils\pro-traffic-keyword-hunte
r.ts:1368:57
    at async Promise.all (index 1)
    at async fetchKeywordDataParallel (C:\Users\park\leword-app\src\utils
\pro-traffic-keyword-hunter.ts:1419:26)
    at async fetchKeywordDataBatch (C:\Users\park\leword-app\src\utils\pr
o-traffic-keyword-hunter.ts:1500:3)
    at async withStepTimeout (C:\Users\park\leword-app\src\utils\pro-traf
fic-keyword-hunter.ts:1882:14)
    at async huntProTrafficKeywords (C:\Users\park\leword-app\src\utils\p
ro-traffic-keyword-hunter.ts:2851:3)
    at async runQualityBenchmark (C:\Users\park\leword-app\test-quality-b
enchmark.ts:44:35)
[MDP-SERP] "종합소득세율" 신호 분석 실패: Error: SERP 접근 실패
    at getNaverSerpSignal (C:\Users\park\leword-app\src\utils\naver-serp-
signal-api.ts:18:33)
    at processTicksAndRejections (node:internal/process/task_queues:105:5
)
    at async Promise.all (index 1)
    at async C:\Users\park\leword-app\src\utils\pro-traffic-keyword-hunte
r.ts:1368:57
    at async Promise.all (index 3)
    at async fetchKeywordDataParallel (C:\Users\park\leword-app\src\utils
\pro-traffic-keyword-hunter.ts:1419:26)
    at async fetchKeywordDataBatch (C:\Users\park\leword-app\src\utils\pr
o-traffic-keyword-hunter.ts:1500:3)
    at async withStepTimeout (C:\Users\park\leword-app\src\utils\pro-traf
fic-keyword-hunter.ts:1882:14)
    at async huntProTrafficKeywords (C:\Users\park\leword-app\src\utils\p
ro-traffic-keyword-hunter.ts:2851:3)
    at async runQualityBenchmark (C:\Users\park\leword-app\test-quality-b
enchmark.ts:44:35)
[API-PARALLEL] 📊 배치 6/11 (55%) - 5개 키워드
[MDP-SERP] "로또세금" 신호 분석 실패: Error: SERP 접근 실패
    at getNaverSerpSignal (C:\Users\park\leword-app\src\utils\naver-serp-
signal-api.ts:18:33)
    at processTicksAndRejections (node:internal/process/task_queues:105:5
)
    at async Promise.all (index 1)
    at async C:\Users\park\leword-app\src\utils\pro-traffic-keyword-hunte
r.ts:1368:57
    at async Promise.all (index 3)
    at async fetchKeywordDataParallel (C:\Users\park\leword-app\src\utils
\pro-traffic-keyword-hunter.ts:1419:26)
    at async fetchKeywordDataBatch (C:\Users\park\leword-app\src\utils\pr
o-traffic-keyword-hunter.ts:1500:3)
    at async withStepTimeout (C:\Users\park\leword-app\src\utils\pro-traf
fic-keyword-hunter.ts:1882:14)
    at async huntProTrafficKeywords (C:\Users\park\leword-app\src\utils\p
ro-traffic-keyword-hunter.ts:2851:3)
    at async runQualityBenchmark (C:\Users\park\leword-app\test-quality-b
enchmark.ts:44:35)
[MDP-SERP] "종합소득세신고" 신호 분석 실패: Error: SERP 접근 실패
    at getNaverSerpSignal (C:\Users\park\leword-app\src\utils\naver-serp-
signal-api.ts:18:33)
    at processTicksAndRejections (node:internal/process/task_queues:105:5
)
    at async Promise.all (index 1)
    at async C:\Users\park\leword-app\src\utils\pro-traffic-keyword-hunte
r.ts:1368:57
    at async Promise.all (index 4)
    at async fetchKeywordDataParallel (C:\Users\park\leword-app\src\utils
\pro-traffic-keyword-hunter.ts:1419:26)
    at async fetchKeywordDataBatch (C:\Users\park\leword-app\src\utils\pr
o-traffic-keyword-hunter.ts:1500:3)
    at async withStepTimeout (C:\Users\park\leword-app\src\utils\pro-traf
fic-keyword-hunter.ts:1882:14)
    at async huntProTrafficKeywords (C:\Users\park\leword-app\src\utils\p
ro-traffic-keyword-hunter.ts:2851:3)
    at async runQualityBenchmark (C:\Users\park\leword-app\test-quality-b
enchmark.ts:44:35)
[MDP-SERP] "연말정산소득공제" 신호 분석 실패: Error: SERP 접근 실패
    at getNaverSerpSignal (C:\Users\park\leword-app\src\utils\naver-serp-
signal-api.ts:18:33)
    at processTicksAndRejections (node:internal/process/task_queues:105:5
)
    at async Promise.all (index 1)
    at async C:\Users\park\leword-app\src\utils\pro-traffic-keyword-hunte
r.ts:1368:57
    at async Promise.all (index 0)
    at async fetchKeywordDataParallel (C:\Users\park\leword-app\src\utils
\pro-traffic-keyword-hunter.ts:1419:26)
    at async fetchKeywordDataBatch (C:\Users\park\leword-app\src\utils\pr
o-traffic-keyword-hunter.ts:1500:3)
    at async withStepTimeout (C:\Users\park\leword-app\src\utils\pro-traf
fic-keyword-hunter.ts:1882:14)
    at async huntProTrafficKeywords (C:\Users\park\leword-app\src\utils\p
ro-traffic-keyword-hunter.ts:2851:3)
    at async runQualityBenchmark (C:\Users\park\leword-app\test-quality-b
enchmark.ts:44:35)
[MDP-SERP] "연말정산간소화" 신호 분석 실패: Error: SERP 접근 실패
    at getNaverSerpSignal (C:\Users\park\leword-app\src\utils\naver-serp-
signal-api.ts:18:33)
    at processTicksAndRejections (node:internal/process/task_queues:105:5
)
    at async Promise.all (index 1)
    at async C:\Users\park\leword-app\src\utils\pro-traffic-keyword-hunte
r.ts:1368:57
    at async Promise.all (index 2)
    at async fetchKeywordDataParallel (C:\Users\park\leword-app\src\utils
\pro-traffic-keyword-hunter.ts:1419:26)
    at async fetchKeywordDataBatch (C:\Users\park\leword-app\src\utils\pr
o-traffic-keyword-hunter.ts:1500:3)
    at async withStepTimeout (C:\Users\park\leword-app\src\utils\pro-traf
fic-keyword-hunter.ts:1882:14)
    at async huntProTrafficKeywords (C:\Users\park\leword-app\src\utils\p
ro-traffic-keyword-hunter.ts:2851:3)
    at async runQualityBenchmark (C:\Users\park\leword-app\test-quality-b
enchmark.ts:44:35)
[MDP-SERP] "미국주식세금" 신호 분석 실패: Error: SERP 접근 실패
    at getNaverSerpSignal (C:\Users\park\leword-app\src\utils\naver-serp-
signal-api.ts:18:33)
    at processTicksAndRejections (node:internal/process/task_queues:105:5
)
    at async Promise.all (index 1)
    at async C:\Users\park\leword-app\src\utils\pro-traffic-keyword-hunte
r.ts:1368:57
    at async Promise.all (index 1)
    at async fetchKeywordDataParallel (C:\Users\park\leword-app\src\utils
\pro-traffic-keyword-hunter.ts:1419:26)
    at async fetchKeywordDataBatch (C:\Users\park\leword-app\src\utils\pr
o-traffic-keyword-hunter.ts:1500:3)
    at async withStepTimeout (C:\Users\park\leword-app\src\utils\pro-traf
fic-keyword-hunter.ts:1882:14)
    at async huntProTrafficKeywords (C:\Users\park\leword-app\src\utils\p
ro-traffic-keyword-hunter.ts:2851:3)
    at async runQualityBenchmark (C:\Users\park\leword-app\test-quality-b
enchmark.ts:44:35)
[API-PARALLEL] 📊 배치 7/11 (64%) - 5개 키워드
[MDP-SERP] "정산서" 신호 분석 실패: Error: SERP 접근 실패
    at getNaverSerpSignal (C:\Users\park\leword-app\src\utils\naver-serp-
signal-api.ts:18:33)
    at processTicksAndRejections (node:internal/process/task_queues:105:5
)
    at async Promise.all (index 1)
    at async C:\Users\park\leword-app\src\utils\pro-traffic-keyword-hunte
r.ts:1368:57
    at async Promise.all (index 0)
    at async fetchKeywordDataParallel (C:\Users\park\leword-app\src\utils
\pro-traffic-keyword-hunter.ts:1419:26)
    at async fetchKeywordDataBatch (C:\Users\park\leword-app\src\utils\pr
o-traffic-keyword-hunter.ts:1500:3)
    at async withStepTimeout (C:\Users\park\leword-app\src\utils\pro-traf
fic-keyword-hunter.ts:1882:14)
    at async huntProTrafficKeywords (C:\Users\park\leword-app\src\utils\p
ro-traffic-keyword-hunter.ts:2851:3)
    at async runQualityBenchmark (C:\Users\park\leword-app\test-quality-b
enchmark.ts:44:35)
[MDP-SERP] "정산서양식" 신호 분석 실패: Error: SERP 접근 실패
    at getNaverSerpSignal (C:\Users\park\leword-app\src\utils\naver-serp-
signal-api.ts:18:33)
    at processTicksAndRejections (node:internal/process/task_queues:105:5
)
    at async Promise.all (index 1)
    at async C:\Users\park\leword-app\src\utils\pro-traffic-keyword-hunte
r.ts:1368:57
    at async Promise.all (index 1)
    at async fetchKeywordDataParallel (C:\Users\park\leword-app\src\utils
\pro-traffic-keyword-hunter.ts:1419:26)
    at async fetchKeywordDataBatch (C:\Users\park\leword-app\src\utils\pr
o-traffic-keyword-hunter.ts:1500:3)
    at async withStepTimeout (C:\Users\park\leword-app\src\utils\pro-traf
fic-keyword-hunter.ts:1882:14)
    at async huntProTrafficKeywords (C:\Users\park\leword-app\src\utils\p
ro-traffic-keyword-hunter.ts:2851:3)
    at async runQualityBenchmark (C:\Users\park\leword-app\test-quality-b
enchmark.ts:44:35)
[MDP-SERP] "선급금정산서" 신호 분석 실패: Error: SERP 접근 실패
    at getNaverSerpSignal (C:\Users\park\leword-app\src\utils\naver-serp-
signal-api.ts:18:33)
    at processTicksAndRejections (node:internal/process/task_queues:105:5
)
    at async Promise.all (index 1)
    at async C:\Users\park\leword-app\src\utils\pro-traffic-keyword-hunte
r.ts:1368:57
    at async Promise.all (index 4)
    at async fetchKeywordDataParallel (C:\Users\park\leword-app\src\utils
\pro-traffic-keyword-hunter.ts:1419:26)
    at async fetchKeywordDataBatch (C:\Users\park\leword-app\src\utils\pr
o-traffic-keyword-hunter.ts:1500:3)
    at async withStepTimeout (C:\Users\park\leword-app\src\utils\pro-traf
fic-keyword-hunter.ts:1882:14)
    at async huntProTrafficKeywords (C:\Users\park\leword-app\src\utils\p
ro-traffic-keyword-hunter.ts:2851:3)
    at async runQualityBenchmark (C:\Users\park\leword-app\test-quality-b
enchmark.ts:44:35)
[MDP-SERP] "공사정산서" 신호 분석 실패: Error: SERP 접근 실패
    at getNaverSerpSignal (C:\Users\park\leword-app\src\utils\naver-serp-
signal-api.ts:18:33)
    at processTicksAndRejections (node:internal/process/task_queues:105:5
)
    at async Promise.all (index 1)
    at async C:\Users\park\leword-app\src\utils\pro-traffic-keyword-hunte
r.ts:1368:57
    at async Promise.all (index 3)
    at async fetchKeywordDataParallel (C:\Users\park\leword-app\src\utils
\pro-traffic-keyword-hunter.ts:1419:26)
    at async fetchKeywordDataBatch (C:\Users\park\leword-app\src\utils\pr
o-traffic-keyword-hunter.ts:1500:3)
    at async withStepTimeout (C:\Users\park\leword-app\src\utils\pro-traf
fic-keyword-hunter.ts:1882:14)
    at async huntProTrafficKeywords (C:\Users\park\leword-app\src\utils\p
ro-traffic-keyword-hunter.ts:2851:3)
    at async runQualityBenchmark (C:\Users\park\leword-app\test-quality-b
enchmark.ts:44:35)
[MDP-SERP] "연말정산서식" 신호 분석 실패: Error: SERP 접근 실패
    at getNaverSerpSignal (C:\Users\park\leword-app\src\utils\naver-serp-
signal-api.ts:18:33)
    at processTicksAndRejections (node:internal/process/task_queues:105:5
)
    at async Promise.all (index 1)
    at async C:\Users\park\leword-app\src\utils\pro-traffic-keyword-hunte
r.ts:1368:57
    at async Promise.all (index 2)
    at async fetchKeywordDataParallel (C:\Users\park\leword-app\src\utils
\pro-traffic-keyword-hunter.ts:1419:26)
    at async fetchKeywordDataBatch (C:\Users\park\leword-app\src\utils\pr
o-traffic-keyword-hunter.ts:1500:3)
    at async withStepTimeout (C:\Users\park\leword-app\src\utils\pro-traf
fic-keyword-hunter.ts:1882:14)
    at async huntProTrafficKeywords (C:\Users\park\leword-app\src\utils\p
ro-traffic-keyword-hunter.ts:2851:3)
    at async runQualityBenchmark (C:\Users\park\leword-app\test-quality-b
enchmark.ts:44:35)
[API-PARALLEL] 📊 배치 8/11 (73%) - 5개 키워드
[MDP-SERP] "퇴직금정산서식" 신호 분석 실패: Error: SERP 접근 실패
    at getNaverSerpSignal (C:\Users\park\leword-app\src\utils\naver-serp-
signal-api.ts:18:33)
    at processTicksAndRejections (node:internal/process/task_queues:105:5
)
    at async Promise.all (index 1)
    at async C:\Users\park\leword-app\src\utils\pro-traffic-keyword-hunte
r.ts:1368:57
    at async Promise.all (index 1)
    at async fetchKeywordDataParallel (C:\Users\park\leword-app\src\utils
\pro-traffic-keyword-hunter.ts:1419:26)
    at async fetchKeywordDataBatch (C:\Users\park\leword-app\src\utils\pr
o-traffic-keyword-hunter.ts:1500:3)
    at async withStepTimeout (C:\Users\park\leword-app\src\utils\pro-traf
fic-keyword-hunter.ts:1882:14)
    at async huntProTrafficKeywords (C:\Users\park\leword-app\src\utils\p
ro-traffic-keyword-hunter.ts:2851:3)
    at async runQualityBenchmark (C:\Users\park\leword-app\test-quality-b
enchmark.ts:44:35)
[MDP-SERP] "연말정산서류양식" 신호 분석 실패: Error: SERP 접근 실패
    at getNaverSerpSignal (C:\Users\park\leword-app\src\utils\naver-serp-
signal-api.ts:18:33)
    at processTicksAndRejections (node:internal/process/task_queues:105:5
)
    at async Promise.all (index 1)
    at async C:\Users\park\leword-app\src\utils\pro-traffic-keyword-hunte
r.ts:1368:57
    at async Promise.all (index 2)
    at async fetchKeywordDataParallel (C:\Users\park\leword-app\src\utils
\pro-traffic-keyword-hunter.ts:1419:26)
    at async fetchKeywordDataBatch (C:\Users\park\leword-app\src\utils\pr
o-traffic-keyword-hunter.ts:1500:3)
    at async withStepTimeout (C:\Users\park\leword-app\src\utils\pro-traf
fic-keyword-hunter.ts:1882:14)
    at async huntProTrafficKeywords (C:\Users\park\leword-app\src\utils\p
ro-traffic-keyword-hunter.ts:2851:3)
    at async runQualityBenchmark (C:\Users\park\leword-app\test-quality-b
enchmark.ts:44:35)
[MDP-SERP] "2026 지원금" 신호 분석 실패: Error: SERP 접근 실패
    at getNaverSerpSignal (C:\Users\park\leword-app\src\utils\naver-serp-
signal-api.ts:18:33)
    at processTicksAndRejections (node:internal/process/task_queues:105:5
)
    at async Promise.all (index 1)
    at async C:\Users\park\leword-app\src\utils\pro-traffic-keyword-hunte
r.ts:1368:57
    at async Promise.all (index 4)
    at async fetchKeywordDataParallel (C:\Users\park\leword-app\src\utils
\pro-traffic-keyword-hunter.ts:1419:26)
    at async fetchKeywordDataBatch (C:\Users\park\leword-app\src\utils\pr
o-traffic-keyword-hunter.ts:1500:3)
    at async withStepTimeout (C:\Users\park\leword-app\src\utils\pro-traf
fic-keyword-hunter.ts:1882:14)
    at async huntProTrafficKeywords (C:\Users\park\leword-app\src\utils\p
ro-traffic-keyword-hunter.ts:2851:3)
    at async runQualityBenchmark (C:\Users\park\leword-app\test-quality-b
enchmark.ts:44:35)
[MDP-SERP] "회식비정산서" 신호 분석 실패: Error: SERP 접근 실패
    at getNaverSerpSignal (C:\Users\park\leword-app\src\utils\naver-serp-
signal-api.ts:18:33)
    at processTicksAndRejections (node:internal/process/task_queues:105:5
)
    at async Promise.all (index 1)
    at async C:\Users\park\leword-app\src\utils\pro-traffic-keyword-hunte
r.ts:1368:57
    at async Promise.all (index 3)
    at async fetchKeywordDataParallel (C:\Users\park\leword-app\src\utils
\pro-traffic-keyword-hunter.ts:1419:26)
    at async fetchKeywordDataBatch (C:\Users\park\leword-app\src\utils\pr
o-traffic-keyword-hunter.ts:1500:3)
    at async withStepTimeout (C:\Users\park\leword-app\src\utils\pro-traf
fic-keyword-hunter.ts:1882:14)
    at async huntProTrafficKeywords (C:\Users\park\leword-app\src\utils\p
ro-traffic-keyword-hunter.ts:2851:3)
    at async runQualityBenchmark (C:\Users\park\leword-app\test-quality-b
enchmark.ts:44:35)
[MDP-SERP] "공사비정산서" 신호 분석 실패: Error: SERP 접근 실패
    at getNaverSerpSignal (C:\Users\park\leword-app\src\utils\naver-serp-
signal-api.ts:18:33)
    at processTicksAndRejections (node:internal/process/task_queues:105:5
)
    at async Promise.all (index 1)
    at async C:\Users\park\leword-app\src\utils\pro-traffic-keyword-hunte
r.ts:1368:57
    at async Promise.all (index 0)
    at async fetchKeywordDataParallel (C:\Users\park\leword-app\src\utils
\pro-traffic-keyword-hunter.ts:1419:26)
    at async fetchKeywordDataBatch (C:\Users\park\leword-app\src\utils\pr
o-traffic-keyword-hunter.ts:1500:3)
    at async withStepTimeout (C:\Users\park\leword-app\src\utils\pro-traf
fic-keyword-hunter.ts:1882:14)
    at async huntProTrafficKeywords (C:\Users\park\leword-app\src\utils\p
ro-traffic-keyword-hunter.ts:2851:3)
    at async runQualityBenchmark (C:\Users\park\leword-app\test-quality-b
enchmark.ts:44:35)
[API-PARALLEL] 📊 배치 9/11 (82%) - 5개 키워드
[MDP-SERP] "2025년 연말정산" 신호 분석 실패: Error: SERP 접근 실패
    at getNaverSerpSignal (C:\Users\park\leword-app\src\utils\naver-serp-
signal-api.ts:18:33)
    at processTicksAndRejections (node:internal/process/task_queues:105:5
)
    at async Promise.all (index 1)
    at async C:\Users\park\leword-app\src\utils\pro-traffic-keyword-hunte
r.ts:1368:57
    at async Promise.all (index 1)
    at async fetchKeywordDataParallel (C:\Users\park\leword-app\src\utils
\pro-traffic-keyword-hunter.ts:1419:26)
    at async fetchKeywordDataBatch (C:\Users\park\leword-app\src\utils\pr
o-traffic-keyword-hunter.ts:1500:3)
    at async withStepTimeout (C:\Users\park\leword-app\src\utils\pro-traf
fic-keyword-hunter.ts:1882:14)
    at async huntProTrafficKeywords (C:\Users\park\leword-app\src\utils\p
ro-traffic-keyword-hunter.ts:2851:3)
    at async runQualityBenchmark (C:\Users\park\leword-app\test-quality-b
enchmark.ts:44:35)
[MDP-SERP] "12월 지원금 신청" 신호 분석 실패: Error: SERP 접근 실패
    at getNaverSerpSignal (C:\Users\park\leword-app\src\utils\naver-serp-
signal-api.ts:18:33)
    at processTicksAndRejections (node:internal/process/task_queues:105:5
)
    at async Promise.all (index 1)
    at async C:\Users\park\leword-app\src\utils\pro-traffic-keyword-hunte
r.ts:1368:57
    at async Promise.all (index 3)
    at async fetchKeywordDataParallel (C:\Users\park\leword-app\src\utils
\pro-traffic-keyword-hunter.ts:1419:26)
    at async fetchKeywordDataBatch (C:\Users\park\leword-app\src\utils\pr
o-traffic-keyword-hunter.ts:1500:3)
    at async withStepTimeout (C:\Users\park\leword-app\src\utils\pro-traf
fic-keyword-hunter.ts:1882:14)
    at async huntProTrafficKeywords (C:\Users\park\leword-app\src\utils\p
ro-traffic-keyword-hunter.ts:2851:3)
    at async runQualityBenchmark (C:\Users\park\leword-app\test-quality-b
enchmark.ts:44:35)
[MDP-SERP] "연말정산 2025" 신호 분석 실패: Error: SERP 접근 실패
    at getNaverSerpSignal (C:\Users\park\leword-app\src\utils\naver-serp-
signal-api.ts:18:33)
    at processTicksAndRejections (node:internal/process/task_queues:105:5
)
    at async Promise.all (index 1)
    at async C:\Users\park\leword-app\src\utils\pro-traffic-keyword-hunte
r.ts:1368:57
    at async Promise.all (index 0)
    at async fetchKeywordDataParallel (C:\Users\park\leword-app\src\utils
\pro-traffic-keyword-hunter.ts:1419:26)
    at async fetchKeywordDataBatch (C:\Users\park\leword-app\src\utils\pr
o-traffic-keyword-hunter.ts:1500:3)
    at async withStepTimeout (C:\Users\park\leword-app\src\utils\pro-traf
fic-keyword-hunter.ts:1882:14)
    at async huntProTrafficKeywords (C:\Users\park\leword-app\src\utils\p
ro-traffic-keyword-hunter.ts:2851:3)
    at async runQualityBenchmark (C:\Users\park\leword-app\test-quality-b
enchmark.ts:44:35)
[MDP-SERP] "2025 청년지원금" 신호 분석 실패: Error: SERP 접근 실패
    at getNaverSerpSignal (C:\Users\park\leword-app\src\utils\naver-serp-
signal-api.ts:18:33)
    at processTicksAndRejections (node:internal/process/task_queues:105:5
)
    at async Promise.all (index 1)
    at async C:\Users\park\leword-app\src\utils\pro-traffic-keyword-hunte
r.ts:1368:57
    at async Promise.all (index 4)
    at async fetchKeywordDataParallel (C:\Users\park\leword-app\src\utils
\pro-traffic-keyword-hunter.ts:1419:26)
    at async fetchKeywordDataBatch (C:\Users\park\leword-app\src\utils\pr
o-traffic-keyword-hunter.ts:1500:3)
    at async withStepTimeout (C:\Users\park\leword-app\src\utils\pro-traf
fic-keyword-hunter.ts:1882:14)
    at async huntProTrafficKeywords (C:\Users\park\leword-app\src\utils\p
ro-traffic-keyword-hunter.ts:2851:3)
    at async runQualityBenchmark (C:\Users\park\leword-app\test-quality-b
enchmark.ts:44:35)
[MDP-SERP] "연말정산 2025년" 신호 분석 실패: Error: SERP 접근 실패
    at getNaverSerpSignal (C:\Users\park\leword-app\src\utils\naver-serp-
signal-api.ts:18:33)
    at processTicksAndRejections (node:internal/process/task_queues:105:5
)
    at async Promise.all (index 1)
    at async C:\Users\park\leword-app\src\utils\pro-traffic-keyword-hunte
r.ts:1368:57
    at async Promise.all (index 2)
    at async fetchKeywordDataParallel (C:\Users\park\leword-app\src\utils
\pro-traffic-keyword-hunter.ts:1419:26)
    at async fetchKeywordDataBatch (C:\Users\park\leword-app\src\utils\pr
o-traffic-keyword-hunter.ts:1500:3)
    at async withStepTimeout (C:\Users\park\leword-app\src\utils\pro-traf
fic-keyword-hunter.ts:1882:14)
    at async huntProTrafficKeywords (C:\Users\park\leword-app\src\utils\p
ro-traffic-keyword-hunter.ts:2851:3)
    at async runQualityBenchmark (C:\Users\park\leword-app\test-quality-b
enchmark.ts:44:35)
[API-PARALLEL] 📊 배치 10/11 (91%) - 5개 키워드
[MDP-SERP] "트럼프 정부, ‘복지 스캔들’ 미네소타에 최대 2680억원 보육 지원금 지급 중단 - 조선일보" 신호 분석 실
패: Error: SERP 접근 실패
    at getNaverSerpSignal (C:\Users\park\leword-app\src\utils\naver-serp-
signal-api.ts:18:33)
    at processTicksAndRejections (node:internal/process/task_queues:105:5
)
    at async Promise.all (index 1)
    at async C:\Users\park\leword-app\src\utils\pro-traffic-keyword-hunte
r.ts:1368:57
    at async Promise.all (index 2)
    at async fetchKeywordDataParallel (C:\Users\park\leword-app\src\utils
\pro-traffic-keyword-hunter.ts:1419:26)
    at async fetchKeywordDataBatch (C:\Users\park\leword-app\src\utils\pr
o-traffic-keyword-hunter.ts:1500:3)
    at async withStepTimeout (C:\Users\park\leword-app\src\utils\pro-traf
fic-keyword-hunter.ts:1882:14)
    at async huntProTrafficKeywords (C:\Users\park\leword-app\src\utils\p
ro-traffic-keyword-hunter.ts:2851:3)
    at async runQualityBenchmark (C:\Users\park\leword-app\test-quality-b
enchmark.ts:44:35)
[MDP-SERP] "연말정산서류" 신호 분석 실패: Error: SERP 접근 실패
    at getNaverSerpSignal (C:\Users\park\leword-app\src\utils\naver-serp-
signal-api.ts:18:33)
    at processTicksAndRejections (node:internal/process/task_queues:105:5
)
    at async Promise.all (index 1)
    at async C:\Users\park\leword-app\src\utils\pro-traffic-keyword-hunte
r.ts:1368:57
    at async Promise.all (index 4)
    at async fetchKeywordDataParallel (C:\Users\park\leword-app\src\utils
\pro-traffic-keyword-hunter.ts:1419:26)
    at async fetchKeywordDataBatch (C:\Users\park\leword-app\src\utils\pr
o-traffic-keyword-hunter.ts:1500:3)
    at async withStepTimeout (C:\Users\park\leword-app\src\utils\pro-traf
fic-keyword-hunter.ts:1882:14)
    at async huntProTrafficKeywords (C:\Users\park\leword-app\src\utils\p
ro-traffic-keyword-hunter.ts:2851:3)
    at async runQualityBenchmark (C:\Users\park\leword-app\test-quality-b
enchmark.ts:44:35)
[MDP-SERP] "창업" 신호 분석 실패: Error: SERP 접근 실패
    at getNaverSerpSignal (C:\Users\park\leword-app\src\utils\naver-serp-
signal-api.ts:18:33)
    at processTicksAndRejections (node:internal/process/task_queues:105:5
)
    at async Promise.all (index 1)
    at async C:\Users\park\leword-app\src\utils\pro-traffic-keyword-hunte
r.ts:1368:57
    at async Promise.all (index 1)
    at async fetchKeywordDataParallel (C:\Users\park\leword-app\src\utils
\pro-traffic-keyword-hunter.ts:1419:26)
    at async fetchKeywordDataBatch (C:\Users\park\leword-app\src\utils\pr
o-traffic-keyword-hunter.ts:1500:3)
    at async withStepTimeout (C:\Users\park\leword-app\src\utils\pro-traf
fic-keyword-hunter.ts:1882:14)
    at async huntProTrafficKeywords (C:\Users\park\leword-app\src\utils\p
ro-traffic-keyword-hunter.ts:2851:3)
    at async runQualityBenchmark (C:\Users\park\leword-app\test-quality-b
enchmark.ts:44:35)
[MDP-SERP] "주식" 신호 분석 실패: Error: SERP 접근 실패
    at getNaverSerpSignal (C:\Users\park\leword-app\src\utils\naver-serp-
signal-api.ts:18:33)
    at processTicksAndRejections (node:internal/process/task_queues:105:5
)
    at async Promise.all (index 1)
    at async C:\Users\park\leword-app\src\utils\pro-traffic-keyword-hunte
r.ts:1368:57
    at async Promise.all (index 0)
    at async fetchKeywordDataParallel (C:\Users\park\leword-app\src\utils
\pro-traffic-keyword-hunter.ts:1419:26)
    at async fetchKeywordDataBatch (C:\Users\park\leword-app\src\utils\pr
o-traffic-keyword-hunter.ts:1500:3)
    at async withStepTimeout (C:\Users\park\leword-app\src\utils\pro-traf
fic-keyword-hunter.ts:1882:14)
    at async huntProTrafficKeywords (C:\Users\park\leword-app\src\utils\p
ro-traffic-keyword-hunter.ts:2851:3)
    at async runQualityBenchmark (C:\Users\park\leword-app\test-quality-b
enchmark.ts:44:35)
[MDP-SERP] "투자" 신호 분석 실패: Error: SERP 접근 실패
    at getNaverSerpSignal (C:\Users\park\leword-app\src\utils\naver-serp-
signal-api.ts:18:33)
    at processTicksAndRejections (node:internal/process/task_queues:105:5
)
    at async Promise.all (index 1)
    at async C:\Users\park\leword-app\src\utils\pro-traffic-keyword-hunte
r.ts:1368:57
    at async Promise.all (index 3)
    at async fetchKeywordDataParallel (C:\Users\park\leword-app\src\utils
\pro-traffic-keyword-hunter.ts:1419:26)
    at async fetchKeywordDataBatch (C:\Users\park\leword-app\src\utils\pr
o-traffic-keyword-hunter.ts:1500:3)
    at async withStepTimeout (C:\Users\park\leword-app\src\utils\pro-traf
fic-keyword-hunter.ts:1882:14)
    at async huntProTrafficKeywords (C:\Users\park\leword-app\src\utils\p
ro-traffic-keyword-hunter.ts:2851:3)
    at async runQualityBenchmark (C:\Users\park\leword-app\test-quality-b
enchmark.ts:44:35)
[API-PARALLEL] 📊 배치 11/11 (100%) - 2개 키워드
[MDP-SERP] "‘인구 역전 위기감’ 해운대구, 새해부터 ‘모든 출생아’에게 출산지원금 - v.daum.net" 신호 분석 실
패: Error: SERP 접근 실패
    at getNaverSerpSignal (C:\Users\park\leword-app\src\utils\naver-serp-
signal-api.ts:18:33)
    at processTicksAndRejections (node:internal/process/task_queues:105:5
)
    at async Promise.all (index 1)
    at async C:\Users\park\leword-app\src\utils\pro-traffic-keyword-hunte
r.ts:1368:57
    at async Promise.all (index 1)
    at async fetchKeywordDataParallel (C:\Users\park\leword-app\src\utils
\pro-traffic-keyword-hunter.ts:1419:26)
    at async fetchKeywordDataBatch (C:\Users\park\leword-app\src\utils\pr
o-traffic-keyword-hunter.ts:1500:3)
    at async withStepTimeout (C:\Users\park\leword-app\src\utils\pro-traf
fic-keyword-hunter.ts:1882:14)
    at async huntProTrafficKeywords (C:\Users\park\leword-app\src\utils\p
ro-traffic-keyword-hunter.ts:2851:3)
    at async runQualityBenchmark (C:\Users\park\leword-app\test-quality-b
enchmark.ts:44:35)
[MDP-SERP] "경남농협, 경상국립대학교에 대학발전지원금 1000만원 전달 - 농민신문" 신호 분석 실패: Error: SER
P 접근 실패
    at getNaverSerpSignal (C:\Users\park\leword-app\src\utils\naver-serp-
signal-api.ts:18:33)
    at processTicksAndRejections (node:internal/process/task_queues:105:5
)
    at async Promise.all (index 1)
    at async C:\Users\park\leword-app\src\utils\pro-traffic-keyword-hunte
r.ts:1368:57
    at async Promise.all (index 0)
    at async fetchKeywordDataParallel (C:\Users\park\leword-app\src\utils
\pro-traffic-keyword-hunter.ts:1419:26)
    at async fetchKeywordDataBatch (C:\Users\park\leword-app\src\utils\pr
o-traffic-keyword-hunter.ts:1500:3)
    at async withStepTimeout (C:\Users\park\leword-app\src\utils\pro-traf
fic-keyword-hunter.ts:1882:14)
    at async huntProTrafficKeywords (C:\Users\park\leword-app\src\utils\p
ro-traffic-keyword-hunter.ts:2851:3)
    at async runQualityBenchmark (C:\Users\park\leword-app\test-quality-b
enchmark.ts:44:35)
[API-PARALLEL] ✅ 완료! 7.9초 소요
[API-PARALLEL] 📊 결과: 성공 52개, 실패 0개
[API-PARALLEL] 📊 블로그 API: 52/52 성공
[API-PARALLEL] 📊 검색광고 API: 0/0 성공
[API-PARALLEL] 🔄 총 재시도: 0회
[PRO-TRAFFIC][METRICS] stage=api_ready category=business uniqueKeywords=52 maxCandidates=300
[PRO-TRAFFIC] ✅ 52개 키워드 데이터 준비 완료
[PRO-TRAFFIC][METRICS] stage=analyzed category=business results=49
[PRO-TRAFFIC] 🔍🔍🔍 최종 49개 키워드 병렬 검증 시작...
[PRO-TRAFFIC] 📋 API 키 상태:
  - 블로그 API: ✅
  - 검색광고 API: ✅
[API-PARALLEL] 🚀 49개 키워드 병렬 처리 시작
[API-PARALLEL] ⚙️ 설정: 배치=5, 재시도=2회
[API-PARALLEL] 📦 총 10개 배치로 분할
[API-PARALLEL] 📊 배치 1/10 (10%) - 5개 키워드
[MDP-SERP] "연말정산모의계산" 신호 분석 실패: Error: SERP 접근 실패
    at getNaverSerpSignal (C:\Users\park\leword-app\src\utils\naver-serp-
signal-api.ts:18:33)
    at processTicksAndRejections (node:internal/process/task_queues:105:5
)
    at async Promise.all (index 1)
    at async C:\Users\park\leword-app\src\utils\pro-traffic-keyword-hunte
r.ts:1368:57
    at async Promise.all (index 1)
    at async fetchKeywordDataParallel (C:\Users\park\leword-app\src\utils
\pro-traffic-keyword-hunter.ts:1419:26)
    at async withStepTimeout (C:\Users\park\leword-app\src\utils\pro-traf
fic-keyword-hunter.ts:1882:14)
    at async huntProTrafficKeywords (C:\Users\park\leword-app\src\utils\p
ro-traffic-keyword-hunter.ts:3141:24)
    at async runQualityBenchmark (C:\Users\park\leword-app\test-quality-b
enchmark.ts:44:35)
[MDP-SERP] "연말정산하는법" 신호 분석 실패: Error: SERP 접근 실패
    at getNaverSerpSignal (C:\Users\park\leword-app\src\utils\naver-serp-
signal-api.ts:18:33)
    at processTicksAndRejections (node:internal/process/task_queues:105:5
)
    at async Promise.all (index 1)
    at async C:\Users\park\leword-app\src\utils\pro-traffic-keyword-hunte
r.ts:1368:57
    at async Promise.all (index 2)
    at async fetchKeywordDataParallel (C:\Users\park\leword-app\src\utils
\pro-traffic-keyword-hunter.ts:1419:26)
    at async withStepTimeout (C:\Users\park\leword-app\src\utils\pro-traf
fic-keyword-hunter.ts:1882:14)
    at async huntProTrafficKeywords (C:\Users\park\leword-app\src\utils\p
ro-traffic-keyword-hunter.ts:3141:24)
    at async runQualityBenchmark (C:\Users\park\leword-app\test-quality-b
enchmark.ts:44:35)
[MDP-SERP] "매일경제신문" 신호 분석 실패: Error: SERP 접근 실패
    at getNaverSerpSignal (C:\Users\park\leword-app\src\utils\naver-serp-
signal-api.ts:18:33)
    at processTicksAndRejections (node:internal/process/task_queues:105:5
)
    at async Promise.all (index 1)
    at async C:\Users\park\leword-app\src\utils\pro-traffic-keyword-hunte
r.ts:1368:57
    at async Promise.all (index 3)
    at async fetchKeywordDataParallel (C:\Users\park\leword-app\src\utils
\pro-traffic-keyword-hunter.ts:1419:26)
    at async withStepTimeout (C:\Users\park\leword-app\src\utils\pro-traf
fic-keyword-hunter.ts:1882:14)
    at async huntProTrafficKeywords (C:\Users\park\leword-app\src\utils\p
ro-traffic-keyword-hunter.ts:3141:24)
    at async runQualityBenchmark (C:\Users\park\leword-app\test-quality-b
enchmark.ts:44:35)
[MDP-SERP] "연말정산간소화서비스" 신호 분석 실패: Error: SERP 접근 실패
    at getNaverSerpSignal (C:\Users\park\leword-app\src\utils\naver-serp-
signal-api.ts:18:33)
    at processTicksAndRejections (node:internal/process/task_queues:105:5
)
    at async Promise.all (index 1)
    at async C:\Users\park\leword-app\src\utils\pro-traffic-keyword-hunte
r.ts:1368:57
    at async Promise.all (index 4)
    at async fetchKeywordDataParallel (C:\Users\park\leword-app\src\utils
\pro-traffic-keyword-hunter.ts:1419:26)
    at async withStepTimeout (C:\Users\park\leword-app\src\utils\pro-traf
fic-keyword-hunter.ts:1882:14)
    at async huntProTrafficKeywords (C:\Users\park\leword-app\src\utils\p
ro-traffic-keyword-hunter.ts:3141:24)
    at async runQualityBenchmark (C:\Users\park\leword-app\test-quality-b
enchmark.ts:44:35)
[MDP-SERP] "주식" 신호 분석 실패: Error: SERP 접근 실패
    at getNaverSerpSignal (C:\Users\park\leword-app\src\utils\naver-serp-
signal-api.ts:18:33)
    at processTicksAndRejections (node:internal/process/task_queues:105:5
)
    at async Promise.all (index 1)
    at async C:\Users\park\leword-app\src\utils\pro-traffic-keyword-hunte
r.ts:1368:57
    at async Promise.all (index 0)
    at async fetchKeywordDataParallel (C:\Users\park\leword-app\src\utils
\pro-traffic-keyword-hunter.ts:1419:26)
    at async withStepTimeout (C:\Users\park\leword-app\src\utils\pro-traf
fic-keyword-hunter.ts:1882:14)
    at async huntProTrafficKeywords (C:\Users\park\leword-app\src\utils\p
ro-traffic-keyword-hunter.ts:3141:24)
    at async runQualityBenchmark (C:\Users\park\leword-app\test-quality-b
enchmark.ts:44:35)
[API-PARALLEL] 📊 배치 2/10 (20%) - 5개 키워드
[MDP-SERP] "연말정산간소화" 신호 분석 실패: Error: SERP 접근 실패
    at getNaverSerpSignal (C:\Users\park\leword-app\src\utils\naver-serp-
signal-api.ts:18:33)
    at processTicksAndRejections (node:internal/process/task_queues:105:5
)
    at async Promise.all (index 1)
    at async C:\Users\park\leword-app\src\utils\pro-traffic-keyword-hunte
r.ts:1368:57
    at async Promise.all (index 4)
    at async fetchKeywordDataParallel (C:\Users\park\leword-app\src\utils
\pro-traffic-keyword-hunter.ts:1419:26)
    at async withStepTimeout (C:\Users\park\leword-app\src\utils\pro-traf
fic-keyword-hunter.ts:1882:14)
    at async huntProTrafficKeywords (C:\Users\park\leword-app\src\utils\p
ro-traffic-keyword-hunter.ts:3141:24)
    at async runQualityBenchmark (C:\Users\park\leword-app\test-quality-b
enchmark.ts:44:35)
[MDP-SERP] "경제" 신호 분석 실패: Error: SERP 접근 실패
    at getNaverSerpSignal (C:\Users\park\leword-app\src\utils\naver-serp-
signal-api.ts:18:33)
    at processTicksAndRejections (node:internal/process/task_queues:105:5
)
    at async Promise.all (index 1)
    at async C:\Users\park\leword-app\src\utils\pro-traffic-keyword-hunte
r.ts:1368:57
    at async Promise.all (index 3)
    at async fetchKeywordDataParallel (C:\Users\park\leword-app\src\utils
\pro-traffic-keyword-hunter.ts:1419:26)
    at async withStepTimeout (C:\Users\park\leword-app\src\utils\pro-traf
fic-keyword-hunter.ts:1882:14)
    at async huntProTrafficKeywords (C:\Users\park\leword-app\src\utils\p
ro-traffic-keyword-hunter.ts:3141:24)
    at async runQualityBenchmark (C:\Users\park\leword-app\test-quality-b
enchmark.ts:44:35)
[MDP-SERP] "창업" 신호 분석 실패: Error: SERP 접근 실패
    at getNaverSerpSignal (C:\Users\park\leword-app\src\utils\naver-serp-
signal-api.ts:18:33)
    at processTicksAndRejections (node:internal/process/task_queues:105:5
)
    at async Promise.all (index 1)
    at async C:\Users\park\leword-app\src\utils\pro-traffic-keyword-hunte
r.ts:1368:57
    at async Promise.all (index 1)
    at async fetchKeywordDataParallel (C:\Users\park\leword-app\src\utils
\pro-traffic-keyword-hunter.ts:1419:26)
    at async withStepTimeout (C:\Users\park\leword-app\src\utils\pro-traf
fic-keyword-hunter.ts:1882:14)
    at async huntProTrafficKeywords (C:\Users\park\leword-app\src\utils\p
ro-traffic-keyword-hunter.ts:3141:24)
    at async runQualityBenchmark (C:\Users\park\leword-app\test-quality-b
enchmark.ts:44:35)
[MDP-SERP] "연말정산소득공제" 신호 분석 실패: Error: SERP 접근 실패
    at getNaverSerpSignal (C:\Users\park\leword-app\src\utils\naver-serp-
signal-api.ts:18:33)
    at processTicksAndRejections (node:internal/process/task_queues:105:5
)
    at async Promise.all (index 1)
    at async C:\Users\park\leword-app\src\utils\pro-traffic-keyword-hunte
r.ts:1368:57
    at async Promise.all (index 0)
    at async fetchKeywordDataParallel (C:\Users\park\leword-app\src\utils
\pro-traffic-keyword-hunter.ts:1419:26)
    at async withStepTimeout (C:\Users\park\leword-app\src\utils\pro-traf
fic-keyword-hunter.ts:1882:14)
    at async huntProTrafficKeywords (C:\Users\park\leword-app\src\utils\p
ro-traffic-keyword-hunter.ts:3141:24)
    at async runQualityBenchmark (C:\Users\park\leword-app\test-quality-b
enchmark.ts:44:35)
[MDP-SERP] "재테크" 신호 분석 실패: Error: SERP 접근 실패
    at getNaverSerpSignal (C:\Users\park\leword-app\src\utils\naver-serp-
signal-api.ts:18:33)
    at processTicksAndRejections (node:internal/process/task_queues:105:5
)
    at async Promise.all (index 1)
    at async C:\Users\park\leword-app\src\utils\pro-traffic-keyword-hunte
r.ts:1368:57
    at async Promise.all (index 2)
    at async fetchKeywordDataParallel (C:\Users\park\leword-app\src\utils
\pro-traffic-keyword-hunter.ts:1419:26)
    at async withStepTimeout (C:\Users\park\leword-app\src\utils\pro-traf
fic-keyword-hunter.ts:1882:14)
    at async huntProTrafficKeywords (C:\Users\park\leword-app\src\utils\p
ro-traffic-keyword-hunter.ts:3141:24)
    at async runQualityBenchmark (C:\Users\park\leword-app\test-quality-b
enchmark.ts:44:35)
[API-PARALLEL] 📊 배치 3/10 (30%) - 5개 키워드
[MDP-SERP] "투자" 신호 분석 실패: Error: SERP 접근 실패
    at getNaverSerpSignal (C:\Users\park\leword-app\src\utils\naver-serp-
signal-api.ts:18:33)
    at processTicksAndRejections (node:internal/process/task_queues:105:5
)
    at async Promise.all (index 1)
    at async C:\Users\park\leword-app\src\utils\pro-traffic-keyword-hunte
r.ts:1368:57
    at async Promise.all (index 4)
    at async fetchKeywordDataParallel (C:\Users\park\leword-app\src\utils
\pro-traffic-keyword-hunter.ts:1419:26)
    at async withStepTimeout (C:\Users\park\leword-app\src\utils\pro-traf
fic-keyword-hunter.ts:1882:14)
    at async huntProTrafficKeywords (C:\Users\park\leword-app\src\utils\p
ro-traffic-keyword-hunter.ts:3141:24)
    at async runQualityBenchmark (C:\Users\park\leword-app\test-quality-b
enchmark.ts:44:35)
[MDP-SERP] "소상공인" 신호 분석 실패: Error: SERP 접근 실패
    at getNaverSerpSignal (C:\Users\park\leword-app\src\utils\naver-serp-
signal-api.ts:18:33)
    at processTicksAndRejections (node:internal/process/task_queues:105:5
)
    at async Promise.all (index 1)
    at async C:\Users\park\leword-app\src\utils\pro-traffic-keyword-hunte
r.ts:1368:57
    at async Promise.all (index 3)
    at async fetchKeywordDataParallel (C:\Users\park\leword-app\src\utils
\pro-traffic-keyword-hunter.ts:1419:26)
    at async withStepTimeout (C:\Users\park\leword-app\src\utils\pro-traf
fic-keyword-hunter.ts:1882:14)
    at async huntProTrafficKeywords (C:\Users\park\leword-app\src\utils\p
ro-traffic-keyword-hunter.ts:3141:24)
    at async runQualityBenchmark (C:\Users\park\leword-app\test-quality-b
enchmark.ts:44:35)
[MDP-SERP] "주식분석" 신호 분석 실패: Error: SERP 접근 실패
    at getNaverSerpSignal (C:\Users\park\leword-app\src\utils\naver-serp-
signal-api.ts:18:33)
    at processTicksAndRejections (node:internal/process/task_queues:105:5
)
    at async Promise.all (index 1)
    at async C:\Users\park\leword-app\src\utils\pro-traffic-keyword-hunte
r.ts:1368:57
    at async Promise.all (index 1)
    at async fetchKeywordDataParallel (C:\Users\park\leword-app\src\utils
\pro-traffic-keyword-hunter.ts:1419:26)
    at async withStepTimeout (C:\Users\park\leword-app\src\utils\pro-traf
fic-keyword-hunter.ts:1882:14)
    at async huntProTrafficKeywords (C:\Users\park\leword-app\src\utils\p
ro-traffic-keyword-hunter.ts:3141:24)
    at async runQualityBenchmark (C:\Users\park\leword-app\test-quality-b
enchmark.ts:44:35)
[MDP-SERP] "무인창업" 신호 분석 실패: Error: SERP 접근 실패
    at getNaverSerpSignal (C:\Users\park\leword-app\src\utils\naver-serp-
signal-api.ts:18:33)
    at processTicksAndRejections (node:internal/process/task_queues:105:5
)
    at async Promise.all (index 1)
    at async C:\Users\park\leword-app\src\utils\pro-traffic-keyword-hunte
r.ts:1368:57
    at async Promise.all (index 0)
    at async fetchKeywordDataParallel (C:\Users\park\leword-app\src\utils
\pro-traffic-keyword-hunter.ts:1419:26)
    at async withStepTimeout (C:\Users\park\leword-app\src\utils\pro-traf
fic-keyword-hunter.ts:1882:14)
    at async huntProTrafficKeywords (C:\Users\park\leword-app\src\utils\p
ro-traffic-keyword-hunter.ts:3141:24)
    at async runQualityBenchmark (C:\Users\park\leword-app\test-quality-b
enchmark.ts:44:35)
[MDP-SERP] "소자본창업" 신호 분석 실패: Error: SERP 접근 실패
    at getNaverSerpSignal (C:\Users\park\leword-app\src\utils\naver-serp-
signal-api.ts:18:33)
    at processTicksAndRejections (node:internal/process/task_queues:105:5
)
    at async Promise.all (index 1)
    at async C:\Users\park\leword-app\src\utils\pro-traffic-keyword-hunte
r.ts:1368:57
    at async Promise.all (index 2)
    at async fetchKeywordDataParallel (C:\Users\park\leword-app\src\utils
\pro-traffic-keyword-hunter.ts:1419:26)
    at async withStepTimeout (C:\Users\park\leword-app\src\utils\pro-traf
fic-keyword-hunter.ts:1882:14)
    at async huntProTrafficKeywords (C:\Users\park\leword-app\src\utils\p
ro-traffic-keyword-hunter.ts:3141:24)
    at async runQualityBenchmark (C:\Users\park\leword-app\test-quality-b
enchmark.ts:44:35)
[API-PARALLEL] 📊 배치 4/10 (40%) - 5개 키워드
[MDP-SERP] "매일경제신문구독" 신호 분석 실패: Error: SERP 접근 실패
    at getNaverSerpSignal (C:\Users\park\leword-app\src\utils\naver-serp-
signal-api.ts:18:33)
    at processTicksAndRejections (node:internal/process/task_queues:105:5
)
    at async Promise.all (index 1)
    at async C:\Users\park\leword-app\src\utils\pro-traffic-keyword-hunte
r.ts:1368:57
    at async Promise.all (index 1)
    at async fetchKeywordDataParallel (C:\Users\park\leword-app\src\utils
\pro-traffic-keyword-hunter.ts:1419:26)
    at async withStepTimeout (C:\Users\park\leword-app\src\utils\pro-traf
fic-keyword-hunter.ts:1882:14)
    at async huntProTrafficKeywords (C:\Users\park\leword-app\src\utils\p
ro-traffic-keyword-hunter.ts:3141:24)
    at async runQualityBenchmark (C:\Users\park\leword-app\test-quality-b
enchmark.ts:44:35)
[MDP-SERP] "창업대출" 신호 분석 실패: Error: SERP 접근 실패
    at getNaverSerpSignal (C:\Users\park\leword-app\src\utils\naver-serp-
signal-api.ts:18:33)
    at processTicksAndRejections (node:internal/process/task_queues:105:5
)
    at async Promise.all (index 1)
    at async C:\Users\park\leword-app\src\utils\pro-traffic-keyword-hunte
r.ts:1368:57
    at async Promise.all (index 3)
    at async fetchKeywordDataParallel (C:\Users\park\leword-app\src\utils
\pro-traffic-keyword-hunter.ts:1419:26)
    at async withStepTimeout (C:\Users\park\leword-app\src\utils\pro-traf
fic-keyword-hunter.ts:1882:14)
    at async huntProTrafficKeywords (C:\Users\park\leword-app\src\utils\p
ro-traffic-keyword-hunter.ts:3141:24)
    at async runQualityBenchmark (C:\Users\park\leword-app\test-quality-b
enchmark.ts:44:35)
[MDP-SERP] "창업지원금" 신호 분석 실패: Error: SERP 접근 실패
    at getNaverSerpSignal (C:\Users\park\leword-app\src\utils\naver-serp-
signal-api.ts:18:33)
    at processTicksAndRejections (node:internal/process/task_queues:105:5
)
    at async Promise.all (index 1)
    at async C:\Users\park\leword-app\src\utils\pro-traffic-keyword-hunte
r.ts:1368:57
    at async Promise.all (index 2)
    at async fetchKeywordDataParallel (C:\Users\park\leword-app\src\utils
\pro-traffic-keyword-hunter.ts:1419:26)
    at async withStepTimeout (C:\Users\park\leword-app\src\utils\pro-traf
fic-keyword-hunter.ts:1882:14)
    at async huntProTrafficKeywords (C:\Users\park\leword-app\src\utils\p
ro-traffic-keyword-hunter.ts:3141:24)
    at async runQualityBenchmark (C:\Users\park\leword-app\test-quality-b
enchmark.ts:44:35)
[MDP-SERP] "종합소득세율" 신호 분석 실패: Error: SERP 접근 실패
    at getNaverSerpSignal (C:\Users\park\leword-app\src\utils\naver-serp-
signal-api.ts:18:33)
    at processTicksAndRejections (node:internal/process/task_queues:105:5
)
    at async Promise.all (index 1)
    at async C:\Users\park\leword-app\src\utils\pro-traffic-keyword-hunte
r.ts:1368:57
    at async Promise.all (index 4)
    at async fetchKeywordDataParallel (C:\Users\park\leword-app\src\utils
\pro-traffic-keyword-hunter.ts:1419:26)
    at async withStepTimeout (C:\Users\park\leword-app\src\utils\pro-traf
fic-keyword-hunter.ts:1882:14)
    at async huntProTrafficKeywords (C:\Users\park\leword-app\src\utils\p
ro-traffic-keyword-hunter.ts:3141:24)
    at async runQualityBenchmark (C:\Users\park\leword-app\test-quality-b
enchmark.ts:44:35)
[MDP-SERP] "프랜차이즈창업" 신호 분석 실패: Error: SERP 접근 실패
    at getNaverSerpSignal (C:\Users\park\leword-app\src\utils\naver-serp-
signal-api.ts:18:33)
    at processTicksAndRejections (node:internal/process/task_queues:105:5
)
    at async Promise.all (index 1)
    at async C:\Users\park\leword-app\src\utils\pro-traffic-keyword-hunte
r.ts:1368:57
    at async Promise.all (index 0)
    at async fetchKeywordDataParallel (C:\Users\park\leword-app\src\utils
\pro-traffic-keyword-hunter.ts:1419:26)
    at async withStepTimeout (C:\Users\park\leword-app\src\utils\pro-traf
fic-keyword-hunter.ts:1882:14)
    at async huntProTrafficKeywords (C:\Users\park\leword-app\src\utils\p
ro-traffic-keyword-hunter.ts:3141:24)
    at async runQualityBenchmark (C:\Users\park\leword-app\test-quality-b
enchmark.ts:44:35)
[API-PARALLEL] 📊 배치 5/10 (50%) - 5개 키워드
[MDP-SERP] "종합소득세세율" 신호 분석 실패: Error: SERP 접근 실패
    at getNaverSerpSignal (C:\Users\park\leword-app\src\utils\naver-serp-
signal-api.ts:18:33)
    at processTicksAndRejections (node:internal/process/task_queues:105:5
)
    at async Promise.all (index 1)
    at async C:\Users\park\leword-app\src\utils\pro-traffic-keyword-hunte
r.ts:1368:57
    at async Promise.all (index 0)
    at async fetchKeywordDataParallel (C:\Users\park\leword-app\src\utils
\pro-traffic-keyword-hunter.ts:1419:26)
    at async withStepTimeout (C:\Users\park\leword-app\src\utils\pro-traf
fic-keyword-hunter.ts:1882:14)
    at async huntProTrafficKeywords (C:\Users\park\leword-app\src\utils\p
ro-traffic-keyword-hunter.ts:3141:24)
    at async runQualityBenchmark (C:\Users\park\leword-app\test-quality-b
enchmark.ts:44:35)
[MDP-SERP] "경제신문" 신호 분석 실패: Error: SERP 접근 실패
    at getNaverSerpSignal (C:\Users\park\leword-app\src\utils\naver-serp-
signal-api.ts:18:33)
    at processTicksAndRejections (node:internal/process/task_queues:105:5
)
    at async Promise.all (index 1)
    at async C:\Users\park\leword-app\src\utils\pro-traffic-keyword-hunte
r.ts:1368:57
    at async Promise.all (index 1)
    at async fetchKeywordDataParallel (C:\Users\park\leword-app\src\utils
\pro-traffic-keyword-hunter.ts:1419:26)
    at async withStepTimeout (C:\Users\park\leword-app\src\utils\pro-traf
fic-keyword-hunter.ts:1882:14)
    at async huntProTrafficKeywords (C:\Users\park\leword-app\src\utils\p
ro-traffic-keyword-hunter.ts:3141:24)
    at async runQualityBenchmark (C:\Users\park\leword-app\test-quality-b
enchmark.ts:44:35)
[MDP-SERP] "초기창업패키지" 신호 분석 실패: Error: SERP 접근 실패
    at getNaverSerpSignal (C:\Users\park\leword-app\src\utils\naver-serp-
signal-api.ts:18:33)
    at processTicksAndRejections (node:internal/process/task_queues:105:5
)
    at async Promise.all (index 1)
    at async C:\Users\park\leword-app\src\utils\pro-traffic-keyword-hunte
r.ts:1368:57
    at async Promise.all (index 2)
    at async fetchKeywordDataParallel (C:\Users\park\leword-app\src\utils
\pro-traffic-keyword-hunter.ts:1419:26)
    at async withStepTimeout (C:\Users\park\leword-app\src\utils\pro-traf
fic-keyword-hunter.ts:1882:14)
    at async huntProTrafficKeywords (C:\Users\park\leword-app\src\utils\p
ro-traffic-keyword-hunter.ts:3141:24)
    at async runQualityBenchmark (C:\Users\park\leword-app\test-quality-b
enchmark.ts:44:35)
[MDP-SERP] "창업박람회" 신호 분석 실패: Error: SERP 접근 실패
    at getNaverSerpSignal (C:\Users\park\leword-app\src\utils\naver-serp-
signal-api.ts:18:33)
    at processTicksAndRejections (node:internal/process/task_queues:105:5
)
    at async Promise.all (index 1)
    at async C:\Users\park\leword-app\src\utils\pro-traffic-keyword-hunte
r.ts:1368:57
    at async Promise.all (index 3)
    at async fetchKeywordDataParallel (C:\Users\park\leword-app\src\utils
\pro-traffic-keyword-hunter.ts:1419:26)
    at async withStepTimeout (C:\Users\park\leword-app\src\utils\pro-traf
fic-keyword-hunter.ts:1882:14)
    at async huntProTrafficKeywords (C:\Users\park\leword-app\src\utils\p
ro-traffic-keyword-hunter.ts:3141:24)
    at async runQualityBenchmark (C:\Users\park\leword-app\test-quality-b
enchmark.ts:44:35)
[MDP-SERP] "근로소득원천징수영수증" 신호 분석 실패: Error: SERP 접근 실패
    at getNaverSerpSignal (C:\Users\park\leword-app\src\utils\naver-serp-
signal-api.ts:18:33)
    at processTicksAndRejections (node:internal/process/task_queues:105:5
)
    at async Promise.all (index 1)
    at async C:\Users\park\leword-app\src\utils\pro-traffic-keyword-hunte
r.ts:1368:57
    at async Promise.all (index 4)
    at async fetchKeywordDataParallel (C:\Users\park\leword-app\src\utils
\pro-traffic-keyword-hunter.ts:1419:26)
    at async withStepTimeout (C:\Users\park\leword-app\src\utils\pro-traf
fic-keyword-hunter.ts:1882:14)
    at async huntProTrafficKeywords (C:\Users\park\leword-app\src\utils\p
ro-traffic-keyword-hunter.ts:3141:24)
    at async runQualityBenchmark (C:\Users\park\leword-app\test-quality-b
enchmark.ts:44:35)
[API-PARALLEL] 📊 배치 6/10 (60%) - 5개 키워드
[MDP-SERP] "청년창업" 신호 분석 실패: Error: SERP 접근 실패
    at getNaverSerpSignal (C:\Users\park\leword-app\src\utils\naver-serp-
signal-api.ts:18:33)
    at processTicksAndRejections (node:internal/process/task_queues:105:5
)
    at async Promise.all (index 1)
    at async C:\Users\park\leword-app\src\utils\pro-traffic-keyword-hunte
r.ts:1368:57
    at async Promise.all (index 1)
    at async fetchKeywordDataParallel (C:\Users\park\leword-app\src\utils
\pro-traffic-keyword-hunter.ts:1419:26)
    at async withStepTimeout (C:\Users\park\leword-app\src\utils\pro-traf
fic-keyword-hunter.ts:1882:14)
    at async huntProTrafficKeywords (C:\Users\park\leword-app\src\utils\p
ro-traffic-keyword-hunter.ts:3141:24)
    at async runQualityBenchmark (C:\Users\park\leword-app\test-quality-b
enchmark.ts:44:35)
[MDP-SERP] "연말정산서류" 신호 분석 실패: Error: SERP 접근 실패
    at getNaverSerpSignal (C:\Users\park\leword-app\src\utils\naver-serp-
signal-api.ts:18:33)
    at processTicksAndRejections (node:internal/process/task_queues:105:5
)
    at async Promise.all (index 1)
    at async C:\Users\park\leword-app\src\utils\pro-traffic-keyword-hunte
r.ts:1368:57
    at async Promise.all (index 4)
    at async fetchKeywordDataParallel (C:\Users\park\leword-app\src\utils
\pro-traffic-keyword-hunter.ts:1419:26)
    at async withStepTimeout (C:\Users\park\leword-app\src\utils\pro-traf
fic-keyword-hunter.ts:1882:14)
    at async huntProTrafficKeywords (C:\Users\park\leword-app\src\utils\p
ro-traffic-keyword-hunter.ts:3141:24)
    at async runQualityBenchmark (C:\Users\park\leword-app\test-quality-b
enchmark.ts:44:35)
[MDP-SERP] "종합소득세신고" 신호 분석 실패: Error: SERP 접근 실패
    at getNaverSerpSignal (C:\Users\park\leword-app\src\utils\naver-serp-
signal-api.ts:18:33)
    at processTicksAndRejections (node:internal/process/task_queues:105:5
)
    at async Promise.all (index 1)
    at async C:\Users\park\leword-app\src\utils\pro-traffic-keyword-hunte
r.ts:1368:57
    at async Promise.all (index 2)
    at async fetchKeywordDataParallel (C:\Users\park\leword-app\src\utils
\pro-traffic-keyword-hunter.ts:1419:26)
    at async withStepTimeout (C:\Users\park\leword-app\src\utils\pro-traf
fic-keyword-hunter.ts:1882:14)
    at async huntProTrafficKeywords (C:\Users\park\leword-app\src\utils\p
ro-traffic-keyword-hunter.ts:3141:24)
    at async runQualityBenchmark (C:\Users\park\leword-app\test-quality-b
enchmark.ts:44:35)
[MDP-SERP] "로또세금" 신호 분석 실패: Error: SERP 접근 실패
    at getNaverSerpSignal (C:\Users\park\leword-app\src\utils\naver-serp-
signal-api.ts:18:33)
    at processTicksAndRejections (node:internal/process/task_queues:105:5
)
    at async Promise.all (index 1)
    at async C:\Users\park\leword-app\src\utils\pro-traffic-keyword-hunte
r.ts:1368:57
    at async Promise.all (index 0)
    at async fetchKeywordDataParallel (C:\Users\park\leword-app\src\utils
\pro-traffic-keyword-hunter.ts:1419:26)
    at async withStepTimeout (C:\Users\park\leword-app\src\utils\pro-traf
fic-keyword-hunter.ts:1882:14)
    at async huntProTrafficKeywords (C:\Users\park\leword-app\src\utils\p
ro-traffic-keyword-hunter.ts:3141:24)
    at async runQualityBenchmark (C:\Users\park\leword-app\test-quality-b
enchmark.ts:44:35)
[MDP-SERP] "미국주식세금" 신호 분석 실패: Error: SERP 접근 실패
    at getNaverSerpSignal (C:\Users\park\leword-app\src\utils\naver-serp-
signal-api.ts:18:33)
    at processTicksAndRejections (node:internal/process/task_queues:105:5
)
    at async Promise.all (index 1)
    at async C:\Users\park\leword-app\src\utils\pro-traffic-keyword-hunte
r.ts:1368:57
    at async Promise.all (index 3)
    at async fetchKeywordDataParallel (C:\Users\park\leword-app\src\utils
\pro-traffic-keyword-hunter.ts:1419:26)
    at async withStepTimeout (C:\Users\park\leword-app\src\utils\pro-traf
fic-keyword-hunter.ts:1882:14)
    at async huntProTrafficKeywords (C:\Users\park\leword-app\src\utils\p
ro-traffic-keyword-hunter.ts:3141:24)
    at async runQualityBenchmark (C:\Users\park\leword-app\test-quality-b
enchmark.ts:44:35)
[API-PARALLEL] 📊 배치 7/10 (70%) - 5개 키워드
[MDP-SERP] "트럼프 정부, ‘복지 스캔들’ 미네소타에 최대 2680억원 보육 지원금 지급 중단 - 조선일보" 신호 분석 실
패: Error: SERP 접근 실패
    at getNaverSerpSignal (C:\Users\park\leword-app\src\utils\naver-serp-
signal-api.ts:18:33)
    at processTicksAndRejections (node:internal/process/task_queues:105:5
)
    at async Promise.all (index 1)
    at async C:\Users\park\leword-app\src\utils\pro-traffic-keyword-hunte
r.ts:1368:57
    at async Promise.all (index 2)
    at async fetchKeywordDataParallel (C:\Users\park\leword-app\src\utils
\pro-traffic-keyword-hunter.ts:1419:26)
    at async withStepTimeout (C:\Users\park\leword-app\src\utils\pro-traf
fic-keyword-hunter.ts:1882:14)
    at async huntProTrafficKeywords (C:\Users\park\leword-app\src\utils\p
ro-traffic-keyword-hunter.ts:3141:24)
    at async runQualityBenchmark (C:\Users\park\leword-app\test-quality-b
enchmark.ts:44:35)
[MDP-SERP] "연말정산서류양식" 신호 분석 실패: Error: SERP 접근 실패
    at getNaverSerpSignal (C:\Users\park\leword-app\src\utils\naver-serp-
signal-api.ts:18:33)
    at processTicksAndRejections (node:internal/process/task_queues:105:5
)
    at async Promise.all (index 1)
    at async C:\Users\park\leword-app\src\utils\pro-traffic-keyword-hunte
r.ts:1368:57
    at async Promise.all (index 1)
    at async fetchKeywordDataParallel (C:\Users\park\leword-app\src\utils
\pro-traffic-keyword-hunter.ts:1419:26)
    at async withStepTimeout (C:\Users\park\leword-app\src\utils\pro-traf
fic-keyword-hunter.ts:1882:14)
    at async huntProTrafficKeywords (C:\Users\park\leword-app\src\utils\p
ro-traffic-keyword-hunter.ts:3141:24)
    at async runQualityBenchmark (C:\Users\park\leword-app\test-quality-b
enchmark.ts:44:35)
[MDP-SERP] "‘인구 역전 위기감’ 해운대구, 새해부터 ‘모든 출생아’에게 출산지원금 - v.daum.net" 신호 분석 실
패: Error: SERP 접근 실패
    at getNaverSerpSignal (C:\Users\park\leword-app\src\utils\naver-serp-
signal-api.ts:18:33)
    at processTicksAndRejections (node:internal/process/task_queues:105:5
)
    at async Promise.all (index 1)
    at async C:\Users\park\leword-app\src\utils\pro-traffic-keyword-hunte
r.ts:1368:57
    at async Promise.all (index 3)
    at async fetchKeywordDataParallel (C:\Users\park\leword-app\src\utils
\pro-traffic-keyword-hunter.ts:1419:26)
    at async withStepTimeout (C:\Users\park\leword-app\src\utils\pro-traf
fic-keyword-hunter.ts:1882:14)
    at async huntProTrafficKeywords (C:\Users\park\leword-app\src\utils\p
ro-traffic-keyword-hunter.ts:3141:24)
    at async runQualityBenchmark (C:\Users\park\leword-app\test-quality-b
enchmark.ts:44:35)
[MDP-SERP] "매일경제구독" 신호 분석 실패: Error: SERP 접근 실패
    at getNaverSerpSignal (C:\Users\park\leword-app\src\utils\naver-serp-
signal-api.ts:18:33)
    at processTicksAndRejections (node:internal/process/task_queues:105:5
)
    at async Promise.all (index 1)
    at async C:\Users\park\leword-app\src\utils\pro-traffic-keyword-hunte
r.ts:1368:57
    at async Promise.all (index 0)
    at async fetchKeywordDataParallel (C:\Users\park\leword-app\src\utils
\pro-traffic-keyword-hunter.ts:1419:26)
    at async withStepTimeout (C:\Users\park\leword-app\src\utils\pro-traf
fic-keyword-hunter.ts:1882:14)
    at async huntProTrafficKeywords (C:\Users\park\leword-app\src\utils\p
ro-traffic-keyword-hunter.ts:3141:24)
    at async runQualityBenchmark (C:\Users\park\leword-app\test-quality-b
enchmark.ts:44:35)
[MDP-SERP] "경남농협, 경상국립대학교에 대학발전지원금 1000만원 전달 - 농민신문" 신호 분석 실패: Error: SER
P 접근 실패
    at getNaverSerpSignal (C:\Users\park\leword-app\src\utils\naver-serp-
signal-api.ts:18:33)
    at processTicksAndRejections (node:internal/process/task_queues:105:5
)
    at async Promise.all (index 1)
    at async C:\Users\park\leword-app\src\utils\pro-traffic-keyword-hunte
r.ts:1368:57
    at async Promise.all (index 4)
    at async fetchKeywordDataParallel (C:\Users\park\leword-app\src\utils
\pro-traffic-keyword-hunter.ts:1419:26)
    at async withStepTimeout (C:\Users\park\leword-app\src\utils\pro-traf
fic-keyword-hunter.ts:1882:14)
    at async huntProTrafficKeywords (C:\Users\park\leword-app\src\utils\p
ro-traffic-keyword-hunter.ts:3141:24)
    at async runQualityBenchmark (C:\Users\park\leword-app\test-quality-b
enchmark.ts:44:35)
[API-PARALLEL] 📊 배치 8/10 (80%) - 5개 키워드
[MDP-SERP] "2026 지원금" 신호 분석 실패: Error: SERP 접근 실패
    at getNaverSerpSignal (C:\Users\park\leword-app\src\utils\naver-serp-
signal-api.ts:18:33)
    at processTicksAndRejections (node:internal/process/task_queues:105:5
)
    at async Promise.all (index 1)
    at async C:\Users\park\leword-app\src\utils\pro-traffic-keyword-hunte
r.ts:1368:57
    at async Promise.all (index 3)
    at async fetchKeywordDataParallel (C:\Users\park\leword-app\src\utils
\pro-traffic-keyword-hunter.ts:1419:26)
    at async withStepTimeout (C:\Users\park\leword-app\src\utils\pro-traf
fic-keyword-hunter.ts:1882:14)
    at async huntProTrafficKeywords (C:\Users\park\leword-app\src\utils\p
ro-traffic-keyword-hunter.ts:3141:24)
    at async runQualityBenchmark (C:\Users\park\leword-app\test-quality-b
enchmark.ts:44:35)
[MDP-SERP] "공사비정산서" 신호 분석 실패: Error: SERP 접근 실패
    at getNaverSerpSignal (C:\Users\park\leword-app\src\utils\naver-serp-
signal-api.ts:18:33)
    at processTicksAndRejections (node:internal/process/task_queues:105:5
)
    at async Promise.all (index 1)
    at async C:\Users\park\leword-app\src\utils\pro-traffic-keyword-hunte
r.ts:1368:57
    at async Promise.all (index 4)
    at async fetchKeywordDataParallel (C:\Users\park\leword-app\src\utils
\pro-traffic-keyword-hunter.ts:1419:26)
    at async withStepTimeout (C:\Users\park\leword-app\src\utils\pro-traf
fic-keyword-hunter.ts:1882:14)
    at async huntProTrafficKeywords (C:\Users\park\leword-app\src\utils\p
ro-traffic-keyword-hunter.ts:3141:24)
    at async runQualityBenchmark (C:\Users\park\leword-app\test-quality-b
enchmark.ts:44:35)
[MDP-SERP] "선급금정산서" 신호 분석 실패: Error: SERP 접근 실패
    at getNaverSerpSignal (C:\Users\park\leword-app\src\utils\naver-serp-
signal-api.ts:18:33)
    at processTicksAndRejections (node:internal/process/task_queues:105:5
)
    at async Promise.all (index 1)
    at async C:\Users\park\leword-app\src\utils\pro-traffic-keyword-hunte
r.ts:1368:57
    at async Promise.all (index 2)
    at async fetchKeywordDataParallel (C:\Users\park\leword-app\src\utils
\pro-traffic-keyword-hunter.ts:1419:26)
    at async withStepTimeout (C:\Users\park\leword-app\src\utils\pro-traf
fic-keyword-hunter.ts:1882:14)
    at async huntProTrafficKeywords (C:\Users\park\leword-app\src\utils\p
ro-traffic-keyword-hunter.ts:3141:24)
    at async runQualityBenchmark (C:\Users\park\leword-app\test-quality-b
enchmark.ts:44:35)
[MDP-SERP] "정산서양식" 신호 분석 실패: Error: SERP 접근 실패
    at getNaverSerpSignal (C:\Users\park\leword-app\src\utils\naver-serp-
signal-api.ts:18:33)
    at processTicksAndRejections (node:internal/process/task_queues:105:5
)
    at async Promise.all (index 1)
    at async C:\Users\park\leword-app\src\utils\pro-traffic-keyword-hunte
r.ts:1368:57
    at async Promise.all (index 0)
    at async fetchKeywordDataParallel (C:\Users\park\leword-app\src\utils
\pro-traffic-keyword-hunter.ts:1419:26)
    at async withStepTimeout (C:\Users\park\leword-app\src\utils\pro-traf
fic-keyword-hunter.ts:1882:14)
    at async huntProTrafficKeywords (C:\Users\park\leword-app\src\utils\p
ro-traffic-keyword-hunter.ts:3141:24)
    at async runQualityBenchmark (C:\Users\park\leword-app\test-quality-b
enchmark.ts:44:35)
[MDP-SERP] "회식비정산서" 신호 분석 실패: Error: SERP 접근 실패
    at getNaverSerpSignal (C:\Users\park\leword-app\src\utils\naver-serp-
signal-api.ts:18:33)
    at processTicksAndRejections (node:internal/process/task_queues:105:5
)
    at async Promise.all (index 1)
    at async C:\Users\park\leword-app\src\utils\pro-traffic-keyword-hunte
r.ts:1368:57
    at async Promise.all (index 1)
    at async fetchKeywordDataParallel (C:\Users\park\leword-app\src\utils
\pro-traffic-keyword-hunter.ts:1419:26)
    at async withStepTimeout (C:\Users\park\leword-app\src\utils\pro-traf
fic-keyword-hunter.ts:1882:14)
    at async huntProTrafficKeywords (C:\Users\park\leword-app\src\utils\p
ro-traffic-keyword-hunter.ts:3141:24)
    at async runQualityBenchmark (C:\Users\park\leword-app\test-quality-b
enchmark.ts:44:35)
[API-PARALLEL] 📊 배치 9/10 (90%) - 5개 키워드
[MDP-SERP] "2025년 연말정산" 신호 분석 실패: Error: SERP 접근 실패
    at getNaverSerpSignal (C:\Users\park\leword-app\src\utils\naver-serp-
signal-api.ts:18:33)
    at processTicksAndRejections (node:internal/process/task_queues:105:5
)
    at async Promise.all (index 1)
    at async C:\Users\park\leword-app\src\utils\pro-traffic-keyword-hunte
r.ts:1368:57
    at async Promise.all (index 1)
    at async fetchKeywordDataParallel (C:\Users\park\leword-app\src\utils
\pro-traffic-keyword-hunter.ts:1419:26)
    at async withStepTimeout (C:\Users\park\leword-app\src\utils\pro-traf
fic-keyword-hunter.ts:1882:14)
    at async huntProTrafficKeywords (C:\Users\park\leword-app\src\utils\p
ro-traffic-keyword-hunter.ts:3141:24)
    at async runQualityBenchmark (C:\Users\park\leword-app\test-quality-b
enchmark.ts:44:35)
[MDP-SERP] "공사정산서" 신호 분석 실패: Error: SERP 접근 실패
    at getNaverSerpSignal (C:\Users\park\leword-app\src\utils\naver-serp-
signal-api.ts:18:33)
    at processTicksAndRejections (node:internal/process/task_queues:105:5
)
    at async Promise.all (index 1)
    at async C:\Users\park\leword-app\src\utils\pro-traffic-keyword-hunte
r.ts:1368:57
    at async Promise.all (index 3)
    at async fetchKeywordDataParallel (C:\Users\park\leword-app\src\utils
\pro-traffic-keyword-hunter.ts:1419:26)
    at async withStepTimeout (C:\Users\park\leword-app\src\utils\pro-traf
fic-keyword-hunter.ts:1882:14)
    at async huntProTrafficKeywords (C:\Users\park\leword-app\src\utils\p
ro-traffic-keyword-hunter.ts:3141:24)
    at async runQualityBenchmark (C:\Users\park\leword-app\test-quality-b
enchmark.ts:44:35)
[MDP-SERP] "연말정산서식" 신호 분석 실패: Error: SERP 접근 실패
    at getNaverSerpSignal (C:\Users\park\leword-app\src\utils\naver-serp-
signal-api.ts:18:33)
    at processTicksAndRejections (node:internal/process/task_queues:105:5
)
    at async Promise.all (index 1)
    at async C:\Users\park\leword-app\src\utils\pro-traffic-keyword-hunte
r.ts:1368:57
    at async Promise.all (index 4)
    at async fetchKeywordDataParallel (C:\Users\park\leword-app\src\utils
\pro-traffic-keyword-hunter.ts:1419:26)
    at async withStepTimeout (C:\Users\park\leword-app\src\utils\pro-traf
fic-keyword-hunter.ts:1882:14)
    at async huntProTrafficKeywords (C:\Users\park\leword-app\src\utils\p
ro-traffic-keyword-hunter.ts:3141:24)
    at async runQualityBenchmark (C:\Users\park\leword-app\test-quality-b
enchmark.ts:44:35)
[MDP-SERP] "연말정산 2025" 신호 분석 실패: Error: SERP 접근 실패
    at getNaverSerpSignal (C:\Users\park\leword-app\src\utils\naver-serp-
signal-api.ts:18:33)
    at processTicksAndRejections (node:internal/process/task_queues:105:5
)
    at async Promise.all (index 1)
    at async C:\Users\park\leword-app\src\utils\pro-traffic-keyword-hunte
r.ts:1368:57
    at async Promise.all (index 0)
    at async fetchKeywordDataParallel (C:\Users\park\leword-app\src\utils
\pro-traffic-keyword-hunter.ts:1419:26)
    at async withStepTimeout (C:\Users\park\leword-app\src\utils\pro-traf
fic-keyword-hunter.ts:1882:14)
    at async huntProTrafficKeywords (C:\Users\park\leword-app\src\utils\p
ro-traffic-keyword-hunter.ts:3141:24)
    at async runQualityBenchmark (C:\Users\park\leword-app\test-quality-b
enchmark.ts:44:35)
[MDP-SERP] "연말정산 2025년" 신호 분석 실패: Error: SERP 접근 실패
    at getNaverSerpSignal (C:\Users\park\leword-app\src\utils\naver-serp-
signal-api.ts:18:33)
    at processTicksAndRejections (node:internal/process/task_queues:105:5
)
    at async Promise.all (index 1)
    at async C:\Users\park\leword-app\src\utils\pro-traffic-keyword-hunte
r.ts:1368:57
    at async Promise.all (index 2)
    at async fetchKeywordDataParallel (C:\Users\park\leword-app\src\utils
\pro-traffic-keyword-hunter.ts:1419:26)
    at async withStepTimeout (C:\Users\park\leword-app\src\utils\pro-traf
fic-keyword-hunter.ts:1882:14)
    at async huntProTrafficKeywords (C:\Users\park\leword-app\src\utils\p
ro-traffic-keyword-hunter.ts:3141:24)
    at async runQualityBenchmark (C:\Users\park\leword-app\test-quality-b
enchmark.ts:44:35)
[API-PARALLEL] 📊 배치 10/10 (100%) - 4개 키워드
[MDP-SERP] "정산서" 신호 분석 실패: Error: SERP 접근 실패
    at getNaverSerpSignal (C:\Users\park\leword-app\src\utils\naver-serp-
signal-api.ts:18:33)
    at processTicksAndRejections (node:internal/process/task_queues:105:5
)
    at async Promise.all (index 1)
    at async C:\Users\park\leword-app\src\utils\pro-traffic-keyword-hunte
r.ts:1368:57
    at async Promise.all (index 3)
    at async fetchKeywordDataParallel (C:\Users\park\leword-app\src\utils
\pro-traffic-keyword-hunter.ts:1419:26)
    at async withStepTimeout (C:\Users\park\leword-app\src\utils\pro-traf
fic-keyword-hunter.ts:1882:14)
    at async huntProTrafficKeywords (C:\Users\park\leword-app\src\utils\p
ro-traffic-keyword-hunter.ts:3141:24)
    at async runQualityBenchmark (C:\Users\park\leword-app\test-quality-b
enchmark.ts:44:35)
[MDP-SERP] "12월 지원금 신청" 신호 분석 실패: Error: SERP 접근 실패
    at getNaverSerpSignal (C:\Users\park\leword-app\src\utils\naver-serp-
signal-api.ts:18:33)
    at processTicksAndRejections (node:internal/process/task_queues:105:5
)
    at async Promise.all (index 1)
    at async C:\Users\park\leword-app\src\utils\pro-traffic-keyword-hunte
r.ts:1368:57
    at async Promise.all (index 2)
    at async fetchKeywordDataParallel (C:\Users\park\leword-app\src\utils
\pro-traffic-keyword-hunter.ts:1419:26)
    at async withStepTimeout (C:\Users\park\leword-app\src\utils\pro-traf
fic-keyword-hunter.ts:1882:14)
    at async huntProTrafficKeywords (C:\Users\park\leword-app\src\utils\p
ro-traffic-keyword-hunter.ts:3141:24)
    at async runQualityBenchmark (C:\Users\park\leword-app\test-quality-b
enchmark.ts:44:35)
[MDP-SERP] "퇴직금정산서식" 신호 분석 실패: Error: SERP 접근 실패
    at getNaverSerpSignal (C:\Users\park\leword-app\src\utils\naver-serp-
signal-api.ts:18:33)
    at processTicksAndRejections (node:internal/process/task_queues:105:5
)
    at async Promise.all (index 1)
    at async C:\Users\park\leword-app\src\utils\pro-traffic-keyword-hunte
r.ts:1368:57
    at async Promise.all (index 1)
    at async fetchKeywordDataParallel (C:\Users\park\leword-app\src\utils
\pro-traffic-keyword-hunter.ts:1419:26)
    at async withStepTimeout (C:\Users\park\leword-app\src\utils\pro-traf
fic-keyword-hunter.ts:1882:14)
    at async huntProTrafficKeywords (C:\Users\park\leword-app\src\utils\p
ro-traffic-keyword-hunter.ts:3141:24)
    at async runQualityBenchmark (C:\Users\park\leword-app\test-quality-b
enchmark.ts:44:35)
[API-PARALLEL] ✅ 완료! 7.2초 소요
[API-PARALLEL] 📊 결과: 성공 49개, 실패 0개
[API-PARALLEL] 📊 블로그 API: 49/49 성공
[API-PARALLEL] 📊 검색광고 API: 0/0 성공
[API-PARALLEL] 🔄 총 재시도: 0회
[PRO-TRAFFIC] ❌ 레드오션 제외: "주식" (문서수=13019763)
[PRO-TRAFFIC] ✅ "연말정산모의계산": 검색량=44700, 문서수=7302, 비율=6.12, 등급=SSS
[PRO-TRAFFIC] ❌ 레드오션 제외: "연말정산하는법" (문서수=151281)
[PRO-TRAFFIC] ❌ 레드오션 제외: "매일경제신문" (문서수=304266)
[PRO-TRAFFIC] ✅ "연말정산간소화서비스": 검색량=21910, 문서수=79804, 비율=0.27, 등급=B
[PRO-TRAFFIC] ❌ 레드오션 제외: "연말정산소득공제" (문서수=358366)
[PRO-TRAFFIC] ❌ 레드오션 제외: "창업" (문서수=8332162)
[PRO-TRAFFIC] ❌ 레드오션 제외: "재테크" (문서수=3117809)
[PRO-TRAFFIC] ❌ 레드오션 제외: "경제" (문서수=22095107)
[PRO-TRAFFIC] ✅ "연말정산간소화": 검색량=16480, 문서수=100285, 비율=0.16, 등급=B
[PRO-TRAFFIC] ❌ 레드오션 제외: "무인창업" (문서수=278369)
[PRO-TRAFFIC] ❌ 레드오션 제외: "주식분석" (문서수=2812714)
[PRO-TRAFFIC] ❌ 레드오션 제외: "소자본창업" (문서수=504618)
[PRO-TRAFFIC] ❌ 레드오션 제외: "소상공인" (문서수=2106736)
[PRO-TRAFFIC] ❌ 레드오션 제외: "투자" (문서수=31290689)
[PRO-TRAFFIC] ❌ 레드오션 제외: "프랜차이즈창업" (문서수=907991)
[PRO-TRAFFIC] ✅ "매일경제신문구독": 검색량=6160, 문서수=24269, 비율=0.25, 등급=B
[PRO-TRAFFIC] ❌ 레드오션 제외: "창업지원금" (문서수=289262)
[PRO-TRAFFIC] ❌ 레드오션 제외: "창업대출" (문서수=463997)
[PRO-TRAFFIC] ❌ 레드오션 제외: "종합소득세율" (문서수=219163)
[PRO-TRAFFIC] ❌ 레드오션 제외: "종합소득세세율" (문서수=239660)
[PRO-TRAFFIC] ❌ 레드오션 제외: "경제신문" (문서수=2076277)
[PRO-TRAFFIC] ✅ "초기창업패키지": 검색량=3480, 문서수=59869, 비율=0.06, 등급=B
[PRO-TRAFFIC] ❌ 레드오션 제외: "창업박람회" (문서수=205722)
[PRO-TRAFFIC] ❌ 레드오션 제외: "근로소득원천징수영수증" (문서수=168277)
[PRO-TRAFFIC] ✅ "로또세금": 검색량=13640, 문서수=81326, 비율=0.17, 등급=B
[PRO-TRAFFIC] ❌ 레드오션 제외: "청년창업" (문서수=380670)
[PRO-TRAFFIC] ❌ 레드오션 제외: "종합소득세신고" (문서수=528829)
[PRO-TRAFFIC] ❌ 레드오션 제외: "미국주식세금" (문서수=331775)
[PRO-TRAFFIC] ❌ 레드오션 제외: "연말정산서류" (문서수=185606)
[PRO-TRAFFIC] ✅ "매일경제구독": 검색량=1800, 문서수=37968, 비율=0.05, 등급=B
[PRO-TRAFFIC] ⚠️ 검색량 미확정(폴백 후보 유지): "연말정산서류양식" (검색량=0, 문서수=7989)
[PRO-TRAFFIC] ⚠️ 검색량 미확정(폴백 후보 유지): "트럼프 정부, ‘복지 스캔들’ 미네소타에 최대 2680억원 보육 지원금 지급 중단 - 조선일보" (검색량=0, 문서수=712)
[PRO-TRAFFIC] ⚠️ 검색량 미확정(폴백 후보 유지): "‘인구 역전 위기감’ 해운대구, 새해부터 ‘모든 출생아’에게 출산지원금 - v.daum.net" (검색량=0, 문서수=111)
[PRO-TRAFFIC] ⚠️ 검색량 미확정(폴백 후보 유지): "경남농협, 경상국립대학교에 대학발전지원금 1000만원 전달 - 농민신문" (검색량=0, 문서수=3736)
[PRO-TRAFFIC] ✅ "정산서양식": 검색량=480, 문서수=2085, 비율=0.23, 등급=B
[PRO-TRAFFIC] ⚠️ 검색량 미확정(폴백 후보 유지): "회식비정산서" (검색량=0, 문서수=40)
[PRO-TRAFFIC] ❌ 황금비율 부족: "선급금정산서" (비율=0.17, 검색량=50)
[PRO-TRAFFIC] ⚠️ 검색량 미확정(폴백 후보 유지): "2026 지원금" (검색량=0, 문서수=55420)
[PRO-TRAFFIC] ❌ 황금비율 부족: "공사비정산서" (비율=0.05, 검색량=30)
[PRO-TRAFFIC] ⚠️ 검색량 미확정(폴백 후보 유지): "연말정산 2025" (검색량=0, 문서수=80533)
[PRO-TRAFFIC] ⚠️ 검색량 미확정(폴백 후보 유지): "2025년 연말정산" (검색량=0, 문서수=69184)
[PRO-TRAFFIC] ⚠️ 검색량 미확정(폴백 후보 유지): "연말정산 2025년" (검색량=0, 문서수=69042)
[PRO-TRAFFIC] ❌ 황금비율 부족: "공사정산서" (비율=0.02, 검색량=50)
[PRO-TRAFFIC] ✅ "연말정산서식": 검색량=80, 문서수=13691, 비율=0.01, 등급=B
[PRO-TRAFFIC] ⚠️ 검색량 미확정(폴백 후보 유지): "2025 청년지원금" (검색량=0, 문서수=69620)
[PRO-TRAFFIC] ❌ 황금비율 부족: "퇴직금정산서식" (비율=0.00, 검색량=10)
[PRO-TRAFFIC] ⚠️ 검색량 미확정(폴백 후보 유지): "12월 지원금 신청" (검색량=0, 문서수=159699)
[PRO-TRAFFIC] ✅ "정산서": 검색량=660, 문서수=24041, 비율=0.03, 등급=B
[PRO-TRAFFIC] 📁 카테고리 검증 풀(혼입 금지): business → 10개
[PRO-TRAFFIC] 📁 카테고리 최종 후보(혼입 금지): business → 5개
[PRO-TRAFFIC] ✅ 5개 키워드 분석 완료 (끝판왕 v2.0 포함)
[PRO-TRAFFIC] 🏁 최종 선정: 5개
[PRO-TRAFFIC] 🏆 끝판왕 분석 포함: 5개
[PRO-TRAFFIC] 🏆🏆🏆 5개 황금 키워드 발굴 완료 (실제 API 검증 완료!)
[PRO-TRAFFIC] 💎 블루오션: 3개, 신생적합: 3개
[PRO-TRAFFIC] 📊 TOP 키워드: 연말정산모의계산(44700/7302), 연말정산간소화서비스(21910/79804), 매일경제신문구독(6160/24269)
[NAVER-SMART-BLOCK] API 호출 실패: 429
[NAVER-SMART-BLOCK] 연관 키워드 없음
[NAVER-SMART-BLOCK] API 호출 실패: 429
[NAVER-SMART-BLOCK] 연관 키워드 없음
[NAVER-SMART-BLOCK] API 호출 실패: 429
[NAVER-SMART-BLOCK] 연관 키워드 없음

✅ 테스트 3 완료 (30.2초)
   SSS: 1개 | SS: 0개 | S: 0개
   평균 황금비율: 1.41% | 최대: 6.12%
   🏆 SSS 키워드:
      - 연말정산모의계산 (6.121610517666393%)

⏳ 다음 테스트까지 3초 대기...

============================================================
📊 테스트 4/5 실행 중...
============================================================
[PRO-TRAFFIC] 🏆 PRO 황금키워드 헌팅 시작 - 🔥 실시간 이슈
[PRO-TRAFFIC] 🗑️ 캐시 초기화 완료 - 새로운 키워드 발굴 시작!
[PRO-TRAFFIC] 🔥 실시간 이슈 모드 활성화
[PRO-TRAFFIC] 🌐 다중 소스 키워드 수집 시작...
[PRO-TRAFFIC] 📅 시즌 키워드 30개
[PRO-TRAFFIC] 📜 정책 기본키워드 9개
[PRO-TRAFFIC] 📰 뉴스 RSS 20개
[PRO-TRAFFIC] 🌐 다중 소스 53개 수집!
[PRO-TRAFFIC] 📊 시드 키워드 32개: 2025년 연말정산, 청약, 2026년달력, 연말공제, 2026년공휴일...
[PRO-TRAFFIC] 🔥 네이버 검색광고 API로 연관키워드 수집...
[PRO-TRAFFIC] ✅ 검색광고 API에서 721개 연관 키워드 수집
[PRO-TRAFFIC][METRICS] stage=pre_filter category=business mode=realtime seeds=32 allKeywords=748 profitable=69
[PRO-TRAFFIC] 🎯 수익화 의도 키워드 69개 필터링
[PRO-TRAFFIC] 🔍 52개 키워드 API 조회 (캐시 미스)
[API-PARALLEL] 🚀 52개 키워드 병렬 처리 시작
[API-PARALLEL] ⚙️ 설정: 배치=5, 재시도=2회
[API-PARALLEL] 📦 총 11개 배치로 분할
[API-PARALLEL] 📊 배치 1/11 (9%) - 5개 키워드
[MDP-SERP] "소상공인" 신호 분석 실패: Error: SERP 접근 실패
    at getNaverSerpSignal (C:\Users\park\leword-app\src\utils\naver-serp-
signal-api.ts:18:33)
    at processTicksAndRejections (node:internal/process/task_queues:105:5
)
    at async Promise.all (index 1)
    at async C:\Users\park\leword-app\src\utils\pro-traffic-keyword-hunte
r.ts:1368:57
    at async Promise.all (index 1)
    at async fetchKeywordDataParallel (C:\Users\park\leword-app\src\utils
\pro-traffic-keyword-hunter.ts:1419:26)
    at async fetchKeywordDataBatch (C:\Users\park\leword-app\src\utils\pr
o-traffic-keyword-hunter.ts:1500:3)
    at async withStepTimeout (C:\Users\park\leword-app\src\utils\pro-traf
fic-keyword-hunter.ts:1882:14)
    at async huntProTrafficKeywords (C:\Users\park\leword-app\src\utils\p
ro-traffic-keyword-hunter.ts:2851:3)
    at async runQualityBenchmark (C:\Users\park\leword-app\test-quality-b
enchmark.ts:44:35)
[MDP-SERP] "주식분석" 신호 분석 실패: Error: SERP 접근 실패
    at getNaverSerpSignal (C:\Users\park\leword-app\src\utils\naver-serp-
signal-api.ts:18:33)
    at processTicksAndRejections (node:internal/process/task_queues:105:5
)
    at async Promise.all (index 1)
    at async C:\Users\park\leword-app\src\utils\pro-traffic-keyword-hunte
r.ts:1368:57
    at async Promise.all (index 4)
    at async fetchKeywordDataParallel (C:\Users\park\leword-app\src\utils
\pro-traffic-keyword-hunter.ts:1419:26)
    at async fetchKeywordDataBatch (C:\Users\park\leword-app\src\utils\pr
o-traffic-keyword-hunter.ts:1500:3)
    at async withStepTimeout (C:\Users\park\leword-app\src\utils\pro-traf
fic-keyword-hunter.ts:1882:14)
    at async huntProTrafficKeywords (C:\Users\park\leword-app\src\utils\p
ro-traffic-keyword-hunter.ts:2851:3)
    at async runQualityBenchmark (C:\Users\park\leword-app\test-quality-b
enchmark.ts:44:35)
[MDP-SERP] "재테크" 신호 분석 실패: Error: SERP 접근 실패
    at getNaverSerpSignal (C:\Users\park\leword-app\src\utils\naver-serp-
signal-api.ts:18:33)
    at processTicksAndRejections (node:internal/process/task_queues:105:5
)
    at async Promise.all (index 1)
    at async C:\Users\park\leword-app\src\utils\pro-traffic-keyword-hunte
r.ts:1368:57
    at async Promise.all (index 2)
    at async fetchKeywordDataParallel (C:\Users\park\leword-app\src\utils
\pro-traffic-keyword-hunter.ts:1419:26)
    at async fetchKeywordDataBatch (C:\Users\park\leword-app\src\utils\pr
o-traffic-keyword-hunter.ts:1500:3)
    at async withStepTimeout (C:\Users\park\leword-app\src\utils\pro-traf
fic-keyword-hunter.ts:1882:14)
    at async huntProTrafficKeywords (C:\Users\park\leword-app\src\utils\p
ro-traffic-keyword-hunter.ts:2851:3)
    at async runQualityBenchmark (C:\Users\park\leword-app\test-quality-b
enchmark.ts:44:35)
[MDP-SERP] "주식사는법" 신호 분석 실패: Error: SERP 접근 실패
    at getNaverSerpSignal (C:\Users\park\leword-app\src\utils\naver-serp-
signal-api.ts:18:33)
    at processTicksAndRejections (node:internal/process/task_queues:105:5
)
    at async Promise.all (index 1)
    at async C:\Users\park\leword-app\src\utils\pro-traffic-keyword-hunte
r.ts:1368:57
    at async Promise.all (index 0)
    at async fetchKeywordDataParallel (C:\Users\park\leword-app\src\utils
\pro-traffic-keyword-hunter.ts:1419:26)
    at async fetchKeywordDataBatch (C:\Users\park\leword-app\src\utils\pr
o-traffic-keyword-hunter.ts:1500:3)
    at async withStepTimeout (C:\Users\park\leword-app\src\utils\pro-traf
fic-keyword-hunter.ts:1882:14)
    at async huntProTrafficKeywords (C:\Users\park\leword-app\src\utils\p
ro-traffic-keyword-hunter.ts:2851:3)
    at async runQualityBenchmark (C:\Users\park\leword-app\test-quality-b
enchmark.ts:44:35)
[MDP-SERP] "매일경제신문" 신호 분석 실패: Error: SERP 접근 실패
    at getNaverSerpSignal (C:\Users\park\leword-app\src\utils\naver-serp-
signal-api.ts:18:33)
    at processTicksAndRejections (node:internal/process/task_queues:105:5
)
    at async Promise.all (index 1)
    at async C:\Users\park\leword-app\src\utils\pro-traffic-keyword-hunte
r.ts:1368:57
    at async Promise.all (index 3)
    at async fetchKeywordDataParallel (C:\Users\park\leword-app\src\utils
\pro-traffic-keyword-hunter.ts:1419:26)
    at async fetchKeywordDataBatch (C:\Users\park\leword-app\src\utils\pr
o-traffic-keyword-hunter.ts:1500:3)
    at async withStepTimeout (C:\Users\park\leword-app\src\utils\pro-traf
fic-keyword-hunter.ts:1882:14)
    at async huntProTrafficKeywords (C:\Users\park\leword-app\src\utils\p
ro-traffic-keyword-hunter.ts:2851:3)
    at async runQualityBenchmark (C:\Users\park\leword-app\test-quality-b
enchmark.ts:44:35)
[API-PARALLEL] 📊 배치 2/11 (18%) - 5개 키워드
[MDP-SERP] "소자본창업" 신호 분석 실패: Error: SERP 접근 실패
    at getNaverSerpSignal (C:\Users\park\leword-app\src\utils\naver-serp-
signal-api.ts:18:33)
    at processTicksAndRejections (node:internal/process/task_queues:105:5
)
    at async Promise.all (index 1)
    at async C:\Users\park\leword-app\src\utils\pro-traffic-keyword-hunte
r.ts:1368:57
    at async Promise.all (index 4)
    at async fetchKeywordDataParallel (C:\Users\park\leword-app\src\utils
\pro-traffic-keyword-hunter.ts:1419:26)
    at async fetchKeywordDataBatch (C:\Users\park\leword-app\src\utils\pr
o-traffic-keyword-hunter.ts:1500:3)
    at async withStepTimeout (C:\Users\park\leword-app\src\utils\pro-traf
fic-keyword-hunter.ts:1882:14)
    at async huntProTrafficKeywords (C:\Users\park\leword-app\src\utils\p
ro-traffic-keyword-hunter.ts:2851:3)
    at async runQualityBenchmark (C:\Users\park\leword-app\test-quality-b
enchmark.ts:44:35)
[MDP-SERP] "경제신문" 신호 분석 실패: Error: SERP 접근 실패
    at getNaverSerpSignal (C:\Users\park\leword-app\src\utils\naver-serp-
signal-api.ts:18:33)
    at processTicksAndRejections (node:internal/process/task_queues:105:5
)
    at async Promise.all (index 1)
    at async C:\Users\park\leword-app\src\utils\pro-traffic-keyword-hunte
r.ts:1368:57
    at async Promise.all (index 1)
    at async fetchKeywordDataParallel (C:\Users\park\leword-app\src\utils
\pro-traffic-keyword-hunter.ts:1419:26)
    at async fetchKeywordDataBatch (C:\Users\park\leword-app\src\utils\pr
o-traffic-keyword-hunter.ts:1500:3)
    at async withStepTimeout (C:\Users\park\leword-app\src\utils\pro-traf
fic-keyword-hunter.ts:1882:14)
    at async huntProTrafficKeywords (C:\Users\park\leword-app\src\utils\p
ro-traffic-keyword-hunter.ts:2851:3)
    at async runQualityBenchmark (C:\Users\park\leword-app\test-quality-b
enchmark.ts:44:35)
[MDP-SERP] "무인창업" 신호 분석 실패: Error: SERP 접근 실패
    at getNaverSerpSignal (C:\Users\park\leword-app\src\utils\naver-serp-
signal-api.ts:18:33)
    at processTicksAndRejections (node:internal/process/task_queues:105:5
)
    at async Promise.all (index 1)
    at async C:\Users\park\leword-app\src\utils\pro-traffic-keyword-hunte
r.ts:1368:57
    at async Promise.all (index 3)
    at async fetchKeywordDataParallel (C:\Users\park\leword-app\src\utils
\pro-traffic-keyword-hunter.ts:1419:26)
    at async fetchKeywordDataBatch (C:\Users\park\leword-app\src\utils\pr
o-traffic-keyword-hunter.ts:1500:3)
    at async withStepTimeout (C:\Users\park\leword-app\src\utils\pro-traf
fic-keyword-hunter.ts:1882:14)
    at async huntProTrafficKeywords (C:\Users\park\leword-app\src\utils\p
ro-traffic-keyword-hunter.ts:2851:3)
    at async runQualityBenchmark (C:\Users\park\leword-app\test-quality-b
enchmark.ts:44:35)
[MDP-SERP] "매일경제신문구독" 신호 분석 실패: Error: SERP 접근 실패
    at getNaverSerpSignal (C:\Users\park\leword-app\src\utils\naver-serp-
signal-api.ts:18:33)
    at processTicksAndRejections (node:internal/process/task_queues:105:5
)
    at async Promise.all (index 1)
    at async C:\Users\park\leword-app\src\utils\pro-traffic-keyword-hunte
r.ts:1368:57
    at async Promise.all (index 0)
    at async fetchKeywordDataParallel (C:\Users\park\leword-app\src\utils
\pro-traffic-keyword-hunter.ts:1419:26)
    at async fetchKeywordDataBatch (C:\Users\park\leword-app\src\utils\pr
o-traffic-keyword-hunter.ts:1500:3)
    at async withStepTimeout (C:\Users\park\leword-app\src\utils\pro-traf
fic-keyword-hunter.ts:1882:14)
    at async huntProTrafficKeywords (C:\Users\park\leword-app\src\utils\p
ro-traffic-keyword-hunter.ts:2851:3)
    at async runQualityBenchmark (C:\Users\park\leword-app\test-quality-b
enchmark.ts:44:35)
[MDP-SERP] "매일경제구독" 신호 분석 실패: Error: SERP 접근 실패
    at getNaverSerpSignal (C:\Users\park\leword-app\src\utils\naver-serp-
signal-api.ts:18:33)
    at processTicksAndRejections (node:internal/process/task_queues:105:5
)
    at async Promise.all (index 1)
    at async C:\Users\park\leword-app\src\utils\pro-traffic-keyword-hunte
r.ts:1368:57
    at async Promise.all (index 2)
    at async fetchKeywordDataParallel (C:\Users\park\leword-app\src\utils
\pro-traffic-keyword-hunter.ts:1419:26)
    at async fetchKeywordDataBatch (C:\Users\park\leword-app\src\utils\pr
o-traffic-keyword-hunter.ts:1500:3)
    at async withStepTimeout (C:\Users\park\leword-app\src\utils\pro-traf
fic-keyword-hunter.ts:1882:14)
    at async huntProTrafficKeywords (C:\Users\park\leword-app\src\utils\p
ro-traffic-keyword-hunter.ts:2851:3)
    at async runQualityBenchmark (C:\Users\park\leword-app\test-quality-b
enchmark.ts:44:35)
[API-PARALLEL] 📊 배치 3/11 (27%) - 5개 키워드
[MDP-SERP] "창업박람회" 신호 분석 실패: Error: SERP 접근 실패
    at getNaverSerpSignal (C:\Users\park\leword-app\src\utils\naver-serp-
signal-api.ts:18:33)
    at processTicksAndRejections (node:internal/process/task_queues:105:5
)
    at async Promise.all (index 1)
    at async C:\Users\park\leword-app\src\utils\pro-traffic-keyword-hunte
r.ts:1368:57
    at async Promise.all (index 3)
    at async fetchKeywordDataParallel (C:\Users\park\leword-app\src\utils
\pro-traffic-keyword-hunter.ts:1419:26)
    at async fetchKeywordDataBatch (C:\Users\park\leword-app\src\utils\pr
o-traffic-keyword-hunter.ts:1500:3)
    at async withStepTimeout (C:\Users\park\leword-app\src\utils\pro-traf
fic-keyword-hunter.ts:1882:14)
    at async huntProTrafficKeywords (C:\Users\park\leword-app\src\utils\p
ro-traffic-keyword-hunter.ts:2851:3)
    at async runQualityBenchmark (C:\Users\park\leword-app\test-quality-b
enchmark.ts:44:35)
[MDP-SERP] "프랜차이즈창업" 신호 분석 실패: Error: SERP 접근 실패
    at getNaverSerpSignal (C:\Users\park\leword-app\src\utils\naver-serp-
signal-api.ts:18:33)
    at processTicksAndRejections (node:internal/process/task_queues:105:5
)
    at async Promise.all (index 1)
    at async C:\Users\park\leword-app\src\utils\pro-traffic-keyword-hunte
r.ts:1368:57
    at async Promise.all (index 2)
    at async fetchKeywordDataParallel (C:\Users\park\leword-app\src\utils
\pro-traffic-keyword-hunter.ts:1419:26)
    at async fetchKeywordDataBatch (C:\Users\park\leword-app\src\utils\pr
o-traffic-keyword-hunter.ts:1500:3)
    at async withStepTimeout (C:\Users\park\leword-app\src\utils\pro-traf
fic-keyword-hunter.ts:1882:14)
    at async huntProTrafficKeywords (C:\Users\park\leword-app\src\utils\p
ro-traffic-keyword-hunter.ts:2851:3)
    at async runQualityBenchmark (C:\Users\park\leword-app\test-quality-b
enchmark.ts:44:35)
[MDP-SERP] "청년창업" 신호 분석 실패: Error: SERP 접근 실패
    at getNaverSerpSignal (C:\Users\park\leword-app\src\utils\naver-serp-
signal-api.ts:18:33)
    at processTicksAndRejections (node:internal/process/task_queues:105:5
)
    at async Promise.all (index 1)
    at async C:\Users\park\leword-app\src\utils\pro-traffic-keyword-hunte
r.ts:1368:57
    at async Promise.all (index 4)
    at async fetchKeywordDataParallel (C:\Users\park\leword-app\src\utils
\pro-traffic-keyword-hunter.ts:1419:26)
    at async fetchKeywordDataBatch (C:\Users\park\leword-app\src\utils\pr
o-traffic-keyword-hunter.ts:1500:3)
    at async withStepTimeout (C:\Users\park\leword-app\src\utils\pro-traf
fic-keyword-hunter.ts:1882:14)
    at async huntProTrafficKeywords (C:\Users\park\leword-app\src\utils\p
ro-traffic-keyword-hunter.ts:2851:3)
    at async runQualityBenchmark (C:\Users\park\leword-app\test-quality-b
enchmark.ts:44:35)
[MDP-SERP] "창업대출" 신호 분석 실패: Error: SERP 접근 실패
    at getNaverSerpSignal (C:\Users\park\leword-app\src\utils\naver-serp-
signal-api.ts:18:33)
    at processTicksAndRejections (node:internal/process/task_queues:105:5
)
    at async Promise.all (index 1)
    at async C:\Users\park\leword-app\src\utils\pro-traffic-keyword-hunte
r.ts:1368:57
    at async Promise.all (index 1)
    at async fetchKeywordDataParallel (C:\Users\park\leword-app\src\utils
\pro-traffic-keyword-hunter.ts:1419:26)
    at async fetchKeywordDataBatch (C:\Users\park\leword-app\src\utils\pr
o-traffic-keyword-hunter.ts:1500:3)
    at async withStepTimeout (C:\Users\park\leword-app\src\utils\pro-traf
fic-keyword-hunter.ts:1882:14)
    at async huntProTrafficKeywords (C:\Users\park\leword-app\src\utils\p
ro-traffic-keyword-hunter.ts:2851:3)
    at async runQualityBenchmark (C:\Users\park\leword-app\test-quality-b
enchmark.ts:44:35)
[MDP-SERP] "창업지원금" 신호 분석 실패: Error: SERP 접근 실패
    at getNaverSerpSignal (C:\Users\park\leword-app\src\utils\naver-serp-
signal-api.ts:18:33)
    at processTicksAndRejections (node:internal/process/task_queues:105:5
)
    at async Promise.all (index 1)
    at async C:\Users\park\leword-app\src\utils\pro-traffic-keyword-hunte
r.ts:1368:57
    at async Promise.all (index 0)
    at async fetchKeywordDataParallel (C:\Users\park\leword-app\src\utils
\pro-traffic-keyword-hunter.ts:1419:26)
    at async fetchKeywordDataBatch (C:\Users\park\leword-app\src\utils\pr
o-traffic-keyword-hunter.ts:1500:3)
    at async withStepTimeout (C:\Users\park\leword-app\src\utils\pro-traf
fic-keyword-hunter.ts:1882:14)
    at async huntProTrafficKeywords (C:\Users\park\leword-app\src\utils\p
ro-traffic-keyword-hunter.ts:2851:3)
    at async runQualityBenchmark (C:\Users\park\leword-app\test-quality-b
enchmark.ts:44:35)
[API-PARALLEL] 📊 배치 4/11 (36%) - 5개 키워드
[MDP-SERP] "초기창업패키지" 신호 분석 실패: Error: SERP 접근 실패
    at getNaverSerpSignal (C:\Users\park\leword-app\src\utils\naver-serp-
signal-api.ts:18:33)
    at processTicksAndRejections (node:internal/process/task_queues:105:5
)
    at async Promise.all (index 1)
    at async C:\Users\park\leword-app\src\utils\pro-traffic-keyword-hunte
r.ts:1368:57
    at async Promise.all (index 0)
    at async fetchKeywordDataParallel (C:\Users\park\leword-app\src\utils
\pro-traffic-keyword-hunter.ts:1419:26)
    at async fetchKeywordDataBatch (C:\Users\park\leword-app\src\utils\pr
o-traffic-keyword-hunter.ts:1500:3)
    at async withStepTimeout (C:\Users\park\leword-app\src\utils\pro-traf
fic-keyword-hunter.ts:1882:14)
    at async huntProTrafficKeywords (C:\Users\park\leword-app\src\utils\p
ro-traffic-keyword-hunter.ts:2851:3)
    at async runQualityBenchmark (C:\Users\park\leword-app\test-quality-b
enchmark.ts:44:35)
[MDP-SERP] "연말정산하는법" 신호 분석 실패: Error: SERP 접근 실패
    at getNaverSerpSignal (C:\Users\park\leword-app\src\utils\naver-serp-
signal-api.ts:18:33)
    at processTicksAndRejections (node:internal/process/task_queues:105:5
)
    at async Promise.all (index 1)
    at async C:\Users\park\leword-app\src\utils\pro-traffic-keyword-hunte
r.ts:1368:57
    at async Promise.all (index 4)
    at async fetchKeywordDataParallel (C:\Users\park\leword-app\src\utils
\pro-traffic-keyword-hunter.ts:1419:26)
    at async fetchKeywordDataBatch (C:\Users\park\leword-app\src\utils\pr
o-traffic-keyword-hunter.ts:1500:3)
    at async withStepTimeout (C:\Users\park\leword-app\src\utils\pro-traf
fic-keyword-hunter.ts:1882:14)
    at async huntProTrafficKeywords (C:\Users\park\leword-app\src\utils\p
ro-traffic-keyword-hunter.ts:2851:3)
    at async runQualityBenchmark (C:\Users\park\leword-app\test-quality-b
enchmark.ts:44:35)
[MDP-SERP] "경제" 신호 분석 실패: Error: SERP 접근 실패
    at getNaverSerpSignal (C:\Users\park\leword-app\src\utils\naver-serp-
signal-api.ts:18:33)
    at processTicksAndRejections (node:internal/process/task_queues:105:5
)
    at async Promise.all (index 1)
    at async C:\Users\park\leword-app\src\utils\pro-traffic-keyword-hunte
r.ts:1368:57
    at async Promise.all (index 1)
    at async fetchKeywordDataParallel (C:\Users\park\leword-app\src\utils
\pro-traffic-keyword-hunter.ts:1419:26)
    at async fetchKeywordDataBatch (C:\Users\park\leword-app\src\utils\pr
o-traffic-keyword-hunter.ts:1500:3)
    at async withStepTimeout (C:\Users\park\leword-app\src\utils\pro-traf
fic-keyword-hunter.ts:1882:14)
    at async huntProTrafficKeywords (C:\Users\park\leword-app\src\utils\p
ro-traffic-keyword-hunter.ts:2851:3)
    at async runQualityBenchmark (C:\Users\park\leword-app\test-quality-b
enchmark.ts:44:35)
[MDP-SERP] "연말정산모의계산" 신호 분석 실패: Error: SERP 접근 실패
    at getNaverSerpSignal (C:\Users\park\leword-app\src\utils\naver-serp-
signal-api.ts:18:33)
    at processTicksAndRejections (node:internal/process/task_queues:105:5
)
    at async Promise.all (index 1)
    at async C:\Users\park\leword-app\src\utils\pro-traffic-keyword-hunte
r.ts:1368:57
    at async Promise.all (index 2)
    at async fetchKeywordDataParallel (C:\Users\park\leword-app\src\utils
\pro-traffic-keyword-hunter.ts:1419:26)
    at async fetchKeywordDataBatch (C:\Users\park\leword-app\src\utils\pr
o-traffic-keyword-hunter.ts:1500:3)
    at async withStepTimeout (C:\Users\park\leword-app\src\utils\pro-traf
fic-keyword-hunter.ts:1882:14)
    at async huntProTrafficKeywords (C:\Users\park\leword-app\src\utils\p
ro-traffic-keyword-hunter.ts:2851:3)
    at async runQualityBenchmark (C:\Users\park\leword-app\test-quality-b
enchmark.ts:44:35)
[MDP-SERP] "연말정산환급금조회" 신호 분석 실패: Error: SERP 접근 실패
    at getNaverSerpSignal (C:\Users\park\leword-app\src\utils\naver-serp-
signal-api.ts:18:33)
    at processTicksAndRejections (node:internal/process/task_queues:105:5
)
    at async Promise.all (index 1)
    at async C:\Users\park\leword-app\src\utils\pro-traffic-keyword-hunte
r.ts:1368:57
    at async Promise.all (index 3)
    at async fetchKeywordDataParallel (C:\Users\park\leword-app\src\utils
\pro-traffic-keyword-hunter.ts:1419:26)
    at async fetchKeywordDataBatch (C:\Users\park\leword-app\src\utils\pr
o-traffic-keyword-hunter.ts:1500:3)
    at async withStepTimeout (C:\Users\park\leword-app\src\utils\pro-traf
fic-keyword-hunter.ts:1882:14)
    at async huntProTrafficKeywords (C:\Users\park\leword-app\src\utils\p
ro-traffic-keyword-hunter.ts:2851:3)
    at async runQualityBenchmark (C:\Users\park\leword-app\test-quality-b
enchmark.ts:44:35)
[API-PARALLEL] 📊 배치 5/11 (45%) - 5개 키워드
[MDP-SERP] "근로소득원천징수영수증" 신호 분석 실패: Error: SERP 접근 실패
    at getNaverSerpSignal (C:\Users\park\leword-app\src\utils\naver-serp-
signal-api.ts:18:33)
    at processTicksAndRejections (node:internal/process/task_queues:105:5
)
    at async Promise.all (index 1)
    at async C:\Users\park\leword-app\src\utils\pro-traffic-keyword-hunte
r.ts:1368:57
    at async Promise.all (index 1)
    at async fetchKeywordDataParallel (C:\Users\park\leword-app\src\utils
\pro-traffic-keyword-hunter.ts:1419:26)
    at async fetchKeywordDataBatch (C:\Users\park\leword-app\src\utils\pr
o-traffic-keyword-hunter.ts:1500:3)
    at async withStepTimeout (C:\Users\park\leword-app\src\utils\pro-traf
fic-keyword-hunter.ts:1882:14)
    at async huntProTrafficKeywords (C:\Users\park\leword-app\src\utils\p
ro-traffic-keyword-hunter.ts:2851:3)
    at async runQualityBenchmark (C:\Users\park\leword-app\test-quality-b
enchmark.ts:44:35)
[MDP-SERP] "연말정산간소화서비스" 신호 분석 실패: Error: SERP 접근 실패
    at getNaverSerpSignal (C:\Users\park\leword-app\src\utils\naver-serp-
signal-api.ts:18:33)
    at processTicksAndRejections (node:internal/process/task_queues:105:5
)
    at async Promise.all (index 1)
    at async C:\Users\park\leword-app\src\utils\pro-traffic-keyword-hunte
r.ts:1368:57
    at async Promise.all (index 0)
    at async fetchKeywordDataParallel (C:\Users\park\leword-app\src\utils
\pro-traffic-keyword-hunter.ts:1419:26)
    at async fetchKeywordDataBatch (C:\Users\park\leword-app\src\utils\pr
o-traffic-keyword-hunter.ts:1500:3)
    at async withStepTimeout (C:\Users\park\leword-app\src\utils\pro-traf
fic-keyword-hunter.ts:1882:14)
    at async huntProTrafficKeywords (C:\Users\park\leword-app\src\utils\p
ro-traffic-keyword-hunter.ts:2851:3)
    at async runQualityBenchmark (C:\Users\park\leword-app\test-quality-b
enchmark.ts:44:35)
[MDP-SERP] "종합소득세율" 신호 분석 실패: Error: SERP 접근 실패
    at getNaverSerpSignal (C:\Users\park\leword-app\src\utils\naver-serp-
signal-api.ts:18:33)
    at processTicksAndRejections (node:internal/process/task_queues:105:5
)
    at async Promise.all (index 1)
    at async C:\Users\park\leword-app\src\utils\pro-traffic-keyword-hunte
r.ts:1368:57
    at async Promise.all (index 3)
    at async fetchKeywordDataParallel (C:\Users\park\leword-app\src\utils
\pro-traffic-keyword-hunter.ts:1419:26)
    at async fetchKeywordDataBatch (C:\Users\park\leword-app\src\utils\pr
o-traffic-keyword-hunter.ts:1500:3)
    at async withStepTimeout (C:\Users\park\leword-app\src\utils\pro-traf
fic-keyword-hunter.ts:1882:14)
    at async huntProTrafficKeywords (C:\Users\park\leword-app\src\utils\p
ro-traffic-keyword-hunter.ts:2851:3)
    at async runQualityBenchmark (C:\Users\park\leword-app\test-quality-b
enchmark.ts:44:35)
[MDP-SERP] "종합소득세세율" 신호 분석 실패: Error: SERP 접근 실패
    at getNaverSerpSignal (C:\Users\park\leword-app\src\utils\naver-serp-
signal-api.ts:18:33)
    at processTicksAndRejections (node:internal/process/task_queues:105:5
)
    at async Promise.all (index 1)
    at async C:\Users\park\leword-app\src\utils\pro-traffic-keyword-hunte
r.ts:1368:57
    at async Promise.all (index 4)
    at async fetchKeywordDataParallel (C:\Users\park\leword-app\src\utils
\pro-traffic-keyword-hunter.ts:1419:26)
    at async fetchKeywordDataBatch (C:\Users\park\leword-app\src\utils\pr
o-traffic-keyword-hunter.ts:1500:3)
    at async withStepTimeout (C:\Users\park\leword-app\src\utils\pro-traf
fic-keyword-hunter.ts:1882:14)
    at async huntProTrafficKeywords (C:\Users\park\leword-app\src\utils\p
ro-traffic-keyword-hunter.ts:2851:3)
    at async runQualityBenchmark (C:\Users\park\leword-app\test-quality-b
enchmark.ts:44:35)
[MDP-SERP] "퇴직금중간정산" 신호 분석 실패: Error: SERP 접근 실패
    at getNaverSerpSignal (C:\Users\park\leword-app\src\utils\naver-serp-
signal-api.ts:18:33)
    at processTicksAndRejections (node:internal/process/task_queues:105:5
)
    at async Promise.all (index 1)
    at async C:\Users\park\leword-app\src\utils\pro-traffic-keyword-hunte
r.ts:1368:57
    at async Promise.all (index 2)
    at async fetchKeywordDataParallel (C:\Users\park\leword-app\src\utils
\pro-traffic-keyword-hunter.ts:1419:26)
    at async fetchKeywordDataBatch (C:\Users\park\leword-app\src\utils\pr
o-traffic-keyword-hunter.ts:1500:3)
    at async withStepTimeout (C:\Users\park\leword-app\src\utils\pro-traf
fic-keyword-hunter.ts:1882:14)
    at async huntProTrafficKeywords (C:\Users\park\leword-app\src\utils\p
ro-traffic-keyword-hunter.ts:2851:3)
    at async runQualityBenchmark (C:\Users\park\leword-app\test-quality-b
enchmark.ts:44:35)
[API-PARALLEL] 📊 배치 6/11 (55%) - 5개 키워드
[MDP-SERP] "로또세금" 신호 분석 실패: Error: SERP 접근 실패
    at getNaverSerpSignal (C:\Users\park\leword-app\src\utils\naver-serp-
signal-api.ts:18:33)
    at processTicksAndRejections (node:internal/process/task_queues:105:5
)
    at async Promise.all (index 1)
    at async C:\Users\park\leword-app\src\utils\pro-traffic-keyword-hunte
r.ts:1368:57
    at async Promise.all (index 3)
    at async fetchKeywordDataParallel (C:\Users\park\leword-app\src\utils
\pro-traffic-keyword-hunter.ts:1419:26)
    at async fetchKeywordDataBatch (C:\Users\park\leword-app\src\utils\pr
o-traffic-keyword-hunter.ts:1500:3)
    at async withStepTimeout (C:\Users\park\leword-app\src\utils\pro-traf
fic-keyword-hunter.ts:1882:14)
    at async huntProTrafficKeywords (C:\Users\park\leword-app\src\utils\p
ro-traffic-keyword-hunter.ts:2851:3)
    at async runQualityBenchmark (C:\Users\park\leword-app\test-quality-b
enchmark.ts:44:35)
[MDP-SERP] "연말정산소득공제" 신호 분석 실패: Error: SERP 접근 실패
    at getNaverSerpSignal (C:\Users\park\leword-app\src\utils\naver-serp-
signal-api.ts:18:33)
    at processTicksAndRejections (node:internal/process/task_queues:105:5
)
    at async Promise.all (index 1)
    at async C:\Users\park\leword-app\src\utils\pro-traffic-keyword-hunte
r.ts:1368:57
    at async Promise.all (index 0)
    at async fetchKeywordDataParallel (C:\Users\park\leword-app\src\utils
\pro-traffic-keyword-hunter.ts:1419:26)
    at async fetchKeywordDataBatch (C:\Users\park\leword-app\src\utils\pr
o-traffic-keyword-hunter.ts:1500:3)
    at async withStepTimeout (C:\Users\park\leword-app\src\utils\pro-traf
fic-keyword-hunter.ts:1882:14)
    at async huntProTrafficKeywords (C:\Users\park\leword-app\src\utils\p
ro-traffic-keyword-hunter.ts:2851:3)
    at async runQualityBenchmark (C:\Users\park\leword-app\test-quality-b
enchmark.ts:44:35)
[MDP-SERP] "종합소득세신고" 신호 분석 실패: Error: SERP 접근 실패
    at getNaverSerpSignal (C:\Users\park\leword-app\src\utils\naver-serp-
signal-api.ts:18:33)
    at processTicksAndRejections (node:internal/process/task_queues:105:5
)
    at async Promise.all (index 1)
    at async C:\Users\park\leword-app\src\utils\pro-traffic-keyword-hunte
r.ts:1368:57
    at async Promise.all (index 4)
    at async fetchKeywordDataParallel (C:\Users\park\leword-app\src\utils
\pro-traffic-keyword-hunter.ts:1419:26)
    at async fetchKeywordDataBatch (C:\Users\park\leword-app\src\utils\pr
o-traffic-keyword-hunter.ts:1500:3)
    at async withStepTimeout (C:\Users\park\leword-app\src\utils\pro-traf
fic-keyword-hunter.ts:1882:14)
    at async huntProTrafficKeywords (C:\Users\park\leword-app\src\utils\p
ro-traffic-keyword-hunter.ts:2851:3)
    at async runQualityBenchmark (C:\Users\park\leword-app\test-quality-b
enchmark.ts:44:35)
[MDP-SERP] "미국주식세금" 신호 분석 실패: Error: SERP 접근 실패
    at getNaverSerpSignal (C:\Users\park\leword-app\src\utils\naver-serp-
signal-api.ts:18:33)
    at processTicksAndRejections (node:internal/process/task_queues:105:5
)
    at async Promise.all (index 1)
    at async C:\Users\park\leword-app\src\utils\pro-traffic-keyword-hunte
r.ts:1368:57
    at async Promise.all (index 1)
    at async fetchKeywordDataParallel (C:\Users\park\leword-app\src\utils
\pro-traffic-keyword-hunter.ts:1419:26)
    at async fetchKeywordDataBatch (C:\Users\park\leword-app\src\utils\pr
o-traffic-keyword-hunter.ts:1500:3)
    at async withStepTimeout (C:\Users\park\leword-app\src\utils\pro-traf
fic-keyword-hunter.ts:1882:14)
    at async huntProTrafficKeywords (C:\Users\park\leword-app\src\utils\p
ro-traffic-keyword-hunter.ts:2851:3)
    at async runQualityBenchmark (C:\Users\park\leword-app\test-quality-b
enchmark.ts:44:35)
[MDP-SERP] "연말정산간소화" 신호 분석 실패: Error: SERP 접근 실패
    at getNaverSerpSignal (C:\Users\park\leword-app\src\utils\naver-serp-
signal-api.ts:18:33)
    at processTicksAndRejections (node:internal/process/task_queues:105:5
)
    at async Promise.all (index 1)
    at async C:\Users\park\leword-app\src\utils\pro-traffic-keyword-hunte
r.ts:1368:57
    at async Promise.all (index 2)
    at async fetchKeywordDataParallel (C:\Users\park\leword-app\src\utils
\pro-traffic-keyword-hunter.ts:1419:26)
    at async fetchKeywordDataBatch (C:\Users\park\leword-app\src\utils\pr
o-traffic-keyword-hunter.ts:1500:3)
    at async withStepTimeout (C:\Users\park\leword-app\src\utils\pro-traf
fic-keyword-hunter.ts:1882:14)
    at async huntProTrafficKeywords (C:\Users\park\leword-app\src\utils\p
ro-traffic-keyword-hunter.ts:2851:3)
    at async runQualityBenchmark (C:\Users\park\leword-app\test-quality-b
enchmark.ts:44:35)
[API-PARALLEL] 📊 배치 7/11 (64%) - 5개 키워드
[MDP-SERP] "선급금정산서" 신호 분석 실패: Error: SERP 접근 실패
    at getNaverSerpSignal (C:\Users\park\leword-app\src\utils\naver-serp-
signal-api.ts:18:33)
    at processTicksAndRejections (node:internal/process/task_queues:105:5
)
    at async Promise.all (index 1)
    at async C:\Users\park\leword-app\src\utils\pro-traffic-keyword-hunte
r.ts:1368:57
    at async Promise.all (index 4)
    at async fetchKeywordDataParallel (C:\Users\park\leword-app\src\utils
\pro-traffic-keyword-hunter.ts:1419:26)
    at async fetchKeywordDataBatch (C:\Users\park\leword-app\src\utils\pr
o-traffic-keyword-hunter.ts:1500:3)
    at async withStepTimeout (C:\Users\park\leword-app\src\utils\pro-traf
fic-keyword-hunter.ts:1882:14)
    at async huntProTrafficKeywords (C:\Users\park\leword-app\src\utils\p
ro-traffic-keyword-hunter.ts:2851:3)
    at async runQualityBenchmark (C:\Users\park\leword-app\test-quality-b
enchmark.ts:44:35)
[MDP-SERP] "정산서" 신호 분석 실패: Error: SERP 접근 실패
    at getNaverSerpSignal (C:\Users\park\leword-app\src\utils\naver-serp-
signal-api.ts:18:33)
    at processTicksAndRejections (node:internal/process/task_queues:105:5
)
    at async Promise.all (index 1)
    at async C:\Users\park\leword-app\src\utils\pro-traffic-keyword-hunte
r.ts:1368:57
    at async Promise.all (index 0)
    at async fetchKeywordDataParallel (C:\Users\park\leword-app\src\utils
\pro-traffic-keyword-hunter.ts:1419:26)
    at async fetchKeywordDataBatch (C:\Users\park\leword-app\src\utils\pr
o-traffic-keyword-hunter.ts:1500:3)
    at async withStepTimeout (C:\Users\park\leword-app\src\utils\pro-traf
fic-keyword-hunter.ts:1882:14)
    at async huntProTrafficKeywords (C:\Users\park\leword-app\src\utils\p
ro-traffic-keyword-hunter.ts:2851:3)
    at async runQualityBenchmark (C:\Users\park\leword-app\test-quality-b
enchmark.ts:44:35)
[MDP-SERP] "정산서양식" 신호 분석 실패: Error: SERP 접근 실패
    at getNaverSerpSignal (C:\Users\park\leword-app\src\utils\naver-serp-
signal-api.ts:18:33)
    at processTicksAndRejections (node:internal/process/task_queues:105:5
)
    at async Promise.all (index 1)
    at async C:\Users\park\leword-app\src\utils\pro-traffic-keyword-hunte
r.ts:1368:57
    at async Promise.all (index 1)
    at async fetchKeywordDataParallel (C:\Users\park\leword-app\src\utils
\pro-traffic-keyword-hunter.ts:1419:26)
    at async fetchKeywordDataBatch (C:\Users\park\leword-app\src\utils\pr
o-traffic-keyword-hunter.ts:1500:3)
    at async withStepTimeout (C:\Users\park\leword-app\src\utils\pro-traf
fic-keyword-hunter.ts:1882:14)
    at async huntProTrafficKeywords (C:\Users\park\leword-app\src\utils\p
ro-traffic-keyword-hunter.ts:2851:3)
    at async runQualityBenchmark (C:\Users\park\leword-app\test-quality-b
enchmark.ts:44:35)
[MDP-SERP] "공사정산서" 신호 분석 실패: Error: SERP 접근 실패
    at getNaverSerpSignal (C:\Users\park\leword-app\src\utils\naver-serp-
signal-api.ts:18:33)
    at processTicksAndRejections (node:internal/process/task_queues:105:5
)
    at async Promise.all (index 1)
    at async C:\Users\park\leword-app\src\utils\pro-traffic-keyword-hunte
r.ts:1368:57
    at async Promise.all (index 3)
    at async fetchKeywordDataParallel (C:\Users\park\leword-app\src\utils
\pro-traffic-keyword-hunter.ts:1419:26)
    at async fetchKeywordDataBatch (C:\Users\park\leword-app\src\utils\pr
o-traffic-keyword-hunter.ts:1500:3)
    at async withStepTimeout (C:\Users\park\leword-app\src\utils\pro-traf
fic-keyword-hunter.ts:1882:14)
    at async huntProTrafficKeywords (C:\Users\park\leword-app\src\utils\p
ro-traffic-keyword-hunter.ts:2851:3)
    at async runQualityBenchmark (C:\Users\park\leword-app\test-quality-b
enchmark.ts:44:35)
[MDP-SERP] "연말정산서식" 신호 분석 실패: Error: SERP 접근 실패
    at getNaverSerpSignal (C:\Users\park\leword-app\src\utils\naver-serp-
signal-api.ts:18:33)
    at processTicksAndRejections (node:internal/process/task_queues:105:5
)
    at async Promise.all (index 1)
    at async C:\Users\park\leword-app\src\utils\pro-traffic-keyword-hunte
r.ts:1368:57
    at async Promise.all (index 2)
    at async fetchKeywordDataParallel (C:\Users\park\leword-app\src\utils
\pro-traffic-keyword-hunter.ts:1419:26)
    at async fetchKeywordDataBatch (C:\Users\park\leword-app\src\utils\pr
o-traffic-keyword-hunter.ts:1500:3)
    at async withStepTimeout (C:\Users\park\leword-app\src\utils\pro-traf
fic-keyword-hunter.ts:1882:14)
    at async huntProTrafficKeywords (C:\Users\park\leword-app\src\utils\p
ro-traffic-keyword-hunter.ts:2851:3)
    at async runQualityBenchmark (C:\Users\park\leword-app\test-quality-b
enchmark.ts:44:35)
[API-PARALLEL] 📊 배치 8/11 (73%) - 5개 키워드
[MDP-SERP] "공사비정산서" 신호 분석 실패: Error: SERP 접근 실패
    at getNaverSerpSignal (C:\Users\park\leword-app\src\utils\naver-serp-
signal-api.ts:18:33)
    at processTicksAndRejections (node:internal/process/task_queues:105:5
)
    at async Promise.all (index 1)
    at async C:\Users\park\leword-app\src\utils\pro-traffic-keyword-hunte
r.ts:1368:57
    at async Promise.all (index 0)
    at async fetchKeywordDataParallel (C:\Users\park\leword-app\src\utils
\pro-traffic-keyword-hunter.ts:1419:26)
    at async fetchKeywordDataBatch (C:\Users\park\leword-app\src\utils\pr
o-traffic-keyword-hunter.ts:1500:3)
    at async withStepTimeout (C:\Users\park\leword-app\src\utils\pro-traf
fic-keyword-hunter.ts:1882:14)
    at async huntProTrafficKeywords (C:\Users\park\leword-app\src\utils\p
ro-traffic-keyword-hunter.ts:2851:3)
    at async runQualityBenchmark (C:\Users\park\leword-app\test-quality-b
enchmark.ts:44:35)
[MDP-SERP] "2026 지원금" 신호 분석 실패: Error: SERP 접근 실패
    at getNaverSerpSignal (C:\Users\park\leword-app\src\utils\naver-serp-
signal-api.ts:18:33)
    at processTicksAndRejections (node:internal/process/task_queues:105:5
)
    at async Promise.all (index 1)
    at async C:\Users\park\leword-app\src\utils\pro-traffic-keyword-hunte
r.ts:1368:57
    at async Promise.all (index 4)
    at async fetchKeywordDataParallel (C:\Users\park\leword-app\src\utils
\pro-traffic-keyword-hunter.ts:1419:26)
    at async fetchKeywordDataBatch (C:\Users\park\leword-app\src\utils\pr
o-traffic-keyword-hunter.ts:1500:3)
    at async withStepTimeout (C:\Users\park\leword-app\src\utils\pro-traf
fic-keyword-hunter.ts:1882:14)
    at async huntProTrafficKeywords (C:\Users\park\leword-app\src\utils\p
ro-traffic-keyword-hunter.ts:2851:3)
    at async runQualityBenchmark (C:\Users\park\leword-app\test-quality-b
enchmark.ts:44:35)
[MDP-SERP] "회식비정산서" 신호 분석 실패: Error: SERP 접근 실패
    at getNaverSerpSignal (C:\Users\park\leword-app\src\utils\naver-serp-
signal-api.ts:18:33)
    at processTicksAndRejections (node:internal/process/task_queues:105:5
)
    at async Promise.all (index 1)
    at async C:\Users\park\leword-app\src\utils\pro-traffic-keyword-hunte
r.ts:1368:57
    at async Promise.all (index 3)
    at async fetchKeywordDataParallel (C:\Users\park\leword-app\src\utils
\pro-traffic-keyword-hunter.ts:1419:26)
    at async fetchKeywordDataBatch (C:\Users\park\leword-app\src\utils\pr
o-traffic-keyword-hunter.ts:1500:3)
    at async withStepTimeout (C:\Users\park\leword-app\src\utils\pro-traf
fic-keyword-hunter.ts:1882:14)
    at async huntProTrafficKeywords (C:\Users\park\leword-app\src\utils\p
ro-traffic-keyword-hunter.ts:2851:3)
    at async runQualityBenchmark (C:\Users\park\leword-app\test-quality-b
enchmark.ts:44:35)
[MDP-SERP] "연말정산서류양식" 신호 분석 실패: Error: SERP 접근 실패
    at getNaverSerpSignal (C:\Users\park\leword-app\src\utils\naver-serp-
signal-api.ts:18:33)
    at processTicksAndRejections (node:internal/process/task_queues:105:5
)
    at async Promise.all (index 1)
    at async C:\Users\park\leword-app\src\utils\pro-traffic-keyword-hunte
r.ts:1368:57
    at async Promise.all (index 2)
    at async fetchKeywordDataParallel (C:\Users\park\leword-app\src\utils
\pro-traffic-keyword-hunter.ts:1419:26)
    at async fetchKeywordDataBatch (C:\Users\park\leword-app\src\utils\pr
o-traffic-keyword-hunter.ts:1500:3)
    at async withStepTimeout (C:\Users\park\leword-app\src\utils\pro-traf
fic-keyword-hunter.ts:1882:14)
    at async huntProTrafficKeywords (C:\Users\park\leword-app\src\utils\p
ro-traffic-keyword-hunter.ts:2851:3)
    at async runQualityBenchmark (C:\Users\park\leword-app\test-quality-b
enchmark.ts:44:35)
[MDP-SERP] "퇴직금정산서식" 신호 분석 실패: Error: SERP 접근 실패
    at getNaverSerpSignal (C:\Users\park\leword-app\src\utils\naver-serp-
signal-api.ts:18:33)
    at processTicksAndRejections (node:internal/process/task_queues:105:5
)
    at async Promise.all (index 1)
    at async C:\Users\park\leword-app\src\utils\pro-traffic-keyword-hunte
r.ts:1368:57
    at async Promise.all (index 1)
    at async fetchKeywordDataParallel (C:\Users\park\leword-app\src\utils
\pro-traffic-keyword-hunter.ts:1419:26)
    at async fetchKeywordDataBatch (C:\Users\park\leword-app\src\utils\pr
o-traffic-keyword-hunter.ts:1500:3)
    at async withStepTimeout (C:\Users\park\leword-app\src\utils\pro-traf
fic-keyword-hunter.ts:1882:14)
    at async huntProTrafficKeywords (C:\Users\park\leword-app\src\utils\p
ro-traffic-keyword-hunter.ts:2851:3)
    at async runQualityBenchmark (C:\Users\park\leword-app\test-quality-b
enchmark.ts:44:35)
[API-PARALLEL] 📊 배치 9/11 (82%) - 5개 키워드
[MDP-SERP] "연말정산 2025" 신호 분석 실패: Error: SERP 접근 실패
    at getNaverSerpSignal (C:\Users\park\leword-app\src\utils\naver-serp-
signal-api.ts:18:33)
    at processTicksAndRejections (node:internal/process/task_queues:105:5
)
    at async Promise.all (index 1)
    at async C:\Users\park\leword-app\src\utils\pro-traffic-keyword-hunte
r.ts:1368:57
    at async Promise.all (index 0)
    at async fetchKeywordDataParallel (C:\Users\park\leword-app\src\utils
\pro-traffic-keyword-hunter.ts:1419:26)
    at async fetchKeywordDataBatch (C:\Users\park\leword-app\src\utils\pr
o-traffic-keyword-hunter.ts:1500:3)
    at async withStepTimeout (C:\Users\park\leword-app\src\utils\pro-traf
fic-keyword-hunter.ts:1882:14)
    at async huntProTrafficKeywords (C:\Users\park\leword-app\src\utils\p
ro-traffic-keyword-hunter.ts:2851:3)
    at async runQualityBenchmark (C:\Users\park\leword-app\test-quality-b
enchmark.ts:44:35)
[MDP-SERP] "2025 청년지원금" 신호 분석 실패: Error: SERP 접근 실패
    at getNaverSerpSignal (C:\Users\park\leword-app\src\utils\naver-serp-
signal-api.ts:18:33)
    at processTicksAndRejections (node:internal/process/task_queues:105:5
)
    at async Promise.all (index 1)
    at async C:\Users\park\leword-app\src\utils\pro-traffic-keyword-hunte
r.ts:1368:57
    at async Promise.all (index 4)
    at async fetchKeywordDataParallel (C:\Users\park\leword-app\src\utils
\pro-traffic-keyword-hunter.ts:1419:26)
    at async fetchKeywordDataBatch (C:\Users\park\leword-app\src\utils\pr
o-traffic-keyword-hunter.ts:1500:3)
    at async withStepTimeout (C:\Users\park\leword-app\src\utils\pro-traf
fic-keyword-hunter.ts:1882:14)
    at async huntProTrafficKeywords (C:\Users\park\leword-app\src\utils\p
ro-traffic-keyword-hunter.ts:2851:3)
    at async runQualityBenchmark (C:\Users\park\leword-app\test-quality-b
enchmark.ts:44:35)
[MDP-SERP] "2026년 연말정산" 신호 분석 실패: Error: SERP 접근 실패
    at getNaverSerpSignal (C:\Users\park\leword-app\src\utils\naver-serp-
signal-api.ts:18:33)
    at processTicksAndRejections (node:internal/process/task_queues:105:5
)
    at async Promise.all (index 1)
    at async C:\Users\park\leword-app\src\utils\pro-traffic-keyword-hunte
r.ts:1368:57
    at async Promise.all (index 1)
    at async fetchKeywordDataParallel (C:\Users\park\leword-app\src\utils
\pro-traffic-keyword-hunter.ts:1419:26)
    at async fetchKeywordDataBatch (C:\Users\park\leword-app\src\utils\pr
o-traffic-keyword-hunter.ts:1500:3)
    at async withStepTimeout (C:\Users\park\leword-app\src\utils\pro-traf
fic-keyword-hunter.ts:1882:14)
    at async huntProTrafficKeywords (C:\Users\park\leword-app\src\utils\p
ro-traffic-keyword-hunter.ts:2851:3)
    at async runQualityBenchmark (C:\Users\park\leword-app\test-quality-b
enchmark.ts:44:35)
[MDP-SERP] "연말정산 2026년" 신호 분석 실패: Error: SERP 접근 실패
    at getNaverSerpSignal (C:\Users\park\leword-app\src\utils\naver-serp-
signal-api.ts:18:33)
    at processTicksAndRejections (node:internal/process/task_queues:105:5
)
    at async Promise.all (index 1)
    at async C:\Users\park\leword-app\src\utils\pro-traffic-keyword-hunte
r.ts:1368:57
    at async Promise.all (index 3)
    at async fetchKeywordDataParallel (C:\Users\park\leword-app\src\utils
\pro-traffic-keyword-hunter.ts:1419:26)
    at async fetchKeywordDataBatch (C:\Users\park\leword-app\src\utils\pr
o-traffic-keyword-hunter.ts:1500:3)
    at async withStepTimeout (C:\Users\park\leword-app\src\utils\pro-traf
fic-keyword-hunter.ts:1882:14)
    at async huntProTrafficKeywords (C:\Users\park\leword-app\src\utils\p
ro-traffic-keyword-hunter.ts:2851:3)
    at async runQualityBenchmark (C:\Users\park\leword-app\test-quality-b
enchmark.ts:44:35)
[MDP-SERP] "12월 지원금 신청" 신호 분석 실패: Error: SERP 접근 실패
    at getNaverSerpSignal (C:\Users\park\leword-app\src\utils\naver-serp-
signal-api.ts:18:33)
    at processTicksAndRejections (node:internal/process/task_queues:105:5
)
    at async Promise.all (index 1)
    at async C:\Users\park\leword-app\src\utils\pro-traffic-keyword-hunte
r.ts:1368:57
    at async Promise.all (index 2)
    at async fetchKeywordDataParallel (C:\Users\park\leword-app\src\utils
\pro-traffic-keyword-hunter.ts:1419:26)
    at async fetchKeywordDataBatch (C:\Users\park\leword-app\src\utils\pr
o-traffic-keyword-hunter.ts:1500:3)
    at async withStepTimeout (C:\Users\park\leword-app\src\utils\pro-traf
fic-keyword-hunter.ts:1882:14)
    at async huntProTrafficKeywords (C:\Users\park\leword-app\src\utils\p
ro-traffic-keyword-hunter.ts:2851:3)
    at async runQualityBenchmark (C:\Users\park\leword-app\test-quality-b
enchmark.ts:44:35)
[API-PARALLEL] 📊 배치 10/11 (91%) - 5개 키워드
[MDP-SERP] "투자" 신호 분석 실패: Error: SERP 접근 실패
    at getNaverSerpSignal (C:\Users\park\leword-app\src\utils\naver-serp-
signal-api.ts:18:33)
    at processTicksAndRejections (node:internal/process/task_queues:105:5
)
    at async Promise.all (index 1)
    at async C:\Users\park\leword-app\src\utils\pro-traffic-keyword-hunte
r.ts:1368:57
    at async Promise.all (index 1)
    at async fetchKeywordDataParallel (C:\Users\park\leword-app\src\utils
\pro-traffic-keyword-hunter.ts:1419:26)
    at async fetchKeywordDataBatch (C:\Users\park\leword-app\src\utils\pr
o-traffic-keyword-hunter.ts:1500:3)
    at async withStepTimeout (C:\Users\park\leword-app\src\utils\pro-traf
fic-keyword-hunter.ts:1882:14)
    at async huntProTrafficKeywords (C:\Users\park\leword-app\src\utils\p
ro-traffic-keyword-hunter.ts:2851:3)
    at async runQualityBenchmark (C:\Users\park\leword-app\test-quality-b
enchmark.ts:44:35)
[MDP-SERP] "트럼프 정부, ‘복지 스캔들’ 미네소타에 최대 2680억원 보육 지원금 지급 중단 - 조선일보" 신호 분석 실
패: Error: SERP 접근 실패
    at getNaverSerpSignal (C:\Users\park\leword-app\src\utils\naver-serp-
signal-api.ts:18:33)
    at processTicksAndRejections (node:internal/process/task_queues:105:5
)
    at async Promise.all (index 1)
    at async C:\Users\park\leword-app\src\utils\pro-traffic-keyword-hunte
r.ts:1368:57
    at async Promise.all (index 0)
    at async fetchKeywordDataParallel (C:\Users\park\leword-app\src\utils
\pro-traffic-keyword-hunter.ts:1419:26)
    at async fetchKeywordDataBatch (C:\Users\park\leword-app\src\utils\pr
o-traffic-keyword-hunter.ts:1500:3)
    at async withStepTimeout (C:\Users\park\leword-app\src\utils\pro-traf
fic-keyword-hunter.ts:1882:14)
    at async huntProTrafficKeywords (C:\Users\park\leword-app\src\utils\p
ro-traffic-keyword-hunter.ts:2851:3)
    at async runQualityBenchmark (C:\Users\park\leword-app\test-quality-b
enchmark.ts:44:35)
[MDP-SERP] "주식" 신호 분석 실패: Error: SERP 접근 실패
    at getNaverSerpSignal (C:\Users\park\leword-app\src\utils\naver-serp-
signal-api.ts:18:33)
    at processTicksAndRejections (node:internal/process/task_queues:105:5
)
    at async Promise.all (index 1)
    at async C:\Users\park\leword-app\src\utils\pro-traffic-keyword-hunte
r.ts:1368:57
    at async Promise.all (index 3)
    at async fetchKeywordDataParallel (C:\Users\park\leword-app\src\utils
\pro-traffic-keyword-hunter.ts:1419:26)
    at async fetchKeywordDataBatch (C:\Users\park\leword-app\src\utils\pr
o-traffic-keyword-hunter.ts:1500:3)
    at async withStepTimeout (C:\Users\park\leword-app\src\utils\pro-traf
fic-keyword-hunter.ts:1882:14)
    at async huntProTrafficKeywords (C:\Users\park\leword-app\src\utils\p
ro-traffic-keyword-hunter.ts:2851:3)
    at async runQualityBenchmark (C:\Users\park\leword-app\test-quality-b
enchmark.ts:44:35)
[MDP-SERP] "창업" 신호 분석 실패: Error: SERP 접근 실패
    at getNaverSerpSignal (C:\Users\park\leword-app\src\utils\naver-serp-
signal-api.ts:18:33)
    at processTicksAndRejections (node:internal/process/task_queues:105:5
)
    at async Promise.all (index 1)
    at async C:\Users\park\leword-app\src\utils\pro-traffic-keyword-hunte
r.ts:1368:57
    at async Promise.all (index 4)
    at async fetchKeywordDataParallel (C:\Users\park\leword-app\src\utils
\pro-traffic-keyword-hunter.ts:1419:26)
    at async fetchKeywordDataBatch (C:\Users\park\leword-app\src\utils\pr
o-traffic-keyword-hunter.ts:1500:3)
    at async withStepTimeout (C:\Users\park\leword-app\src\utils\pro-traf
fic-keyword-hunter.ts:1882:14)
    at async huntProTrafficKeywords (C:\Users\park\leword-app\src\utils\p
ro-traffic-keyword-hunter.ts:2851:3)
    at async runQualityBenchmark (C:\Users\park\leword-app\test-quality-b
enchmark.ts:44:35)
[MDP-SERP] "경남농협, 경상국립대학교에 대학발전지원금 1000만원 전달 - 농민신문" 신호 분석 실패: Error: SER
P 접근 실패
    at getNaverSerpSignal (C:\Users\park\leword-app\src\utils\naver-serp-
signal-api.ts:18:33)
    at processTicksAndRejections (node:internal/process/task_queues:105:5
)
    at async Promise.all (index 1)
    at async C:\Users\park\leword-app\src\utils\pro-traffic-keyword-hunte
r.ts:1368:57
    at async Promise.all (index 2)
    at async fetchKeywordDataParallel (C:\Users\park\leword-app\src\utils
\pro-traffic-keyword-hunter.ts:1419:26)
    at async fetchKeywordDataBatch (C:\Users\park\leword-app\src\utils\pr
o-traffic-keyword-hunter.ts:1500:3)
    at async withStepTimeout (C:\Users\park\leword-app\src\utils\pro-traf
fic-keyword-hunter.ts:1882:14)
    at async huntProTrafficKeywords (C:\Users\park\leword-app\src\utils\p
ro-traffic-keyword-hunter.ts:2851:3)
    at async runQualityBenchmark (C:\Users\park\leword-app\test-quality-b
enchmark.ts:44:35)
[API-PARALLEL] 📊 배치 11/11 (100%) - 2개 키워드
[MDP-SERP] "‘인구 역전 위기감’ 해운대구, 새해부터 ‘모든 출생아’에게 출산지원금 - v.daum.net" 신호 분석 실
패: Error: SERP 접근 실패
    at getNaverSerpSignal (C:\Users\park\leword-app\src\utils\naver-serp-
signal-api.ts:18:33)
    at processTicksAndRejections (node:internal/process/task_queues:105:5
)
    at async Promise.all (index 1)
    at async C:\Users\park\leword-app\src\utils\pro-traffic-keyword-hunte
r.ts:1368:57
    at async Promise.all (index 0)
    at async fetchKeywordDataParallel (C:\Users\park\leword-app\src\utils
\pro-traffic-keyword-hunter.ts:1419:26)
    at async fetchKeywordDataBatch (C:\Users\park\leword-app\src\utils\pr
o-traffic-keyword-hunter.ts:1500:3)
    at async withStepTimeout (C:\Users\park\leword-app\src\utils\pro-traf
fic-keyword-hunter.ts:1882:14)
    at async huntProTrafficKeywords (C:\Users\park\leword-app\src\utils\p
ro-traffic-keyword-hunter.ts:2851:3)
    at async runQualityBenchmark (C:\Users\park\leword-app\test-quality-b
enchmark.ts:44:35)
[MDP-SERP] "연말정산서류" 신호 분석 실패: Error: SERP 접근 실패
    at getNaverSerpSignal (C:\Users\park\leword-app\src\utils\naver-serp-
signal-api.ts:18:33)
    at processTicksAndRejections (node:internal/process/task_queues:105:5
)
    at async Promise.all (index 1)
    at async C:\Users\park\leword-app\src\utils\pro-traffic-keyword-hunte
r.ts:1368:57
    at async Promise.all (index 1)
    at async fetchKeywordDataParallel (C:\Users\park\leword-app\src\utils
\pro-traffic-keyword-hunter.ts:1419:26)
    at async fetchKeywordDataBatch (C:\Users\park\leword-app\src\utils\pr
o-traffic-keyword-hunter.ts:1500:3)
    at async withStepTimeout (C:\Users\park\leword-app\src\utils\pro-traf
fic-keyword-hunter.ts:1882:14)
    at async huntProTrafficKeywords (C:\Users\park\leword-app\src\utils\p
ro-traffic-keyword-hunter.ts:2851:3)
    at async runQualityBenchmark (C:\Users\park\leword-app\test-quality-b
enchmark.ts:44:35)
[API-PARALLEL] ✅ 완료! 7.8초 소요
[API-PARALLEL] 📊 결과: 성공 52개, 실패 0개
[API-PARALLEL] 📊 블로그 API: 52/52 성공
[API-PARALLEL] 📊 검색광고 API: 0/0 성공
[API-PARALLEL] 🔄 총 재시도: 0회
[PRO-TRAFFIC][METRICS] stage=api_ready category=business uniqueKeywords=52 maxCandidates=300
[PRO-TRAFFIC] ✅ 52개 키워드 데이터 준비 완료
[PRO-TRAFFIC][METRICS] stage=analyzed category=business results=49
[PRO-TRAFFIC] 🔍🔍🔍 최종 49개 키워드 병렬 검증 시작...
[PRO-TRAFFIC] 📋 API 키 상태:
  - 블로그 API: ✅
  - 검색광고 API: ✅
[API-PARALLEL] 🚀 49개 키워드 병렬 처리 시작
[API-PARALLEL] ⚙️ 설정: 배치=5, 재시도=2회
[API-PARALLEL] 📦 총 10개 배치로 분할
[API-PARALLEL] 📊 배치 1/10 (10%) - 5개 키워드
[MDP-SERP] "연말정산간소화서비스" 신호 분석 실패: Error: SERP 접근 실패
    at getNaverSerpSignal (C:\Users\park\leword-app\src\utils\naver-serp-
signal-api.ts:18:33)
    at processTicksAndRejections (node:internal/process/task_queues:105:5
)
    at async Promise.all (index 1)
    at async C:\Users\park\leword-app\src\utils\pro-traffic-keyword-hunte
r.ts:1368:57
    at async Promise.all (index 4)
    at async fetchKeywordDataParallel (C:\Users\park\leword-app\src\utils
\pro-traffic-keyword-hunter.ts:1419:26)
    at async withStepTimeout (C:\Users\park\leword-app\src\utils\pro-traf
fic-keyword-hunter.ts:1882:14)
    at async huntProTrafficKeywords (C:\Users\park\leword-app\src\utils\p
ro-traffic-keyword-hunter.ts:3141:24)
    at async runQualityBenchmark (C:\Users\park\leword-app\test-quality-b
enchmark.ts:44:35)
[MDP-SERP] "주식" 신호 분석 실패: Error: SERP 접근 실패
    at getNaverSerpSignal (C:\Users\park\leword-app\src\utils\naver-serp-
signal-api.ts:18:33)
    at processTicksAndRejections (node:internal/process/task_queues:105:5
)
    at async Promise.all (index 1)
    at async C:\Users\park\leword-app\src\utils\pro-traffic-keyword-hunte
r.ts:1368:57
    at async Promise.all (index 0)
    at async fetchKeywordDataParallel (C:\Users\park\leword-app\src\utils
\pro-traffic-keyword-hunter.ts:1419:26)
    at async withStepTimeout (C:\Users\park\leword-app\src\utils\pro-traf
fic-keyword-hunter.ts:1882:14)
    at async huntProTrafficKeywords (C:\Users\park\leword-app\src\utils\p
ro-traffic-keyword-hunter.ts:3141:24)
    at async runQualityBenchmark (C:\Users\park\leword-app\test-quality-b
enchmark.ts:44:35)
[MDP-SERP] "연말정산하는법" 신호 분석 실패: Error: SERP 접근 실패
    at getNaverSerpSignal (C:\Users\park\leword-app\src\utils\naver-serp-
signal-api.ts:18:33)
    at processTicksAndRejections (node:internal/process/task_queues:105:5
)
    at async Promise.all (index 1)
    at async C:\Users\park\leword-app\src\utils\pro-traffic-keyword-hunte
r.ts:1368:57
    at async Promise.all (index 2)
    at async fetchKeywordDataParallel (C:\Users\park\leword-app\src\utils
\pro-traffic-keyword-hunter.ts:1419:26)
    at async withStepTimeout (C:\Users\park\leword-app\src\utils\pro-traf
fic-keyword-hunter.ts:1882:14)
    at async huntProTrafficKeywords (C:\Users\park\leword-app\src\utils\p
ro-traffic-keyword-hunter.ts:3141:24)
    at async runQualityBenchmark (C:\Users\park\leword-app\test-quality-b
enchmark.ts:44:35)
[MDP-SERP] "매일경제신문" 신호 분석 실패: Error: SERP 접근 실패
    at getNaverSerpSignal (C:\Users\park\leword-app\src\utils\naver-serp-
signal-api.ts:18:33)
    at processTicksAndRejections (node:internal/process/task_queues:105:5
)
    at async Promise.all (index 1)
    at async C:\Users\park\leword-app\src\utils\pro-traffic-keyword-hunte
r.ts:1368:57
    at async Promise.all (index 3)
    at async fetchKeywordDataParallel (C:\Users\park\leword-app\src\utils
\pro-traffic-keyword-hunter.ts:1419:26)
    at async withStepTimeout (C:\Users\park\leword-app\src\utils\pro-traf
fic-keyword-hunter.ts:1882:14)
    at async huntProTrafficKeywords (C:\Users\park\leword-app\src\utils\p
ro-traffic-keyword-hunter.ts:3141:24)
    at async runQualityBenchmark (C:\Users\park\leword-app\test-quality-b
enchmark.ts:44:35)
[MDP-SERP] "연말정산모의계산" 신호 분석 실패: Error: SERP 접근 실패
    at getNaverSerpSignal (C:\Users\park\leword-app\src\utils\naver-serp-
signal-api.ts:18:33)
    at processTicksAndRejections (node:internal/process/task_queues:105:5
)
    at async Promise.all (index 1)
    at async C:\Users\park\leword-app\src\utils\pro-traffic-keyword-hunte
r.ts:1368:57
    at async Promise.all (index 1)
    at async fetchKeywordDataParallel (C:\Users\park\leword-app\src\utils
\pro-traffic-keyword-hunter.ts:1419:26)
    at async withStepTimeout (C:\Users\park\leword-app\src\utils\pro-traf
fic-keyword-hunter.ts:1882:14)
    at async huntProTrafficKeywords (C:\Users\park\leword-app\src\utils\p
ro-traffic-keyword-hunter.ts:3141:24)
    at async runQualityBenchmark (C:\Users\park\leword-app\test-quality-b
enchmark.ts:44:35)
[API-PARALLEL] 📊 배치 2/10 (20%) - 5개 키워드
[MDP-SERP] "창업" 신호 분석 실패: Error: SERP 접근 실패
    at getNaverSerpSignal (C:\Users\park\leword-app\src\utils\naver-serp-
signal-api.ts:18:33)
    at processTicksAndRejections (node:internal/process/task_queues:105:5
)
    at async Promise.all (index 1)
    at async C:\Users\park\leword-app\src\utils\pro-traffic-keyword-hunte
r.ts:1368:57
    at async Promise.all (index 1)
    at async fetchKeywordDataParallel (C:\Users\park\leword-app\src\utils
\pro-traffic-keyword-hunter.ts:1419:26)
    at async withStepTimeout (C:\Users\park\leword-app\src\utils\pro-traf
fic-keyword-hunter.ts:1882:14)
    at async huntProTrafficKeywords (C:\Users\park\leword-app\src\utils\p
ro-traffic-keyword-hunter.ts:3141:24)
    at async runQualityBenchmark (C:\Users\park\leword-app\test-quality-b
enchmark.ts:44:35)
[MDP-SERP] "연말정산소득공제" 신호 분석 실패: Error: SERP 접근 실패
    at getNaverSerpSignal (C:\Users\park\leword-app\src\utils\naver-serp-
signal-api.ts:18:33)
    at processTicksAndRejections (node:internal/process/task_queues:105:5
)
    at async Promise.all (index 1)
    at async C:\Users\park\leword-app\src\utils\pro-traffic-keyword-hunte
r.ts:1368:57
    at async Promise.all (index 0)
    at async fetchKeywordDataParallel (C:\Users\park\leword-app\src\utils
\pro-traffic-keyword-hunter.ts:1419:26)
    at async withStepTimeout (C:\Users\park\leword-app\src\utils\pro-traf
fic-keyword-hunter.ts:1882:14)
    at async huntProTrafficKeywords (C:\Users\park\leword-app\src\utils\p
ro-traffic-keyword-hunter.ts:3141:24)
    at async runQualityBenchmark (C:\Users\park\leword-app\test-quality-b
enchmark.ts:44:35)
[MDP-SERP] "연말정산간소화" 신호 분석 실패: Error: SERP 접근 실패
    at getNaverSerpSignal (C:\Users\park\leword-app\src\utils\naver-serp-
signal-api.ts:18:33)
    at processTicksAndRejections (node:internal/process/task_queues:105:5
)
    at async Promise.all (index 1)
    at async C:\Users\park\leword-app\src\utils\pro-traffic-keyword-hunte
r.ts:1368:57
    at async Promise.all (index 4)
    at async fetchKeywordDataParallel (C:\Users\park\leword-app\src\utils
\pro-traffic-keyword-hunter.ts:1419:26)
    at async withStepTimeout (C:\Users\park\leword-app\src\utils\pro-traf
fic-keyword-hunter.ts:1882:14)
    at async huntProTrafficKeywords (C:\Users\park\leword-app\src\utils\p
ro-traffic-keyword-hunter.ts:3141:24)
    at async runQualityBenchmark (C:\Users\park\leword-app\test-quality-b
enchmark.ts:44:35)
[MDP-SERP] "경제" 신호 분석 실패: Error: SERP 접근 실패
    at getNaverSerpSignal (C:\Users\park\leword-app\src\utils\naver-serp-
signal-api.ts:18:33)
    at processTicksAndRejections (node:internal/process/task_queues:105:5
)
    at async Promise.all (index 1)
    at async C:\Users\park\leword-app\src\utils\pro-traffic-keyword-hunte
r.ts:1368:57
    at async Promise.all (index 3)
    at async fetchKeywordDataParallel (C:\Users\park\leword-app\src\utils
\pro-traffic-keyword-hunter.ts:1419:26)
    at async withStepTimeout (C:\Users\park\leword-app\src\utils\pro-traf
fic-keyword-hunter.ts:1882:14)
    at async huntProTrafficKeywords (C:\Users\park\leword-app\src\utils\p
ro-traffic-keyword-hunter.ts:3141:24)
    at async runQualityBenchmark (C:\Users\park\leword-app\test-quality-b
enchmark.ts:44:35)
[MDP-SERP] "재테크" 신호 분석 실패: Error: SERP 접근 실패
    at getNaverSerpSignal (C:\Users\park\leword-app\src\utils\naver-serp-
signal-api.ts:18:33)
    at processTicksAndRejections (node:internal/process/task_queues:105:5
)
    at async Promise.all (index 1)
    at async C:\Users\park\leword-app\src\utils\pro-traffic-keyword-hunte
r.ts:1368:57
    at async Promise.all (index 2)
    at async fetchKeywordDataParallel (C:\Users\park\leword-app\src\utils
\pro-traffic-keyword-hunter.ts:1419:26)
    at async withStepTimeout (C:\Users\park\leword-app\src\utils\pro-traf
fic-keyword-hunter.ts:1882:14)
    at async huntProTrafficKeywords (C:\Users\park\leword-app\src\utils\p
ro-traffic-keyword-hunter.ts:3141:24)
    at async runQualityBenchmark (C:\Users\park\leword-app\test-quality-b
enchmark.ts:44:35)
[API-PARALLEL] 📊 배치 3/10 (30%) - 5개 키워드
[MDP-SERP] "소상공인" 신호 분석 실패: Error: SERP 접근 실패
    at getNaverSerpSignal (C:\Users\park\leword-app\src\utils\naver-serp-
signal-api.ts:18:33)
    at processTicksAndRejections (node:internal/process/task_queues:105:5
)
    at async Promise.all (index 1)
    at async C:\Users\park\leword-app\src\utils\pro-traffic-keyword-hunte
r.ts:1368:57
    at async Promise.all (index 3)
    at async fetchKeywordDataParallel (C:\Users\park\leword-app\src\utils
\pro-traffic-keyword-hunter.ts:1419:26)
    at async withStepTimeout (C:\Users\park\leword-app\src\utils\pro-traf
fic-keyword-hunter.ts:1882:14)
    at async huntProTrafficKeywords (C:\Users\park\leword-app\src\utils\p
ro-traffic-keyword-hunter.ts:3141:24)
    at async runQualityBenchmark (C:\Users\park\leword-app\test-quality-b
enchmark.ts:44:35)
[MDP-SERP] "주식분석" 신호 분석 실패: Error: SERP 접근 실패
    at getNaverSerpSignal (C:\Users\park\leword-app\src\utils\naver-serp-
signal-api.ts:18:33)
    at processTicksAndRejections (node:internal/process/task_queues:105:5
)
    at async Promise.all (index 1)
    at async C:\Users\park\leword-app\src\utils\pro-traffic-keyword-hunte
r.ts:1368:57
    at async Promise.all (index 1)
    at async fetchKeywordDataParallel (C:\Users\park\leword-app\src\utils
\pro-traffic-keyword-hunter.ts:1419:26)
    at async withStepTimeout (C:\Users\park\leword-app\src\utils\pro-traf
fic-keyword-hunter.ts:1882:14)
    at async huntProTrafficKeywords (C:\Users\park\leword-app\src\utils\p
ro-traffic-keyword-hunter.ts:3141:24)
    at async runQualityBenchmark (C:\Users\park\leword-app\test-quality-b
enchmark.ts:44:35)
[MDP-SERP] "무인창업" 신호 분석 실패: Error: SERP 접근 실패
    at getNaverSerpSignal (C:\Users\park\leword-app\src\utils\naver-serp-
signal-api.ts:18:33)
    at processTicksAndRejections (node:internal/process/task_queues:105:5
)
    at async Promise.all (index 1)
    at async C:\Users\park\leword-app\src\utils\pro-traffic-keyword-hunte
r.ts:1368:57
    at async Promise.all (index 0)
    at async fetchKeywordDataParallel (C:\Users\park\leword-app\src\utils
\pro-traffic-keyword-hunter.ts:1419:26)
    at async withStepTimeout (C:\Users\park\leword-app\src\utils\pro-traf
fic-keyword-hunter.ts:1882:14)
    at async huntProTrafficKeywords (C:\Users\park\leword-app\src\utils\p
ro-traffic-keyword-hunter.ts:3141:24)
    at async runQualityBenchmark (C:\Users\park\leword-app\test-quality-b
enchmark.ts:44:35)
[MDP-SERP] "투자" 신호 분석 실패: Error: SERP 접근 실패
    at getNaverSerpSignal (C:\Users\park\leword-app\src\utils\naver-serp-
signal-api.ts:18:33)
    at processTicksAndRejections (node:internal/process/task_queues:105:5
)
    at async Promise.all (index 1)
    at async C:\Users\park\leword-app\src\utils\pro-traffic-keyword-hunte
r.ts:1368:57
    at async Promise.all (index 4)
    at async fetchKeywordDataParallel (C:\Users\park\leword-app\src\utils
\pro-traffic-keyword-hunter.ts:1419:26)
    at async withStepTimeout (C:\Users\park\leword-app\src\utils\pro-traf
fic-keyword-hunter.ts:1882:14)
    at async huntProTrafficKeywords (C:\Users\park\leword-app\src\utils\p
ro-traffic-keyword-hunter.ts:3141:24)
    at async runQualityBenchmark (C:\Users\park\leword-app\test-quality-b
enchmark.ts:44:35)
[MDP-SERP] "소자본창업" 신호 분석 실패: Error: SERP 접근 실패
    at getNaverSerpSignal (C:\Users\park\leword-app\src\utils\naver-serp-
signal-api.ts:18:33)
    at processTicksAndRejections (node:internal/process/task_queues:105:5
)
    at async Promise.all (index 1)
    at async C:\Users\park\leword-app\src\utils\pro-traffic-keyword-hunte
r.ts:1368:57
    at async Promise.all (index 2)
    at async fetchKeywordDataParallel (C:\Users\park\leword-app\src\utils
\pro-traffic-keyword-hunter.ts:1419:26)
    at async withStepTimeout (C:\Users\park\leword-app\src\utils\pro-traf
fic-keyword-hunter.ts:1882:14)
    at async huntProTrafficKeywords (C:\Users\park\leword-app\src\utils\p
ro-traffic-keyword-hunter.ts:3141:24)
    at async runQualityBenchmark (C:\Users\park\leword-app\test-quality-b
enchmark.ts:44:35)
[API-PARALLEL] 📊 배치 4/10 (40%) - 5개 키워드
[MDP-SERP] "종합소득세율" 신호 분석 실패: Error: SERP 접근 실패
    at getNaverSerpSignal (C:\Users\park\leword-app\src\utils\naver-serp-
signal-api.ts:18:33)
    at processTicksAndRejections (node:internal/process/task_queues:105:5
)
    at async Promise.all (index 1)
    at async C:\Users\park\leword-app\src\utils\pro-traffic-keyword-hunte
r.ts:1368:57
    at async Promise.all (index 4)
    at async fetchKeywordDataParallel (C:\Users\park\leword-app\src\utils
\pro-traffic-keyword-hunter.ts:1419:26)
    at async withStepTimeout (C:\Users\park\leword-app\src\utils\pro-traf
fic-keyword-hunter.ts:1882:14)
    at async huntProTrafficKeywords (C:\Users\park\leword-app\src\utils\p
ro-traffic-keyword-hunter.ts:3141:24)
    at async runQualityBenchmark (C:\Users\park\leword-app\test-quality-b
enchmark.ts:44:35)
[MDP-SERP] "프랜차이즈창업" 신호 분석 실패: Error: SERP 접근 실패
    at getNaverSerpSignal (C:\Users\park\leword-app\src\utils\naver-serp-
signal-api.ts:18:33)
    at processTicksAndRejections (node:internal/process/task_queues:105:5
)
    at async Promise.all (index 1)
    at async C:\Users\park\leword-app\src\utils\pro-traffic-keyword-hunte
r.ts:1368:57
    at async Promise.all (index 0)
    at async fetchKeywordDataParallel (C:\Users\park\leword-app\src\utils
\pro-traffic-keyword-hunter.ts:1419:26)
    at async withStepTimeout (C:\Users\park\leword-app\src\utils\pro-traf
fic-keyword-hunter.ts:1882:14)
    at async huntProTrafficKeywords (C:\Users\park\leword-app\src\utils\p
ro-traffic-keyword-hunter.ts:3141:24)
    at async runQualityBenchmark (C:\Users\park\leword-app\test-quality-b
enchmark.ts:44:35)
[MDP-SERP] "창업대출" 신호 분석 실패: Error: SERP 접근 실패
    at getNaverSerpSignal (C:\Users\park\leword-app\src\utils\naver-serp-
signal-api.ts:18:33)
    at processTicksAndRejections (node:internal/process/task_queues:105:5
)
    at async Promise.all (index 1)
    at async C:\Users\park\leword-app\src\utils\pro-traffic-keyword-hunte
r.ts:1368:57
    at async Promise.all (index 3)
    at async fetchKeywordDataParallel (C:\Users\park\leword-app\src\utils
\pro-traffic-keyword-hunter.ts:1419:26)
    at async withStepTimeout (C:\Users\park\leword-app\src\utils\pro-traf
fic-keyword-hunter.ts:1882:14)
    at async huntProTrafficKeywords (C:\Users\park\leword-app\src\utils\p
ro-traffic-keyword-hunter.ts:3141:24)
    at async runQualityBenchmark (C:\Users\park\leword-app\test-quality-b
enchmark.ts:44:35)
[MDP-SERP] "매일경제신문구독" 신호 분석 실패: Error: SERP 접근 실패
    at getNaverSerpSignal (C:\Users\park\leword-app\src\utils\naver-serp-
signal-api.ts:18:33)
    at processTicksAndRejections (node:internal/process/task_queues:105:5
)
    at async Promise.all (index 1)
    at async C:\Users\park\leword-app\src\utils\pro-traffic-keyword-hunte
r.ts:1368:57
    at async Promise.all (index 1)
    at async fetchKeywordDataParallel (C:\Users\park\leword-app\src\utils
\pro-traffic-keyword-hunter.ts:1419:26)
    at async withStepTimeout (C:\Users\park\leword-app\src\utils\pro-traf
fic-keyword-hunter.ts:1882:14)
    at async huntProTrafficKeywords (C:\Users\park\leword-app\src\utils\p
ro-traffic-keyword-hunter.ts:3141:24)
    at async runQualityBenchmark (C:\Users\park\leword-app\test-quality-b
enchmark.ts:44:35)
[MDP-SERP] "창업지원금" 신호 분석 실패: Error: SERP 접근 실패
    at getNaverSerpSignal (C:\Users\park\leword-app\src\utils\naver-serp-
signal-api.ts:18:33)
    at processTicksAndRejections (node:internal/process/task_queues:105:5
)
    at async Promise.all (index 1)
    at async C:\Users\park\leword-app\src\utils\pro-traffic-keyword-hunte
r.ts:1368:57
    at async Promise.all (index 2)
    at async fetchKeywordDataParallel (C:\Users\park\leword-app\src\utils
\pro-traffic-keyword-hunter.ts:1419:26)
    at async withStepTimeout (C:\Users\park\leword-app\src\utils\pro-traf
fic-keyword-hunter.ts:1882:14)
    at async huntProTrafficKeywords (C:\Users\park\leword-app\src\utils\p
ro-traffic-keyword-hunter.ts:3141:24)
    at async runQualityBenchmark (C:\Users\park\leword-app\test-quality-b
enchmark.ts:44:35)
[API-PARALLEL] 📊 배치 5/10 (50%) - 5개 키워드
[MDP-SERP] "경제신문" 신호 분석 실패: Error: SERP 접근 실패
    at getNaverSerpSignal (C:\Users\park\leword-app\src\utils\naver-serp-
signal-api.ts:18:33)
    at processTicksAndRejections (node:internal/process/task_queues:105:5
)
    at async Promise.all (index 1)
    at async C:\Users\park\leword-app\src\utils\pro-traffic-keyword-hunte
r.ts:1368:57
    at async Promise.all (index 2)
    at async fetchKeywordDataParallel (C:\Users\park\leword-app\src\utils
\pro-traffic-keyword-hunter.ts:1419:26)
    at async withStepTimeout (C:\Users\park\leword-app\src\utils\pro-traf
fic-keyword-hunter.ts:1882:14)
    at async huntProTrafficKeywords (C:\Users\park\leword-app\src\utils\p
ro-traffic-keyword-hunter.ts:3141:24)
    at async runQualityBenchmark (C:\Users\park\leword-app\test-quality-b
enchmark.ts:44:35)
[MDP-SERP] "창업박람회" 신호 분석 실패: Error: SERP 접근 실패
    at getNaverSerpSignal (C:\Users\park\leword-app\src\utils\naver-serp-
signal-api.ts:18:33)
    at processTicksAndRejections (node:internal/process/task_queues:105:5
)
    at async Promise.all (index 1)
    at async C:\Users\park\leword-app\src\utils\pro-traffic-keyword-hunte
r.ts:1368:57
    at async Promise.all (index 1)
    at async fetchKeywordDataParallel (C:\Users\park\leword-app\src\utils
\pro-traffic-keyword-hunter.ts:1419:26)
    at async withStepTimeout (C:\Users\park\leword-app\src\utils\pro-traf
fic-keyword-hunter.ts:1882:14)
    at async huntProTrafficKeywords (C:\Users\park\leword-app\src\utils\p
ro-traffic-keyword-hunter.ts:3141:24)
    at async runQualityBenchmark (C:\Users\park\leword-app\test-quality-b
enchmark.ts:44:35)
[MDP-SERP] "청년창업" 신호 분석 실패: Error: SERP 접근 실패
    at getNaverSerpSignal (C:\Users\park\leword-app\src\utils\naver-serp-
signal-api.ts:18:33)
    at processTicksAndRejections (node:internal/process/task_queues:105:5
)
    at async Promise.all (index 1)
    at async C:\Users\park\leword-app\src\utils\pro-traffic-keyword-hunte
r.ts:1368:57
    at async Promise.all (index 3)
    at async fetchKeywordDataParallel (C:\Users\park\leword-app\src\utils
\pro-traffic-keyword-hunter.ts:1419:26)
    at async withStepTimeout (C:\Users\park\leword-app\src\utils\pro-traf
fic-keyword-hunter.ts:1882:14)
    at async huntProTrafficKeywords (C:\Users\park\leword-app\src\utils\p
ro-traffic-keyword-hunter.ts:3141:24)
    at async runQualityBenchmark (C:\Users\park\leword-app\test-quality-b
enchmark.ts:44:35)
[MDP-SERP] "초기창업패키지" 신호 분석 실패: Error: SERP 접근 실패
    at getNaverSerpSignal (C:\Users\park\leword-app\src\utils\naver-serp-
signal-api.ts:18:33)
    at processTicksAndRejections (node:internal/process/task_queues:105:5
)
    at async Promise.all (index 1)
    at async C:\Users\park\leword-app\src\utils\pro-traffic-keyword-hunte
r.ts:1368:57
    at async Promise.all (index 4)
    at async fetchKeywordDataParallel (C:\Users\park\leword-app\src\utils
\pro-traffic-keyword-hunter.ts:1419:26)
    at async withStepTimeout (C:\Users\park\leword-app\src\utils\pro-traf
fic-keyword-hunter.ts:1882:14)
    at async huntProTrafficKeywords (C:\Users\park\leword-app\src\utils\p
ro-traffic-keyword-hunter.ts:3141:24)
    at async runQualityBenchmark (C:\Users\park\leword-app\test-quality-b
enchmark.ts:44:35)
[MDP-SERP] "종합소득세세율" 신호 분석 실패: Error: SERP 접근 실패
    at getNaverSerpSignal (C:\Users\park\leword-app\src\utils\naver-serp-
signal-api.ts:18:33)
    at processTicksAndRejections (node:internal/process/task_queues:105:5
)
    at async Promise.all (index 1)
    at async C:\Users\park\leword-app\src\utils\pro-traffic-keyword-hunte
r.ts:1368:57
    at async Promise.all (index 0)
    at async fetchKeywordDataParallel (C:\Users\park\leword-app\src\utils
\pro-traffic-keyword-hunter.ts:1419:26)
    at async withStepTimeout (C:\Users\park\leword-app\src\utils\pro-traf
fic-keyword-hunter.ts:1882:14)
    at async huntProTrafficKeywords (C:\Users\park\leword-app\src\utils\p
ro-traffic-keyword-hunter.ts:3141:24)
    at async runQualityBenchmark (C:\Users\park\leword-app\test-quality-b
enchmark.ts:44:35)
[API-PARALLEL] 📊 배치 6/10 (60%) - 5개 키워드
[MDP-SERP] "연말정산서류" 신호 분석 실패: Error: SERP 접근 실패
    at getNaverSerpSignal (C:\Users\park\leword-app\src\utils\naver-serp-
signal-api.ts:18:33)
    at processTicksAndRejections (node:internal/process/task_queues:105:5
)
    at async Promise.all (index 1)
    at async C:\Users\park\leword-app\src\utils\pro-traffic-keyword-hunte
r.ts:1368:57
    at async Promise.all (index 4)
    at async fetchKeywordDataParallel (C:\Users\park\leword-app\src\utils
\pro-traffic-keyword-hunter.ts:1419:26)
    at async withStepTimeout (C:\Users\park\leword-app\src\utils\pro-traf
fic-keyword-hunter.ts:1882:14)
    at async huntProTrafficKeywords (C:\Users\park\leword-app\src\utils\p
ro-traffic-keyword-hunter.ts:3141:24)
    at async runQualityBenchmark (C:\Users\park\leword-app\test-quality-b
enchmark.ts:44:35)
[MDP-SERP] "로또세금" 신호 분석 실패: Error: SERP 접근 실패
    at getNaverSerpSignal (C:\Users\park\leword-app\src\utils\naver-serp-
signal-api.ts:18:33)
    at processTicksAndRejections (node:internal/process/task_queues:105:5
)
    at async Promise.all (index 1)
    at async C:\Users\park\leword-app\src\utils\pro-traffic-keyword-hunte
r.ts:1368:57
    at async Promise.all (index 1)
    at async fetchKeywordDataParallel (C:\Users\park\leword-app\src\utils
\pro-traffic-keyword-hunter.ts:1419:26)
    at async withStepTimeout (C:\Users\park\leword-app\src\utils\pro-traf
fic-keyword-hunter.ts:1882:14)
    at async huntProTrafficKeywords (C:\Users\park\leword-app\src\utils\p
ro-traffic-keyword-hunter.ts:3141:24)
    at async runQualityBenchmark (C:\Users\park\leword-app\test-quality-b
enchmark.ts:44:35)
[MDP-SERP] "종합소득세신고" 신호 분석 실패: Error: SERP 접근 실패
    at getNaverSerpSignal (C:\Users\park\leword-app\src\utils\naver-serp-
signal-api.ts:18:33)
    at processTicksAndRejections (node:internal/process/task_queues:105:5
)
    at async Promise.all (index 1)
    at async C:\Users\park\leword-app\src\utils\pro-traffic-keyword-hunte
r.ts:1368:57
    at async Promise.all (index 2)
    at async fetchKeywordDataParallel (C:\Users\park\leword-app\src\utils
\pro-traffic-keyword-hunter.ts:1419:26)
    at async withStepTimeout (C:\Users\park\leword-app\src\utils\pro-traf
fic-keyword-hunter.ts:1882:14)
    at async huntProTrafficKeywords (C:\Users\park\leword-app\src\utils\p
ro-traffic-keyword-hunter.ts:3141:24)
    at async runQualityBenchmark (C:\Users\park\leword-app\test-quality-b
enchmark.ts:44:35)
[MDP-SERP] "근로소득원천징수영수증" 신호 분석 실패: Error: SERP 접근 실패
    at getNaverSerpSignal (C:\Users\park\leword-app\src\utils\naver-serp-
signal-api.ts:18:33)
    at processTicksAndRejections (node:internal/process/task_queues:105:5
)
    at async Promise.all (index 1)
    at async C:\Users\park\leword-app\src\utils\pro-traffic-keyword-hunte
r.ts:1368:57
    at async Promise.all (index 0)
    at async fetchKeywordDataParallel (C:\Users\park\leword-app\src\utils
\pro-traffic-keyword-hunter.ts:1419:26)
    at async withStepTimeout (C:\Users\park\leword-app\src\utils\pro-traf
fic-keyword-hunter.ts:1882:14)
    at async huntProTrafficKeywords (C:\Users\park\leword-app\src\utils\p
ro-traffic-keyword-hunter.ts:3141:24)
    at async runQualityBenchmark (C:\Users\park\leword-app\test-quality-b
enchmark.ts:44:35)
[MDP-SERP] "미국주식세금" 신호 분석 실패: Error: SERP 접근 실패
    at getNaverSerpSignal (C:\Users\park\leword-app\src\utils\naver-serp-
signal-api.ts:18:33)
    at processTicksAndRejections (node:internal/process/task_queues:105:5
)
    at async Promise.all (index 1)
    at async C:\Users\park\leword-app\src\utils\pro-traffic-keyword-hunte
r.ts:1368:57
    at async Promise.all (index 3)
    at async fetchKeywordDataParallel (C:\Users\park\leword-app\src\utils
\pro-traffic-keyword-hunter.ts:1419:26)
    at async withStepTimeout (C:\Users\park\leword-app\src\utils\pro-traf
fic-keyword-hunter.ts:1882:14)
    at async huntProTrafficKeywords (C:\Users\park\leword-app\src\utils\p
ro-traffic-keyword-hunter.ts:3141:24)
    at async runQualityBenchmark (C:\Users\park\leword-app\test-quality-b
enchmark.ts:44:35)
[API-PARALLEL] 📊 배치 7/10 (70%) - 5개 키워드
[MDP-SERP] "트럼프 정부, ‘복지 스캔들’ 미네소타에 최대 2680억원 보육 지원금 지급 중단 - 조선일보" 신호 분석 실
패: Error: SERP 접근 실패
    at getNaverSerpSignal (C:\Users\park\leword-app\src\utils\naver-serp-
signal-api.ts:18:33)
    at processTicksAndRejections (node:internal/process/task_queues:105:5
)
    at async Promise.all (index 1)
    at async C:\Users\park\leword-app\src\utils\pro-traffic-keyword-hunte
r.ts:1368:57
    at async Promise.all (index 4)
    at async fetchKeywordDataParallel (C:\Users\park\leword-app\src\utils
\pro-traffic-keyword-hunter.ts:1419:26)
    at async withStepTimeout (C:\Users\park\leword-app\src\utils\pro-traf
fic-keyword-hunter.ts:1882:14)
    at async huntProTrafficKeywords (C:\Users\park\leword-app\src\utils\p
ro-traffic-keyword-hunter.ts:3141:24)
    at async runQualityBenchmark (C:\Users\park\leword-app\test-quality-b
enchmark.ts:44:35)
[MDP-SERP] "매일경제구독" 신호 분석 실패: Error: SERP 접근 실패
    at getNaverSerpSignal (C:\Users\park\leword-app\src\utils\naver-serp-
signal-api.ts:18:33)
    at processTicksAndRejections (node:internal/process/task_queues:105:5
)
    at async Promise.all (index 1)
    at async C:\Users\park\leword-app\src\utils\pro-traffic-keyword-hunte
r.ts:1368:57
    at async Promise.all (index 0)
    at async fetchKeywordDataParallel (C:\Users\park\leword-app\src\utils
\pro-traffic-keyword-hunter.ts:1419:26)
    at async withStepTimeout (C:\Users\park\leword-app\src\utils\pro-traf
fic-keyword-hunter.ts:1882:14)
    at async huntProTrafficKeywords (C:\Users\park\leword-app\src\utils\p
ro-traffic-keyword-hunter.ts:3141:24)
    at async runQualityBenchmark (C:\Users\park\leword-app\test-quality-b
enchmark.ts:44:35)
[MDP-SERP] "연말정산서류양식" 신호 분석 실패: Error: SERP 접근 실패
    at getNaverSerpSignal (C:\Users\park\leword-app\src\utils\naver-serp-
signal-api.ts:18:33)
    at processTicksAndRejections (node:internal/process/task_queues:105:5
)
    at async Promise.all (index 1)
    at async C:\Users\park\leword-app\src\utils\pro-traffic-keyword-hunte
r.ts:1368:57
    at async Promise.all (index 1)
    at async fetchKeywordDataParallel (C:\Users\park\leword-app\src\utils
\pro-traffic-keyword-hunter.ts:1419:26)
    at async withStepTimeout (C:\Users\park\leword-app\src\utils\pro-traf
fic-keyword-hunter.ts:1882:14)
    at async huntProTrafficKeywords (C:\Users\park\leword-app\src\utils\p
ro-traffic-keyword-hunter.ts:3141:24)
    at async runQualityBenchmark (C:\Users\park\leword-app\test-quality-b
enchmark.ts:44:35)
[MDP-SERP] "2026년 연말정산" 신호 분석 실패: Error: SERP 접근 실패
    at getNaverSerpSignal (C:\Users\park\leword-app\src\utils\naver-serp-
signal-api.ts:18:33)
    at processTicksAndRejections (node:internal/process/task_queues:105:5
)
    at async Promise.all (index 1)
    at async C:\Users\park\leword-app\src\utils\pro-traffic-keyword-hunte
r.ts:1368:57
    at async Promise.all (index 2)
    at async fetchKeywordDataParallel (C:\Users\park\leword-app\src\utils
\pro-traffic-keyword-hunter.ts:1419:26)
    at async withStepTimeout (C:\Users\park\leword-app\src\utils\pro-traf
fic-keyword-hunter.ts:1882:14)
    at async huntProTrafficKeywords (C:\Users\park\leword-app\src\utils\p
ro-traffic-keyword-hunter.ts:3141:24)
    at async runQualityBenchmark (C:\Users\park\leword-app\test-quality-b
enchmark.ts:44:35)
[MDP-SERP] "연말정산 2026년" 신호 분석 실패: Error: SERP 접근 실패
    at getNaverSerpSignal (C:\Users\park\leword-app\src\utils\naver-serp-
signal-api.ts:18:33)
    at processTicksAndRejections (node:internal/process/task_queues:105:5
)
    at async Promise.all (index 1)
    at async C:\Users\park\leword-app\src\utils\pro-traffic-keyword-hunte
r.ts:1368:57
    at async Promise.all (index 3)
    at async fetchKeywordDataParallel (C:\Users\park\leword-app\src\utils
\pro-traffic-keyword-hunter.ts:1419:26)
    at async withStepTimeout (C:\Users\park\leword-app\src\utils\pro-traf
fic-keyword-hunter.ts:1882:14)
    at async huntProTrafficKeywords (C:\Users\park\leword-app\src\utils\p
ro-traffic-keyword-hunter.ts:3141:24)
    at async runQualityBenchmark (C:\Users\park\leword-app\test-quality-b
enchmark.ts:44:35)
[API-PARALLEL] 📊 배치 8/10 (80%) - 5개 키워드
[MDP-SERP] "‘인구 역전 위기감’ 해운대구, 새해부터 ‘모든 출생아’에게 출산지원금 - v.daum.net" 신호 분석 실
패: Error: SERP 접근 실패
    at getNaverSerpSignal (C:\Users\park\leword-app\src\utils\naver-serp-
signal-api.ts:18:33)
    at processTicksAndRejections (node:internal/process/task_queues:105:5
)
    at async Promise.all (index 1)
    at async C:\Users\park\leword-app\src\utils\pro-traffic-keyword-hunte
r.ts:1368:57
    at async Promise.all (index 0)
    at async fetchKeywordDataParallel (C:\Users\park\leword-app\src\utils
\pro-traffic-keyword-hunter.ts:1419:26)
    at async withStepTimeout (C:\Users\park\leword-app\src\utils\pro-traf
fic-keyword-hunter.ts:1882:14)
    at async huntProTrafficKeywords (C:\Users\park\leword-app\src\utils\p
ro-traffic-keyword-hunter.ts:3141:24)
    at async runQualityBenchmark (C:\Users\park\leword-app\test-quality-b
enchmark.ts:44:35)
[MDP-SERP] "선급금정산서" 신호 분석 실패: Error: SERP 접근 실패
    at getNaverSerpSignal (C:\Users\park\leword-app\src\utils\naver-serp-
signal-api.ts:18:33)
    at processTicksAndRejections (node:internal/process/task_queues:105:5
)
    at async Promise.all (index 1)
    at async C:\Users\park\leword-app\src\utils\pro-traffic-keyword-hunte
r.ts:1368:57
    at async Promise.all (index 4)
    at async fetchKeywordDataParallel (C:\Users\park\leword-app\src\utils
\pro-traffic-keyword-hunter.ts:1419:26)
    at async withStepTimeout (C:\Users\park\leword-app\src\utils\pro-traf
fic-keyword-hunter.ts:1882:14)
    at async huntProTrafficKeywords (C:\Users\park\leword-app\src\utils\p
ro-traffic-keyword-hunter.ts:3141:24)
    at async runQualityBenchmark (C:\Users\park\leword-app\test-quality-b
enchmark.ts:44:35)
[MDP-SERP] "경남농협, 경상국립대학교에 대학발전지원금 1000만원 전달 - 농민신문" 신호 분석 실패: Error: SER
P 접근 실패
    at getNaverSerpSignal (C:\Users\park\leword-app\src\utils\naver-serp-
signal-api.ts:18:33)
    at processTicksAndRejections (node:internal/process/task_queues:105:5
)
    at async Promise.all (index 1)
    at async C:\Users\park\leword-app\src\utils\pro-traffic-keyword-hunte
r.ts:1368:57
    at async Promise.all (index 1)
    at async fetchKeywordDataParallel (C:\Users\park\leword-app\src\utils
\pro-traffic-keyword-hunter.ts:1419:26)
    at async withStepTimeout (C:\Users\park\leword-app\src\utils\pro-traf
fic-keyword-hunter.ts:1882:14)
    at async huntProTrafficKeywords (C:\Users\park\leword-app\src\utils\p
ro-traffic-keyword-hunter.ts:3141:24)
    at async runQualityBenchmark (C:\Users\park\leword-app\test-quality-b
enchmark.ts:44:35)
[MDP-SERP] "정산서양식" 신호 분석 실패: Error: SERP 접근 실패
    at getNaverSerpSignal (C:\Users\park\leword-app\src\utils\naver-serp-
signal-api.ts:18:33)
    at processTicksAndRejections (node:internal/process/task_queues:105:5
)
    at async Promise.all (index 1)
    at async C:\Users\park\leword-app\src\utils\pro-traffic-keyword-hunte
r.ts:1368:57
    at async Promise.all (index 2)
    at async fetchKeywordDataParallel (C:\Users\park\leword-app\src\utils
\pro-traffic-keyword-hunter.ts:1419:26)
    at async withStepTimeout (C:\Users\park\leword-app\src\utils\pro-traf
fic-keyword-hunter.ts:1882:14)
    at async huntProTrafficKeywords (C:\Users\park\leword-app\src\utils\p
ro-traffic-keyword-hunter.ts:3141:24)
    at async runQualityBenchmark (C:\Users\park\leword-app\test-quality-b
enchmark.ts:44:35)
[MDP-SERP] "회식비정산서" 신호 분석 실패: Error: SERP 접근 실패
    at getNaverSerpSignal (C:\Users\park\leword-app\src\utils\naver-serp-
signal-api.ts:18:33)
    at processTicksAndRejections (node:internal/process/task_queues:105:5
)
    at async Promise.all (index 1)
    at async C:\Users\park\leword-app\src\utils\pro-traffic-keyword-hunte
r.ts:1368:57
    at async Promise.all (index 3)
    at async fetchKeywordDataParallel (C:\Users\park\leword-app\src\utils
\pro-traffic-keyword-hunter.ts:1419:26)
    at async withStepTimeout (C:\Users\park\leword-app\src\utils\pro-traf
fic-keyword-hunter.ts:1882:14)
    at async huntProTrafficKeywords (C:\Users\park\leword-app\src\utils\p
ro-traffic-keyword-hunter.ts:3141:24)
    at async runQualityBenchmark (C:\Users\park\leword-app\test-quality-b
enchmark.ts:44:35)
[API-PARALLEL] 📊 배치 9/10 (90%) - 5개 키워드
[MDP-SERP] "2026 지원금" 신호 분석 실패: Error: SERP 접근 실패
    at getNaverSerpSignal (C:\Users\park\leword-app\src\utils\naver-serp-
signal-api.ts:18:33)
    at processTicksAndRejections (node:internal/process/task_queues:105:5
)
    at async Promise.all (index 1)
    at async C:\Users\park\leword-app\src\utils\pro-traffic-keyword-hunte
r.ts:1368:57
    at async Promise.all (index 0)
    at async fetchKeywordDataParallel (C:\Users\park\leword-app\src\utils
\pro-traffic-keyword-hunter.ts:1419:26)
    at async withStepTimeout (C:\Users\park\leword-app\src\utils\pro-traf
fic-keyword-hunter.ts:1882:14)
    at async huntProTrafficKeywords (C:\Users\park\leword-app\src\utils\p
ro-traffic-keyword-hunter.ts:3141:24)
    at async runQualityBenchmark (C:\Users\park\leword-app\test-quality-b
enchmark.ts:44:35)
[MDP-SERP] "연말정산서식" 신호 분석 실패: Error: SERP 접근 실패
    at getNaverSerpSignal (C:\Users\park\leword-app\src\utils\naver-serp-
signal-api.ts:18:33)
    at processTicksAndRejections (node:internal/process/task_queues:105:5
)
    at async Promise.all (index 1)
    at async C:\Users\park\leword-app\src\utils\pro-traffic-keyword-hunte
r.ts:1368:57
    at async Promise.all (index 4)
    at async fetchKeywordDataParallel (C:\Users\park\leword-app\src\utils
\pro-traffic-keyword-hunter.ts:1419:26)
    at async withStepTimeout (C:\Users\park\leword-app\src\utils\pro-traf
fic-keyword-hunter.ts:1882:14)
    at async huntProTrafficKeywords (C:\Users\park\leword-app\src\utils\p
ro-traffic-keyword-hunter.ts:3141:24)
    at async runQualityBenchmark (C:\Users\park\leword-app\test-quality-b
enchmark.ts:44:35)
[MDP-SERP] "연말정산 2025" 신호 분석 실패: Error: SERP 접근 실패
    at getNaverSerpSignal (C:\Users\park\leword-app\src\utils\naver-serp-
signal-api.ts:18:33)
    at processTicksAndRejections (node:internal/process/task_queues:105:5
)
    at async Promise.all (index 1)
    at async C:\Users\park\leword-app\src\utils\pro-traffic-keyword-hunte
r.ts:1368:57
    at async Promise.all (index 2)
    at async fetchKeywordDataParallel (C:\Users\park\leword-app\src\utils
\pro-traffic-keyword-hunter.ts:1419:26)
    at async withStepTimeout (C:\Users\park\leword-app\src\utils\pro-traf
fic-keyword-hunter.ts:1882:14)
    at async huntProTrafficKeywords (C:\Users\park\leword-app\src\utils\p
ro-traffic-keyword-hunter.ts:3141:24)
    at async runQualityBenchmark (C:\Users\park\leword-app\test-quality-b
enchmark.ts:44:35)
[MDP-SERP] "공사정산서" 신호 분석 실패: Error: SERP 접근 실패
    at getNaverSerpSignal (C:\Users\park\leword-app\src\utils\naver-serp-
signal-api.ts:18:33)
    at processTicksAndRejections (node:internal/process/task_queues:105:5
)
    at async Promise.all (index 1)
    at async C:\Users\park\leword-app\src\utils\pro-traffic-keyword-hunte
r.ts:1368:57
    at async Promise.all (index 3)
    at async fetchKeywordDataParallel (C:\Users\park\leword-app\src\utils
\pro-traffic-keyword-hunter.ts:1419:26)
    at async withStepTimeout (C:\Users\park\leword-app\src\utils\pro-traf
fic-keyword-hunter.ts:1882:14)
    at async huntProTrafficKeywords (C:\Users\park\leword-app\src\utils\p
ro-traffic-keyword-hunter.ts:3141:24)
    at async runQualityBenchmark (C:\Users\park\leword-app\test-quality-b
enchmark.ts:44:35)
[MDP-SERP] "공사비정산서" 신호 분석 실패: Error: SERP 접근 실패
    at getNaverSerpSignal (C:\Users\park\leword-app\src\utils\naver-serp-
signal-api.ts:18:33)
    at processTicksAndRejections (node:internal/process/task_queues:105:5
)
    at async Promise.all (index 1)
    at async C:\Users\park\leword-app\src\utils\pro-traffic-keyword-hunte
r.ts:1368:57
    at async Promise.all (index 1)
    at async fetchKeywordDataParallel (C:\Users\park\leword-app\src\utils
\pro-traffic-keyword-hunter.ts:1419:26)
    at async withStepTimeout (C:\Users\park\leword-app\src\utils\pro-traf
fic-keyword-hunter.ts:1882:14)
    at async huntProTrafficKeywords (C:\Users\park\leword-app\src\utils\p
ro-traffic-keyword-hunter.ts:3141:24)
    at async runQualityBenchmark (C:\Users\park\leword-app\test-quality-b
enchmark.ts:44:35)
[API-PARALLEL] 📊 배치 10/10 (100%) - 4개 키워드
[MDP-SERP] "퇴직금정산서식" 신호 분석 실패: Error: SERP 접근 실패
    at getNaverSerpSignal (C:\Users\park\leword-app\src\utils\naver-serp-
signal-api.ts:18:33)
    at processTicksAndRejections (node:internal/process/task_queues:105:5
)
    at async Promise.all (index 1)
    at async C:\Users\park\leword-app\src\utils\pro-traffic-keyword-hunte
r.ts:1368:57
    at async Promise.all (index 1)
    at async fetchKeywordDataParallel (C:\Users\park\leword-app\src\utils
\pro-traffic-keyword-hunter.ts:1419:26)
    at async withStepTimeout (C:\Users\park\leword-app\src\utils\pro-traf
fic-keyword-hunter.ts:1882:14)
    at async huntProTrafficKeywords (C:\Users\park\leword-app\src\utils\p
ro-traffic-keyword-hunter.ts:3141:24)
    at async runQualityBenchmark (C:\Users\park\leword-app\test-quality-b
enchmark.ts:44:35)
[MDP-SERP] "정산서" 신호 분석 실패: Error: SERP 접근 실패
    at getNaverSerpSignal (C:\Users\park\leword-app\src\utils\naver-serp-
signal-api.ts:18:33)
    at processTicksAndRejections (node:internal/process/task_queues:105:5
)
    at async Promise.all (index 1)
    at async C:\Users\park\leword-app\src\utils\pro-traffic-keyword-hunte
r.ts:1368:57
    at async Promise.all (index 3)
    at async fetchKeywordDataParallel (C:\Users\park\leword-app\src\utils
\pro-traffic-keyword-hunter.ts:1419:26)
    at async withStepTimeout (C:\Users\park\leword-app\src\utils\pro-traf
fic-keyword-hunter.ts:1882:14)
    at async huntProTrafficKeywords (C:\Users\park\leword-app\src\utils\p
ro-traffic-keyword-hunter.ts:3141:24)
    at async runQualityBenchmark (C:\Users\park\leword-app\test-quality-b
enchmark.ts:44:35)
[MDP-SERP] "12월 지원금 신청" 신호 분석 실패: Error: SERP 접근 실패
    at getNaverSerpSignal (C:\Users\park\leword-app\src\utils\naver-serp-
signal-api.ts:18:33)
    at processTicksAndRejections (node:internal/process/task_queues:105:5
)
    at async Promise.all (index 1)
    at async C:\Users\park\leword-app\src\utils\pro-traffic-keyword-hunte
r.ts:1368:57
    at async Promise.all (index 2)
    at async fetchKeywordDataParallel (C:\Users\park\leword-app\src\utils
\pro-traffic-keyword-hunter.ts:1419:26)
    at async withStepTimeout (C:\Users\park\leword-app\src\utils\pro-traf
fic-keyword-hunter.ts:1882:14)
    at async huntProTrafficKeywords (C:\Users\park\leword-app\src\utils\p
ro-traffic-keyword-hunter.ts:3141:24)
    at async runQualityBenchmark (C:\Users\park\leword-app\test-quality-b
enchmark.ts:44:35)
[MDP-SERP] "2025 청년지원금" 신호 분석 실패: Error: SERP 접근 실패
    at getNaverSerpSignal (C:\Users\park\leword-app\src\utils\naver-serp-
signal-api.ts:18:33)
    at processTicksAndRejections (node:internal/process/task_queues:105:5
)
    at async Promise.all (index 1)
    at async C:\Users\park\leword-app\src\utils\pro-traffic-keyword-hunte
r.ts:1368:57
    at async Promise.all (index 0)
    at async fetchKeywordDataParallel (C:\Users\park\leword-app\src\utils
\pro-traffic-keyword-hunter.ts:1419:26)
    at async withStepTimeout (C:\Users\park\leword-app\src\utils\pro-traf
fic-keyword-hunter.ts:1882:14)
    at async huntProTrafficKeywords (C:\Users\park\leword-app\src\utils\p
ro-traffic-keyword-hunter.ts:3141:24)
    at async runQualityBenchmark (C:\Users\park\leword-app\test-quality-b
enchmark.ts:44:35)
[API-PARALLEL] ✅ 완료! 6.9초 소요
[API-PARALLEL] 📊 결과: 성공 49개, 실패 0개
[API-PARALLEL] 📊 블로그 API: 49/49 성공
[API-PARALLEL] 📊 검색광고 API: 0/0 성공
[API-PARALLEL] 🔄 총 재시도: 0회
[PRO-TRAFFIC] ❌ 레드오션 제외: "주식" (문서수=13019763)
[PRO-TRAFFIC] ✅ "연말정산모의계산": 검색량=44700, 문서수=7302, 비율=6.12, 등급=SSS
[PRO-TRAFFIC] ❌ 레드오션 제외: "연말정산하는법" (문서수=151281)
[PRO-TRAFFIC] ❌ 레드오션 제외: "매일경제신문" (문서수=304266)
[PRO-TRAFFIC] ✅ "연말정산간소화서비스": 검색량=21910, 문서수=79804, 비율=0.27, 등급=B
[PRO-TRAFFIC] ❌ 레드오션 제외: "연말정산소득공제" (문서수=358366)
[PRO-TRAFFIC] ❌ 레드오션 제외: "창업" (문서수=8332160)
[PRO-TRAFFIC] ❌ 레드오션 제외: "재테크" (문서수=3117809)
[PRO-TRAFFIC] ❌ 레드오션 제외: "경제" (문서수=22095107)
[PRO-TRAFFIC] ✅ "연말정산간소화": 검색량=16480, 문서수=100285, 비율=0.16, 등급=B
[PRO-TRAFFIC] ❌ 레드오션 제외: "무인창업" (문서수=278369)
[PRO-TRAFFIC] ❌ 레드오션 제외: "주식분석" (문서수=2812702)
[PRO-TRAFFIC] ❌ 레드오션 제외: "소자본창업" (문서수=504618)
[PRO-TRAFFIC] ❌ 레드오션 제외: "소상공인" (문서수=2106737)
[PRO-TRAFFIC] ❌ 레드오션 제외: "투자" (문서수=31290689)
[PRO-TRAFFIC] ❌ 레드오션 제외: "프랜차이즈창업" (문서수=907991)
[PRO-TRAFFIC] ✅ "매일경제신문구독": 검색량=6160, 문서수=24269, 비율=0.25, 등급=B
[PRO-TRAFFIC] ❌ 레드오션 제외: "창업지원금" (문서수=289262)
[PRO-TRAFFIC] ❌ 레드오션 제외: "창업대출" (문서수=463997)
[PRO-TRAFFIC] ❌ 레드오션 제외: "종합소득세율" (문서수=219163)
[PRO-TRAFFIC] ❌ 레드오션 제외: "종합소득세세율" (문서수=239662)
[PRO-TRAFFIC] ❌ 레드오션 제외: "창업박람회" (문서수=205722)
[PRO-TRAFFIC] ❌ 레드오션 제외: "경제신문" (문서수=2076276)
[PRO-TRAFFIC] ❌ 레드오션 제외: "청년창업" (문서수=380671)
[PRO-TRAFFIC] ✅ "초기창업패키지": 검색량=3480, 문서수=59869, 비율=0.06, 등급=B
[PRO-TRAFFIC] ❌ 레드오션 제외: "근로소득원천징수영수증" (문서수=168277)
[PRO-TRAFFIC] ✅ "로또세금": 검색량=13640, 문서수=81326, 비율=0.17, 등급=B
[PRO-TRAFFIC] ❌ 레드오션 제외: "종합소득세신고" (문서수=528829)
[PRO-TRAFFIC] ❌ 레드오션 제외: "미국주식세금" (문서수=331775)
[PRO-TRAFFIC] ❌ 레드오션 제외: "연말정산서류" (문서수=185605)
[PRO-TRAFFIC] ✅ "매일경제구독": 검색량=1800, 문서수=37968, 비율=0.05, 등급=B
[PRO-TRAFFIC] ⚠️ 검색량 미확정(폴백 후보 유지): "연말정산서류양식" (검색량=0, 문서수=7989)
[PRO-TRAFFIC] ⚠️ 검색량 미확정(폴백 후보 유지): "2026년 연말정산" (검색량=0, 문서수=16028)
[PRO-TRAFFIC] ⚠️ 검색량 미확정(폴백 후보 유지): "연말정산 2026년" (검색량=0, 문서수=16006)
[PRO-TRAFFIC] ⚠️ 검색량 미확정(폴백 후보 유지): "트럼프 정부, ‘복지 스캔들’ 미네소타에 최대 2680억원 보육 지원금 지급 중단 - 조선일보" (검색량=0, 문서수=712)
[PRO-TRAFFIC] ⚠️ 검색량 미확정(폴백 후보 유지): "‘인구 역전 위기감’ 해운대구, 새해부터 ‘모든 출생아’에게 출산지원금 - v.daum.net" (검색량=0, 문서수=111)
[PRO-TRAFFIC] ⚠️ 검색량 미확정(폴백 후보 유지): "경남농협, 경상국립대학교에 대학발전지원금 1000만원 전달 - 농민신문" (검색량=0, 문서수=3736)
[PRO-TRAFFIC] ✅ "정산서양식": 검색량=480, 문서수=2085, 비율=0.23, 등급=B
[PRO-TRAFFIC] ⚠️ 검색량 미확정(폴백 후보 유지): "회식비정산서" (검색량=0, 문서수=40)
[PRO-TRAFFIC] ❌ 황금비율 부족: "선급금정산서" (비율=0.17, 검색량=50)
[PRO-TRAFFIC] ⚠️ 검색량 미확정(폴백 후보 유지): "2026 지원금" (검색량=0, 문서수=55420)
[PRO-TRAFFIC] ❌ 황금비율 부족: "공사비정산서" (비율=0.05, 검색량=30)
[PRO-TRAFFIC] ⚠️ 검색량 미확정(폴백 후보 유지): "연말정산 2025" (검색량=0, 문서수=80533)
[PRO-TRAFFIC] ❌ 황금비율 부족: "공사정산서" (비율=0.02, 검색량=50)
[PRO-TRAFFIC] ✅ "연말정산서식": 검색량=80, 문서수=13691, 비율=0.01, 등급=B
[PRO-TRAFFIC] ⚠️ 검색량 미확정(폴백 후보 유지): "2025 청년지원금" (검색량=0, 문서수=69620)
[PRO-TRAFFIC] ❌ 황금비율 부족: "퇴직금정산서식" (비율=0.00, 검색량=10)
[PRO-TRAFFIC] ⚠️ 검색량 미확정(폴백 후보 유지): "12월 지원금 신청" (검색량=0, 문서수=159699)
[PRO-TRAFFIC] ✅ "정산서": 검색량=660, 문서수=24041, 비율=0.03, 등급=B
[PRO-TRAFFIC] 📁 카테고리 검증 풀(혼입 금지): business → 10개
[PRO-TRAFFIC] 📁 카테고리 최종 후보(혼입 금지): business → 5개
[PRO-TRAFFIC] ✅ 5개 키워드 분석 완료 (끝판왕 v2.0 포함)
[PRO-TRAFFIC] 🏁 최종 선정: 5개
[PRO-TRAFFIC] 🏆 끝판왕 분석 포함: 5개
[PRO-TRAFFIC] 🏆🏆🏆 5개 황금 키워드 발굴 완료 (실제 API 검증 완료!)
[PRO-TRAFFIC] 💎 블루오션: 3개, 신생적합: 3개
[PRO-TRAFFIC] 📊 TOP 키워드: 연말정산모의계산(44700/7302), 연말정산간소화서비스(21910/79804), 매일경제신문구독(6160/24269)
[NAVER-SMART-BLOCK] API 호출 실패: 429
[NAVER-SMART-BLOCK] 연관 키워드 없음
[NAVER-SMART-BLOCK] API 호출 실패: 429
[NAVER-SMART-BLOCK] 연관 키워드 없음
[NAVER-SMART-BLOCK] API 호출 실패: 429
[NAVER-SMART-BLOCK] 연관 키워드 없음

✅ 테스트 4 완료 (30.5초)
   SSS: 1개 | SS: 0개 | S: 0개
   평균 황금비율: 1.41% | 최대: 6.12%
   🏆 SSS 키워드:
      - 연말정산모의계산 (6.121610517666393%)

⏳ 다음 테스트까지 3초 대기...

============================================================
📊 테스트 5/5 실행 중...
============================================================
[PRO-TRAFFIC] 🏆 PRO 황금키워드 헌팅 시작 - 🔥 실시간 이슈
[PRO-TRAFFIC] 🗑️ 캐시 초기화 완료 - 새로운 키워드 발굴 시작!
[PRO-TRAFFIC] 🔥 실시간 이슈 모드 활성화
[PRO-TRAFFIC] 🌐 다중 소스 키워드 수집 시작...
[PRO-TRAFFIC] 📅 시즌 키워드 30개
[PRO-TRAFFIC] 📜 정책 기본키워드 9개
[PRO-TRAFFIC] 📰 뉴스 RSS 20개
[PRO-TRAFFIC] 🌐 다중 소스 53개 수집!
[PRO-TRAFFIC] 📊 시드 키워드 32개: 연말정산 2025, 투자, 재테크, 연말정산, 청약...
[PRO-TRAFFIC] 🔥 네이버 검색광고 API로 연관키워드 수집...
[PRO-TRAFFIC] ✅ 검색광고 API에서 721개 연관 키워드 수집
[PRO-TRAFFIC][METRICS] stage=pre_filter category=business mode=realtime seeds=32 allKeywords=748 profitable=69
[PRO-TRAFFIC] 🎯 수익화 의도 키워드 69개 필터링
[PRO-TRAFFIC] 🔍 52개 키워드 API 조회 (캐시 미스)
[API-PARALLEL] 🚀 52개 키워드 병렬 처리 시작
[API-PARALLEL] ⚙️ 설정: 배치=5, 재시도=2회
[API-PARALLEL] 📦 총 11개 배치로 분할
[API-PARALLEL] 📊 배치 1/11 (9%) - 5개 키워드
[MDP-SERP] "소상공인" 신호 분석 실패: Error: SERP 접근 실패
    at getNaverSerpSignal (C:\Users\park\leword-app\src\utils\naver-serp-
signal-api.ts:18:33)
    at processTicksAndRejections (node:internal/process/task_queues:105:5
)
    at async Promise.all (index 1)
    at async C:\Users\park\leword-app\src\utils\pro-traffic-keyword-hunte
r.ts:1368:57
    at async Promise.all (index 1)
    at async fetchKeywordDataParallel (C:\Users\park\leword-app\src\utils
\pro-traffic-keyword-hunter.ts:1419:26)
    at async fetchKeywordDataBatch (C:\Users\park\leword-app\src\utils\pr
o-traffic-keyword-hunter.ts:1500:3)
    at async withStepTimeout (C:\Users\park\leword-app\src\utils\pro-traf
fic-keyword-hunter.ts:1882:14)
    at async huntProTrafficKeywords (C:\Users\park\leword-app\src\utils\p
ro-traffic-keyword-hunter.ts:2851:3)
    at async runQualityBenchmark (C:\Users\park\leword-app\test-quality-b
enchmark.ts:44:35)
[MDP-SERP] "재테크" 신호 분석 실패: Error: SERP 접근 실패
    at getNaverSerpSignal (C:\Users\park\leword-app\src\utils\naver-serp-
signal-api.ts:18:33)
    at processTicksAndRejections (node:internal/process/task_queues:105:5
)
    at async Promise.all (index 1)
    at async C:\Users\park\leword-app\src\utils\pro-traffic-keyword-hunte
r.ts:1368:57
    at async Promise.all (index 2)
    at async fetchKeywordDataParallel (C:\Users\park\leword-app\src\utils
\pro-traffic-keyword-hunter.ts:1419:26)
    at async fetchKeywordDataBatch (C:\Users\park\leword-app\src\utils\pr
o-traffic-keyword-hunter.ts:1500:3)
    at async withStepTimeout (C:\Users\park\leword-app\src\utils\pro-traf
fic-keyword-hunter.ts:1882:14)
    at async huntProTrafficKeywords (C:\Users\park\leword-app\src\utils\p
ro-traffic-keyword-hunter.ts:2851:3)
    at async runQualityBenchmark (C:\Users\park\leword-app\test-quality-b
enchmark.ts:44:35)
[MDP-SERP] "주식분석" 신호 분석 실패: Error: SERP 접근 실패
    at getNaverSerpSignal (C:\Users\park\leword-app\src\utils\naver-serp-
signal-api.ts:18:33)
    at processTicksAndRejections (node:internal/process/task_queues:105:5
)
    at async Promise.all (index 1)
    at async C:\Users\park\leword-app\src\utils\pro-traffic-keyword-hunte
r.ts:1368:57
    at async Promise.all (index 4)
    at async fetchKeywordDataParallel (C:\Users\park\leword-app\src\utils
\pro-traffic-keyword-hunter.ts:1419:26)
    at async fetchKeywordDataBatch (C:\Users\park\leword-app\src\utils\pr
o-traffic-keyword-hunter.ts:1500:3)
    at async withStepTimeout (C:\Users\park\leword-app\src\utils\pro-traf
fic-keyword-hunter.ts:1882:14)
    at async huntProTrafficKeywords (C:\Users\park\leword-app\src\utils\p
ro-traffic-keyword-hunter.ts:2851:3)
    at async runQualityBenchmark (C:\Users\park\leword-app\test-quality-b
enchmark.ts:44:35)
[MDP-SERP] "주식사는법" 신호 분석 실패: Error: SERP 접근 실패
    at getNaverSerpSignal (C:\Users\park\leword-app\src\utils\naver-serp-
signal-api.ts:18:33)
    at processTicksAndRejections (node:internal/process/task_queues:105:5
)
    at async Promise.all (index 1)
    at async C:\Users\park\leword-app\src\utils\pro-traffic-keyword-hunte
r.ts:1368:57
    at async Promise.all (index 0)
    at async fetchKeywordDataParallel (C:\Users\park\leword-app\src\utils
\pro-traffic-keyword-hunter.ts:1419:26)
    at async fetchKeywordDataBatch (C:\Users\park\leword-app\src\utils\pr
o-traffic-keyword-hunter.ts:1500:3)
    at async withStepTimeout (C:\Users\park\leword-app\src\utils\pro-traf
fic-keyword-hunter.ts:1882:14)
    at async huntProTrafficKeywords (C:\Users\park\leword-app\src\utils\p
ro-traffic-keyword-hunter.ts:2851:3)
    at async runQualityBenchmark (C:\Users\park\leword-app\test-quality-b
enchmark.ts:44:35)
[MDP-SERP] "매일경제신문" 신호 분석 실패: Error: SERP 접근 실패
    at getNaverSerpSignal (C:\Users\park\leword-app\src\utils\naver-serp-
signal-api.ts:18:33)
    at processTicksAndRejections (node:internal/process/task_queues:105:5
)
    at async Promise.all (index 1)
    at async C:\Users\park\leword-app\src\utils\pro-traffic-keyword-hunte
r.ts:1368:57
    at async Promise.all (index 3)
    at async fetchKeywordDataParallel (C:\Users\park\leword-app\src\utils
\pro-traffic-keyword-hunter.ts:1419:26)
    at async fetchKeywordDataBatch (C:\Users\park\leword-app\src\utils\pr
o-traffic-keyword-hunter.ts:1500:3)
    at async withStepTimeout (C:\Users\park\leword-app\src\utils\pro-traf
fic-keyword-hunter.ts:1882:14)
    at async huntProTrafficKeywords (C:\Users\park\leword-app\src\utils\p
ro-traffic-keyword-hunter.ts:2851:3)
    at async runQualityBenchmark (C:\Users\park\leword-app\test-quality-b
enchmark.ts:44:35)
[API-PARALLEL] 📊 배치 2/11 (18%) - 5개 키워드
[MDP-SERP] "매일경제구독" 신호 분석 실패: Error: SERP 접근 실패
    at getNaverSerpSignal (C:\Users\park\leword-app\src\utils\naver-serp-
signal-api.ts:18:33)
    at processTicksAndRejections (node:internal/process/task_queues:105:5
)
    at async Promise.all (index 1)
    at async C:\Users\park\leword-app\src\utils\pro-traffic-keyword-hunte
r.ts:1368:57
    at async Promise.all (index 2)
    at async fetchKeywordDataParallel (C:\Users\park\leword-app\src\utils
\pro-traffic-keyword-hunter.ts:1419:26)
    at async fetchKeywordDataBatch (C:\Users\park\leword-app\src\utils\pr
o-traffic-keyword-hunter.ts:1500:3)
    at async withStepTimeout (C:\Users\park\leword-app\src\utils\pro-traf
fic-keyword-hunter.ts:1882:14)
    at async huntProTrafficKeywords (C:\Users\park\leword-app\src\utils\p
ro-traffic-keyword-hunter.ts:2851:3)
    at async runQualityBenchmark (C:\Users\park\leword-app\test-quality-b
enchmark.ts:44:35)
[MDP-SERP] "경제신문" 신호 분석 실패: Error: SERP 접근 실패
    at getNaverSerpSignal (C:\Users\park\leword-app\src\utils\naver-serp-
signal-api.ts:18:33)
    at processTicksAndRejections (node:internal/process/task_queues:105:5
)
    at async Promise.all (index 1)
    at async C:\Users\park\leword-app\src\utils\pro-traffic-keyword-hunte
r.ts:1368:57
    at async Promise.all (index 1)
    at async fetchKeywordDataParallel (C:\Users\park\leword-app\src\utils
\pro-traffic-keyword-hunter.ts:1419:26)
    at async fetchKeywordDataBatch (C:\Users\park\leword-app\src\utils\pr
o-traffic-keyword-hunter.ts:1500:3)
    at async withStepTimeout (C:\Users\park\leword-app\src\utils\pro-traf
fic-keyword-hunter.ts:1882:14)
    at async huntProTrafficKeywords (C:\Users\park\leword-app\src\utils\p
ro-traffic-keyword-hunter.ts:2851:3)
    at async runQualityBenchmark (C:\Users\park\leword-app\test-quality-b
enchmark.ts:44:35)
[MDP-SERP] "소자본창업" 신호 분석 실패: Error: SERP 접근 실패
    at getNaverSerpSignal (C:\Users\park\leword-app\src\utils\naver-serp-
signal-api.ts:18:33)
    at processTicksAndRejections (node:internal/process/task_queues:105:5
)
    at async Promise.all (index 1)
    at async C:\Users\park\leword-app\src\utils\pro-traffic-keyword-hunte
r.ts:1368:57
    at async Promise.all (index 4)
    at async fetchKeywordDataParallel (C:\Users\park\leword-app\src\utils
\pro-traffic-keyword-hunter.ts:1419:26)
    at async fetchKeywordDataBatch (C:\Users\park\leword-app\src\utils\pr
o-traffic-keyword-hunter.ts:1500:3)
    at async withStepTimeout (C:\Users\park\leword-app\src\utils\pro-traf
fic-keyword-hunter.ts:1882:14)
    at async huntProTrafficKeywords (C:\Users\park\leword-app\src\utils\p
ro-traffic-keyword-hunter.ts:2851:3)
    at async runQualityBenchmark (C:\Users\park\leword-app\test-quality-b
enchmark.ts:44:35)
[MDP-SERP] "무인창업" 신호 분석 실패: Error: SERP 접근 실패
    at getNaverSerpSignal (C:\Users\park\leword-app\src\utils\naver-serp-
signal-api.ts:18:33)
    at processTicksAndRejections (node:internal/process/task_queues:105:5
)
    at async Promise.all (index 1)
    at async C:\Users\park\leword-app\src\utils\pro-traffic-keyword-hunte
r.ts:1368:57
    at async Promise.all (index 3)
    at async fetchKeywordDataParallel (C:\Users\park\leword-app\src\utils
\pro-traffic-keyword-hunter.ts:1419:26)
    at async fetchKeywordDataBatch (C:\Users\park\leword-app\src\utils\pr
o-traffic-keyword-hunter.ts:1500:3)
    at async withStepTimeout (C:\Users\park\leword-app\src\utils\pro-traf
fic-keyword-hunter.ts:1882:14)
    at async huntProTrafficKeywords (C:\Users\park\leword-app\src\utils\p
ro-traffic-keyword-hunter.ts:2851:3)
    at async runQualityBenchmark (C:\Users\park\leword-app\test-quality-b
enchmark.ts:44:35)
[MDP-SERP] "매일경제신문구독" 신호 분석 실패: Error: SERP 접근 실패
    at getNaverSerpSignal (C:\Users\park\leword-app\src\utils\naver-serp-
signal-api.ts:18:33)
    at processTicksAndRejections (node:internal/process/task_queues:105:5
)
    at async Promise.all (index 1)
    at async C:\Users\park\leword-app\src\utils\pro-traffic-keyword-hunte
r.ts:1368:57
    at async Promise.all (index 0)
    at async fetchKeywordDataParallel (C:\Users\park\leword-app\src\utils
\pro-traffic-keyword-hunter.ts:1419:26)
    at async fetchKeywordDataBatch (C:\Users\park\leword-app\src\utils\pr
o-traffic-keyword-hunter.ts:1500:3)
    at async withStepTimeout (C:\Users\park\leword-app\src\utils\pro-traf
fic-keyword-hunter.ts:1882:14)
    at async huntProTrafficKeywords (C:\Users\park\leword-app\src\utils\p
ro-traffic-keyword-hunter.ts:2851:3)
    at async runQualityBenchmark (C:\Users\park\leword-app\test-quality-b
enchmark.ts:44:35)
[API-PARALLEL] 📊 배치 3/11 (27%) - 5개 키워드
[MDP-SERP] "청년창업" 신호 분석 실패: Error: SERP 접근 실패
    at getNaverSerpSignal (C:\Users\park\leword-app\src\utils\naver-serp-
signal-api.ts:18:33)
    at processTicksAndRejections (node:internal/process/task_queues:105:5
)
    at async Promise.all (index 1)
    at async C:\Users\park\leword-app\src\utils\pro-traffic-keyword-hunte
r.ts:1368:57
    at async Promise.all (index 4)
    at async fetchKeywordDataParallel (C:\Users\park\leword-app\src\utils
\pro-traffic-keyword-hunter.ts:1419:26)
    at async fetchKeywordDataBatch (C:\Users\park\leword-app\src\utils\pr
o-traffic-keyword-hunter.ts:1500:3)
    at async withStepTimeout (C:\Users\park\leword-app\src\utils\pro-traf
fic-keyword-hunter.ts:1882:14)
    at async huntProTrafficKeywords (C:\Users\park\leword-app\src\utils\p
ro-traffic-keyword-hunter.ts:2851:3)
    at async runQualityBenchmark (C:\Users\park\leword-app\test-quality-b
enchmark.ts:44:35)
[MDP-SERP] "프랜차이즈창업" 신호 분석 실패: Error: SERP 접근 실패
    at getNaverSerpSignal (C:\Users\park\leword-app\src\utils\naver-serp-
signal-api.ts:18:33)
    at processTicksAndRejections (node:internal/process/task_queues:105:5
)
    at async Promise.all (index 1)
    at async C:\Users\park\leword-app\src\utils\pro-traffic-keyword-hunte
r.ts:1368:57
    at async Promise.all (index 2)
    at async fetchKeywordDataParallel (C:\Users\park\leword-app\src\utils
\pro-traffic-keyword-hunter.ts:1419:26)
    at async fetchKeywordDataBatch (C:\Users\park\leword-app\src\utils\pr
o-traffic-keyword-hunter.ts:1500:3)
    at async withStepTimeout (C:\Users\park\leword-app\src\utils\pro-traf
fic-keyword-hunter.ts:1882:14)
    at async huntProTrafficKeywords (C:\Users\park\leword-app\src\utils\p
ro-traffic-keyword-hunter.ts:2851:3)
    at async runQualityBenchmark (C:\Users\park\leword-app\test-quality-b
enchmark.ts:44:35)
[MDP-SERP] "창업박람회" 신호 분석 실패: Error: SERP 접근 실패
    at getNaverSerpSignal (C:\Users\park\leword-app\src\utils\naver-serp-
signal-api.ts:18:33)
    at processTicksAndRejections (node:internal/process/task_queues:105:5
)
    at async Promise.all (index 1)
    at async C:\Users\park\leword-app\src\utils\pro-traffic-keyword-hunte
r.ts:1368:57
    at async Promise.all (index 3)
    at async fetchKeywordDataParallel (C:\Users\park\leword-app\src\utils
\pro-traffic-keyword-hunter.ts:1419:26)
    at async fetchKeywordDataBatch (C:\Users\park\leword-app\src\utils\pr
o-traffic-keyword-hunter.ts:1500:3)
    at async withStepTimeout (C:\Users\park\leword-app\src\utils\pro-traf
fic-keyword-hunter.ts:1882:14)
    at async huntProTrafficKeywords (C:\Users\park\leword-app\src\utils\p
ro-traffic-keyword-hunter.ts:2851:3)
    at async runQualityBenchmark (C:\Users\park\leword-app\test-quality-b
enchmark.ts:44:35)
[MDP-SERP] "창업대출" 신호 분석 실패: Error: SERP 접근 실패
    at getNaverSerpSignal (C:\Users\park\leword-app\src\utils\naver-serp-
signal-api.ts:18:33)
    at processTicksAndRejections (node:internal/process/task_queues:105:5
)
    at async Promise.all (index 1)
    at async C:\Users\park\leword-app\src\utils\pro-traffic-keyword-hunte
r.ts:1368:57
    at async Promise.all (index 1)
    at async fetchKeywordDataParallel (C:\Users\park\leword-app\src\utils
\pro-traffic-keyword-hunter.ts:1419:26)
    at async fetchKeywordDataBatch (C:\Users\park\leword-app\src\utils\pr
o-traffic-keyword-hunter.ts:1500:3)
    at async withStepTimeout (C:\Users\park\leword-app\src\utils\pro-traf
fic-keyword-hunter.ts:1882:14)
    at async huntProTrafficKeywords (C:\Users\park\leword-app\src\utils\p
ro-traffic-keyword-hunter.ts:2851:3)
    at async runQualityBenchmark (C:\Users\park\leword-app\test-quality-b
enchmark.ts:44:35)
[MDP-SERP] "창업지원금" 신호 분석 실패: Error: SERP 접근 실패
    at getNaverSerpSignal (C:\Users\park\leword-app\src\utils\naver-serp-
signal-api.ts:18:33)
    at processTicksAndRejections (node:internal/process/task_queues:105:5
)
    at async Promise.all (index 1)
    at async C:\Users\park\leword-app\src\utils\pro-traffic-keyword-hunte
r.ts:1368:57
    at async Promise.all (index 0)
    at async fetchKeywordDataParallel (C:\Users\park\leword-app\src\utils
\pro-traffic-keyword-hunter.ts:1419:26)
    at async fetchKeywordDataBatch (C:\Users\park\leword-app\src\utils\pr
o-traffic-keyword-hunter.ts:1500:3)
    at async withStepTimeout (C:\Users\park\leword-app\src\utils\pro-traf
fic-keyword-hunter.ts:1882:14)
    at async huntProTrafficKeywords (C:\Users\park\leword-app\src\utils\p
ro-traffic-keyword-hunter.ts:2851:3)
    at async runQualityBenchmark (C:\Users\park\leword-app\test-quality-b
enchmark.ts:44:35)
[API-PARALLEL] 📊 배치 4/11 (36%) - 5개 키워드
[MDP-SERP] "연말정산하는법" 신호 분석 실패: Error: SERP 접근 실패
    at getNaverSerpSignal (C:\Users\park\leword-app\src\utils\naver-serp-
signal-api.ts:18:33)
    at processTicksAndRejections (node:internal/process/task_queues:105:5
)
    at async Promise.all (index 1)
    at async C:\Users\park\leword-app\src\utils\pro-traffic-keyword-hunte
r.ts:1368:57
    at async Promise.all (index 4)
    at async fetchKeywordDataParallel (C:\Users\park\leword-app\src\utils
\pro-traffic-keyword-hunter.ts:1419:26)
    at async fetchKeywordDataBatch (C:\Users\park\leword-app\src\utils\pr
o-traffic-keyword-hunter.ts:1500:3)
    at async withStepTimeout (C:\Users\park\leword-app\src\utils\pro-traf
fic-keyword-hunter.ts:1882:14)
    at async huntProTrafficKeywords (C:\Users\park\leword-app\src\utils\p
ro-traffic-keyword-hunter.ts:2851:3)
    at async runQualityBenchmark (C:\Users\park\leword-app\test-quality-b
enchmark.ts:44:35)
[MDP-SERP] "연말정산모의계산" 신호 분석 실패: Error: SERP 접근 실패
    at getNaverSerpSignal (C:\Users\park\leword-app\src\utils\naver-serp-
signal-api.ts:18:33)
    at processTicksAndRejections (node:internal/process/task_queues:105:5
)
    at async Promise.all (index 1)
    at async C:\Users\park\leword-app\src\utils\pro-traffic-keyword-hunte
r.ts:1368:57
    at async Promise.all (index 2)
    at async fetchKeywordDataParallel (C:\Users\park\leword-app\src\utils
\pro-traffic-keyword-hunter.ts:1419:26)
    at async fetchKeywordDataBatch (C:\Users\park\leword-app\src\utils\pr
o-traffic-keyword-hunter.ts:1500:3)
    at async withStepTimeout (C:\Users\park\leword-app\src\utils\pro-traf
fic-keyword-hunter.ts:1882:14)
    at async huntProTrafficKeywords (C:\Users\park\leword-app\src\utils\p
ro-traffic-keyword-hunter.ts:2851:3)
    at async runQualityBenchmark (C:\Users\park\leword-app\test-quality-b
enchmark.ts:44:35)
[MDP-SERP] "경제" 신호 분석 실패: Error: SERP 접근 실패
    at getNaverSerpSignal (C:\Users\park\leword-app\src\utils\naver-serp-
signal-api.ts:18:33)
    at processTicksAndRejections (node:internal/process/task_queues:105:5
)
    at async Promise.all (index 1)
    at async C:\Users\park\leword-app\src\utils\pro-traffic-keyword-hunte
r.ts:1368:57
    at async Promise.all (index 1)
    at async fetchKeywordDataParallel (C:\Users\park\leword-app\src\utils
\pro-traffic-keyword-hunter.ts:1419:26)
    at async fetchKeywordDataBatch (C:\Users\park\leword-app\src\utils\pr
o-traffic-keyword-hunter.ts:1500:3)
    at async withStepTimeout (C:\Users\park\leword-app\src\utils\pro-traf
fic-keyword-hunter.ts:1882:14)
    at async huntProTrafficKeywords (C:\Users\park\leword-app\src\utils\p
ro-traffic-keyword-hunter.ts:2851:3)
    at async runQualityBenchmark (C:\Users\park\leword-app\test-quality-b
enchmark.ts:44:35)
[MDP-SERP] "연말정산환급금조회" 신호 분석 실패: Error: SERP 접근 실패
    at getNaverSerpSignal (C:\Users\park\leword-app\src\utils\naver-serp-
signal-api.ts:18:33)
    at processTicksAndRejections (node:internal/process/task_queues:105:5
)
    at async Promise.all (index 1)
    at async C:\Users\park\leword-app\src\utils\pro-traffic-keyword-hunte
r.ts:1368:57
    at async Promise.all (index 3)
    at async fetchKeywordDataParallel (C:\Users\park\leword-app\src\utils
\pro-traffic-keyword-hunter.ts:1419:26)
    at async fetchKeywordDataBatch (C:\Users\park\leword-app\src\utils\pr
o-traffic-keyword-hunter.ts:1500:3)
    at async withStepTimeout (C:\Users\park\leword-app\src\utils\pro-traf
fic-keyword-hunter.ts:1882:14)
    at async huntProTrafficKeywords (C:\Users\park\leword-app\src\utils\p
ro-traffic-keyword-hunter.ts:2851:3)
    at async runQualityBenchmark (C:\Users\park\leword-app\test-quality-b
enchmark.ts:44:35)
[MDP-SERP] "초기창업패키지" 신호 분석 실패: Error: SERP 접근 실패
    at getNaverSerpSignal (C:\Users\park\leword-app\src\utils\naver-serp-
signal-api.ts:18:33)
    at processTicksAndRejections (node:internal/process/task_queues:105:5
)
    at async Promise.all (index 1)
    at async C:\Users\park\leword-app\src\utils\pro-traffic-keyword-hunte
r.ts:1368:57
    at async Promise.all (index 0)
    at async fetchKeywordDataParallel (C:\Users\park\leword-app\src\utils
\pro-traffic-keyword-hunter.ts:1419:26)
    at async fetchKeywordDataBatch (C:\Users\park\leword-app\src\utils\pr
o-traffic-keyword-hunter.ts:1500:3)
    at async withStepTimeout (C:\Users\park\leword-app\src\utils\pro-traf
fic-keyword-hunter.ts:1882:14)
    at async huntProTrafficKeywords (C:\Users\park\leword-app\src\utils\p
ro-traffic-keyword-hunter.ts:2851:3)
    at async runQualityBenchmark (C:\Users\park\leword-app\test-quality-b
enchmark.ts:44:35)
[API-PARALLEL] 📊 배치 5/11 (45%) - 5개 키워드
[MDP-SERP] "근로소득원천징수영수증" 신호 분석 실패: Error: SERP 접근 실패
    at getNaverSerpSignal (C:\Users\park\leword-app\src\utils\naver-serp-
signal-api.ts:18:33)
    at processTicksAndRejections (node:internal/process/task_queues:105:5
)
    at async Promise.all (index 1)
    at async C:\Users\park\leword-app\src\utils\pro-traffic-keyword-hunte
r.ts:1368:57
    at async Promise.all (index 1)
    at async fetchKeywordDataParallel (C:\Users\park\leword-app\src\utils
\pro-traffic-keyword-hunter.ts:1419:26)
    at async fetchKeywordDataBatch (C:\Users\park\leword-app\src\utils\pr
o-traffic-keyword-hunter.ts:1500:3)
    at async withStepTimeout (C:\Users\park\leword-app\src\utils\pro-traf
fic-keyword-hunter.ts:1882:14)
    at async huntProTrafficKeywords (C:\Users\park\leword-app\src\utils\p
ro-traffic-keyword-hunter.ts:2851:3)
    at async runQualityBenchmark (C:\Users\park\leword-app\test-quality-b
enchmark.ts:44:35)
[MDP-SERP] "퇴직금중간정산" 신호 분석 실패: Error: SERP 접근 실패
    at getNaverSerpSignal (C:\Users\park\leword-app\src\utils\naver-serp-
signal-api.ts:18:33)
    at processTicksAndRejections (node:internal/process/task_queues:105:5
)
    at async Promise.all (index 1)
    at async C:\Users\park\leword-app\src\utils\pro-traffic-keyword-hunte
r.ts:1368:57
    at async Promise.all (index 2)
    at async fetchKeywordDataParallel (C:\Users\park\leword-app\src\utils
\pro-traffic-keyword-hunter.ts:1419:26)
    at async fetchKeywordDataBatch (C:\Users\park\leword-app\src\utils\pr
o-traffic-keyword-hunter.ts:1500:3)
    at async withStepTimeout (C:\Users\park\leword-app\src\utils\pro-traf
fic-keyword-hunter.ts:1882:14)
    at async huntProTrafficKeywords (C:\Users\park\leword-app\src\utils\p
ro-traffic-keyword-hunter.ts:2851:3)
    at async runQualityBenchmark (C:\Users\park\leword-app\test-quality-b
enchmark.ts:44:35)
[MDP-SERP] "종합소득세세율" 신호 분석 실패: Error: SERP 접근 실패
    at getNaverSerpSignal (C:\Users\park\leword-app\src\utils\naver-serp-
signal-api.ts:18:33)
    at processTicksAndRejections (node:internal/process/task_queues:105:5
)
    at async Promise.all (index 1)
    at async C:\Users\park\leword-app\src\utils\pro-traffic-keyword-hunte
r.ts:1368:57
    at async Promise.all (index 4)
    at async fetchKeywordDataParallel (C:\Users\park\leword-app\src\utils
\pro-traffic-keyword-hunter.ts:1419:26)
    at async fetchKeywordDataBatch (C:\Users\park\leword-app\src\utils\pr
o-traffic-keyword-hunter.ts:1500:3)
    at async withStepTimeout (C:\Users\park\leword-app\src\utils\pro-traf
fic-keyword-hunter.ts:1882:14)
    at async huntProTrafficKeywords (C:\Users\park\leword-app\src\utils\p
ro-traffic-keyword-hunter.ts:2851:3)
    at async runQualityBenchmark (C:\Users\park\leword-app\test-quality-b
enchmark.ts:44:35)
[MDP-SERP] "연말정산간소화서비스" 신호 분석 실패: Error: SERP 접근 실패
    at getNaverSerpSignal (C:\Users\park\leword-app\src\utils\naver-serp-
signal-api.ts:18:33)
    at processTicksAndRejections (node:internal/process/task_queues:105:5
)
    at async Promise.all (index 1)
    at async C:\Users\park\leword-app\src\utils\pro-traffic-keyword-hunte
r.ts:1368:57
    at async Promise.all (index 0)
    at async fetchKeywordDataParallel (C:\Users\park\leword-app\src\utils
\pro-traffic-keyword-hunter.ts:1419:26)
    at async fetchKeywordDataBatch (C:\Users\park\leword-app\src\utils\pr
o-traffic-keyword-hunter.ts:1500:3)
    at async withStepTimeout (C:\Users\park\leword-app\src\utils\pro-traf
fic-keyword-hunter.ts:1882:14)
    at async huntProTrafficKeywords (C:\Users\park\leword-app\src\utils\p
ro-traffic-keyword-hunter.ts:2851:3)
    at async runQualityBenchmark (C:\Users\park\leword-app\test-quality-b
enchmark.ts:44:35)
[MDP-SERP] "종합소득세율" 신호 분석 실패: Error: SERP 접근 실패
    at getNaverSerpSignal (C:\Users\park\leword-app\src\utils\naver-serp-
signal-api.ts:18:33)
    at processTicksAndRejections (node:internal/process/task_queues:105:5
)
    at async Promise.all (index 1)
    at async C:\Users\park\leword-app\src\utils\pro-traffic-keyword-hunte
r.ts:1368:57
    at async Promise.all (index 3)
    at async fetchKeywordDataParallel (C:\Users\park\leword-app\src\utils
\pro-traffic-keyword-hunter.ts:1419:26)
    at async fetchKeywordDataBatch (C:\Users\park\leword-app\src\utils\pr
o-traffic-keyword-hunter.ts:1500:3)
    at async withStepTimeout (C:\Users\park\leword-app\src\utils\pro-traf
fic-keyword-hunter.ts:1882:14)
    at async huntProTrafficKeywords (C:\Users\park\leword-app\src\utils\p
ro-traffic-keyword-hunter.ts:2851:3)
    at async runQualityBenchmark (C:\Users\park\leword-app\test-quality-b
enchmark.ts:44:35)
[API-PARALLEL] 📊 배치 6/11 (55%) - 5개 키워드
[MDP-SERP] "연말정산소득공제" 신호 분석 실패: Error: SERP 접근 실패
    at getNaverSerpSignal (C:\Users\park\leword-app\src\utils\naver-serp-
signal-api.ts:18:33)
    at processTicksAndRejections (node:internal/process/task_queues:105:5
)
    at async Promise.all (index 1)
    at async C:\Users\park\leword-app\src\utils\pro-traffic-keyword-hunte
r.ts:1368:57
    at async Promise.all (index 0)
    at async fetchKeywordDataParallel (C:\Users\park\leword-app\src\utils
\pro-traffic-keyword-hunter.ts:1419:26)
    at async fetchKeywordDataBatch (C:\Users\park\leword-app\src\utils\pr
o-traffic-keyword-hunter.ts:1500:3)
    at async withStepTimeout (C:\Users\park\leword-app\src\utils\pro-traf
fic-keyword-hunter.ts:1882:14)
    at async huntProTrafficKeywords (C:\Users\park\leword-app\src\utils\p
ro-traffic-keyword-hunter.ts:2851:3)
    at async runQualityBenchmark (C:\Users\park\leword-app\test-quality-b
enchmark.ts:44:35)
[MDP-SERP] "종합소득세신고" 신호 분석 실패: Error: SERP 접근 실패
    at getNaverSerpSignal (C:\Users\park\leword-app\src\utils\naver-serp-
signal-api.ts:18:33)
    at processTicksAndRejections (node:internal/process/task_queues:105:5
)
    at async Promise.all (index 1)
    at async C:\Users\park\leword-app\src\utils\pro-traffic-keyword-hunte
r.ts:1368:57
    at async Promise.all (index 4)
    at async fetchKeywordDataParallel (C:\Users\park\leword-app\src\utils
\pro-traffic-keyword-hunter.ts:1419:26)
    at async fetchKeywordDataBatch (C:\Users\park\leword-app\src\utils\pr
o-traffic-keyword-hunter.ts:1500:3)
    at async withStepTimeout (C:\Users\park\leword-app\src\utils\pro-traf
fic-keyword-hunter.ts:1882:14)
    at async huntProTrafficKeywords (C:\Users\park\leword-app\src\utils\p
ro-traffic-keyword-hunter.ts:2851:3)
    at async runQualityBenchmark (C:\Users\park\leword-app\test-quality-b
enchmark.ts:44:35)
[MDP-SERP] "미국주식세금" 신호 분석 실패: Error: SERP 접근 실패
    at getNaverSerpSignal (C:\Users\park\leword-app\src\utils\naver-serp-
signal-api.ts:18:33)
    at processTicksAndRejections (node:internal/process/task_queues:105:5
)
    at async Promise.all (index 1)
    at async C:\Users\park\leword-app\src\utils\pro-traffic-keyword-hunte
r.ts:1368:57
    at async Promise.all (index 1)
    at async fetchKeywordDataParallel (C:\Users\park\leword-app\src\utils
\pro-traffic-keyword-hunter.ts:1419:26)
    at async fetchKeywordDataBatch (C:\Users\park\leword-app\src\utils\pr
o-traffic-keyword-hunter.ts:1500:3)
    at async withStepTimeout (C:\Users\park\leword-app\src\utils\pro-traf
fic-keyword-hunter.ts:1882:14)
    at async huntProTrafficKeywords (C:\Users\park\leword-app\src\utils\p
ro-traffic-keyword-hunter.ts:2851:3)
    at async runQualityBenchmark (C:\Users\park\leword-app\test-quality-b
enchmark.ts:44:35)
[MDP-SERP] "연말정산간소화" 신호 분석 실패: Error: SERP 접근 실패
    at getNaverSerpSignal (C:\Users\park\leword-app\src\utils\naver-serp-
signal-api.ts:18:33)
    at processTicksAndRejections (node:internal/process/task_queues:105:5
)
    at async Promise.all (index 1)
    at async C:\Users\park\leword-app\src\utils\pro-traffic-keyword-hunte
r.ts:1368:57
    at async Promise.all (index 2)
    at async fetchKeywordDataParallel (C:\Users\park\leword-app\src\utils
\pro-traffic-keyword-hunter.ts:1419:26)
    at async fetchKeywordDataBatch (C:\Users\park\leword-app\src\utils\pr
o-traffic-keyword-hunter.ts:1500:3)
    at async withStepTimeout (C:\Users\park\leword-app\src\utils\pro-traf
fic-keyword-hunter.ts:1882:14)
    at async huntProTrafficKeywords (C:\Users\park\leword-app\src\utils\p
ro-traffic-keyword-hunter.ts:2851:3)
    at async runQualityBenchmark (C:\Users\park\leword-app\test-quality-b
enchmark.ts:44:35)
[MDP-SERP] "로또세금" 신호 분석 실패: Error: SERP 접근 실패
    at getNaverSerpSignal (C:\Users\park\leword-app\src\utils\naver-serp-
signal-api.ts:18:33)
    at processTicksAndRejections (node:internal/process/task_queues:105:5
)
    at async Promise.all (index 1)
    at async C:\Users\park\leword-app\src\utils\pro-traffic-keyword-hunte
r.ts:1368:57
    at async Promise.all (index 3)
    at async fetchKeywordDataParallel (C:\Users\park\leword-app\src\utils
\pro-traffic-keyword-hunter.ts:1419:26)
    at async fetchKeywordDataBatch (C:\Users\park\leword-app\src\utils\pr
o-traffic-keyword-hunter.ts:1500:3)
    at async withStepTimeout (C:\Users\park\leword-app\src\utils\pro-traf
fic-keyword-hunter.ts:1882:14)
    at async huntProTrafficKeywords (C:\Users\park\leword-app\src\utils\p
ro-traffic-keyword-hunter.ts:2851:3)
    at async runQualityBenchmark (C:\Users\park\leword-app\test-quality-b
enchmark.ts:44:35)
[API-PARALLEL] 📊 배치 7/11 (64%) - 5개 키워드
[MDP-SERP] "공사정산서" 신호 분석 실패: Error: SERP 접근 실패
    at getNaverSerpSignal (C:\Users\park\leword-app\src\utils\naver-serp-
signal-api.ts:18:33)
    at processTicksAndRejections (node:internal/process/task_queues:105:5
)
    at async Promise.all (index 1)
    at async C:\Users\park\leword-app\src\utils\pro-traffic-keyword-hunte
r.ts:1368:57
    at async Promise.all (index 3)
    at async fetchKeywordDataParallel (C:\Users\park\leword-app\src\utils
\pro-traffic-keyword-hunter.ts:1419:26)
    at async fetchKeywordDataBatch (C:\Users\park\leword-app\src\utils\pr
o-traffic-keyword-hunter.ts:1500:3)
    at async withStepTimeout (C:\Users\park\leword-app\src\utils\pro-traf
fic-keyword-hunter.ts:1882:14)
    at async huntProTrafficKeywords (C:\Users\park\leword-app\src\utils\p
ro-traffic-keyword-hunter.ts:2851:3)
    at async runQualityBenchmark (C:\Users\park\leword-app\test-quality-b
enchmark.ts:44:35)
[MDP-SERP] "정산서" 신호 분석 실패: Error: SERP 접근 실패
    at getNaverSerpSignal (C:\Users\park\leword-app\src\utils\naver-serp-
signal-api.ts:18:33)
    at processTicksAndRejections (node:internal/process/task_queues:105:5
)
    at async Promise.all (index 1)
    at async C:\Users\park\leword-app\src\utils\pro-traffic-keyword-hunte
r.ts:1368:57
    at async Promise.all (index 0)
    at async fetchKeywordDataParallel (C:\Users\park\leword-app\src\utils
\pro-traffic-keyword-hunter.ts:1419:26)
    at async fetchKeywordDataBatch (C:\Users\park\leword-app\src\utils\pr
o-traffic-keyword-hunter.ts:1500:3)
    at async withStepTimeout (C:\Users\park\leword-app\src\utils\pro-traf
fic-keyword-hunter.ts:1882:14)
    at async huntProTrafficKeywords (C:\Users\park\leword-app\src\utils\p
ro-traffic-keyword-hunter.ts:2851:3)
    at async runQualityBenchmark (C:\Users\park\leword-app\test-quality-b
enchmark.ts:44:35)
[MDP-SERP] "연말정산서식" 신호 분석 실패: Error: SERP 접근 실패
    at getNaverSerpSignal (C:\Users\park\leword-app\src\utils\naver-serp-
signal-api.ts:18:33)
    at processTicksAndRejections (node:internal/process/task_queues:105:5
)
    at async Promise.all (index 1)
    at async C:\Users\park\leword-app\src\utils\pro-traffic-keyword-hunte
r.ts:1368:57
    at async Promise.all (index 2)
    at async fetchKeywordDataParallel (C:\Users\park\leword-app\src\utils
\pro-traffic-keyword-hunter.ts:1419:26)
    at async fetchKeywordDataBatch (C:\Users\park\leword-app\src\utils\pr
o-traffic-keyword-hunter.ts:1500:3)
    at async withStepTimeout (C:\Users\park\leword-app\src\utils\pro-traf
fic-keyword-hunter.ts:1882:14)
    at async huntProTrafficKeywords (C:\Users\park\leword-app\src\utils\p
ro-traffic-keyword-hunter.ts:2851:3)
    at async runQualityBenchmark (C:\Users\park\leword-app\test-quality-b
enchmark.ts:44:35)
[MDP-SERP] "정산서양식" 신호 분석 실패: Error: SERP 접근 실패
    at getNaverSerpSignal (C:\Users\park\leword-app\src\utils\naver-serp-
signal-api.ts:18:33)
    at processTicksAndRejections (node:internal/process/task_queues:105:5
)
    at async Promise.all (index 1)
    at async C:\Users\park\leword-app\src\utils\pro-traffic-keyword-hunte
r.ts:1368:57
    at async Promise.all (index 1)
    at async fetchKeywordDataParallel (C:\Users\park\leword-app\src\utils
\pro-traffic-keyword-hunter.ts:1419:26)
    at async fetchKeywordDataBatch (C:\Users\park\leword-app\src\utils\pr
o-traffic-keyword-hunter.ts:1500:3)
    at async withStepTimeout (C:\Users\park\leword-app\src\utils\pro-traf
fic-keyword-hunter.ts:1882:14)
    at async huntProTrafficKeywords (C:\Users\park\leword-app\src\utils\p
ro-traffic-keyword-hunter.ts:2851:3)
    at async runQualityBenchmark (C:\Users\park\leword-app\test-quality-b
enchmark.ts:44:35)
[MDP-SERP] "선급금정산서" 신호 분석 실패: Error: SERP 접근 실패
    at getNaverSerpSignal (C:\Users\park\leword-app\src\utils\naver-serp-
signal-api.ts:18:33)
    at processTicksAndRejections (node:internal/process/task_queues:105:5
)
    at async Promise.all (index 1)
    at async C:\Users\park\leword-app\src\utils\pro-traffic-keyword-hunte
r.ts:1368:57
    at async Promise.all (index 4)
    at async fetchKeywordDataParallel (C:\Users\park\leword-app\src\utils
\pro-traffic-keyword-hunter.ts:1419:26)
    at async fetchKeywordDataBatch (C:\Users\park\leword-app\src\utils\pr
o-traffic-keyword-hunter.ts:1500:3)
    at async withStepTimeout (C:\Users\park\leword-app\src\utils\pro-traf
fic-keyword-hunter.ts:1882:14)
    at async huntProTrafficKeywords (C:\Users\park\leword-app\src\utils\p
ro-traffic-keyword-hunter.ts:2851:3)
    at async runQualityBenchmark (C:\Users\park\leword-app\test-quality-b
enchmark.ts:44:35)
[API-PARALLEL] 📊 배치 8/11 (73%) - 5개 키워드
[MDP-SERP] "공사비정산서" 신호 분석 실패: Error: SERP 접근 실패
    at getNaverSerpSignal (C:\Users\park\leword-app\src\utils\naver-serp-
signal-api.ts:18:33)
    at processTicksAndRejections (node:internal/process/task_queues:105:5
)
    at async Promise.all (index 1)
    at async C:\Users\park\leword-app\src\utils\pro-traffic-keyword-hunte
r.ts:1368:57
    at async Promise.all (index 0)
    at async fetchKeywordDataParallel (C:\Users\park\leword-app\src\utils
\pro-traffic-keyword-hunter.ts:1419:26)
    at async fetchKeywordDataBatch (C:\Users\park\leword-app\src\utils\pr
o-traffic-keyword-hunter.ts:1500:3)
    at async withStepTimeout (C:\Users\park\leword-app\src\utils\pro-traf
fic-keyword-hunter.ts:1882:14)
    at async huntProTrafficKeywords (C:\Users\park\leword-app\src\utils\p
ro-traffic-keyword-hunter.ts:2851:3)
    at async runQualityBenchmark (C:\Users\park\leword-app\test-quality-b
enchmark.ts:44:35)
[MDP-SERP] "퇴직금정산서식" 신호 분석 실패: Error: SERP 접근 실패
    at getNaverSerpSignal (C:\Users\park\leword-app\src\utils\naver-serp-
signal-api.ts:18:33)
    at processTicksAndRejections (node:internal/process/task_queues:105:5
)
    at async Promise.all (index 1)
    at async C:\Users\park\leword-app\src\utils\pro-traffic-keyword-hunte
r.ts:1368:57
    at async Promise.all (index 1)
    at async fetchKeywordDataParallel (C:\Users\park\leword-app\src\utils
\pro-traffic-keyword-hunter.ts:1419:26)
    at async fetchKeywordDataBatch (C:\Users\park\leword-app\src\utils\pr
o-traffic-keyword-hunter.ts:1500:3)
    at async withStepTimeout (C:\Users\park\leword-app\src\utils\pro-traf
fic-keyword-hunter.ts:1882:14)
    at async huntProTrafficKeywords (C:\Users\park\leword-app\src\utils\p
ro-traffic-keyword-hunter.ts:2851:3)
    at async runQualityBenchmark (C:\Users\park\leword-app\test-quality-b
enchmark.ts:44:35)
[MDP-SERP] "2026 지원금" 신호 분석 실패: Error: SERP 접근 실패
    at getNaverSerpSignal (C:\Users\park\leword-app\src\utils\naver-serp-
signal-api.ts:18:33)
    at processTicksAndRejections (node:internal/process/task_queues:105:5
)
    at async Promise.all (index 1)
    at async C:\Users\park\leword-app\src\utils\pro-traffic-keyword-hunte
r.ts:1368:57
    at async Promise.all (index 4)
    at async fetchKeywordDataParallel (C:\Users\park\leword-app\src\utils
\pro-traffic-keyword-hunter.ts:1419:26)
    at async fetchKeywordDataBatch (C:\Users\park\leword-app\src\utils\pr
o-traffic-keyword-hunter.ts:1500:3)
    at async withStepTimeout (C:\Users\park\leword-app\src\utils\pro-traf
fic-keyword-hunter.ts:1882:14)
    at async huntProTrafficKeywords (C:\Users\park\leword-app\src\utils\p
ro-traffic-keyword-hunter.ts:2851:3)
    at async runQualityBenchmark (C:\Users\park\leword-app\test-quality-b
enchmark.ts:44:35)
[MDP-SERP] "연말정산서류양식" 신호 분석 실패: Error: SERP 접근 실패
    at getNaverSerpSignal (C:\Users\park\leword-app\src\utils\naver-serp-
signal-api.ts:18:33)
    at processTicksAndRejections (node:internal/process/task_queues:105:5
)
    at async Promise.all (index 1)
    at async C:\Users\park\leword-app\src\utils\pro-traffic-keyword-hunte
r.ts:1368:57
    at async Promise.all (index 2)
    at async fetchKeywordDataParallel (C:\Users\park\leword-app\src\utils
\pro-traffic-keyword-hunter.ts:1419:26)
    at async fetchKeywordDataBatch (C:\Users\park\leword-app\src\utils\pr
o-traffic-keyword-hunter.ts:1500:3)
    at async withStepTimeout (C:\Users\park\leword-app\src\utils\pro-traf
fic-keyword-hunter.ts:1882:14)
    at async huntProTrafficKeywords (C:\Users\park\leword-app\src\utils\p
ro-traffic-keyword-hunter.ts:2851:3)
    at async runQualityBenchmark (C:\Users\park\leword-app\test-quality-b
enchmark.ts:44:35)
[MDP-SERP] "회식비정산서" 신호 분석 실패: Error: SERP 접근 실패
    at getNaverSerpSignal (C:\Users\park\leword-app\src\utils\naver-serp-
signal-api.ts:18:33)
    at processTicksAndRejections (node:internal/process/task_queues:105:5
)
    at async Promise.all (index 1)
    at async C:\Users\park\leword-app\src\utils\pro-traffic-keyword-hunte
r.ts:1368:57
    at async Promise.all (index 3)
    at async fetchKeywordDataParallel (C:\Users\park\leword-app\src\utils
\pro-traffic-keyword-hunter.ts:1419:26)
    at async fetchKeywordDataBatch (C:\Users\park\leword-app\src\utils\pr
o-traffic-keyword-hunter.ts:1500:3)
    at async withStepTimeout (C:\Users\park\leword-app\src\utils\pro-traf
fic-keyword-hunter.ts:1882:14)
    at async huntProTrafficKeywords (C:\Users\park\leword-app\src\utils\p
ro-traffic-keyword-hunter.ts:2851:3)
    at async runQualityBenchmark (C:\Users\park\leword-app\test-quality-b
enchmark.ts:44:35)
[API-PARALLEL] 📊 배치 9/11 (82%) - 5개 키워드
[MDP-SERP] "2026년 연말정산" 신호 분석 실패: Error: SERP 접근 실패
    at getNaverSerpSignal (C:\Users\park\leword-app\src\utils\naver-serp-
signal-api.ts:18:33)
    at processTicksAndRejections (node:internal/process/task_queues:105:5
)
    at async Promise.all (index 1)
    at async C:\Users\park\leword-app\src\utils\pro-traffic-keyword-hunte
r.ts:1368:57
    at async Promise.all (index 3)
    at async fetchKeywordDataParallel (C:\Users\park\leword-app\src\utils
\pro-traffic-keyword-hunter.ts:1419:26)
    at async fetchKeywordDataBatch (C:\Users\park\leword-app\src\utils\pr
o-traffic-keyword-hunter.ts:1500:3)
    at async withStepTimeout (C:\Users\park\leword-app\src\utils\pro-traf
fic-keyword-hunter.ts:1882:14)
    at async huntProTrafficKeywords (C:\Users\park\leword-app\src\utils\p
ro-traffic-keyword-hunter.ts:2851:3)
    at async runQualityBenchmark (C:\Users\park\leword-app\test-quality-b
enchmark.ts:44:35)
[MDP-SERP] "연말정산 2025년" 신호 분석 실패: Error: SERP 접근 실패
    at getNaverSerpSignal (C:\Users\park\leword-app\src\utils\naver-serp-
signal-api.ts:18:33)
    at processTicksAndRejections (node:internal/process/task_queues:105:5
)
    at async Promise.all (index 1)
    at async C:\Users\park\leword-app\src\utils\pro-traffic-keyword-hunte
r.ts:1368:57
    at async Promise.all (index 4)
    at async fetchKeywordDataParallel (C:\Users\park\leword-app\src\utils
\pro-traffic-keyword-hunter.ts:1419:26)
    at async fetchKeywordDataBatch (C:\Users\park\leword-app\src\utils\pr
o-traffic-keyword-hunter.ts:1500:3)
    at async withStepTimeout (C:\Users\park\leword-app\src\utils\pro-traf
fic-keyword-hunter.ts:1882:14)
    at async huntProTrafficKeywords (C:\Users\park\leword-app\src\utils\p
ro-traffic-keyword-hunter.ts:2851:3)
    at async runQualityBenchmark (C:\Users\park\leword-app\test-quality-b
enchmark.ts:44:35)
[MDP-SERP] "2025 청년지원금" 신호 분석 실패: Error: SERP 접근 실패
    at getNaverSerpSignal (C:\Users\park\leword-app\src\utils\naver-serp-
signal-api.ts:18:33)
    at processTicksAndRejections (node:internal/process/task_queues:105:5
)
    at async Promise.all (index 1)
    at async C:\Users\park\leword-app\src\utils\pro-traffic-keyword-hunte
r.ts:1368:57
    at async Promise.all (index 2)
    at async fetchKeywordDataParallel (C:\Users\park\leword-app\src\utils
\pro-traffic-keyword-hunter.ts:1419:26)
    at async fetchKeywordDataBatch (C:\Users\park\leword-app\src\utils\pr
o-traffic-keyword-hunter.ts:1500:3)
    at async withStepTimeout (C:\Users\park\leword-app\src\utils\pro-traf
fic-keyword-hunter.ts:1882:14)
    at async huntProTrafficKeywords (C:\Users\park\leword-app\src\utils\p
ro-traffic-keyword-hunter.ts:2851:3)
    at async runQualityBenchmark (C:\Users\park\leword-app\test-quality-b
enchmark.ts:44:35)
[MDP-SERP] "2025 연말정산" 신호 분석 실패: Error: SERP 접근 실패
    at getNaverSerpSignal (C:\Users\park\leword-app\src\utils\naver-serp-
signal-api.ts:18:33)
    at processTicksAndRejections (node:internal/process/task_queues:105:5
)
    at async Promise.all (index 1)
    at async C:\Users\park\leword-app\src\utils\pro-traffic-keyword-hunte
r.ts:1368:57
    at async Promise.all (index 0)
    at async fetchKeywordDataParallel (C:\Users\park\leword-app\src\utils
\pro-traffic-keyword-hunter.ts:1419:26)
    at async fetchKeywordDataBatch (C:\Users\park\leword-app\src\utils\pr
o-traffic-keyword-hunter.ts:1500:3)
    at async withStepTimeout (C:\Users\park\leword-app\src\utils\pro-traf
fic-keyword-hunter.ts:1882:14)
    at async huntProTrafficKeywords (C:\Users\park\leword-app\src\utils\p
ro-traffic-keyword-hunter.ts:2851:3)
    at async runQualityBenchmark (C:\Users\park\leword-app\test-quality-b
enchmark.ts:44:35)
[MDP-SERP] "12월 지원금 신청" 신호 분석 실패: Error: SERP 접근 실패
    at getNaverSerpSignal (C:\Users\park\leword-app\src\utils\naver-serp-
signal-api.ts:18:33)
    at processTicksAndRejections (node:internal/process/task_queues:105:5
)
    at async Promise.all (index 1)
    at async C:\Users\park\leword-app\src\utils\pro-traffic-keyword-hunte
r.ts:1368:57
    at async Promise.all (index 1)
    at async fetchKeywordDataParallel (C:\Users\park\leword-app\src\utils
\pro-traffic-keyword-hunter.ts:1419:26)
    at async fetchKeywordDataBatch (C:\Users\park\leword-app\src\utils\pr
o-traffic-keyword-hunter.ts:1500:3)
    at async withStepTimeout (C:\Users\park\leword-app\src\utils\pro-traf
fic-keyword-hunter.ts:1882:14)
    at async huntProTrafficKeywords (C:\Users\park\leword-app\src\utils\p
ro-traffic-keyword-hunter.ts:2851:3)
    at async runQualityBenchmark (C:\Users\park\leword-app\test-quality-b
enchmark.ts:44:35)
[API-PARALLEL] 📊 배치 10/11 (91%) - 5개 키워드
[MDP-SERP] "투자" 신호 분석 실패: Error: SERP 접근 실패
    at getNaverSerpSignal (C:\Users\park\leword-app\src\utils\naver-serp-
signal-api.ts:18:33)
    at processTicksAndRejections (node:internal/process/task_queues:105:5
)
    at async Promise.all (index 1)
    at async C:\Users\park\leword-app\src\utils\pro-traffic-keyword-hunte
r.ts:1368:57
    at async Promise.all (index 0)
    at async fetchKeywordDataParallel (C:\Users\park\leword-app\src\utils
\pro-traffic-keyword-hunter.ts:1419:26)
    at async fetchKeywordDataBatch (C:\Users\park\leword-app\src\utils\pr
o-traffic-keyword-hunter.ts:1500:3)
    at async withStepTimeout (C:\Users\park\leword-app\src\utils\pro-traf
fic-keyword-hunter.ts:1882:14)
    at async huntProTrafficKeywords (C:\Users\park\leword-app\src\utils\p
ro-traffic-keyword-hunter.ts:2851:3)
    at async runQualityBenchmark (C:\Users\park\leword-app\test-quality-b
enchmark.ts:44:35)
[MDP-SERP] "창업" 신호 분석 실패: Error: SERP 접근 실패
    at getNaverSerpSignal (C:\Users\park\leword-app\src\utils\naver-serp-
signal-api.ts:18:33)
    at processTicksAndRejections (node:internal/process/task_queues:105:5
)
    at async Promise.all (index 1)
    at async C:\Users\park\leword-app\src\utils\pro-traffic-keyword-hunte
r.ts:1368:57
    at async Promise.all (index 3)
    at async fetchKeywordDataParallel (C:\Users\park\leword-app\src\utils
\pro-traffic-keyword-hunter.ts:1419:26)
    at async fetchKeywordDataBatch (C:\Users\park\leword-app\src\utils\pr
o-traffic-keyword-hunter.ts:1500:3)
    at async withStepTimeout (C:\Users\park\leword-app\src\utils\pro-traf
fic-keyword-hunter.ts:1882:14)
    at async huntProTrafficKeywords (C:\Users\park\leword-app\src\utils\p
ro-traffic-keyword-hunter.ts:2851:3)
    at async runQualityBenchmark (C:\Users\park\leword-app\test-quality-b
enchmark.ts:44:35)
[MDP-SERP] "‘인구 역전 위기감’ 해운대구, 새해부터 ‘모든 출생아’에게 출산지원금 - v.daum.net" 신호 분석 실
패: Error: SERP 접근 실패
    at getNaverSerpSignal (C:\Users\park\leword-app\src\utils\naver-serp-
signal-api.ts:18:33)
    at processTicksAndRejections (node:internal/process/task_queues:105:5
)
    at async Promise.all (index 1)
    at async C:\Users\park\leword-app\src\utils\pro-traffic-keyword-hunte
r.ts:1368:57
    at async Promise.all (index 4)
    at async fetchKeywordDataParallel (C:\Users\park\leword-app\src\utils
\pro-traffic-keyword-hunter.ts:1419:26)
    at async fetchKeywordDataBatch (C:\Users\park\leword-app\src\utils\pr
o-traffic-keyword-hunter.ts:1500:3)
    at async withStepTimeout (C:\Users\park\leword-app\src\utils\pro-traf
fic-keyword-hunter.ts:1882:14)
    at async huntProTrafficKeywords (C:\Users\park\leword-app\src\utils\p
ro-traffic-keyword-hunter.ts:2851:3)
    at async runQualityBenchmark (C:\Users\park\leword-app\test-quality-b
enchmark.ts:44:35)
[MDP-SERP] "주식" 신호 분석 실패: Error: SERP 접근 실패
    at getNaverSerpSignal (C:\Users\park\leword-app\src\utils\naver-serp-
signal-api.ts:18:33)
    at processTicksAndRejections (node:internal/process/task_queues:105:5
)
    at async Promise.all (index 1)
    at async C:\Users\park\leword-app\src\utils\pro-traffic-keyword-hunte
r.ts:1368:57
    at async Promise.all (index 1)
    at async fetchKeywordDataParallel (C:\Users\park\leword-app\src\utils
\pro-traffic-keyword-hunter.ts:1419:26)
    at async fetchKeywordDataBatch (C:\Users\park\leword-app\src\utils\pr
o-traffic-keyword-hunter.ts:1500:3)
    at async withStepTimeout (C:\Users\park\leword-app\src\utils\pro-traf
fic-keyword-hunter.ts:1882:14)
    at async huntProTrafficKeywords (C:\Users\park\leword-app\src\utils\p
ro-traffic-keyword-hunter.ts:2851:3)
    at async runQualityBenchmark (C:\Users\park\leword-app\test-quality-b
enchmark.ts:44:35)
[MDP-SERP] "연말정산서류" 신호 분석 실패: Error: SERP 접근 실패
    at getNaverSerpSignal (C:\Users\park\leword-app\src\utils\naver-serp-
signal-api.ts:18:33)
    at processTicksAndRejections (node:internal/process/task_queues:105:5
)
    at async Promise.all (index 1)
    at async C:\Users\park\leword-app\src\utils\pro-traffic-keyword-hunte
r.ts:1368:57
    at async Promise.all (index 2)
    at async fetchKeywordDataParallel (C:\Users\park\leword-app\src\utils
\pro-traffic-keyword-hunter.ts:1419:26)
    at async fetchKeywordDataBatch (C:\Users\park\leword-app\src\utils\pr
o-traffic-keyword-hunter.ts:1500:3)
    at async withStepTimeout (C:\Users\park\leword-app\src\utils\pro-traf
fic-keyword-hunter.ts:1882:14)
    at async huntProTrafficKeywords (C:\Users\park\leword-app\src\utils\p
ro-traffic-keyword-hunter.ts:2851:3)
    at async runQualityBenchmark (C:\Users\park\leword-app\test-quality-b
enchmark.ts:44:35)
[API-PARALLEL] 📊 배치 11/11 (100%) - 2개 키워드
[MDP-SERP] "경남농협, 경상국립대학교에 대학발전지원금 1000만원 전달 - 농민신문" 신호 분석 실패: Error: SER
P 접근 실패
    at getNaverSerpSignal (C:\Users\park\leword-app\src\utils\naver-serp-
signal-api.ts:18:33)
    at processTicksAndRejections (node:internal/process/task_queues:105:5
)
    at async Promise.all (index 1)
    at async C:\Users\park\leword-app\src\utils\pro-traffic-keyword-hunte
r.ts:1368:57
    at async Promise.all (index 1)
    at async fetchKeywordDataParallel (C:\Users\park\leword-app\src\utils
\pro-traffic-keyword-hunter.ts:1419:26)
    at async fetchKeywordDataBatch (C:\Users\park\leword-app\src\utils\pr
o-traffic-keyword-hunter.ts:1500:3)
    at async withStepTimeout (C:\Users\park\leword-app\src\utils\pro-traf
fic-keyword-hunter.ts:1882:14)
    at async huntProTrafficKeywords (C:\Users\park\leword-app\src\utils\p
ro-traffic-keyword-hunter.ts:2851:3)
    at async runQualityBenchmark (C:\Users\park\leword-app\test-quality-b
enchmark.ts:44:35)
[MDP-SERP] "트럼프 정부, ‘복지 스캔들’ 미네소타에 최대 2680억원 보육 지원금 지급 중단 - 조선일보" 신호 분석 실
패: Error: SERP 접근 실패
    at getNaverSerpSignal (C:\Users\park\leword-app\src\utils\naver-serp-
signal-api.ts:18:33)
    at processTicksAndRejections (node:internal/process/task_queues:105:5
)
    at async Promise.all (index 1)
    at async C:\Users\park\leword-app\src\utils\pro-traffic-keyword-hunte
r.ts:1368:57
    at async Promise.all (index 0)
    at async fetchKeywordDataParallel (C:\Users\park\leword-app\src\utils
\pro-traffic-keyword-hunter.ts:1419:26)
    at async fetchKeywordDataBatch (C:\Users\park\leword-app\src\utils\pr
o-traffic-keyword-hunter.ts:1500:3)
    at async withStepTimeout (C:\Users\park\leword-app\src\utils\pro-traf
fic-keyword-hunter.ts:1882:14)
    at async huntProTrafficKeywords (C:\Users\park\leword-app\src\utils\p
ro-traffic-keyword-hunter.ts:2851:3)
    at async runQualityBenchmark (C:\Users\park\leword-app\test-quality-b
enchmark.ts:44:35)
[API-PARALLEL] ✅ 완료! 7.5초 소요
[API-PARALLEL] 📊 결과: 성공 52개, 실패 0개
[API-PARALLEL] 📊 블로그 API: 52/52 성공
[API-PARALLEL] 📊 검색광고 API: 0/0 성공
[API-PARALLEL] 🔄 총 재시도: 0회
[PRO-TRAFFIC][METRICS] stage=api_ready category=business uniqueKeywords=52 maxCandidates=300
[PRO-TRAFFIC] ✅ 52개 키워드 데이터 준비 완료
[PRO-TRAFFIC][METRICS] stage=analyzed category=business results=49
[PRO-TRAFFIC] 🔍🔍🔍 최종 49개 키워드 병렬 검증 시작...
[PRO-TRAFFIC] 📋 API 키 상태:
  - 블로그 API: ✅
  - 검색광고 API: ✅
[API-PARALLEL] 🚀 49개 키워드 병렬 처리 시작
[API-PARALLEL] ⚙️ 설정: 배치=5, 재시도=2회
[API-PARALLEL] 📦 총 10개 배치로 분할
[API-PARALLEL] 📊 배치 1/10 (10%) - 5개 키워드
[MDP-SERP] "연말정산하는법" 신호 분석 실패: Error: SERP 접근 실패
    at getNaverSerpSignal (C:\Users\park\leword-app\src\utils\naver-serp-
signal-api.ts:18:33)
    at processTicksAndRejections (node:internal/process/task_queues:105:5
)
    at async Promise.all (index 1)
    at async C:\Users\park\leword-app\src\utils\pro-traffic-keyword-hunte
r.ts:1368:57
    at async Promise.all (index 2)
    at async fetchKeywordDataParallel (C:\Users\park\leword-app\src\utils
\pro-traffic-keyword-hunter.ts:1419:26)
    at async withStepTimeout (C:\Users\park\leword-app\src\utils\pro-traf
fic-keyword-hunter.ts:1882:14)
    at async huntProTrafficKeywords (C:\Users\park\leword-app\src\utils\p
ro-traffic-keyword-hunter.ts:3141:24)
    at async runQualityBenchmark (C:\Users\park\leword-app\test-quality-b
enchmark.ts:44:35)
[MDP-SERP] "매일경제신문" 신호 분석 실패: Error: SERP 접근 실패
    at getNaverSerpSignal (C:\Users\park\leword-app\src\utils\naver-serp-
signal-api.ts:18:33)
    at processTicksAndRejections (node:internal/process/task_queues:105:5
)
    at async Promise.all (index 1)
    at async C:\Users\park\leword-app\src\utils\pro-traffic-keyword-hunte
r.ts:1368:57
    at async Promise.all (index 3)
    at async fetchKeywordDataParallel (C:\Users\park\leword-app\src\utils
\pro-traffic-keyword-hunter.ts:1419:26)
    at async withStepTimeout (C:\Users\park\leword-app\src\utils\pro-traf
fic-keyword-hunter.ts:1882:14)
    at async huntProTrafficKeywords (C:\Users\park\leword-app\src\utils\p
ro-traffic-keyword-hunter.ts:3141:24)
    at async runQualityBenchmark (C:\Users\park\leword-app\test-quality-b
enchmark.ts:44:35)
[MDP-SERP] "연말정산간소화서비스" 신호 분석 실패: Error: SERP 접근 실패
    at getNaverSerpSignal (C:\Users\park\leword-app\src\utils\naver-serp-
signal-api.ts:18:33)
    at processTicksAndRejections (node:internal/process/task_queues:105:5
)
    at async Promise.all (index 1)
    at async C:\Users\park\leword-app\src\utils\pro-traffic-keyword-hunte
r.ts:1368:57
    at async Promise.all (index 4)
    at async fetchKeywordDataParallel (C:\Users\park\leword-app\src\utils
\pro-traffic-keyword-hunter.ts:1419:26)
    at async withStepTimeout (C:\Users\park\leword-app\src\utils\pro-traf
fic-keyword-hunter.ts:1882:14)
    at async huntProTrafficKeywords (C:\Users\park\leword-app\src\utils\p
ro-traffic-keyword-hunter.ts:3141:24)
    at async runQualityBenchmark (C:\Users\park\leword-app\test-quality-b
enchmark.ts:44:35)
[MDP-SERP] "연말정산모의계산" 신호 분석 실패: Error: SERP 접근 실패
    at getNaverSerpSignal (C:\Users\park\leword-app\src\utils\naver-serp-
signal-api.ts:18:33)
    at processTicksAndRejections (node:internal/process/task_queues:105:5
)
    at async Promise.all (index 1)
    at async C:\Users\park\leword-app\src\utils\pro-traffic-keyword-hunte
r.ts:1368:57
    at async Promise.all (index 1)
    at async fetchKeywordDataParallel (C:\Users\park\leword-app\src\utils
\pro-traffic-keyword-hunter.ts:1419:26)
    at async withStepTimeout (C:\Users\park\leword-app\src\utils\pro-traf
fic-keyword-hunter.ts:1882:14)
    at async huntProTrafficKeywords (C:\Users\park\leword-app\src\utils\p
ro-traffic-keyword-hunter.ts:3141:24)
    at async runQualityBenchmark (C:\Users\park\leword-app\test-quality-b
enchmark.ts:44:35)
[MDP-SERP] "주식" 신호 분석 실패: Error: SERP 접근 실패
    at getNaverSerpSignal (C:\Users\park\leword-app\src\utils\naver-serp-
signal-api.ts:18:33)
    at processTicksAndRejections (node:internal/process/task_queues:105:5
)
    at async Promise.all (index 1)
    at async C:\Users\park\leword-app\src\utils\pro-traffic-keyword-hunte
r.ts:1368:57
    at async Promise.all (index 0)
    at async fetchKeywordDataParallel (C:\Users\park\leword-app\src\utils
\pro-traffic-keyword-hunter.ts:1419:26)
    at async withStepTimeout (C:\Users\park\leword-app\src\utils\pro-traf
fic-keyword-hunter.ts:1882:14)
    at async huntProTrafficKeywords (C:\Users\park\leword-app\src\utils\p
ro-traffic-keyword-hunter.ts:3141:24)
    at async runQualityBenchmark (C:\Users\park\leword-app\test-quality-b
enchmark.ts:44:35)
[API-PARALLEL] 📊 배치 2/10 (20%) - 5개 키워드
[MDP-SERP] "창업" 신호 분석 실패: Error: SERP 접근 실패
    at getNaverSerpSignal (C:\Users\park\leword-app\src\utils\naver-serp-
signal-api.ts:18:33)
    at processTicksAndRejections (node:internal/process/task_queues:105:5
)
    at async Promise.all (index 1)
    at async C:\Users\park\leword-app\src\utils\pro-traffic-keyword-hunte
r.ts:1368:57
    at async Promise.all (index 1)
    at async fetchKeywordDataParallel (C:\Users\park\leword-app\src\utils
\pro-traffic-keyword-hunter.ts:1419:26)
    at async withStepTimeout (C:\Users\park\leword-app\src\utils\pro-traf
fic-keyword-hunter.ts:1882:14)
    at async huntProTrafficKeywords (C:\Users\park\leword-app\src\utils\p
ro-traffic-keyword-hunter.ts:3141:24)
    at async runQualityBenchmark (C:\Users\park\leword-app\test-quality-b
enchmark.ts:44:35)
[MDP-SERP] "연말정산소득공제" 신호 분석 실패: Error: SERP 접근 실패
    at getNaverSerpSignal (C:\Users\park\leword-app\src\utils\naver-serp-
signal-api.ts:18:33)
    at processTicksAndRejections (node:internal/process/task_queues:105:5
)
    at async Promise.all (index 1)
    at async C:\Users\park\leword-app\src\utils\pro-traffic-keyword-hunte
r.ts:1368:57
    at async Promise.all (index 0)
    at async fetchKeywordDataParallel (C:\Users\park\leword-app\src\utils
\pro-traffic-keyword-hunter.ts:1419:26)
    at async withStepTimeout (C:\Users\park\leword-app\src\utils\pro-traf
fic-keyword-hunter.ts:1882:14)
    at async huntProTrafficKeywords (C:\Users\park\leword-app\src\utils\p
ro-traffic-keyword-hunter.ts:3141:24)
    at async runQualityBenchmark (C:\Users\park\leword-app\test-quality-b
enchmark.ts:44:35)
[MDP-SERP] "경제" 신호 분석 실패: Error: SERP 접근 실패
    at getNaverSerpSignal (C:\Users\park\leword-app\src\utils\naver-serp-
signal-api.ts:18:33)
    at processTicksAndRejections (node:internal/process/task_queues:105:5
)
    at async Promise.all (index 1)
    at async C:\Users\park\leword-app\src\utils\pro-traffic-keyword-hunte
r.ts:1368:57
    at async Promise.all (index 3)
    at async fetchKeywordDataParallel (C:\Users\park\leword-app\src\utils
\pro-traffic-keyword-hunter.ts:1419:26)
    at async withStepTimeout (C:\Users\park\leword-app\src\utils\pro-traf
fic-keyword-hunter.ts:1882:14)
    at async huntProTrafficKeywords (C:\Users\park\leword-app\src\utils\p
ro-traffic-keyword-hunter.ts:3141:24)
    at async runQualityBenchmark (C:\Users\park\leword-app\test-quality-b
enchmark.ts:44:35)
[MDP-SERP] "재테크" 신호 분석 실패: Error: SERP 접근 실패
    at getNaverSerpSignal (C:\Users\park\leword-app\src\utils\naver-serp-
signal-api.ts:18:33)
    at processTicksAndRejections (node:internal/process/task_queues:105:5
)
    at async Promise.all (index 1)
    at async C:\Users\park\leword-app\src\utils\pro-traffic-keyword-hunte
r.ts:1368:57
    at async Promise.all (index 2)
    at async fetchKeywordDataParallel (C:\Users\park\leword-app\src\utils
\pro-traffic-keyword-hunter.ts:1419:26)
    at async withStepTimeout (C:\Users\park\leword-app\src\utils\pro-traf
fic-keyword-hunter.ts:1882:14)
    at async huntProTrafficKeywords (C:\Users\park\leword-app\src\utils\p
ro-traffic-keyword-hunter.ts:3141:24)
    at async runQualityBenchmark (C:\Users\park\leword-app\test-quality-b
enchmark.ts:44:35)
[MDP-SERP] "연말정산간소화" 신호 분석 실패: Error: SERP 접근 실패
    at getNaverSerpSignal (C:\Users\park\leword-app\src\utils\naver-serp-
signal-api.ts:18:33)
    at processTicksAndRejections (node:internal/process/task_queues:105:5
)
    at async Promise.all (index 1)
    at async C:\Users\park\leword-app\src\utils\pro-traffic-keyword-hunte
r.ts:1368:57
    at async Promise.all (index 4)
    at async fetchKeywordDataParallel (C:\Users\park\leword-app\src\utils
\pro-traffic-keyword-hunter.ts:1419:26)
    at async withStepTimeout (C:\Users\park\leword-app\src\utils\pro-traf
fic-keyword-hunter.ts:1882:14)
    at async huntProTrafficKeywords (C:\Users\park\leword-app\src\utils\p
ro-traffic-keyword-hunter.ts:3141:24)
    at async runQualityBenchmark (C:\Users\park\leword-app\test-quality-b
enchmark.ts:44:35)
[API-PARALLEL] 📊 배치 3/10 (30%) - 5개 키워드
[MDP-SERP] "주식분석" 신호 분석 실패: Error: SERP 접근 실패
    at getNaverSerpSignal (C:\Users\park\leword-app\src\utils\naver-serp-
signal-api.ts:18:33)
    at processTicksAndRejections (node:internal/process/task_queues:105:5
)
    at async Promise.all (index 1)
    at async C:\Users\park\leword-app\src\utils\pro-traffic-keyword-hunte
r.ts:1368:57
    at async Promise.all (index 1)
    at async fetchKeywordDataParallel (C:\Users\park\leword-app\src\utils
\pro-traffic-keyword-hunter.ts:1419:26)
    at async withStepTimeout (C:\Users\park\leword-app\src\utils\pro-traf
fic-keyword-hunter.ts:1882:14)
    at async huntProTrafficKeywords (C:\Users\park\leword-app\src\utils\p
ro-traffic-keyword-hunter.ts:3141:24)
    at async runQualityBenchmark (C:\Users\park\leword-app\test-quality-b
enchmark.ts:44:35)
[MDP-SERP] "소상공인" 신호 분석 실패: Error: SERP 접근 실패
    at getNaverSerpSignal (C:\Users\park\leword-app\src\utils\naver-serp-
signal-api.ts:18:33)
    at processTicksAndRejections (node:internal/process/task_queues:105:5
)
    at async Promise.all (index 1)
    at async C:\Users\park\leword-app\src\utils\pro-traffic-keyword-hunte
r.ts:1368:57
    at async Promise.all (index 3)
    at async fetchKeywordDataParallel (C:\Users\park\leword-app\src\utils
\pro-traffic-keyword-hunter.ts:1419:26)
    at async withStepTimeout (C:\Users\park\leword-app\src\utils\pro-traf
fic-keyword-hunter.ts:1882:14)
    at async huntProTrafficKeywords (C:\Users\park\leword-app\src\utils\p
ro-traffic-keyword-hunter.ts:3141:24)
    at async runQualityBenchmark (C:\Users\park\leword-app\test-quality-b
enchmark.ts:44:35)
[MDP-SERP] "소자본창업" 신호 분석 실패: Error: SERP 접근 실패
    at getNaverSerpSignal (C:\Users\park\leword-app\src\utils\naver-serp-
signal-api.ts:18:33)
    at processTicksAndRejections (node:internal/process/task_queues:105:5
)
    at async Promise.all (index 1)
    at async C:\Users\park\leword-app\src\utils\pro-traffic-keyword-hunte
r.ts:1368:57
    at async Promise.all (index 2)
    at async fetchKeywordDataParallel (C:\Users\park\leword-app\src\utils
\pro-traffic-keyword-hunter.ts:1419:26)
    at async withStepTimeout (C:\Users\park\leword-app\src\utils\pro-traf
fic-keyword-hunter.ts:1882:14)
    at async huntProTrafficKeywords (C:\Users\park\leword-app\src\utils\p
ro-traffic-keyword-hunter.ts:3141:24)
    at async runQualityBenchmark (C:\Users\park\leword-app\test-quality-b
enchmark.ts:44:35)
[MDP-SERP] "투자" 신호 분석 실패: Error: SERP 접근 실패
    at getNaverSerpSignal (C:\Users\park\leword-app\src\utils\naver-serp-
signal-api.ts:18:33)
    at processTicksAndRejections (node:internal/process/task_queues:105:5
)
    at async Promise.all (index 1)
    at async C:\Users\park\leword-app\src\utils\pro-traffic-keyword-hunte
r.ts:1368:57
    at async Promise.all (index 4)
    at async fetchKeywordDataParallel (C:\Users\park\leword-app\src\utils
\pro-traffic-keyword-hunter.ts:1419:26)
    at async withStepTimeout (C:\Users\park\leword-app\src\utils\pro-traf
fic-keyword-hunter.ts:1882:14)
    at async huntProTrafficKeywords (C:\Users\park\leword-app\src\utils\p
ro-traffic-keyword-hunter.ts:3141:24)
    at async runQualityBenchmark (C:\Users\park\leword-app\test-quality-b
enchmark.ts:44:35)
[MDP-SERP] "무인창업" 신호 분석 실패: Error: SERP 접근 실패
    at getNaverSerpSignal (C:\Users\park\leword-app\src\utils\naver-serp-
signal-api.ts:18:33)
    at processTicksAndRejections (node:internal/process/task_queues:105:5
)
    at async Promise.all (index 1)
    at async C:\Users\park\leword-app\src\utils\pro-traffic-keyword-hunte
r.ts:1368:57
    at async Promise.all (index 0)
    at async fetchKeywordDataParallel (C:\Users\park\leword-app\src\utils
\pro-traffic-keyword-hunter.ts:1419:26)
    at async withStepTimeout (C:\Users\park\leword-app\src\utils\pro-traf
fic-keyword-hunter.ts:1882:14)
    at async huntProTrafficKeywords (C:\Users\park\leword-app\src\utils\p
ro-traffic-keyword-hunter.ts:3141:24)
    at async runQualityBenchmark (C:\Users\park\leword-app\test-quality-b
enchmark.ts:44:35)
[API-PARALLEL] 📊 배치 4/10 (40%) - 5개 키워드
[MDP-SERP] "종합소득세율" 신호 분석 실패: Error: SERP 접근 실패
    at getNaverSerpSignal (C:\Users\park\leword-app\src\utils\naver-serp-
signal-api.ts:18:33)
    at processTicksAndRejections (node:internal/process/task_queues:105:5
)
    at async Promise.all (index 1)
    at async C:\Users\park\leword-app\src\utils\pro-traffic-keyword-hunte
r.ts:1368:57
    at async Promise.all (index 4)
    at async fetchKeywordDataParallel (C:\Users\park\leword-app\src\utils
\pro-traffic-keyword-hunter.ts:1419:26)
    at async withStepTimeout (C:\Users\park\leword-app\src\utils\pro-traf
fic-keyword-hunter.ts:1882:14)
    at async huntProTrafficKeywords (C:\Users\park\leword-app\src\utils\p
ro-traffic-keyword-hunter.ts:3141:24)
    at async runQualityBenchmark (C:\Users\park\leword-app\test-quality-b
enchmark.ts:44:35)
[MDP-SERP] "창업지원금" 신호 분석 실패: Error: SERP 접근 실패
    at getNaverSerpSignal (C:\Users\park\leword-app\src\utils\naver-serp-
signal-api.ts:18:33)
    at processTicksAndRejections (node:internal/process/task_queues:105:5
)
    at async Promise.all (index 1)
    at async C:\Users\park\leword-app\src\utils\pro-traffic-keyword-hunte
r.ts:1368:57
    at async Promise.all (index 2)
    at async fetchKeywordDataParallel (C:\Users\park\leword-app\src\utils
\pro-traffic-keyword-hunter.ts:1419:26)
    at async withStepTimeout (C:\Users\park\leword-app\src\utils\pro-traf
fic-keyword-hunter.ts:1882:14)
    at async huntProTrafficKeywords (C:\Users\park\leword-app\src\utils\p
ro-traffic-keyword-hunter.ts:3141:24)
    at async runQualityBenchmark (C:\Users\park\leword-app\test-quality-b
enchmark.ts:44:35)
[MDP-SERP] "창업대출" 신호 분석 실패: Error: SERP 접근 실패
    at getNaverSerpSignal (C:\Users\park\leword-app\src\utils\naver-serp-
signal-api.ts:18:33)
    at processTicksAndRejections (node:internal/process/task_queues:105:5
)
    at async Promise.all (index 1)
    at async C:\Users\park\leword-app\src\utils\pro-traffic-keyword-hunte
r.ts:1368:57
    at async Promise.all (index 3)
    at async fetchKeywordDataParallel (C:\Users\park\leword-app\src\utils
\pro-traffic-keyword-hunter.ts:1419:26)
    at async withStepTimeout (C:\Users\park\leword-app\src\utils\pro-traf
fic-keyword-hunter.ts:1882:14)
    at async huntProTrafficKeywords (C:\Users\park\leword-app\src\utils\p
ro-traffic-keyword-hunter.ts:3141:24)
    at async runQualityBenchmark (C:\Users\park\leword-app\test-quality-b
enchmark.ts:44:35)
[MDP-SERP] "프랜차이즈창업" 신호 분석 실패: Error: SERP 접근 실패
    at getNaverSerpSignal (C:\Users\park\leword-app\src\utils\naver-serp-
signal-api.ts:18:33)
    at processTicksAndRejections (node:internal/process/task_queues:105:5
)
    at async Promise.all (index 1)
    at async C:\Users\park\leword-app\src\utils\pro-traffic-keyword-hunte
r.ts:1368:57
    at async Promise.all (index 0)
    at async fetchKeywordDataParallel (C:\Users\park\leword-app\src\utils
\pro-traffic-keyword-hunter.ts:1419:26)
    at async withStepTimeout (C:\Users\park\leword-app\src\utils\pro-traf
fic-keyword-hunter.ts:1882:14)
    at async huntProTrafficKeywords (C:\Users\park\leword-app\src\utils\p
ro-traffic-keyword-hunter.ts:3141:24)
    at async runQualityBenchmark (C:\Users\park\leword-app\test-quality-b
enchmark.ts:44:35)
[MDP-SERP] "매일경제신문구독" 신호 분석 실패: Error: SERP 접근 실패
    at getNaverSerpSignal (C:\Users\park\leword-app\src\utils\naver-serp-
signal-api.ts:18:33)
    at processTicksAndRejections (node:internal/process/task_queues:105:5
)
    at async Promise.all (index 1)
    at async C:\Users\park\leword-app\src\utils\pro-traffic-keyword-hunte
r.ts:1368:57
    at async Promise.all (index 1)
    at async fetchKeywordDataParallel (C:\Users\park\leword-app\src\utils
\pro-traffic-keyword-hunter.ts:1419:26)
    at async withStepTimeout (C:\Users\park\leword-app\src\utils\pro-traf
fic-keyword-hunter.ts:1882:14)
    at async huntProTrafficKeywords (C:\Users\park\leword-app\src\utils\p
ro-traffic-keyword-hunter.ts:3141:24)
    at async runQualityBenchmark (C:\Users\park\leword-app\test-quality-b
enchmark.ts:44:35)
[API-PARALLEL] 📊 배치 5/10 (50%) - 5개 키워드
[MDP-SERP] "청년창업" 신호 분석 실패: Error: SERP 접근 실패
    at getNaverSerpSignal (C:\Users\park\leword-app\src\utils\naver-serp-
signal-api.ts:18:33)
    at processTicksAndRejections (node:internal/process/task_queues:105:5
)
    at async Promise.all (index 1)
    at async C:\Users\park\leword-app\src\utils\pro-traffic-keyword-hunte
r.ts:1368:57
    at async Promise.all (index 3)
    at async fetchKeywordDataParallel (C:\Users\park\leword-app\src\utils
\pro-traffic-keyword-hunter.ts:1419:26)
    at async withStepTimeout (C:\Users\park\leword-app\src\utils\pro-traf
fic-keyword-hunter.ts:1882:14)
    at async huntProTrafficKeywords (C:\Users\park\leword-app\src\utils\p
ro-traffic-keyword-hunter.ts:3141:24)
    at async runQualityBenchmark (C:\Users\park\leword-app\test-quality-b
enchmark.ts:44:35)
[MDP-SERP] "경제신문" 신호 분석 실패: Error: SERP 접근 실패
    at getNaverSerpSignal (C:\Users\park\leword-app\src\utils\naver-serp-
signal-api.ts:18:33)
    at processTicksAndRejections (node:internal/process/task_queues:105:5
)
    at async Promise.all (index 1)
    at async C:\Users\park\leword-app\src\utils\pro-traffic-keyword-hunte
r.ts:1368:57
    at async Promise.all (index 2)
    at async fetchKeywordDataParallel (C:\Users\park\leword-app\src\utils
\pro-traffic-keyword-hunter.ts:1419:26)
    at async withStepTimeout (C:\Users\park\leword-app\src\utils\pro-traf
fic-keyword-hunter.ts:1882:14)
    at async huntProTrafficKeywords (C:\Users\park\leword-app\src\utils\p
ro-traffic-keyword-hunter.ts:3141:24)
    at async runQualityBenchmark (C:\Users\park\leword-app\test-quality-b
enchmark.ts:44:35)
[MDP-SERP] "초기창업패키지" 신호 분석 실패: Error: SERP 접근 실패
    at getNaverSerpSignal (C:\Users\park\leword-app\src\utils\naver-serp-
signal-api.ts:18:33)
    at processTicksAndRejections (node:internal/process/task_queues:105:5
)
    at async Promise.all (index 1)
    at async C:\Users\park\leword-app\src\utils\pro-traffic-keyword-hunte
r.ts:1368:57
    at async Promise.all (index 4)
    at async fetchKeywordDataParallel (C:\Users\park\leword-app\src\utils
\pro-traffic-keyword-hunter.ts:1419:26)
    at async withStepTimeout (C:\Users\park\leword-app\src\utils\pro-traf
fic-keyword-hunter.ts:1882:14)
    at async huntProTrafficKeywords (C:\Users\park\leword-app\src\utils\p
ro-traffic-keyword-hunter.ts:3141:24)
    at async runQualityBenchmark (C:\Users\park\leword-app\test-quality-b
enchmark.ts:44:35)
[MDP-SERP] "종합소득세세율" 신호 분석 실패: Error: SERP 접근 실패
    at getNaverSerpSignal (C:\Users\park\leword-app\src\utils\naver-serp-
signal-api.ts:18:33)
    at processTicksAndRejections (node:internal/process/task_queues:105:5
)
    at async Promise.all (index 1)
    at async C:\Users\park\leword-app\src\utils\pro-traffic-keyword-hunte
r.ts:1368:57
    at async Promise.all (index 0)
    at async fetchKeywordDataParallel (C:\Users\park\leword-app\src\utils
\pro-traffic-keyword-hunter.ts:1419:26)
    at async withStepTimeout (C:\Users\park\leword-app\src\utils\pro-traf
fic-keyword-hunter.ts:1882:14)
    at async huntProTrafficKeywords (C:\Users\park\leword-app\src\utils\p
ro-traffic-keyword-hunter.ts:3141:24)
    at async runQualityBenchmark (C:\Users\park\leword-app\test-quality-b
enchmark.ts:44:35)
[MDP-SERP] "창업박람회" 신호 분석 실패: Error: SERP 접근 실패
    at getNaverSerpSignal (C:\Users\park\leword-app\src\utils\naver-serp-
signal-api.ts:18:33)
    at processTicksAndRejections (node:internal/process/task_queues:105:5
)
    at async Promise.all (index 1)
    at async C:\Users\park\leword-app\src\utils\pro-traffic-keyword-hunte
r.ts:1368:57
    at async Promise.all (index 1)
    at async fetchKeywordDataParallel (C:\Users\park\leword-app\src\utils
\pro-traffic-keyword-hunter.ts:1419:26)
    at async withStepTimeout (C:\Users\park\leword-app\src\utils\pro-traf
fic-keyword-hunter.ts:1882:14)
    at async huntProTrafficKeywords (C:\Users\park\leword-app\src\utils\p
ro-traffic-keyword-hunter.ts:3141:24)
    at async runQualityBenchmark (C:\Users\park\leword-app\test-quality-b
enchmark.ts:44:35)
[API-PARALLEL] 📊 배치 6/10 (60%) - 5개 키워드
[MDP-SERP] "미국주식세금" 신호 분석 실패: Error: SERP 접근 실패
    at getNaverSerpSignal (C:\Users\park\leword-app\src\utils\naver-serp-
signal-api.ts:18:33)
    at processTicksAndRejections (node:internal/process/task_queues:105:5
)
    at async Promise.all (index 1)
    at async C:\Users\park\leword-app\src\utils\pro-traffic-keyword-hunte
r.ts:1368:57
    at async Promise.all (index 3)
    at async fetchKeywordDataParallel (C:\Users\park\leword-app\src\utils
\pro-traffic-keyword-hunter.ts:1419:26)
    at async withStepTimeout (C:\Users\park\leword-app\src\utils\pro-traf
fic-keyword-hunter.ts:1882:14)
    at async huntProTrafficKeywords (C:\Users\park\leword-app\src\utils\p
ro-traffic-keyword-hunter.ts:3141:24)
    at async runQualityBenchmark (C:\Users\park\leword-app\test-quality-b
enchmark.ts:44:35)
[MDP-SERP] "근로소득원천징수영수증" 신호 분석 실패: Error: SERP 접근 실패
    at getNaverSerpSignal (C:\Users\park\leword-app\src\utils\naver-serp-
signal-api.ts:18:33)
    at processTicksAndRejections (node:internal/process/task_queues:105:5
)
    at async Promise.all (index 1)
    at async C:\Users\park\leword-app\src\utils\pro-traffic-keyword-hunte
r.ts:1368:57
    at async Promise.all (index 0)
    at async fetchKeywordDataParallel (C:\Users\park\leword-app\src\utils
\pro-traffic-keyword-hunter.ts:1419:26)
    at async withStepTimeout (C:\Users\park\leword-app\src\utils\pro-traf
fic-keyword-hunter.ts:1882:14)
    at async huntProTrafficKeywords (C:\Users\park\leword-app\src\utils\p
ro-traffic-keyword-hunter.ts:3141:24)
    at async runQualityBenchmark (C:\Users\park\leword-app\test-quality-b
enchmark.ts:44:35)
[MDP-SERP] "로또세금" 신호 분석 실패: Error: SERP 접근 실패
    at getNaverSerpSignal (C:\Users\park\leword-app\src\utils\naver-serp-
signal-api.ts:18:33)
    at processTicksAndRejections (node:internal/process/task_queues:105:5
)
    at async Promise.all (index 1)
    at async C:\Users\park\leword-app\src\utils\pro-traffic-keyword-hunte
r.ts:1368:57
    at async Promise.all (index 1)
    at async fetchKeywordDataParallel (C:\Users\park\leword-app\src\utils
\pro-traffic-keyword-hunter.ts:1419:26)
    at async withStepTimeout (C:\Users\park\leword-app\src\utils\pro-traf
fic-keyword-hunter.ts:1882:14)
    at async huntProTrafficKeywords (C:\Users\park\leword-app\src\utils\p
ro-traffic-keyword-hunter.ts:3141:24)
    at async runQualityBenchmark (C:\Users\park\leword-app\test-quality-b
enchmark.ts:44:35)
[MDP-SERP] "연말정산서류" 신호 분석 실패: Error: SERP 접근 실패
    at getNaverSerpSignal (C:\Users\park\leword-app\src\utils\naver-serp-
signal-api.ts:18:33)
    at processTicksAndRejections (node:internal/process/task_queues:105:5
)
    at async Promise.all (index 1)
    at async C:\Users\park\leword-app\src\utils\pro-traffic-keyword-hunte
r.ts:1368:57
    at async Promise.all (index 4)
    at async fetchKeywordDataParallel (C:\Users\park\leword-app\src\utils
\pro-traffic-keyword-hunter.ts:1419:26)
    at async withStepTimeout (C:\Users\park\leword-app\src\utils\pro-traf
fic-keyword-hunter.ts:1882:14)
    at async huntProTrafficKeywords (C:\Users\park\leword-app\src\utils\p
ro-traffic-keyword-hunter.ts:3141:24)
    at async runQualityBenchmark (C:\Users\park\leword-app\test-quality-b
enchmark.ts:44:35)
[MDP-SERP] "종합소득세신고" 신호 분석 실패: Error: SERP 접근 실패
    at getNaverSerpSignal (C:\Users\park\leword-app\src\utils\naver-serp-
signal-api.ts:18:33)
    at processTicksAndRejections (node:internal/process/task_queues:105:5
)
    at async Promise.all (index 1)
    at async C:\Users\park\leword-app\src\utils\pro-traffic-keyword-hunte
r.ts:1368:57
    at async Promise.all (index 2)
    at async fetchKeywordDataParallel (C:\Users\park\leword-app\src\utils
\pro-traffic-keyword-hunter.ts:1419:26)
    at async withStepTimeout (C:\Users\park\leword-app\src\utils\pro-traf
fic-keyword-hunter.ts:1882:14)
    at async huntProTrafficKeywords (C:\Users\park\leword-app\src\utils\p
ro-traffic-keyword-hunter.ts:3141:24)
    at async runQualityBenchmark (C:\Users\park\leword-app\test-quality-b
enchmark.ts:44:35)
[API-PARALLEL] 📊 배치 7/10 (70%) - 5개 키워드
[MDP-SERP] "2026년 연말정산" 신호 분석 실패: Error: SERP 접근 실패
    at getNaverSerpSignal (C:\Users\park\leword-app\src\utils\naver-serp-
signal-api.ts:18:33)
    at processTicksAndRejections (node:internal/process/task_queues:105:5
)
    at async Promise.all (index 1)
    at async C:\Users\park\leword-app\src\utils\pro-traffic-keyword-hunte
r.ts:1368:57
    at async Promise.all (index 2)
    at async fetchKeywordDataParallel (C:\Users\park\leword-app\src\utils
\pro-traffic-keyword-hunter.ts:1419:26)
    at async withStepTimeout (C:\Users\park\leword-app\src\utils\pro-traf
fic-keyword-hunter.ts:1882:14)
    at async huntProTrafficKeywords (C:\Users\park\leword-app\src\utils\p
ro-traffic-keyword-hunter.ts:3141:24)
    at async runQualityBenchmark (C:\Users\park\leword-app\test-quality-b
enchmark.ts:44:35)
[MDP-SERP] "연말정산서류양식" 신호 분석 실패: Error: SERP 접근 실패
    at getNaverSerpSignal (C:\Users\park\leword-app\src\utils\naver-serp-
signal-api.ts:18:33)
    at processTicksAndRejections (node:internal/process/task_queues:105:5
)
    at async Promise.all (index 1)
    at async C:\Users\park\leword-app\src\utils\pro-traffic-keyword-hunte
r.ts:1368:57
    at async Promise.all (index 1)
    at async fetchKeywordDataParallel (C:\Users\park\leword-app\src\utils
\pro-traffic-keyword-hunter.ts:1419:26)
    at async withStepTimeout (C:\Users\park\leword-app\src\utils\pro-traf
fic-keyword-hunter.ts:1882:14)
    at async huntProTrafficKeywords (C:\Users\park\leword-app\src\utils\p
ro-traffic-keyword-hunter.ts:3141:24)
    at async runQualityBenchmark (C:\Users\park\leword-app\test-quality-b
enchmark.ts:44:35)
[MDP-SERP] "매일경제구독" 신호 분석 실패: Error: SERP 접근 실패
    at getNaverSerpSignal (C:\Users\park\leword-app\src\utils\naver-serp-
signal-api.ts:18:33)
    at processTicksAndRejections (node:internal/process/task_queues:105:5
)
    at async Promise.all (index 1)
    at async C:\Users\park\leword-app\src\utils\pro-traffic-keyword-hunte
r.ts:1368:57
    at async Promise.all (index 0)
    at async fetchKeywordDataParallel (C:\Users\park\leword-app\src\utils
\pro-traffic-keyword-hunter.ts:1419:26)
    at async withStepTimeout (C:\Users\park\leword-app\src\utils\pro-traf
fic-keyword-hunter.ts:1882:14)
    at async huntProTrafficKeywords (C:\Users\park\leword-app\src\utils\p
ro-traffic-keyword-hunter.ts:3141:24)
    at async runQualityBenchmark (C:\Users\park\leword-app\test-quality-b
enchmark.ts:44:35)
[MDP-SERP] "‘인구 역전 위기감’ 해운대구, 새해부터 ‘모든 출생아’에게 출산지원금 - v.daum.net" 신호 분석 실
패: Error: SERP 접근 실패
    at getNaverSerpSignal (C:\Users\park\leword-app\src\utils\naver-serp-
signal-api.ts:18:33)
    at processTicksAndRejections (node:internal/process/task_queues:105:5
)
    at async Promise.all (index 1)
    at async C:\Users\park\leword-app\src\utils\pro-traffic-keyword-hunte
r.ts:1368:57
    at async Promise.all (index 3)
    at async fetchKeywordDataParallel (C:\Users\park\leword-app\src\utils
\pro-traffic-keyword-hunter.ts:1419:26)
    at async withStepTimeout (C:\Users\park\leword-app\src\utils\pro-traf
fic-keyword-hunter.ts:1882:14)
    at async huntProTrafficKeywords (C:\Users\park\leword-app\src\utils\p
ro-traffic-keyword-hunter.ts:3141:24)
    at async runQualityBenchmark (C:\Users\park\leword-app\test-quality-b
enchmark.ts:44:35)
[MDP-SERP] "트럼프 정부, ‘복지 스캔들’ 미네소타에 최대 2680억원 보육 지원금 지급 중단 - 조선일보" 신호 분석 실
패: Error: SERP 접근 실패
    at getNaverSerpSignal (C:\Users\park\leword-app\src\utils\naver-serp-
signal-api.ts:18:33)
    at processTicksAndRejections (node:internal/process/task_queues:105:5
)
    at async Promise.all (index 1)
    at async C:\Users\park\leword-app\src\utils\pro-traffic-keyword-hunte
r.ts:1368:57
    at async Promise.all (index 4)
    at async fetchKeywordDataParallel (C:\Users\park\leword-app\src\utils
\pro-traffic-keyword-hunter.ts:1419:26)
    at async withStepTimeout (C:\Users\park\leword-app\src\utils\pro-traf
fic-keyword-hunter.ts:1882:14)
    at async huntProTrafficKeywords (C:\Users\park\leword-app\src\utils\p
ro-traffic-keyword-hunter.ts:3141:24)
    at async runQualityBenchmark (C:\Users\park\leword-app\test-quality-b
enchmark.ts:44:35)
[API-PARALLEL] 📊 배치 8/10 (80%) - 5개 키워드
[MDP-SERP] "경남농협, 경상국립대학교에 대학발전지원금 1000만원 전달 - 농민신문" 신호 분석 실패: Error: SER
P 접근 실패
    at getNaverSerpSignal (C:\Users\park\leword-app\src\utils\naver-serp-
signal-api.ts:18:33)
    at processTicksAndRejections (node:internal/process/task_queues:105:5
)
    at async Promise.all (index 1)
    at async C:\Users\park\leword-app\src\utils\pro-traffic-keyword-hunte
r.ts:1368:57
    at async Promise.all (index 0)
    at async fetchKeywordDataParallel (C:\Users\park\leword-app\src\utils
\pro-traffic-keyword-hunter.ts:1419:26)
    at async withStepTimeout (C:\Users\park\leword-app\src\utils\pro-traf
fic-keyword-hunter.ts:1882:14)
    at async huntProTrafficKeywords (C:\Users\park\leword-app\src\utils\p
ro-traffic-keyword-hunter.ts:3141:24)
    at async runQualityBenchmark (C:\Users\park\leword-app\test-quality-b
enchmark.ts:44:35)
[MDP-SERP] "정산서양식" 신호 분석 실패: Error: SERP 접근 실패
    at getNaverSerpSignal (C:\Users\park\leword-app\src\utils\naver-serp-
signal-api.ts:18:33)
    at processTicksAndRejections (node:internal/process/task_queues:105:5
)
    at async Promise.all (index 1)
    at async C:\Users\park\leword-app\src\utils\pro-traffic-keyword-hunte
r.ts:1368:57
    at async Promise.all (index 1)
    at async fetchKeywordDataParallel (C:\Users\park\leword-app\src\utils
\pro-traffic-keyword-hunter.ts:1419:26)
    at async withStepTimeout (C:\Users\park\leword-app\src\utils\pro-traf
fic-keyword-hunter.ts:1882:14)
    at async huntProTrafficKeywords (C:\Users\park\leword-app\src\utils\p
ro-traffic-keyword-hunter.ts:3141:24)
    at async runQualityBenchmark (C:\Users\park\leword-app\test-quality-b
enchmark.ts:44:35)
[MDP-SERP] "선급금정산서" 신호 분석 실패: Error: SERP 접근 실패
    at getNaverSerpSignal (C:\Users\park\leword-app\src\utils\naver-serp-
signal-api.ts:18:33)
    at processTicksAndRejections (node:internal/process/task_queues:105:5
)
    at async Promise.all (index 1)
    at async C:\Users\park\leword-app\src\utils\pro-traffic-keyword-hunte
r.ts:1368:57
    at async Promise.all (index 3)
    at async fetchKeywordDataParallel (C:\Users\park\leword-app\src\utils
\pro-traffic-keyword-hunter.ts:1419:26)
    at async withStepTimeout (C:\Users\park\leword-app\src\utils\pro-traf
fic-keyword-hunter.ts:1882:14)
    at async huntProTrafficKeywords (C:\Users\park\leword-app\src\utils\p
ro-traffic-keyword-hunter.ts:3141:24)
    at async runQualityBenchmark (C:\Users\park\leword-app\test-quality-b
enchmark.ts:44:35)
[MDP-SERP] "회식비정산서" 신호 분석 실패: Error: SERP 접근 실패
    at getNaverSerpSignal (C:\Users\park\leword-app\src\utils\naver-serp-
signal-api.ts:18:33)
    at processTicksAndRejections (node:internal/process/task_queues:105:5
)
    at async Promise.all (index 1)
    at async C:\Users\park\leword-app\src\utils\pro-traffic-keyword-hunte
r.ts:1368:57
    at async Promise.all (index 2)
    at async fetchKeywordDataParallel (C:\Users\park\leword-app\src\utils
\pro-traffic-keyword-hunter.ts:1419:26)
    at async withStepTimeout (C:\Users\park\leword-app\src\utils\pro-traf
fic-keyword-hunter.ts:1882:14)
    at async huntProTrafficKeywords (C:\Users\park\leword-app\src\utils\p
ro-traffic-keyword-hunter.ts:3141:24)
    at async runQualityBenchmark (C:\Users\park\leword-app\test-quality-b
enchmark.ts:44:35)
[MDP-SERP] "2026 지원금" 신호 분석 실패: Error: SERP 접근 실패
    at getNaverSerpSignal (C:\Users\park\leword-app\src\utils\naver-serp-
signal-api.ts:18:33)
    at processTicksAndRejections (node:internal/process/task_queues:105:5
)
    at async Promise.all (index 1)
    at async C:\Users\park\leword-app\src\utils\pro-traffic-keyword-hunte
r.ts:1368:57
    at async Promise.all (index 4)
    at async fetchKeywordDataParallel (C:\Users\park\leword-app\src\utils
\pro-traffic-keyword-hunter.ts:1419:26)
    at async withStepTimeout (C:\Users\park\leword-app\src\utils\pro-traf
fic-keyword-hunter.ts:1882:14)
    at async huntProTrafficKeywords (C:\Users\park\leword-app\src\utils\p
ro-traffic-keyword-hunter.ts:3141:24)
    at async runQualityBenchmark (C:\Users\park\leword-app\test-quality-b
enchmark.ts:44:35)
[API-PARALLEL] 📊 배치 9/10 (90%) - 5개 키워드
[MDP-SERP] "공사정산서" 신호 분석 실패: Error: SERP 접근 실패
    at getNaverSerpSignal (C:\Users\park\leword-app\src\utils\naver-serp-
signal-api.ts:18:33)
    at processTicksAndRejections (node:internal/process/task_queues:105:5
)
    at async Promise.all (index 1)
    at async C:\Users\park\leword-app\src\utils\pro-traffic-keyword-hunte
r.ts:1368:57
    at async Promise.all (index 3)
    at async fetchKeywordDataParallel (C:\Users\park\leword-app\src\utils
\pro-traffic-keyword-hunter.ts:1419:26)
    at async withStepTimeout (C:\Users\park\leword-app\src\utils\pro-traf
fic-keyword-hunter.ts:1882:14)
    at async huntProTrafficKeywords (C:\Users\park\leword-app\src\utils\p
ro-traffic-keyword-hunter.ts:3141:24)
    at async runQualityBenchmark (C:\Users\park\leword-app\test-quality-b
enchmark.ts:44:35)
[MDP-SERP] "연말정산서식" 신호 분석 실패: Error: SERP 접근 실패
    at getNaverSerpSignal (C:\Users\park\leword-app\src\utils\naver-serp-
signal-api.ts:18:33)
    at processTicksAndRejections (node:internal/process/task_queues:105:5
)
    at async Promise.all (index 1)
    at async C:\Users\park\leword-app\src\utils\pro-traffic-keyword-hunte
r.ts:1368:57
    at async Promise.all (index 4)
    at async fetchKeywordDataParallel (C:\Users\park\leword-app\src\utils
\pro-traffic-keyword-hunter.ts:1419:26)
    at async withStepTimeout (C:\Users\park\leword-app\src\utils\pro-traf
fic-keyword-hunter.ts:1882:14)
    at async huntProTrafficKeywords (C:\Users\park\leword-app\src\utils\p
ro-traffic-keyword-hunter.ts:3141:24)
    at async runQualityBenchmark (C:\Users\park\leword-app\test-quality-b
enchmark.ts:44:35)
[MDP-SERP] "공사비정산서" 신호 분석 실패: Error: SERP 접근 실패
    at getNaverSerpSignal (C:\Users\park\leword-app\src\utils\naver-serp-
signal-api.ts:18:33)
    at processTicksAndRejections (node:internal/process/task_queues:105:5
)
    at async Promise.all (index 1)
    at async C:\Users\park\leword-app\src\utils\pro-traffic-keyword-hunte
r.ts:1368:57
    at async Promise.all (index 0)
    at async fetchKeywordDataParallel (C:\Users\park\leword-app\src\utils
\pro-traffic-keyword-hunter.ts:1419:26)
    at async withStepTimeout (C:\Users\park\leword-app\src\utils\pro-traf
fic-keyword-hunter.ts:1882:14)
    at async huntProTrafficKeywords (C:\Users\park\leword-app\src\utils\p
ro-traffic-keyword-hunter.ts:3141:24)
    at async runQualityBenchmark (C:\Users\park\leword-app\test-quality-b
enchmark.ts:44:35)
[MDP-SERP] "2025 연말정산" 신호 분석 실패: Error: SERP 접근 실패
    at getNaverSerpSignal (C:\Users\park\leword-app\src\utils\naver-serp-
signal-api.ts:18:33)
    at processTicksAndRejections (node:internal/process/task_queues:105:5
)
    at async Promise.all (index 1)
    at async C:\Users\park\leword-app\src\utils\pro-traffic-keyword-hunte
r.ts:1368:57
    at async Promise.all (index 1)
    at async fetchKeywordDataParallel (C:\Users\park\leword-app\src\utils
\pro-traffic-keyword-hunter.ts:1419:26)
    at async withStepTimeout (C:\Users\park\leword-app\src\utils\pro-traf
fic-keyword-hunter.ts:1882:14)
    at async huntProTrafficKeywords (C:\Users\park\leword-app\src\utils\p
ro-traffic-keyword-hunter.ts:3141:24)
    at async runQualityBenchmark (C:\Users\park\leword-app\test-quality-b
enchmark.ts:44:35)
[MDP-SERP] "연말정산 2025년" 신호 분석 실패: Error: SERP 접근 실패
    at getNaverSerpSignal (C:\Users\park\leword-app\src\utils\naver-serp-
signal-api.ts:18:33)
    at processTicksAndRejections (node:internal/process/task_queues:105:5
)
    at async Promise.all (index 1)
    at async C:\Users\park\leword-app\src\utils\pro-traffic-keyword-hunte
r.ts:1368:57
    at async Promise.all (index 2)
    at async fetchKeywordDataParallel (C:\Users\park\leword-app\src\utils
\pro-traffic-keyword-hunter.ts:1419:26)
    at async withStepTimeout (C:\Users\park\leword-app\src\utils\pro-traf
fic-keyword-hunter.ts:1882:14)
    at async huntProTrafficKeywords (C:\Users\park\leword-app\src\utils\p
ro-traffic-keyword-hunter.ts:3141:24)
    at async runQualityBenchmark (C:\Users\park\leword-app\test-quality-b
enchmark.ts:44:35)
[API-PARALLEL] 📊 배치 10/10 (100%) - 4개 키워드
[MDP-SERP] "정산서" 신호 분석 실패: Error: SERP 접근 실패
    at getNaverSerpSignal (C:\Users\park\leword-app\src\utils\naver-serp-
signal-api.ts:18:33)
    at processTicksAndRejections (node:internal/process/task_queues:105:5
)
    at async Promise.all (index 1)
    at async C:\Users\park\leword-app\src\utils\pro-traffic-keyword-hunte
r.ts:1368:57
    at async Promise.all (index 3)
    at async fetchKeywordDataParallel (C:\Users\park\leword-app\src\utils
\pro-traffic-keyword-hunter.ts:1419:26)
    at async withStepTimeout (C:\Users\park\leword-app\src\utils\pro-traf
fic-keyword-hunter.ts:1882:14)
    at async huntProTrafficKeywords (C:\Users\park\leword-app\src\utils\p
ro-traffic-keyword-hunter.ts:3141:24)
    at async runQualityBenchmark (C:\Users\park\leword-app\test-quality-b
enchmark.ts:44:35)
[MDP-SERP] "퇴직금정산서식" 신호 분석 실패: Error: SERP 접근 실패
    at getNaverSerpSignal (C:\Users\park\leword-app\src\utils\naver-serp-
signal-api.ts:18:33)
    at processTicksAndRejections (node:internal/process/task_queues:105:5
)
    at async Promise.all (index 1)
    at async C:\Users\park\leword-app\src\utils\pro-traffic-keyword-hunte
r.ts:1368:57
    at async Promise.all (index 1)
    at async fetchKeywordDataParallel (C:\Users\park\leword-app\src\utils
\pro-traffic-keyword-hunter.ts:1419:26)
    at async withStepTimeout (C:\Users\park\leword-app\src\utils\pro-traf
fic-keyword-hunter.ts:1882:14)
    at async huntProTrafficKeywords (C:\Users\park\leword-app\src\utils\p
ro-traffic-keyword-hunter.ts:3141:24)
    at async runQualityBenchmark (C:\Users\park\leword-app\test-quality-b
enchmark.ts:44:35)
[MDP-SERP] "2025 청년지원금" 신호 분석 실패: Error: SERP 접근 실패
    at getNaverSerpSignal (C:\Users\park\leword-app\src\utils\naver-serp-
signal-api.ts:18:33)
    at processTicksAndRejections (node:internal/process/task_queues:105:5
)
    at async Promise.all (index 1)
    at async C:\Users\park\leword-app\src\utils\pro-traffic-keyword-hunte
r.ts:1368:57
    at async Promise.all (index 0)
    at async fetchKeywordDataParallel (C:\Users\park\leword-app\src\utils
\pro-traffic-keyword-hunter.ts:1419:26)
    at async withStepTimeout (C:\Users\park\leword-app\src\utils\pro-traf
fic-keyword-hunter.ts:1882:14)
    at async huntProTrafficKeywords (C:\Users\park\leword-app\src\utils\p
ro-traffic-keyword-hunter.ts:3141:24)
    at async runQualityBenchmark (C:\Users\park\leword-app\test-quality-b
enchmark.ts:44:35)
[MDP-SERP] "12월 지원금 신청" 신호 분석 실패: Error: SERP 접근 실패
    at getNaverSerpSignal (C:\Users\park\leword-app\src\utils\naver-serp-
signal-api.ts:18:33)
    at processTicksAndRejections (node:internal/process/task_queues:105:5
)
    at async Promise.all (index 1)
    at async C:\Users\park\leword-app\src\utils\pro-traffic-keyword-hunte
r.ts:1368:57
    at async Promise.all (index 2)
    at async fetchKeywordDataParallel (C:\Users\park\leword-app\src\utils
\pro-traffic-keyword-hunter.ts:1419:26)
    at async withStepTimeout (C:\Users\park\leword-app\src\utils\pro-traf
fic-keyword-hunter.ts:1882:14)
    at async huntProTrafficKeywords (C:\Users\park\leword-app\src\utils\p
ro-traffic-keyword-hunter.ts:3141:24)
    at async runQualityBenchmark (C:\Users\park\leword-app\test-quality-b
enchmark.ts:44:35)
[API-PARALLEL] ✅ 완료! 6.4초 소요
[API-PARALLEL] 📊 결과: 성공 49개, 실패 0개
[API-PARALLEL] 📊 블로그 API: 49/49 성공
[API-PARALLEL] 📊 검색광고 API: 0/0 성공
[API-PARALLEL] 🔄 총 재시도: 0회
[PRO-TRAFFIC] ❌ 레드오션 제외: "주식" (문서수=13019771)
[PRO-TRAFFIC] ✅ "연말정산모의계산": 검색량=44700, 문서수=7302, 비율=6.12, 등급=SSS
[PRO-TRAFFIC] ❌ 레드오션 제외: "연말정산하는법" (문서수=151281)
[PRO-TRAFFIC] ❌ 레드오션 제외: "매일경제신문" (문서수=304266)
[PRO-TRAFFIC] ✅ "연말정산간소화서비스": 검색량=21910, 문서수=79804, 비율=0.27, 등급=B
[PRO-TRAFFIC] ❌ 레드오션 제외: "연말정산소득공제" (문서수=358366)
[PRO-TRAFFIC] ❌ 레드오션 제외: "창업" (문서수=8332163)
[PRO-TRAFFIC] ❌ 레드오션 제외: "재테크" (문서수=3117809)
[PRO-TRAFFIC] ❌ 레드오션 제외: "경제" (문서수=22095079)
[PRO-TRAFFIC] ✅ "연말정산간소화": 검색량=16480, 문서수=100285, 비율=0.16, 등급=B
[PRO-TRAFFIC] ❌ 레드오션 제외: "무인창업" (문서수=278369)
[PRO-TRAFFIC] ❌ 레드오션 제외: "주식분석" (문서수=2812715)
[PRO-TRAFFIC] ❌ 레드오션 제외: "소자본창업" (문서수=504617)
[PRO-TRAFFIC] ❌ 레드오션 제외: "소상공인" (문서수=2106737)
[PRO-TRAFFIC] ❌ 레드오션 제외: "투자" (문서수=31290689)
[PRO-TRAFFIC] ❌ 레드오션 제외: "프랜차이즈창업" (문서수=907991)
[PRO-TRAFFIC] ✅ "매일경제신문구독": 검색량=6160, 문서수=24269, 비율=0.25, 등급=B
[PRO-TRAFFIC] ❌ 레드오션 제외: "창업지원금" (문서수=289262)
[PRO-TRAFFIC] ❌ 레드오션 제외: "창업대출" (문서수=463997)
[PRO-TRAFFIC] ❌ 레드오션 제외: "종합소득세율" (문서수=219163)
[PRO-TRAFFIC] ❌ 레드오션 제외: "종합소득세세율" (문서수=239662)
[PRO-TRAFFIC] ❌ 레드오션 제외: "창업박람회" (문서수=205722)
[PRO-TRAFFIC] ❌ 레드오션 제외: "경제신문" (문서수=2076278)
[PRO-TRAFFIC] ❌ 레드오션 제외: "청년창업" (문서수=380671)
[PRO-TRAFFIC] ✅ "초기창업패키지": 검색량=3480, 문서수=59869, 비율=0.06, 등급=B
[PRO-TRAFFIC] ❌ 레드오션 제외: "근로소득원천징수영수증" (문서수=168277)
[PRO-TRAFFIC] ✅ "로또세금": 검색량=13640, 문서수=81326, 비율=0.17, 등급=B
[PRO-TRAFFIC] ❌ 레드오션 제외: "종합소득세신고" (문서수=528829)
[PRO-TRAFFIC] ❌ 레드오션 제외: "미국주식세금" (문서수=331775)
[PRO-TRAFFIC] ❌ 레드오션 제외: "연말정산서류" (문서수=185605)
[PRO-TRAFFIC] ✅ "매일경제구독": 검색량=1800, 문서수=37968, 비율=0.05, 등급=B
[PRO-TRAFFIC] ⚠️ 검색량 미확정(폴백 후보 유지): "연말정산서류양식" (검색량=0, 문서수=7989)
[PRO-TRAFFIC] ⚠️ 검색량 미확정(폴백 후보 유지): "2026년 연말정산" (검색량=0, 문서수=16025)
[PRO-TRAFFIC] ⚠️ 검색량 미확정(폴백 후보 유지): "‘인구 역전 위기감’ 해운대구, 새해부터 ‘모든 출생아’에게 출산지원금 - v.daum.net" (검색량=0, 문서수=111)
[PRO-TRAFFIC] ⚠️ 검색량 미확정(폴백 후보 유지): "트럼프 정부, ‘복지 스캔들’ 미네소타에 최대 2680억원 보육 지원금 지급 중단 - 조선일보" (검색량=0, 문서수=712)
[PRO-TRAFFIC] ⚠️ 검색량 미확정(폴백 후보 유지): "경남농협, 경상국립대학교에 대학발전지원금 1000만원 전달 - 농민신문" (검색량=0, 문서수=3736)
[PRO-TRAFFIC] ✅ "정산서양식": 검색량=480, 문서수=2085, 비율=0.23, 등급=B
[PRO-TRAFFIC] ⚠️ 검색량 미확정(폴백 후보 유지): "회식비정산서" (검색량=0, 문서수=40)
[PRO-TRAFFIC] ❌ 황금비율 부족: "선급금정산서" (비율=0.17, 검색량=50)
[PRO-TRAFFIC] ⚠️ 검색량 미확정(폴백 후보 유지): "2026 지원금" (검색량=0, 문서수=55420)
[PRO-TRAFFIC] ❌ 황금비율 부족: "공사비정산서" (비율=0.05, 검색량=30)
[PRO-TRAFFIC] ⚠️ 검색량 미확정(폴백 후보 유지): "2025 연말정산" (검색량=0, 문서수=80867)
[PRO-TRAFFIC] ⚠️ 검색량 미확정(폴백 후보 유지): "연말정산 2025년" (검색량=0, 문서수=69051)
[PRO-TRAFFIC] ❌ 황금비율 부족: "공사정산서" (비율=0.02, 검색량=50)
[PRO-TRAFFIC] ✅ "연말정산서식": 검색량=80, 문서수=13691, 비율=0.01, 등급=B
[PRO-TRAFFIC] ⚠️ 검색량 미확정(폴백 후보 유지): "2025 청년지원금" (검색량=0, 문서수=69620)
[PRO-TRAFFIC] ❌ 황금비율 부족: "퇴직금정산서식" (비율=0.00, 검색량=10)
[PRO-TRAFFIC] ⚠️ 검색량 미확정(폴백 후보 유지): "12월 지원금 신청" (검색량=0, 문서수=159700)
[PRO-TRAFFIC] ✅ "정산서": 검색량=660, 문서수=24041, 비율=0.03, 등급=B
[PRO-TRAFFIC] 📁 카테고리 검증 풀(혼입 금지): business → 10개
[PRO-TRAFFIC] 📁 카테고리 최종 후보(혼입 금지): business → 5개
[PRO-TRAFFIC] ✅ 5개 키워드 분석 완료 (끝판왕 v2.0 포함)
[PRO-TRAFFIC] 🏁 최종 선정: 5개
[PRO-TRAFFIC] 🏆 끝판왕 분석 포함: 5개
[PRO-TRAFFIC] 🏆🏆🏆 5개 황금 키워드 발굴 완료 (실제 API 검증 완료!)
[PRO-TRAFFIC] 💎 블루오션: 3개, 신생적합: 3개
[PRO-TRAFFIC] 📊 TOP 키워드: 연말정산모의계산(44700/7302), 연말정산간소화서비스(21910/79804), 매일경제신문구독(6160/24269)
[NAVER-SMART-BLOCK] API 호출 실패: 429
[NAVER-SMART-BLOCK] 연관 키워드 없음
[NAVER-SMART-BLOCK] API 호출 실패: 429
[NAVER-SMART-BLOCK] 연관 키워드 없음
[NAVER-SMART-BLOCK] API 호출 실패: 429
[NAVER-SMART-BLOCK] 연관 키워드 없음

✅ 테스트 5 완료 (29.5초)
   SSS: 1개 | SS: 0개 | S: 0개
   평균 황금비율: 1.41% | 최대: 6.12%
   🏆 SSS 키워드:
      - 연말정산모의계산 (6.121610517666393%)


============================================================
📈 종합 분석 결과
============================================================

🎯 등급 분포 (총 25개 키워드):
   SSS: 5개 (20.0%) ❌ 목표 80% 미달
   SS:  0개 (0.0%)
   S:   0개 (0.0%)
   기타: 20개

💎 SSS 키워드 다양성:
   고유 SSS 키워드: 1개
   중복도: 80.0%

📊 황금비율 통계:
   평균: 1.41%
   최대: 6.12%

🏆 발견된 고유 SSS 키워드:
   1. 연말정산모의계산

🎖️ 최종 점수: 20.0/100점
   평가: ❌ 대폭 개선 필요

💾 상세 결과 저장: benchmark-results-1767176537912.json
